rm -rf output/*
make -C 1-merge-data clean
make[1]: Betrete Verzeichnis '/home/michael/development/data-lab/soccer-prediction-2014/1-merge-data'
rm -rf output/*
make[1]: Verlasse Verzeichnis '/home/michael/development/data-lab/soccer-prediction-2014/1-merge-data'
make -C 2-compute-features clean
make[1]: Betrete Verzeichnis '/home/michael/development/data-lab/soccer-prediction-2014/2-compute-features'
make -C 1-fifa-ranking clean
make[2]: Betrete Verzeichnis '/home/michael/development/data-lab/soccer-prediction-2014/2-compute-features/1-fifa-ranking'
rm -rf output/*
make[2]: Verlasse Verzeichnis '/home/michael/development/data-lab/soccer-prediction-2014/2-compute-features/1-fifa-ranking'
make -C 2-league-based clean
make[2]: Betrete Verzeichnis '/home/michael/development/data-lab/soccer-prediction-2014/2-compute-features/2-league-based'
mvn clean
[INFO] Scanning for projects...
[INFO]                                                                         
[INFO] ------------------------------------------------------------------------
[INFO] Building soccer_feature 1.0-SNAPSHOT
[INFO] ------------------------------------------------------------------------
[INFO] 
[INFO] --- maven-clean-plugin:2.4.1:clean (default-clean) @ soccer_feature ---
[INFO] Deleting /home/michael/development/data-lab/soccer-prediction-2014/2-compute-features/2-league-based/target
[INFO] ------------------------------------------------------------------------
[INFO] BUILD SUCCESS
[INFO] ------------------------------------------------------------------------
[INFO] Total time: 0.250s
[INFO] Finished at: Mon May 12 07:58:20 CEST 2014
[INFO] Final Memory: 4M/150M
[INFO] ------------------------------------------------------------------------
rm -rf output/*
make[2]: Verlasse Verzeichnis '/home/michael/development/data-lab/soccer-prediction-2014/2-compute-features/2-league-based'
make -C 3-graph-based clean
make[2]: Betrete Verzeichnis '/home/michael/development/data-lab/soccer-prediction-2014/2-compute-features/3-graph-based'
./gradlew clean
:clean

BUILD SUCCESSFUL

Total time: 2.66 secs
rm -rf output/*
make[2]: Verlasse Verzeichnis '/home/michael/development/data-lab/soccer-prediction-2014/2-compute-features/3-graph-based'
make[1]: Verlasse Verzeichnis '/home/michael/development/data-lab/soccer-prediction-2014/2-compute-features'
make -C 1-merge-data
make[1]: Betrete Verzeichnis '/home/michael/development/data-lab/soccer-prediction-2014/1-merge-data'
python scripts/combine.py
Games where the data sources disagree:
    ('1976-06-20', u'CSK', u'DEU') dataminingsoccer 5:3 michael 7:5
    ('1980-06-21', u'CSK', u'ITA') dataminingsoccer 9:8 michael 10:9
    ('1982-07-08', u'DEU', u'FRA') dataminingsoccer 5:4 michael 8:7
    ('1984-06-24', u'ESP', u'DNK') dataminingsoccer 4:3 michael 6:5
    ('1986-06-21', u'BRA', u'FRA') dataminingsoccer 3:4 michael 4:5
    ('1990-07-03', u'ITA', u'ARG') dataminingsoccer 3:4 michael 4:5
    ('1990-07-04', u'DEU', u'ENG') dataminingsoccer 4:3 michael 5:4
    ('1994-07-05', u'MEX', u'BGR') dataminingsoccer 1:3 michael 2:4
    ('1998-06-30', u'ARG', u'ENG') dataminingsoccer 4:3 michael 6:5
    ('1998-07-07', u'BRA', u'NLD') dataminingsoccer 4:2 michael 5:3
    ('2002-06-16', u'ESP', u'IRL') dataminingsoccer 3:2 michael 4:3
    ('2004-06-24', u'PRT', u'ENG') valentin 3:2 dataminingsoccer 6:5 michael 8:7
    ('2004-06-26', u'SWE', u'NLD') valentin 0:1 dataminingsoccer 4:5 michael 4:5
    ('2006-06-26', u'CHE', u'UKR') valentin 0:1 dataminingsoccer 0:3 michael 0:3
    ('2006-06-30', u'DEU', u'ARG') valentin 2:1 dataminingsoccer 4:2 michael 5:3
    ('2006-07-01', u'ENG', u'PRT') valentin 0:1 dataminingsoccer 1:3 michael 1:3
    ('2006-07-09', u'ITA', u'FRA') valentin 2:1 dataminingsoccer 5:3 michael 6:4
    ('2006-09-06', u'SMR', u'DEU') valentin 0:1 dataminingsoccer 0:13
    ('2008-06-20', u'HRV', u'TUR') valentin 1:2 dataminingsoccer 1:3 michael 2:4
    ('2008-06-22', u'ESP', u'ITA') valentin 1:0 dataminingsoccer 4:2 michael 4:2
    ('2010-01-25', u'ZMB', u'NGA') valentin 0:1 michael 4:5
    ('2010-06-29', u'PRY', u'JPN') valentin 1:0 dataminingsoccer 1:0 michael 5:3
    ('2010-07-02', u'URY', u'GHA') valentin 2:1 dataminingsoccer 5:3 michael 5:3
    ('2011-01-25', u'JPN', u'KOR') valentin 3:2 michael 5:2
    ('2011-07-03', u'LAO', u'KHM') valentin 8:2 michael 6:2
    ('2011-07-17', u'ARG', u'URY') valentin 1:2 michael 5:6
    ('2011-07-17', u'BRA', u'PRY') valentin 0:1 michael 0:2
    ('2011-07-21', u'PRY', u'VEN') valentin 1:0 michael 5:3
    ('2011-07-23', u'OMN', u'MMR') valentin 3:0 michael 2:0
    ('2011-07-23', u'SYR', u'TJK') valentin 0:3 michael 2:1
    ('2011-07-28', u'TJK', u'SYR') valentin 3:0 michael 0:4
    ('2012-02-05', u'GAB', u'MLI') valentin 1:2 michael 5:6
    ('2012-02-12', u'ZMB', u'CIV') valentin 1:0 michael 8:7
    ('2012-06-24', u'ENG', u'ITA') valentin 0:1 dataminingsoccer 2:4 michael 2:4
    ('2012-06-27', u'PRT', u'ESP') valentin 0:1 dataminingsoccer 2:4 michael 2:4
    ('2012-10-13', u'UGA', u'ZMB') valentin 1:1 michael 1:0
    ('2013-02-02', u'ZAF', u'MLI') valentin 1:2 michael 2:4
    ('2013-02-06', u'BFA', u'GHA') valentin 2:1 michael 4:3
    ('2013-06-27', u'ESP', u'ITA') valentin 1:0 michael 7:6
    ('2013-06-30', u'URY', u'ITA') valentin 2:3 michael 4:5
    ('2013-09-10', u'UZB', u'JOR') valentin 1:2 michael 9:10
make[1]: Verlasse Verzeichnis '/home/michael/development/data-lab/soccer-prediction-2014/1-merge-data'
make -C 2-compute-features
make[1]: Betrete Verzeichnis '/home/michael/development/data-lab/soccer-prediction-2014/2-compute-features'
make -C 1-fifa-ranking
make[2]: Betrete Verzeichnis '/home/michael/development/data-lab/soccer-prediction-2014/2-compute-features/1-fifa-ranking'
Rscript scripts/combine-fifa-rankings-with-iso-codes.R
Rscript scripts/compute-fifa-rankings-for-games.R
make[2]: Verlasse Verzeichnis '/home/michael/development/data-lab/soccer-prediction-2014/2-compute-features/1-fifa-ranking'
make -C 2-league-based
make[2]: Betrete Verzeichnis '/home/michael/development/data-lab/soccer-prediction-2014/2-compute-features/2-league-based'
mvn install:install-file -DgroupId=net.sf.opencsv -DartifactId=opencsv -Dversion=2.4 -Dpackaging=jar -Dfile=lib/opencsv-2.4.jar
[INFO] Scanning for projects...
[INFO]                                                                         
[INFO] ------------------------------------------------------------------------
[INFO] Building soccer_feature 1.0-SNAPSHOT
[INFO] ------------------------------------------------------------------------
[INFO] 
[INFO] --- maven-install-plugin:2.3.1:install-file (default-cli) @ soccer_feature ---
[INFO] Installing /home/michael/development/data-lab/soccer-prediction-2014/2-compute-features/2-league-based/lib/opencsv-2.4.jar to /home/michael/.m2/repository/net/sf/opencsv/opencsv/2.4/opencsv-2.4.jar
[INFO] ------------------------------------------------------------------------
[INFO] BUILD SUCCESS
[INFO] ------------------------------------------------------------------------
[INFO] Total time: 0.520s
[INFO] Finished at: Mon May 12 07:58:40 CEST 2014
[INFO] Final Memory: 6M/150M
[INFO] ------------------------------------------------------------------------
mvn clean compile assembly:single
[INFO] Scanning for projects...
[INFO]                                                                         
[INFO] ------------------------------------------------------------------------
[INFO] Building soccer_feature 1.0-SNAPSHOT
[INFO] ------------------------------------------------------------------------
[INFO] 
[INFO] --- maven-clean-plugin:2.4.1:clean (default-clean) @ soccer_feature ---
[INFO] 
[INFO] --- maven-resources-plugin:2.5:resources (default-resources) @ soccer_feature ---
[debug] execute contextualize
[INFO] Using 'UTF-8' encoding to copy filtered resources.
[INFO] skip non existing resourceDirectory /home/michael/development/data-lab/soccer-prediction-2014/2-compute-features/2-league-based/src/main/resources
[INFO] 
[INFO] --- maven-compiler-plugin:3.0:compile (default-compile) @ soccer_feature ---
[INFO] Changes detected - recompiling the module!
[INFO] Compiling 14 source files to /home/michael/development/data-lab/soccer-prediction-2014/2-compute-features/2-league-based/target/classes
[INFO] 
[INFO] --- maven-assembly-plugin:2.2-beta-5:single (default-cli) @ soccer_feature ---
[INFO] Building jar: /home/michael/development/data-lab/soccer-prediction-2014/2-compute-features/2-league-based/target/soccer_feature-1.0-SNAPSHOT-jar-with-dependencies.jar
[INFO] ------------------------------------------------------------------------
[INFO] BUILD SUCCESS
[INFO] ------------------------------------------------------------------------
[INFO] Total time: 2.005s
[INFO] Finished at: Mon May 12 07:58:43 CEST 2014
[INFO] Final Memory: 13M/219M
[INFO] ------------------------------------------------------------------------
java -ea -jar target/soccer_feature-1.0-SNAPSHOT-jar-with-dependencies.jar ../1-fifa-ranking/output/games-with-fifa-rankings.csv output/soccerDataWithFeatures.csv output/featureDescriptions.txt
make[2]: Verlasse Verzeichnis '/home/michael/development/data-lab/soccer-prediction-2014/2-compute-features/2-league-based'
make -C 3-graph-based
make[2]: Betrete Verzeichnis '/home/michael/development/data-lab/soccer-prediction-2014/2-compute-features/3-graph-based'
./gradlew buildNeo4j
:compileJava UP-TO-DATE
:compileGroovy
:processResources UP-TO-DATE
:classes
:buildNeo4J
Processing entry 0 of 4135
1930-07-13 FRA:MEX 3
Created new node for team FRA: Node[0]
Created new node for team MEX: Node[1]
Created relationship FRA->MEX with date=1930-07-13 and goalDifference=3: Relationship[0]
Created relationship MEX->FRA with date=1930-07-13 and goalDifference=3: Relationship[1]
Processing entry 1 of 4135
1930-07-13 USA:BEL 3
Created new node for team USA: Node[2]
Created new node for team BEL: Node[3]
Created relationship USA->BEL with date=1930-07-13 and goalDifference=3: Relationship[2]
Created relationship BEL->USA with date=1930-07-13 and goalDifference=3: Relationship[3]
Processing entry 2 of 4135
1930-07-14 ROU:PER 2
Created new node for team ROU: Node[4]
Created new node for team PER: Node[5]
Created relationship ROU->PER with date=1930-07-14 and goalDifference=2: Relationship[4]
Created relationship PER->ROU with date=1930-07-14 and goalDifference=2: Relationship[5]
Processing entry 3 of 4135
1930-07-14 YUG:BRA 1
Created new node for team YUG: Node[6]
Created new node for team BRA: Node[7]
Created relationship YUG->BRA with date=1930-07-14 and goalDifference=1: Relationship[6]
Created relationship BRA->YUG with date=1930-07-14 and goalDifference=1: Relationship[7]
Processing entry 4 of 4135
1930-07-15 ARG:FRA 1
Created new node for team ARG: Node[8]
Node for team FRA already exists: Node[0]
Created relationship ARG->FRA with date=1930-07-15 and goalDifference=1: Relationship[8]
Created relationship FRA->ARG with date=1930-07-15 and goalDifference=1: Relationship[9]
Processing entry 5 of 4135
1930-07-16 CHL:MEX 3
Created new node for team CHL: Node[9]
Node for team MEX already exists: Node[1]
Created relationship CHL->MEX with date=1930-07-16 and goalDifference=3: Relationship[10]
Created relationship MEX->CHL with date=1930-07-16 and goalDifference=3: Relationship[11]
Processing entry 6 of 4135
1930-07-17 USA:PRY 3
Node for team USA already exists: Node[2]
Created new node for team PRY: Node[10]
Created relationship USA->PRY with date=1930-07-17 and goalDifference=3: Relationship[12]
Created relationship PRY->USA with date=1930-07-17 and goalDifference=3: Relationship[13]
Processing entry 7 of 4135
1930-07-17 YUG:BOL 4
Node for team YUG already exists: Node[6]
Created new node for team BOL: Node[11]
Created relationship YUG->BOL with date=1930-07-17 and goalDifference=4: Relationship[14]
Created relationship BOL->YUG with date=1930-07-17 and goalDifference=4: Relationship[15]
Processing entry 8 of 4135
1930-07-18 URY:PER 1
Created new node for team URY: Node[12]
Node for team PER already exists: Node[5]
Created relationship URY->PER with date=1930-07-18 and goalDifference=1: Relationship[16]
Created relationship PER->URY with date=1930-07-18 and goalDifference=1: Relationship[17]
Processing entry 9 of 4135
1930-07-19 ARG:MEX 3
Node for team ARG already exists: Node[8]
Node for team MEX already exists: Node[1]
Created relationship ARG->MEX with date=1930-07-19 and goalDifference=3: Relationship[18]
Created relationship MEX->ARG with date=1930-07-19 and goalDifference=3: Relationship[19]
Processing entry 10 of 4135
1930-07-19 CHL:FRA 1
Node for team CHL already exists: Node[9]
Node for team FRA already exists: Node[0]
Created relationship CHL->FRA with date=1930-07-19 and goalDifference=1: Relationship[20]
Created relationship FRA->CHL with date=1930-07-19 and goalDifference=1: Relationship[21]
Processing entry 11 of 4135
1930-07-20 BRA:BOL 4
Node for team BRA already exists: Node[7]
Node for team BOL already exists: Node[11]
Created relationship BRA->BOL with date=1930-07-20 and goalDifference=4: Relationship[22]
Created relationship BOL->BRA with date=1930-07-20 and goalDifference=4: Relationship[23]
Processing entry 12 of 4135
1930-07-20 PRY:BEL 1
Node for team PRY already exists: Node[10]
Node for team BEL already exists: Node[3]
Created relationship PRY->BEL with date=1930-07-20 and goalDifference=1: Relationship[24]
Created relationship BEL->PRY with date=1930-07-20 and goalDifference=1: Relationship[25]
Processing entry 13 of 4135
1930-07-21 URY:ROU 4
Node for team URY already exists: Node[12]
Node for team ROU already exists: Node[4]
Created relationship URY->ROU with date=1930-07-21 and goalDifference=4: Relationship[26]
Created relationship ROU->URY with date=1930-07-21 and goalDifference=4: Relationship[27]
Processing entry 14 of 4135
1930-07-22 ARG:CHL 2
Node for team ARG already exists: Node[8]
Node for team CHL already exists: Node[9]
Created relationship ARG->CHL with date=1930-07-22 and goalDifference=2: Relationship[28]
Created relationship CHL->ARG with date=1930-07-22 and goalDifference=2: Relationship[29]
Processing entry 15 of 4135
1930-07-26 ARG:USA 5
Node for team ARG already exists: Node[8]
Node for team USA already exists: Node[2]
Created relationship ARG->USA with date=1930-07-26 and goalDifference=5: Relationship[30]
Created relationship USA->ARG with date=1930-07-26 and goalDifference=5: Relationship[31]
Processing entry 16 of 4135
1930-07-27 URY:YUG 5
Node for team URY already exists: Node[12]
Node for team YUG already exists: Node[6]
Created relationship URY->YUG with date=1930-07-27 and goalDifference=5: Relationship[32]
Created relationship YUG->URY with date=1930-07-27 and goalDifference=5: Relationship[33]
Processing entry 17 of 4135
1930-07-30 URY:ARG 2
Node for team URY already exists: Node[12]
Node for team ARG already exists: Node[8]
Created relationship URY->ARG with date=1930-07-30 and goalDifference=2: Relationship[34]
Created relationship ARG->URY with date=1930-07-30 and goalDifference=2: Relationship[35]
Processing entry 18 of 4135
1934-05-27 AUT:FRA 1
Created new node for team AUT: Node[13]
Node for team FRA already exists: Node[0]
Created relationship AUT->FRA with date=1934-05-27 and goalDifference=1: Relationship[36]
Created relationship FRA->AUT with date=1934-05-27 and goalDifference=1: Relationship[37]
Processing entry 19 of 4135
1934-05-27 CHE:NLD 1
Created new node for team CHE: Node[14]
Created new node for team NLD: Node[15]
Created relationship CHE->NLD with date=1934-05-27 and goalDifference=1: Relationship[38]
Created relationship NLD->CHE with date=1934-05-27 and goalDifference=1: Relationship[39]
Processing entry 20 of 4135
1934-05-27 CSK:ROU 1
Created new node for team CSK: Node[16]
Node for team ROU already exists: Node[4]
Created relationship CSK->ROU with date=1934-05-27 and goalDifference=1: Relationship[40]
Created relationship ROU->CSK with date=1934-05-27 and goalDifference=1: Relationship[41]
Processing entry 21 of 4135
1934-05-27 DEU:BEL 3
Created new node for team DEU: Node[17]
Node for team BEL already exists: Node[3]
Created relationship DEU->BEL with date=1934-05-27 and goalDifference=3: Relationship[42]
Created relationship BEL->DEU with date=1934-05-27 and goalDifference=3: Relationship[43]
Processing entry 22 of 4135
1934-05-27 ESP:BRA 2
Created new node for team ESP: Node[18]
Node for team BRA already exists: Node[7]
Created relationship ESP->BRA with date=1934-05-27 and goalDifference=2: Relationship[44]
Created relationship BRA->ESP with date=1934-05-27 and goalDifference=2: Relationship[45]
Processing entry 23 of 4135
1934-05-27 HUN:EGY 2
Created new node for team HUN: Node[19]
Created new node for team EGY: Node[20]
Created relationship HUN->EGY with date=1934-05-27 and goalDifference=2: Relationship[46]
Created relationship EGY->HUN with date=1934-05-27 and goalDifference=2: Relationship[47]
Processing entry 24 of 4135
1934-05-27 ITA:USA 6
Created new node for team ITA: Node[21]
Node for team USA already exists: Node[2]
Created relationship ITA->USA with date=1934-05-27 and goalDifference=6: Relationship[48]
Created relationship USA->ITA with date=1934-05-27 and goalDifference=6: Relationship[49]
Processing entry 25 of 4135
1934-05-27 SWE:ARG 1
Created new node for team SWE: Node[22]
Node for team ARG already exists: Node[8]
Created relationship SWE->ARG with date=1934-05-27 and goalDifference=1: Relationship[50]
Created relationship ARG->SWE with date=1934-05-27 and goalDifference=1: Relationship[51]
Processing entry 26 of 4135
1934-05-31 AUT:HUN 1
Node for team AUT already exists: Node[13]
Node for team HUN already exists: Node[19]
Created relationship AUT->HUN with date=1934-05-31 and goalDifference=1: Relationship[52]
Created relationship HUN->AUT with date=1934-05-31 and goalDifference=1: Relationship[53]
Processing entry 27 of 4135
1934-05-31 CSK:CHE 1
Node for team CSK already exists: Node[16]
Node for team CHE already exists: Node[14]
Created relationship CSK->CHE with date=1934-05-31 and goalDifference=1: Relationship[54]
Created relationship CHE->CSK with date=1934-05-31 and goalDifference=1: Relationship[55]
Processing entry 28 of 4135
1934-05-31 DEU:SWE 1
Node for team DEU already exists: Node[17]
Node for team SWE already exists: Node[22]
Created relationship DEU->SWE with date=1934-05-31 and goalDifference=1: Relationship[56]
Created relationship SWE->DEU with date=1934-05-31 and goalDifference=1: Relationship[57]
Processing entry 29 of 4135
1934-05-31 ITA:ESP 0
Node for team ITA already exists: Node[21]
Node for team ESP already exists: Node[18]
Created relationship ITA->ESP with date=1934-05-31 and goalDifference=0: Relationship[58]
Created relationship ESP->ITA with date=1934-05-31 and goalDifference=0: Relationship[59]
Processing entry 30 of 4135
1934-06-01 ITA:ESP 1
Node for team ITA already exists: Node[21]
Node for team ESP already exists: Node[18]
Created relationship ITA->ESP with date=1934-06-01 and goalDifference=1: Relationship[60]
Created relationship ESP->ITA with date=1934-06-01 and goalDifference=1: Relationship[61]
Processing entry 31 of 4135
1934-06-03 CSK:DEU 2
Node for team CSK already exists: Node[16]
Node for team DEU already exists: Node[17]
Created relationship CSK->DEU with date=1934-06-03 and goalDifference=2: Relationship[62]
Created relationship DEU->CSK with date=1934-06-03 and goalDifference=2: Relationship[63]
Processing entry 32 of 4135
1934-06-03 ITA:AUT 1
Node for team ITA already exists: Node[21]
Node for team AUT already exists: Node[13]
Created relationship ITA->AUT with date=1934-06-03 and goalDifference=1: Relationship[64]
Created relationship AUT->ITA with date=1934-06-03 and goalDifference=1: Relationship[65]
Processing entry 33 of 4135
1934-06-07 DEU:AUT 1
Node for team DEU already exists: Node[17]
Node for team AUT already exists: Node[13]
Created relationship DEU->AUT with date=1934-06-07 and goalDifference=1: Relationship[66]
Created relationship AUT->DEU with date=1934-06-07 and goalDifference=1: Relationship[67]
Processing entry 34 of 4135
1934-06-10 ITA:CSK 1
Node for team ITA already exists: Node[21]
Node for team CSK already exists: Node[16]
Created relationship ITA->CSK with date=1934-06-10 and goalDifference=1: Relationship[68]
Created relationship CSK->ITA with date=1934-06-10 and goalDifference=1: Relationship[69]
Processing entry 35 of 4135
1938-06-04 CHE:DEU 0
Node for team CHE already exists: Node[14]
Node for team DEU already exists: Node[17]
Created relationship CHE->DEU with date=1938-06-04 and goalDifference=0: Relationship[70]
Created relationship DEU->CHE with date=1938-06-04 and goalDifference=0: Relationship[71]
Processing entry 36 of 4135
1938-06-04 DEU:CHE 0
Node for team DEU already exists: Node[17]
Node for team CHE already exists: Node[14]
Created relationship DEU->CHE with date=1938-06-04 and goalDifference=0: Relationship[72]
Created relationship CHE->DEU with date=1938-06-04 and goalDifference=0: Relationship[73]
Processing entry 37 of 4135
1938-06-05 BRA:POL 1
Node for team BRA already exists: Node[7]
Created new node for team POL: Node[23]
Created relationship BRA->POL with date=1938-06-05 and goalDifference=1: Relationship[74]
Created relationship POL->BRA with date=1938-06-05 and goalDifference=1: Relationship[75]
Processing entry 38 of 4135
1938-06-05 CSK:NLD 3
Node for team CSK already exists: Node[16]
Node for team NLD already exists: Node[15]
Created relationship CSK->NLD with date=1938-06-05 and goalDifference=3: Relationship[76]
Created relationship NLD->CSK with date=1938-06-05 and goalDifference=3: Relationship[77]
Processing entry 39 of 4135
1938-06-05 CUB:ROU 0
Created new node for team CUB: Node[24]
Node for team ROU already exists: Node[4]
Created relationship CUB->ROU with date=1938-06-05 and goalDifference=0: Relationship[78]
Created relationship ROU->CUB with date=1938-06-05 and goalDifference=0: Relationship[79]
Processing entry 40 of 4135
1938-06-05 FRA:BEL 2
Node for team FRA already exists: Node[0]
Node for team BEL already exists: Node[3]
Created relationship FRA->BEL with date=1938-06-05 and goalDifference=2: Relationship[80]
Created relationship BEL->FRA with date=1938-06-05 and goalDifference=2: Relationship[81]
Processing entry 41 of 4135
1938-06-05 HUN:DEI 6
Node for team HUN already exists: Node[19]
Created new node for team DEI: Node[25]
Created relationship HUN->DEI with date=1938-06-05 and goalDifference=6: Relationship[82]
Created relationship DEI->HUN with date=1938-06-05 and goalDifference=6: Relationship[83]
Processing entry 42 of 4135
1938-06-05 ITA:NOR 1
Node for team ITA already exists: Node[21]
Created new node for team NOR: Node[26]
Created relationship ITA->NOR with date=1938-06-05 and goalDifference=1: Relationship[84]
Created relationship NOR->ITA with date=1938-06-05 and goalDifference=1: Relationship[85]
Processing entry 43 of 4135
1938-06-09 CHE:DEU 2
Node for team CHE already exists: Node[14]
Node for team DEU already exists: Node[17]
Created relationship CHE->DEU with date=1938-06-09 and goalDifference=2: Relationship[86]
Created relationship DEU->CHE with date=1938-06-09 and goalDifference=2: Relationship[87]
Processing entry 44 of 4135
1938-06-09 CUB:ROU 1
Node for team CUB already exists: Node[24]
Node for team ROU already exists: Node[4]
Created relationship CUB->ROU with date=1938-06-09 and goalDifference=1: Relationship[88]
Created relationship ROU->CUB with date=1938-06-09 and goalDifference=1: Relationship[89]
Processing entry 45 of 4135
1938-06-09 DEU:CHE -2
Node for team DEU already exists: Node[17]
Node for team CHE already exists: Node[14]
Created relationship DEU->CHE with date=1938-06-09 and goalDifference=-2: Relationship[90]
Created relationship CHE->DEU with date=1938-06-09 and goalDifference=-2: Relationship[91]
Processing entry 46 of 4135
1938-06-12 BRA:CSK 0
Node for team BRA already exists: Node[7]
Node for team CSK already exists: Node[16]
Created relationship BRA->CSK with date=1938-06-12 and goalDifference=0: Relationship[92]
Created relationship CSK->BRA with date=1938-06-12 and goalDifference=0: Relationship[93]
Processing entry 47 of 4135
1938-06-12 CHE:HUN -2
Node for team CHE already exists: Node[14]
Node for team HUN already exists: Node[19]
Created relationship CHE->HUN with date=1938-06-12 and goalDifference=-2: Relationship[94]
Created relationship HUN->CHE with date=1938-06-12 and goalDifference=-2: Relationship[95]
Processing entry 48 of 4135
1938-06-12 FRA:ITA -2
Node for team FRA already exists: Node[0]
Node for team ITA already exists: Node[21]
Created relationship FRA->ITA with date=1938-06-12 and goalDifference=-2: Relationship[96]
Created relationship ITA->FRA with date=1938-06-12 and goalDifference=-2: Relationship[97]
Processing entry 49 of 4135
1938-06-12 HUN:CHE 2
Node for team HUN already exists: Node[19]
Node for team CHE already exists: Node[14]
Created relationship HUN->CHE with date=1938-06-12 and goalDifference=2: Relationship[98]
Created relationship CHE->HUN with date=1938-06-12 and goalDifference=2: Relationship[99]
Processing entry 50 of 4135
1938-06-12 SWE:CUB 8
Node for team SWE already exists: Node[22]
Node for team CUB already exists: Node[24]
Created relationship SWE->CUB with date=1938-06-12 and goalDifference=8: Relationship[100]
Created relationship CUB->SWE with date=1938-06-12 and goalDifference=8: Relationship[101]
Processing entry 51 of 4135
1938-06-14 BRA:CSK 1
Node for team BRA already exists: Node[7]
Node for team CSK already exists: Node[16]
Created relationship BRA->CSK with date=1938-06-14 and goalDifference=1: Relationship[102]
Created relationship CSK->BRA with date=1938-06-14 and goalDifference=1: Relationship[103]
Processing entry 52 of 4135
1938-06-16 HUN:SWE 4
Node for team HUN already exists: Node[19]
Node for team SWE already exists: Node[22]
Created relationship HUN->SWE with date=1938-06-16 and goalDifference=4: Relationship[104]
Created relationship SWE->HUN with date=1938-06-16 and goalDifference=4: Relationship[105]
Processing entry 53 of 4135
1938-06-16 ITA:BRA 1
Node for team ITA already exists: Node[21]
Node for team BRA already exists: Node[7]
Created relationship ITA->BRA with date=1938-06-16 and goalDifference=1: Relationship[106]
Created relationship BRA->ITA with date=1938-06-16 and goalDifference=1: Relationship[107]
Processing entry 54 of 4135
1938-06-19 BRA:SWE 2
Node for team BRA already exists: Node[7]
Node for team SWE already exists: Node[22]
Created relationship BRA->SWE with date=1938-06-19 and goalDifference=2: Relationship[108]
Created relationship SWE->BRA with date=1938-06-19 and goalDifference=2: Relationship[109]
Processing entry 55 of 4135
1938-06-19 HUN:ITA -2
Node for team HUN already exists: Node[19]
Node for team ITA already exists: Node[21]
Created relationship HUN->ITA with date=1938-06-19 and goalDifference=-2: Relationship[110]
Created relationship ITA->HUN with date=1938-06-19 and goalDifference=-2: Relationship[111]
Processing entry 56 of 4135
1938-06-19 ITA:HUN 2
Node for team ITA already exists: Node[21]
Node for team HUN already exists: Node[19]
Created relationship ITA->HUN with date=1938-06-19 and goalDifference=2: Relationship[112]
Created relationship HUN->ITA with date=1938-06-19 and goalDifference=2: Relationship[113]
Processing entry 57 of 4135
1938-06-19 SWE:BRA -2
Node for team SWE already exists: Node[22]
Node for team BRA already exists: Node[7]
Created relationship SWE->BRA with date=1938-06-19 and goalDifference=-2: Relationship[114]
Created relationship BRA->SWE with date=1938-06-19 and goalDifference=-2: Relationship[115]
Processing entry 58 of 4135
1950-06-24 BRA:MEX 4
Node for team BRA already exists: Node[7]
Node for team MEX already exists: Node[1]
Created relationship BRA->MEX with date=1950-06-24 and goalDifference=4: Relationship[116]
Created relationship MEX->BRA with date=1950-06-24 and goalDifference=4: Relationship[117]
Processing entry 59 of 4135
1950-06-25 ENG:CHL 2
Created new node for team ENG: Node[27]
Node for team CHL already exists: Node[9]
Created relationship ENG->CHL with date=1950-06-25 and goalDifference=2: Relationship[118]
Created relationship CHL->ENG with date=1950-06-25 and goalDifference=2: Relationship[119]
Processing entry 60 of 4135
1950-06-25 ESP:USA 2
Node for team ESP already exists: Node[18]
Node for team USA already exists: Node[2]
Created relationship ESP->USA with date=1950-06-25 and goalDifference=2: Relationship[120]
Created relationship USA->ESP with date=1950-06-25 and goalDifference=2: Relationship[121]
Processing entry 61 of 4135
1950-06-25 SWE:ITA 1
Node for team SWE already exists: Node[22]
Node for team ITA already exists: Node[21]
Created relationship SWE->ITA with date=1950-06-25 and goalDifference=1: Relationship[122]
Created relationship ITA->SWE with date=1950-06-25 and goalDifference=1: Relationship[123]
Processing entry 62 of 4135
1950-06-25 YUG:CHE 3
Node for team YUG already exists: Node[6]
Node for team CHE already exists: Node[14]
Created relationship YUG->CHE with date=1950-06-25 and goalDifference=3: Relationship[124]
Created relationship CHE->YUG with date=1950-06-25 and goalDifference=3: Relationship[125]
Processing entry 63 of 4135
1950-06-28 BRA:CHE 0
Node for team BRA already exists: Node[7]
Node for team CHE already exists: Node[14]
Created relationship BRA->CHE with date=1950-06-28 and goalDifference=0: Relationship[126]
Created relationship CHE->BRA with date=1950-06-28 and goalDifference=0: Relationship[127]
Processing entry 64 of 4135
1950-06-28 MEX:YUG -3
Node for team MEX already exists: Node[1]
Node for team YUG already exists: Node[6]
Created relationship MEX->YUG with date=1950-06-28 and goalDifference=-3: Relationship[128]
Created relationship YUG->MEX with date=1950-06-28 and goalDifference=-3: Relationship[129]
Processing entry 65 of 4135
1950-06-29 ESP:CHL 2
Node for team ESP already exists: Node[18]
Node for team CHL already exists: Node[9]
Created relationship ESP->CHL with date=1950-06-29 and goalDifference=2: Relationship[130]
Created relationship CHL->ESP with date=1950-06-29 and goalDifference=2: Relationship[131]
Processing entry 66 of 4135
1950-06-29 SWE:PRY 0
Node for team SWE already exists: Node[22]
Node for team PRY already exists: Node[10]
Created relationship SWE->PRY with date=1950-06-29 and goalDifference=0: Relationship[132]
Created relationship PRY->SWE with date=1950-06-29 and goalDifference=0: Relationship[133]
Processing entry 67 of 4135
1950-06-29 USA:ENG 1
Node for team USA already exists: Node[2]
Node for team ENG already exists: Node[27]
Created relationship USA->ENG with date=1950-06-29 and goalDifference=1: Relationship[134]
Created relationship ENG->USA with date=1950-06-29 and goalDifference=1: Relationship[135]
Processing entry 68 of 4135
1950-07-01 BRA:YUG 2
Node for team BRA already exists: Node[7]
Node for team YUG already exists: Node[6]
Created relationship BRA->YUG with date=1950-07-01 and goalDifference=2: Relationship[136]
Created relationship YUG->BRA with date=1950-07-01 and goalDifference=2: Relationship[137]
Processing entry 69 of 4135
1950-07-02 CHL:USA 3
Node for team CHL already exists: Node[9]
Node for team USA already exists: Node[2]
Created relationship CHL->USA with date=1950-07-02 and goalDifference=3: Relationship[138]
Created relationship USA->CHL with date=1950-07-02 and goalDifference=3: Relationship[139]
Processing entry 70 of 4135
1950-07-02 ESP:ENG 1
Node for team ESP already exists: Node[18]
Node for team ENG already exists: Node[27]
Created relationship ESP->ENG with date=1950-07-02 and goalDifference=1: Relationship[140]
Created relationship ENG->ESP with date=1950-07-02 and goalDifference=1: Relationship[141]
Processing entry 71 of 4135
1950-07-02 ITA:PRY 2
Node for team ITA already exists: Node[21]
Node for team PRY already exists: Node[10]
Created relationship ITA->PRY with date=1950-07-02 and goalDifference=2: Relationship[142]
Created relationship PRY->ITA with date=1950-07-02 and goalDifference=2: Relationship[143]
Processing entry 72 of 4135
1950-07-02 MEX:CHE -1
Node for team MEX already exists: Node[1]
Node for team CHE already exists: Node[14]
Created relationship MEX->CHE with date=1950-07-02 and goalDifference=-1: Relationship[144]
Created relationship CHE->MEX with date=1950-07-02 and goalDifference=-1: Relationship[145]
Processing entry 73 of 4135
1950-07-02 URY:BOL 8
Node for team URY already exists: Node[12]
Node for team BOL already exists: Node[11]
Created relationship URY->BOL with date=1950-07-02 and goalDifference=8: Relationship[146]
Created relationship BOL->URY with date=1950-07-02 and goalDifference=8: Relationship[147]
Processing entry 74 of 4135
1950-07-09 BRA:SWE 6
Node for team BRA already exists: Node[7]
Node for team SWE already exists: Node[22]
Created relationship BRA->SWE with date=1950-07-09 and goalDifference=6: Relationship[148]
Created relationship SWE->BRA with date=1950-07-09 and goalDifference=6: Relationship[149]
Processing entry 75 of 4135
1950-07-09 URY:ESP 0
Node for team URY already exists: Node[12]
Node for team ESP already exists: Node[18]
Created relationship URY->ESP with date=1950-07-09 and goalDifference=0: Relationship[150]
Created relationship ESP->URY with date=1950-07-09 and goalDifference=0: Relationship[151]
Processing entry 76 of 4135
1950-07-13 BRA:ESP 5
Node for team BRA already exists: Node[7]
Node for team ESP already exists: Node[18]
Created relationship BRA->ESP with date=1950-07-13 and goalDifference=5: Relationship[152]
Created relationship ESP->BRA with date=1950-07-13 and goalDifference=5: Relationship[153]
Processing entry 77 of 4135
1950-07-13 URY:SWE 1
Node for team URY already exists: Node[12]
Node for team SWE already exists: Node[22]
Created relationship URY->SWE with date=1950-07-13 and goalDifference=1: Relationship[154]
Created relationship SWE->URY with date=1950-07-13 and goalDifference=1: Relationship[155]
Processing entry 78 of 4135
1950-07-16 SWE:ESP 2
Node for team SWE already exists: Node[22]
Node for team ESP already exists: Node[18]
Created relationship SWE->ESP with date=1950-07-16 and goalDifference=2: Relationship[156]
Created relationship ESP->SWE with date=1950-07-16 and goalDifference=2: Relationship[157]
Processing entry 79 of 4135
1950-07-16 URY:BRA 1
Node for team URY already exists: Node[12]
Node for team BRA already exists: Node[7]
Created relationship URY->BRA with date=1950-07-16 and goalDifference=1: Relationship[158]
Created relationship BRA->URY with date=1950-07-16 and goalDifference=1: Relationship[159]
Processing entry 80 of 4135
1954-06-16 AUT:SCO 1
Node for team AUT already exists: Node[13]
Created new node for team SCO: Node[28]
Created relationship AUT->SCO with date=1954-06-16 and goalDifference=1: Relationship[160]
Created relationship SCO->AUT with date=1954-06-16 and goalDifference=1: Relationship[161]
Processing entry 81 of 4135
1954-06-16 BRA:MEX 5
Node for team BRA already exists: Node[7]
Node for team MEX already exists: Node[1]
Created relationship BRA->MEX with date=1954-06-16 and goalDifference=5: Relationship[162]
Created relationship MEX->BRA with date=1954-06-16 and goalDifference=5: Relationship[163]
Processing entry 82 of 4135
1954-06-16 URY:CSK 2
Node for team URY already exists: Node[12]
Node for team CSK already exists: Node[16]
Created relationship URY->CSK with date=1954-06-16 and goalDifference=2: Relationship[164]
Created relationship CSK->URY with date=1954-06-16 and goalDifference=2: Relationship[165]
Processing entry 83 of 4135
1954-06-16 YUG:FRA 1
Node for team YUG already exists: Node[6]
Node for team FRA already exists: Node[0]
Created relationship YUG->FRA with date=1954-06-16 and goalDifference=1: Relationship[166]
Created relationship FRA->YUG with date=1954-06-16 and goalDifference=1: Relationship[167]
Processing entry 84 of 4135
1954-06-17 CHE:ITA 1
Node for team CHE already exists: Node[14]
Node for team ITA already exists: Node[21]
Created relationship CHE->ITA with date=1954-06-17 and goalDifference=1: Relationship[168]
Created relationship ITA->CHE with date=1954-06-17 and goalDifference=1: Relationship[169]
Processing entry 85 of 4135
1954-06-17 DEU:TUR 3
Node for team DEU already exists: Node[17]
Created new node for team TUR: Node[29]
Created relationship DEU->TUR with date=1954-06-17 and goalDifference=3: Relationship[170]
Created relationship TUR->DEU with date=1954-06-17 and goalDifference=3: Relationship[171]
Processing entry 86 of 4135
1954-06-17 ENG:BEL 0
Node for team ENG already exists: Node[27]
Node for team BEL already exists: Node[3]
Created relationship ENG->BEL with date=1954-06-17 and goalDifference=0: Relationship[172]
Created relationship BEL->ENG with date=1954-06-17 and goalDifference=0: Relationship[173]
Processing entry 87 of 4135
1954-06-17 HUN:KOR 9
Node for team HUN already exists: Node[19]
Created new node for team KOR: Node[30]
Created relationship HUN->KOR with date=1954-06-17 and goalDifference=9: Relationship[174]
Created relationship KOR->HUN with date=1954-06-17 and goalDifference=9: Relationship[175]
Processing entry 88 of 4135
1954-06-19 AUT:CSK 5
Node for team AUT already exists: Node[13]
Node for team CSK already exists: Node[16]
Created relationship AUT->CSK with date=1954-06-19 and goalDifference=5: Relationship[176]
Created relationship CSK->AUT with date=1954-06-19 and goalDifference=5: Relationship[177]
Processing entry 89 of 4135
1954-06-19 BRA:YUG 0
Node for team BRA already exists: Node[7]
Node for team YUG already exists: Node[6]
Created relationship BRA->YUG with date=1954-06-19 and goalDifference=0: Relationship[178]
Created relationship YUG->BRA with date=1954-06-19 and goalDifference=0: Relationship[179]
Processing entry 90 of 4135
1954-06-19 FRA:MEX 1
Node for team FRA already exists: Node[0]
Node for team MEX already exists: Node[1]
Created relationship FRA->MEX with date=1954-06-19 and goalDifference=1: Relationship[180]
Created relationship MEX->FRA with date=1954-06-19 and goalDifference=1: Relationship[181]
Processing entry 91 of 4135
1954-06-19 URY:SCO 7
Node for team URY already exists: Node[12]
Node for team SCO already exists: Node[28]
Created relationship URY->SCO with date=1954-06-19 and goalDifference=7: Relationship[182]
Created relationship SCO->URY with date=1954-06-19 and goalDifference=7: Relationship[183]
Processing entry 92 of 4135
1954-06-20 ENG:CHE 2
Node for team ENG already exists: Node[27]
Node for team CHE already exists: Node[14]
Created relationship ENG->CHE with date=1954-06-20 and goalDifference=2: Relationship[184]
Created relationship CHE->ENG with date=1954-06-20 and goalDifference=2: Relationship[185]
Processing entry 93 of 4135
1954-06-20 HUN:DEU 5
Node for team HUN already exists: Node[19]
Node for team DEU already exists: Node[17]
Created relationship HUN->DEU with date=1954-06-20 and goalDifference=5: Relationship[186]
Created relationship DEU->HUN with date=1954-06-20 and goalDifference=5: Relationship[187]
Processing entry 94 of 4135
1954-06-20 ITA:BEL 3
Node for team ITA already exists: Node[21]
Node for team BEL already exists: Node[3]
Created relationship ITA->BEL with date=1954-06-20 and goalDifference=3: Relationship[188]
Created relationship BEL->ITA with date=1954-06-20 and goalDifference=3: Relationship[189]
Processing entry 95 of 4135
1954-06-20 TUR:KOR 7
Node for team TUR already exists: Node[29]
Node for team KOR already exists: Node[30]
Created relationship TUR->KOR with date=1954-06-20 and goalDifference=7: Relationship[190]
Created relationship KOR->TUR with date=1954-06-20 and goalDifference=7: Relationship[191]
Processing entry 96 of 4135
1954-06-23 CHE:ITA 3
Node for team CHE already exists: Node[14]
Node for team ITA already exists: Node[21]
Created relationship CHE->ITA with date=1954-06-23 and goalDifference=3: Relationship[192]
Created relationship ITA->CHE with date=1954-06-23 and goalDifference=3: Relationship[193]
Processing entry 97 of 4135
1954-06-23 DEU:TUR 5
Node for team DEU already exists: Node[17]
Node for team TUR already exists: Node[29]
Created relationship DEU->TUR with date=1954-06-23 and goalDifference=5: Relationship[194]
Created relationship TUR->DEU with date=1954-06-23 and goalDifference=5: Relationship[195]
Processing entry 98 of 4135
1954-06-26 AUT:CHE 2
Node for team AUT already exists: Node[13]
Node for team CHE already exists: Node[14]
Created relationship AUT->CHE with date=1954-06-26 and goalDifference=2: Relationship[196]
Created relationship CHE->AUT with date=1954-06-26 and goalDifference=2: Relationship[197]
Processing entry 99 of 4135
1954-06-26 URY:ENG 2
Node for team URY already exists: Node[12]
Node for team ENG already exists: Node[27]
Created relationship URY->ENG with date=1954-06-26 and goalDifference=2: Relationship[198]
Created relationship ENG->URY with date=1954-06-26 and goalDifference=2: Relationship[199]
Processing entry 100 of 4135
1954-06-27 BRA:HUN -2
Node for team BRA already exists: Node[7]
Node for team HUN already exists: Node[19]
Created relationship BRA->HUN with date=1954-06-27 and goalDifference=-2: Relationship[200]
Created relationship HUN->BRA with date=1954-06-27 and goalDifference=-2: Relationship[201]
Processing entry 101 of 4135
1954-06-27 DEU:YUG 2
Node for team DEU already exists: Node[17]
Node for team YUG already exists: Node[6]
Created relationship DEU->YUG with date=1954-06-27 and goalDifference=2: Relationship[202]
Created relationship YUG->DEU with date=1954-06-27 and goalDifference=2: Relationship[203]
Processing entry 102 of 4135
1954-06-27 HUN:BRA 2
Node for team HUN already exists: Node[19]
Node for team BRA already exists: Node[7]
Created relationship HUN->BRA with date=1954-06-27 and goalDifference=2: Relationship[204]
Created relationship BRA->HUN with date=1954-06-27 and goalDifference=2: Relationship[205]
Processing entry 103 of 4135
1954-06-27 YUG:DEU -2
Node for team YUG already exists: Node[6]
Node for team DEU already exists: Node[17]
Created relationship YUG->DEU with date=1954-06-27 and goalDifference=-2: Relationship[206]
Created relationship DEU->YUG with date=1954-06-27 and goalDifference=-2: Relationship[207]
Processing entry 104 of 4135
1954-06-30 DEU:AUT 5
Node for team DEU already exists: Node[17]
Node for team AUT already exists: Node[13]
Created relationship DEU->AUT with date=1954-06-30 and goalDifference=5: Relationship[208]
Created relationship AUT->DEU with date=1954-06-30 and goalDifference=5: Relationship[209]
Processing entry 105 of 4135
1954-06-30 HUN:URY 2
Node for team HUN already exists: Node[19]
Node for team URY already exists: Node[12]
Created relationship HUN->URY with date=1954-06-30 and goalDifference=2: Relationship[210]
Created relationship URY->HUN with date=1954-06-30 and goalDifference=2: Relationship[211]
Processing entry 106 of 4135
1954-07-03 AUT:URY 2
Node for team AUT already exists: Node[13]
Node for team URY already exists: Node[12]
Created relationship AUT->URY with date=1954-07-03 and goalDifference=2: Relationship[212]
Created relationship URY->AUT with date=1954-07-03 and goalDifference=2: Relationship[213]
Processing entry 107 of 4135
1954-07-03 URY:AUT -2
Node for team URY already exists: Node[12]
Node for team AUT already exists: Node[13]
Created relationship URY->AUT with date=1954-07-03 and goalDifference=-2: Relationship[214]
Created relationship AUT->URY with date=1954-07-03 and goalDifference=-2: Relationship[215]
Processing entry 108 of 4135
1954-07-04 DEU:HUN 1
Node for team DEU already exists: Node[17]
Node for team HUN already exists: Node[19]
Created relationship DEU->HUN with date=1954-07-04 and goalDifference=1: Relationship[216]
Created relationship HUN->DEU with date=1954-07-04 and goalDifference=1: Relationship[217]
Processing entry 109 of 4135
1954-07-04 HUN:DEU -1
Node for team HUN already exists: Node[19]
Node for team DEU already exists: Node[17]
Created relationship HUN->DEU with date=1954-07-04 and goalDifference=-1: Relationship[218]
Created relationship DEU->HUN with date=1954-07-04 and goalDifference=-1: Relationship[219]
Processing entry 110 of 4135
1958-06-08 ARG:DEU -2
Node for team ARG already exists: Node[8]
Node for team DEU already exists: Node[17]
Created relationship ARG->DEU with date=1958-06-08 and goalDifference=-2: Relationship[220]
Created relationship DEU->ARG with date=1958-06-08 and goalDifference=-2: Relationship[221]
Processing entry 111 of 4135
1958-06-08 BRA:AUT 3
Node for team BRA already exists: Node[7]
Node for team AUT already exists: Node[13]
Created relationship BRA->AUT with date=1958-06-08 and goalDifference=3: Relationship[222]
Created relationship AUT->BRA with date=1958-06-08 and goalDifference=3: Relationship[223]
Processing entry 112 of 4135
1958-06-08 DEU:ARG 2
Node for team DEU already exists: Node[17]
Node for team ARG already exists: Node[8]
Created relationship DEU->ARG with date=1958-06-08 and goalDifference=2: Relationship[224]
Created relationship ARG->DEU with date=1958-06-08 and goalDifference=2: Relationship[225]
Processing entry 113 of 4135
1958-06-08 FRA:PRY 4
Node for team FRA already exists: Node[0]
Node for team PRY already exists: Node[10]
Created relationship FRA->PRY with date=1958-06-08 and goalDifference=4: Relationship[226]
Created relationship PRY->FRA with date=1958-06-08 and goalDifference=4: Relationship[227]
Processing entry 114 of 4135
1958-06-08 HUN:WAL 0
Node for team HUN already exists: Node[19]
Created new node for team WAL: Node[31]
Created relationship HUN->WAL with date=1958-06-08 and goalDifference=0: Relationship[228]
Created relationship WAL->HUN with date=1958-06-08 and goalDifference=0: Relationship[229]
Processing entry 115 of 4135
1958-06-08 NIR:CSK 1
Created new node for team NIR: Node[32]
Node for team CSK already exists: Node[16]
Created relationship NIR->CSK with date=1958-06-08 and goalDifference=1: Relationship[230]
Created relationship CSK->NIR with date=1958-06-08 and goalDifference=1: Relationship[231]
Processing entry 116 of 4135
1958-06-08 SUN:ENG 0
Created new node for team SUN: Node[33]
Node for team ENG already exists: Node[27]
Created relationship SUN->ENG with date=1958-06-08 and goalDifference=0: Relationship[232]
Created relationship ENG->SUN with date=1958-06-08 and goalDifference=0: Relationship[233]
Processing entry 117 of 4135
1958-06-08 SWE:MEX 3
Node for team SWE already exists: Node[22]
Node for team MEX already exists: Node[1]
Created relationship SWE->MEX with date=1958-06-08 and goalDifference=3: Relationship[234]
Created relationship MEX->SWE with date=1958-06-08 and goalDifference=3: Relationship[235]
Processing entry 118 of 4135
1958-06-08 YUG:SCO 0
Node for team YUG already exists: Node[6]
Node for team SCO already exists: Node[28]
Created relationship YUG->SCO with date=1958-06-08 and goalDifference=0: Relationship[236]
Created relationship SCO->YUG with date=1958-06-08 and goalDifference=0: Relationship[237]
Processing entry 119 of 4135
1958-06-11 ARG:NIR 2
Node for team ARG already exists: Node[8]
Node for team NIR already exists: Node[32]
Created relationship ARG->NIR with date=1958-06-11 and goalDifference=2: Relationship[238]
Created relationship NIR->ARG with date=1958-06-11 and goalDifference=2: Relationship[239]
Processing entry 120 of 4135
1958-06-11 BRA:ENG 0
Node for team BRA already exists: Node[7]
Node for team ENG already exists: Node[27]
Created relationship BRA->ENG with date=1958-06-11 and goalDifference=0: Relationship[240]
Created relationship ENG->BRA with date=1958-06-11 and goalDifference=0: Relationship[241]
Processing entry 121 of 4135
1958-06-11 DEU:CSK 0
Node for team DEU already exists: Node[17]
Node for team CSK already exists: Node[16]
Created relationship DEU->CSK with date=1958-06-11 and goalDifference=0: Relationship[242]
Created relationship CSK->DEU with date=1958-06-11 and goalDifference=0: Relationship[243]
Processing entry 122 of 4135
1958-06-11 MEX:WAL 0
Node for team MEX already exists: Node[1]
Node for team WAL already exists: Node[31]
Created relationship MEX->WAL with date=1958-06-11 and goalDifference=0: Relationship[244]
Created relationship WAL->MEX with date=1958-06-11 and goalDifference=0: Relationship[245]
Processing entry 123 of 4135
1958-06-11 PRY:SCO 1
Node for team PRY already exists: Node[10]
Node for team SCO already exists: Node[28]
Created relationship PRY->SCO with date=1958-06-11 and goalDifference=1: Relationship[246]
Created relationship SCO->PRY with date=1958-06-11 and goalDifference=1: Relationship[247]
Processing entry 124 of 4135
1958-06-11 SUN:AUT 2
Node for team SUN already exists: Node[33]
Node for team AUT already exists: Node[13]
Created relationship SUN->AUT with date=1958-06-11 and goalDifference=2: Relationship[248]
Created relationship AUT->SUN with date=1958-06-11 and goalDifference=2: Relationship[249]
Processing entry 125 of 4135
1958-06-11 YUG:FRA 1
Node for team YUG already exists: Node[6]
Node for team FRA already exists: Node[0]
Created relationship YUG->FRA with date=1958-06-11 and goalDifference=1: Relationship[250]
Created relationship FRA->YUG with date=1958-06-11 and goalDifference=1: Relationship[251]
Processing entry 126 of 4135
1958-06-12 SWE:HUN 1
Node for team SWE already exists: Node[22]
Node for team HUN already exists: Node[19]
Created relationship SWE->HUN with date=1958-06-12 and goalDifference=1: Relationship[252]
Created relationship HUN->SWE with date=1958-06-12 and goalDifference=1: Relationship[253]
Processing entry 127 of 4135
1958-06-15 BRA:SUN 2
Node for team BRA already exists: Node[7]
Node for team SUN already exists: Node[33]
Created relationship BRA->SUN with date=1958-06-15 and goalDifference=2: Relationship[254]
Created relationship SUN->BRA with date=1958-06-15 and goalDifference=2: Relationship[255]
Processing entry 128 of 4135
1958-06-15 CSK:ARG 5
Node for team CSK already exists: Node[16]
Node for team ARG already exists: Node[8]
Created relationship CSK->ARG with date=1958-06-15 and goalDifference=5: Relationship[256]
Created relationship ARG->CSK with date=1958-06-15 and goalDifference=5: Relationship[257]
Processing entry 129 of 4135
1958-06-15 DEU:NIR 0
Node for team DEU already exists: Node[17]
Node for team NIR already exists: Node[32]
Created relationship DEU->NIR with date=1958-06-15 and goalDifference=0: Relationship[258]
Created relationship NIR->DEU with date=1958-06-15 and goalDifference=0: Relationship[259]
Processing entry 130 of 4135
1958-06-15 ENG:AUT 0
Node for team ENG already exists: Node[27]
Node for team AUT already exists: Node[13]
Created relationship ENG->AUT with date=1958-06-15 and goalDifference=0: Relationship[260]
Created relationship AUT->ENG with date=1958-06-15 and goalDifference=0: Relationship[261]
Processing entry 131 of 4135
1958-06-15 FRA:SCO 1
Node for team FRA already exists: Node[0]
Node for team SCO already exists: Node[28]
Created relationship FRA->SCO with date=1958-06-15 and goalDifference=1: Relationship[262]
Created relationship SCO->FRA with date=1958-06-15 and goalDifference=1: Relationship[263]
Processing entry 132 of 4135
1958-06-15 HUN:MEX 4
Node for team HUN already exists: Node[19]
Node for team MEX already exists: Node[1]
Created relationship HUN->MEX with date=1958-06-15 and goalDifference=4: Relationship[264]
Created relationship MEX->HUN with date=1958-06-15 and goalDifference=4: Relationship[265]
Processing entry 133 of 4135
1958-06-15 PRY:YUG 0
Node for team PRY already exists: Node[10]
Node for team YUG already exists: Node[6]
Created relationship PRY->YUG with date=1958-06-15 and goalDifference=0: Relationship[266]
Created relationship YUG->PRY with date=1958-06-15 and goalDifference=0: Relationship[267]
Processing entry 134 of 4135
1958-06-15 SWE:WAL 0
Node for team SWE already exists: Node[22]
Node for team WAL already exists: Node[31]
Created relationship SWE->WAL with date=1958-06-15 and goalDifference=0: Relationship[268]
Created relationship WAL->SWE with date=1958-06-15 and goalDifference=0: Relationship[269]
Processing entry 135 of 4135
1958-06-17 NIR:CSK 1
Node for team NIR already exists: Node[32]
Node for team CSK already exists: Node[16]
Created relationship NIR->CSK with date=1958-06-17 and goalDifference=1: Relationship[270]
Created relationship CSK->NIR with date=1958-06-17 and goalDifference=1: Relationship[271]
Processing entry 136 of 4135
1958-06-17 SUN:ENG 1
Node for team SUN already exists: Node[33]
Node for team ENG already exists: Node[27]
Created relationship SUN->ENG with date=1958-06-17 and goalDifference=1: Relationship[272]
Created relationship ENG->SUN with date=1958-06-17 and goalDifference=1: Relationship[273]
Processing entry 137 of 4135
1958-06-17 WAL:HUN 1
Node for team WAL already exists: Node[31]
Node for team HUN already exists: Node[19]
Created relationship WAL->HUN with date=1958-06-17 and goalDifference=1: Relationship[274]
Created relationship HUN->WAL with date=1958-06-17 and goalDifference=1: Relationship[275]
Processing entry 138 of 4135
1958-06-19 BRA:WAL 1
Node for team BRA already exists: Node[7]
Node for team WAL already exists: Node[31]
Created relationship BRA->WAL with date=1958-06-19 and goalDifference=1: Relationship[276]
Created relationship WAL->BRA with date=1958-06-19 and goalDifference=1: Relationship[277]
Processing entry 139 of 4135
1958-06-19 DEU:YUG 1
Node for team DEU already exists: Node[17]
Node for team YUG already exists: Node[6]
Created relationship DEU->YUG with date=1958-06-19 and goalDifference=1: Relationship[278]
Created relationship YUG->DEU with date=1958-06-19 and goalDifference=1: Relationship[279]
Processing entry 140 of 4135
1958-06-19 FRA:NIR 4
Node for team FRA already exists: Node[0]
Node for team NIR already exists: Node[32]
Created relationship FRA->NIR with date=1958-06-19 and goalDifference=4: Relationship[280]
Created relationship NIR->FRA with date=1958-06-19 and goalDifference=4: Relationship[281]
Processing entry 141 of 4135
1958-06-19 SWE:SUN 2
Node for team SWE already exists: Node[22]
Node for team SUN already exists: Node[33]
Created relationship SWE->SUN with date=1958-06-19 and goalDifference=2: Relationship[282]
Created relationship SUN->SWE with date=1958-06-19 and goalDifference=2: Relationship[283]
Processing entry 142 of 4135
1958-06-24 BRA:FRA 3
Node for team BRA already exists: Node[7]
Node for team FRA already exists: Node[0]
Created relationship BRA->FRA with date=1958-06-24 and goalDifference=3: Relationship[284]
Created relationship FRA->BRA with date=1958-06-24 and goalDifference=3: Relationship[285]
Processing entry 143 of 4135
1958-06-24 DEU:SWE -2
Node for team DEU already exists: Node[17]
Node for team SWE already exists: Node[22]
Created relationship DEU->SWE with date=1958-06-24 and goalDifference=-2: Relationship[286]
Created relationship SWE->DEU with date=1958-06-24 and goalDifference=-2: Relationship[287]
Processing entry 144 of 4135
1958-06-24 FRA:BRA -3
Node for team FRA already exists: Node[0]
Node for team BRA already exists: Node[7]
Created relationship FRA->BRA with date=1958-06-24 and goalDifference=-3: Relationship[288]
Created relationship BRA->FRA with date=1958-06-24 and goalDifference=-3: Relationship[289]
Processing entry 145 of 4135
1958-06-24 SWE:DEU 2
Node for team SWE already exists: Node[22]
Node for team DEU already exists: Node[17]
Created relationship SWE->DEU with date=1958-06-24 and goalDifference=2: Relationship[290]
Created relationship DEU->SWE with date=1958-06-24 and goalDifference=2: Relationship[291]
Processing entry 146 of 4135
1958-06-28 DEU:FRA -3
Node for team DEU already exists: Node[17]
Node for team FRA already exists: Node[0]
Created relationship DEU->FRA with date=1958-06-28 and goalDifference=-3: Relationship[292]
Created relationship FRA->DEU with date=1958-06-28 and goalDifference=-3: Relationship[293]
Processing entry 147 of 4135
1958-06-28 FRA:DEU 3
Node for team FRA already exists: Node[0]
Node for team DEU already exists: Node[17]
Created relationship FRA->DEU with date=1958-06-28 and goalDifference=3: Relationship[294]
Created relationship DEU->FRA with date=1958-06-28 and goalDifference=3: Relationship[295]
Processing entry 148 of 4135
1958-06-29 BRA:SWE 3
Node for team BRA already exists: Node[7]
Node for team SWE already exists: Node[22]
Created relationship BRA->SWE with date=1958-06-29 and goalDifference=3: Relationship[296]
Created relationship SWE->BRA with date=1958-06-29 and goalDifference=3: Relationship[297]
Processing entry 149 of 4135
1958-06-29 SWE:BRA -3
Node for team SWE already exists: Node[22]
Node for team BRA already exists: Node[7]
Created relationship SWE->BRA with date=1958-06-29 and goalDifference=-3: Relationship[298]
Created relationship BRA->SWE with date=1958-06-29 and goalDifference=-3: Relationship[299]
Processing entry 150 of 4135
1958-09-28 SUN:HUN 2
Node for team SUN already exists: Node[33]
Node for team HUN already exists: Node[19]
Created relationship SUN->HUN with date=1958-09-28 and goalDifference=2: Relationship[300]
Created relationship HUN->SUN with date=1958-09-28 and goalDifference=2: Relationship[301]
Processing entry 151 of 4135
1958-10-01 FRA:GRC 6
Node for team FRA already exists: Node[0]
Created new node for team GRC: Node[34]
Created relationship FRA->GRC with date=1958-10-01 and goalDifference=6: Relationship[302]
Created relationship GRC->FRA with date=1958-10-01 and goalDifference=6: Relationship[303]
Processing entry 152 of 4135
1958-11-02 ROU:TUR 3
Node for team ROU already exists: Node[4]
Node for team TUR already exists: Node[29]
Created relationship ROU->TUR with date=1958-11-02 and goalDifference=3: Relationship[304]
Created relationship TUR->ROU with date=1958-11-02 and goalDifference=3: Relationship[305]
Processing entry 153 of 4135
1958-12-03 GRC:FRA 0
Node for team GRC already exists: Node[34]
Node for team FRA already exists: Node[0]
Created relationship GRC->FRA with date=1958-12-03 and goalDifference=0: Relationship[306]
Created relationship FRA->GRC with date=1958-12-03 and goalDifference=0: Relationship[307]
Processing entry 154 of 4135
1959-04-05 IRL:CSK 2
Created new node for team IRL: Node[35]
Node for team CSK already exists: Node[16]
Created relationship IRL->CSK with date=1959-04-05 and goalDifference=2: Relationship[308]
Created relationship CSK->IRL with date=1959-04-05 and goalDifference=2: Relationship[309]
Processing entry 155 of 4135
1959-04-26 TUR:ROU 2
Node for team TUR already exists: Node[29]
Node for team ROU already exists: Node[4]
Created relationship TUR->ROU with date=1959-04-26 and goalDifference=2: Relationship[310]
Created relationship ROU->TUR with date=1959-04-26 and goalDifference=2: Relationship[311]
Processing entry 156 of 4135
1959-05-10 CSK:IRL 4
Node for team CSK already exists: Node[16]
Node for team IRL already exists: Node[35]
Created relationship CSK->IRL with date=1959-05-10 and goalDifference=4: Relationship[312]
Created relationship IRL->CSK with date=1959-05-10 and goalDifference=4: Relationship[313]
Processing entry 157 of 4135
1959-05-20 NOR:AUT -1
Node for team NOR already exists: Node[26]
Node for team AUT already exists: Node[13]
Created relationship NOR->AUT with date=1959-05-20 and goalDifference=-1: Relationship[314]
Created relationship AUT->NOR with date=1959-05-20 and goalDifference=-1: Relationship[315]
Processing entry 158 of 4135
1959-05-31 YUG:BGR 2
Node for team YUG already exists: Node[6]
Created new node for team BGR: Node[36]
Created relationship YUG->BGR with date=1959-05-31 and goalDifference=2: Relationship[316]
Created relationship BGR->YUG with date=1959-05-31 and goalDifference=2: Relationship[317]
Processing entry 159 of 4135
1959-06-21 DDR:PRT -2
Created new node for team DDR: Node[37]
Created new node for team PRT: Node[38]
Created relationship DDR->PRT with date=1959-06-21 and goalDifference=-2: Relationship[318]
Created relationship PRT->DDR with date=1959-06-21 and goalDifference=-2: Relationship[319]
Processing entry 160 of 4135
1959-06-28 POL:ESP -2
Node for team POL already exists: Node[23]
Node for team ESP already exists: Node[18]
Created relationship POL->ESP with date=1959-06-28 and goalDifference=-2: Relationship[320]
Created relationship ESP->POL with date=1959-06-28 and goalDifference=-2: Relationship[321]
Processing entry 161 of 4135
1959-06-28 PRT:DDR 1
Node for team PRT already exists: Node[38]
Node for team DDR already exists: Node[37]
Created relationship PRT->DDR with date=1959-06-28 and goalDifference=1: Relationship[322]
Created relationship DDR->PRT with date=1959-06-28 and goalDifference=1: Relationship[323]
Processing entry 162 of 4135
1959-09-23 AUT:NOR 3
Node for team AUT already exists: Node[13]
Node for team NOR already exists: Node[26]
Created relationship AUT->NOR with date=1959-09-23 and goalDifference=3: Relationship[324]
Created relationship NOR->AUT with date=1959-09-23 and goalDifference=3: Relationship[325]
Processing entry 163 of 4135
1959-09-23 DNK:CSK 0
Created new node for team DNK: Node[39]
Node for team CSK already exists: Node[16]
Created relationship DNK->CSK with date=1959-09-23 and goalDifference=0: Relationship[326]
Created relationship CSK->DNK with date=1959-09-23 and goalDifference=0: Relationship[327]
Processing entry 164 of 4135
1959-09-27 HUN:SUN -1
Node for team HUN already exists: Node[19]
Node for team SUN already exists: Node[33]
Created relationship HUN->SUN with date=1959-09-27 and goalDifference=-1: Relationship[328]
Created relationship SUN->HUN with date=1959-09-27 and goalDifference=-1: Relationship[329]
Processing entry 165 of 4135
1959-10-14 ESP:POL 3
Node for team ESP already exists: Node[18]
Node for team POL already exists: Node[23]
Created relationship ESP->POL with date=1959-10-14 and goalDifference=3: Relationship[330]
Created relationship POL->ESP with date=1959-10-14 and goalDifference=3: Relationship[331]
Processing entry 166 of 4135
1959-10-18 CSK:DNK 4
Node for team CSK already exists: Node[16]
Node for team DNK already exists: Node[39]
Created relationship CSK->DNK with date=1959-10-18 and goalDifference=4: Relationship[332]
Created relationship DNK->CSK with date=1959-10-18 and goalDifference=4: Relationship[333]
Processing entry 167 of 4135
1959-10-25 BGR:YUG 0
Node for team BGR already exists: Node[36]
Node for team YUG already exists: Node[6]
Created relationship BGR->YUG with date=1959-10-25 and goalDifference=0: Relationship[334]
Created relationship YUG->BGR with date=1959-10-25 and goalDifference=0: Relationship[335]
Processing entry 168 of 4135
1959-12-13 FRA:AUT 3
Node for team FRA already exists: Node[0]
Node for team AUT already exists: Node[13]
Created relationship FRA->AUT with date=1959-12-13 and goalDifference=3: Relationship[336]
Created relationship AUT->FRA with date=1959-12-13 and goalDifference=3: Relationship[337]
Processing entry 169 of 4135
1960-03-27 AUT:FRA -2
Node for team AUT already exists: Node[13]
Node for team FRA already exists: Node[0]
Created relationship AUT->FRA with date=1960-03-27 and goalDifference=-2: Relationship[338]
Created relationship FRA->AUT with date=1960-03-27 and goalDifference=-2: Relationship[339]
Processing entry 170 of 4135
1960-05-08 PRT:YUG 1
Node for team PRT already exists: Node[38]
Node for team YUG already exists: Node[6]
Created relationship PRT->YUG with date=1960-05-08 and goalDifference=1: Relationship[340]
Created relationship YUG->PRT with date=1960-05-08 and goalDifference=1: Relationship[341]
Processing entry 171 of 4135
1960-05-22 ROU:CSK -2
Node for team ROU already exists: Node[4]
Node for team CSK already exists: Node[16]
Created relationship ROU->CSK with date=1960-05-22 and goalDifference=-2: Relationship[342]
Created relationship CSK->ROU with date=1960-05-22 and goalDifference=-2: Relationship[343]
Processing entry 172 of 4135
1960-05-22 YUG:PRT 4
Node for team YUG already exists: Node[6]
Node for team PRT already exists: Node[38]
Created relationship YUG->PRT with date=1960-05-22 and goalDifference=4: Relationship[344]
Created relationship PRT->YUG with date=1960-05-22 and goalDifference=4: Relationship[345]
Processing entry 173 of 4135
1960-05-29 CSK:ROU 3
Node for team CSK already exists: Node[16]
Node for team ROU already exists: Node[4]
Created relationship CSK->ROU with date=1960-05-29 and goalDifference=3: Relationship[346]
Created relationship ROU->CSK with date=1960-05-29 and goalDifference=3: Relationship[347]
Processing entry 174 of 4135
1960-06-22 ESP:SUN 3
Node for team ESP already exists: Node[18]
Node for team SUN already exists: Node[33]
Created relationship ESP->SUN with date=1960-06-22 and goalDifference=3: Relationship[348]
Created relationship SUN->ESP with date=1960-06-22 and goalDifference=3: Relationship[349]
Processing entry 175 of 4135
1960-06-29 SUN:ESP -3
Node for team SUN already exists: Node[33]
Node for team ESP already exists: Node[18]
Created relationship SUN->ESP with date=1960-06-29 and goalDifference=-3: Relationship[350]
Created relationship ESP->SUN with date=1960-06-29 and goalDifference=-3: Relationship[351]
Processing entry 176 of 4135
1960-07-06 CSK:SUN -3
Node for team CSK already exists: Node[16]
Node for team SUN already exists: Node[33]
Created relationship CSK->SUN with date=1960-07-06 and goalDifference=-3: Relationship[352]
Created relationship SUN->CSK with date=1960-07-06 and goalDifference=-3: Relationship[353]
Processing entry 177 of 4135
1960-07-06 FRA:YUG -1
Node for team FRA already exists: Node[0]
Node for team YUG already exists: Node[6]
Created relationship FRA->YUG with date=1960-07-06 and goalDifference=-1: Relationship[354]
Created relationship YUG->FRA with date=1960-07-06 and goalDifference=-1: Relationship[355]
Processing entry 178 of 4135
1960-07-09 CSK:FRA 2
Node for team CSK already exists: Node[16]
Node for team FRA already exists: Node[0]
Created relationship CSK->FRA with date=1960-07-09 and goalDifference=2: Relationship[356]
Created relationship FRA->CSK with date=1960-07-09 and goalDifference=2: Relationship[357]
Processing entry 179 of 4135
1960-07-10 SUN:YUG 1
Node for team SUN already exists: Node[33]
Node for team YUG already exists: Node[6]
Created relationship SUN->YUG with date=1960-07-10 and goalDifference=1: Relationship[358]
Created relationship YUG->SUN with date=1960-07-10 and goalDifference=1: Relationship[359]
Processing entry 180 of 4135
1962-05-30 ARG:BGR 1
Node for team ARG already exists: Node[8]
Node for team BGR already exists: Node[36]
Created relationship ARG->BGR with date=1962-05-30 and goalDifference=1: Relationship[360]
Created relationship BGR->ARG with date=1962-05-30 and goalDifference=1: Relationship[361]
Processing entry 181 of 4135
1962-05-30 BRA:MEX 2
Node for team BRA already exists: Node[7]
Node for team MEX already exists: Node[1]
Created relationship BRA->MEX with date=1962-05-30 and goalDifference=2: Relationship[362]
Created relationship MEX->BRA with date=1962-05-30 and goalDifference=2: Relationship[363]
Processing entry 182 of 4135
1962-05-30 CHL:CHE 2
Node for team CHL already exists: Node[9]
Node for team CHE already exists: Node[14]
Created relationship CHL->CHE with date=1962-05-30 and goalDifference=2: Relationship[364]
Created relationship CHE->CHL with date=1962-05-30 and goalDifference=2: Relationship[365]
Processing entry 183 of 4135
1962-05-30 URY:COL 1
Node for team URY already exists: Node[12]
Created new node for team COL: Node[40]
Created relationship URY->COL with date=1962-05-30 and goalDifference=1: Relationship[366]
Created relationship COL->URY with date=1962-05-30 and goalDifference=1: Relationship[367]
Processing entry 184 of 4135
1962-05-31 CSK:ESP 1
Node for team CSK already exists: Node[16]
Node for team ESP already exists: Node[18]
Created relationship CSK->ESP with date=1962-05-31 and goalDifference=1: Relationship[368]
Created relationship ESP->CSK with date=1962-05-31 and goalDifference=1: Relationship[369]
Processing entry 185 of 4135
1962-05-31 DEU:ITA 0
Node for team DEU already exists: Node[17]
Node for team ITA already exists: Node[21]
Created relationship DEU->ITA with date=1962-05-31 and goalDifference=0: Relationship[370]
Created relationship ITA->DEU with date=1962-05-31 and goalDifference=0: Relationship[371]
Processing entry 186 of 4135
1962-05-31 HUN:ENG 1
Node for team HUN already exists: Node[19]
Node for team ENG already exists: Node[27]
Created relationship HUN->ENG with date=1962-05-31 and goalDifference=1: Relationship[372]
Created relationship ENG->HUN with date=1962-05-31 and goalDifference=1: Relationship[373]
Processing entry 187 of 4135
1962-05-31 SUN:YUG 2
Node for team SUN already exists: Node[33]
Node for team YUG already exists: Node[6]
Created relationship SUN->YUG with date=1962-05-31 and goalDifference=2: Relationship[374]
Created relationship YUG->SUN with date=1962-05-31 and goalDifference=2: Relationship[375]
Processing entry 188 of 4135
1962-06-02 BRA:CSK 0
Node for team BRA already exists: Node[7]
Node for team CSK already exists: Node[16]
Created relationship BRA->CSK with date=1962-06-02 and goalDifference=0: Relationship[376]
Created relationship CSK->BRA with date=1962-06-02 and goalDifference=0: Relationship[377]
Processing entry 189 of 4135
1962-06-02 CHL:ITA 2
Node for team CHL already exists: Node[9]
Node for team ITA already exists: Node[21]
Created relationship CHL->ITA with date=1962-06-02 and goalDifference=2: Relationship[378]
Created relationship ITA->CHL with date=1962-06-02 and goalDifference=2: Relationship[379]
Processing entry 190 of 4135
1962-06-02 ENG:ARG 2
Node for team ENG already exists: Node[27]
Node for team ARG already exists: Node[8]
Created relationship ENG->ARG with date=1962-06-02 and goalDifference=2: Relationship[380]
Created relationship ARG->ENG with date=1962-06-02 and goalDifference=2: Relationship[381]
Processing entry 191 of 4135
1962-06-02 YUG:URY 2
Node for team YUG already exists: Node[6]
Node for team URY already exists: Node[12]
Created relationship YUG->URY with date=1962-06-02 and goalDifference=2: Relationship[382]
Created relationship URY->YUG with date=1962-06-02 and goalDifference=2: Relationship[383]
Processing entry 192 of 4135
1962-06-03 DEU:CHE 1
Node for team DEU already exists: Node[17]
Node for team CHE already exists: Node[14]
Created relationship DEU->CHE with date=1962-06-03 and goalDifference=1: Relationship[384]
Created relationship CHE->DEU with date=1962-06-03 and goalDifference=1: Relationship[385]
Processing entry 193 of 4135
1962-06-03 ESP:MEX 1
Node for team ESP already exists: Node[18]
Node for team MEX already exists: Node[1]
Created relationship ESP->MEX with date=1962-06-03 and goalDifference=1: Relationship[386]
Created relationship MEX->ESP with date=1962-06-03 and goalDifference=1: Relationship[387]
Processing entry 194 of 4135
1962-06-03 HUN:BGR 5
Node for team HUN already exists: Node[19]
Node for team BGR already exists: Node[36]
Created relationship HUN->BGR with date=1962-06-03 and goalDifference=5: Relationship[388]
Created relationship BGR->HUN with date=1962-06-03 and goalDifference=5: Relationship[389]
Processing entry 195 of 4135
1962-06-03 SUN:COL 0
Node for team SUN already exists: Node[33]
Node for team COL already exists: Node[40]
Created relationship SUN->COL with date=1962-06-03 and goalDifference=0: Relationship[390]
Created relationship COL->SUN with date=1962-06-03 and goalDifference=0: Relationship[391]
Processing entry 196 of 4135
1962-06-06 BRA:ESP 1
Node for team BRA already exists: Node[7]
Node for team ESP already exists: Node[18]
Created relationship BRA->ESP with date=1962-06-06 and goalDifference=1: Relationship[392]
Created relationship ESP->BRA with date=1962-06-06 and goalDifference=1: Relationship[393]
Processing entry 197 of 4135
1962-06-06 DEU:CHL 2
Node for team DEU already exists: Node[17]
Node for team CHL already exists: Node[9]
Created relationship DEU->CHL with date=1962-06-06 and goalDifference=2: Relationship[394]
Created relationship CHL->DEU with date=1962-06-06 and goalDifference=2: Relationship[395]
Processing entry 198 of 4135
1962-06-06 HUN:ARG 0
Node for team HUN already exists: Node[19]
Node for team ARG already exists: Node[8]
Created relationship HUN->ARG with date=1962-06-06 and goalDifference=0: Relationship[396]
Created relationship ARG->HUN with date=1962-06-06 and goalDifference=0: Relationship[397]
Processing entry 199 of 4135
1962-06-06 SUN:URY 1
Node for team SUN already exists: Node[33]
Node for team URY already exists: Node[12]
Created relationship SUN->URY with date=1962-06-06 and goalDifference=1: Relationship[398]
Created relationship URY->SUN with date=1962-06-06 and goalDifference=1: Relationship[399]
Processing entry 200 of 4135
1962-06-07 ENG:BGR 0
Node for team ENG already exists: Node[27]
Node for team BGR already exists: Node[36]
Created relationship ENG->BGR with date=1962-06-07 and goalDifference=0: Relationship[400]
Created relationship BGR->ENG with date=1962-06-07 and goalDifference=0: Relationship[401]
Processing entry 201 of 4135
1962-06-07 ITA:CHE 3
Node for team ITA already exists: Node[21]
Node for team CHE already exists: Node[14]
Created relationship ITA->CHE with date=1962-06-07 and goalDifference=3: Relationship[402]
Created relationship CHE->ITA with date=1962-06-07 and goalDifference=3: Relationship[403]
Processing entry 202 of 4135
1962-06-07 MEX:CSK 2
Node for team MEX already exists: Node[1]
Node for team CSK already exists: Node[16]
Created relationship MEX->CSK with date=1962-06-07 and goalDifference=2: Relationship[404]
Created relationship CSK->MEX with date=1962-06-07 and goalDifference=2: Relationship[405]
Processing entry 203 of 4135
1962-06-07 YUG:COL 5
Node for team YUG already exists: Node[6]
Node for team COL already exists: Node[40]
Created relationship YUG->COL with date=1962-06-07 and goalDifference=5: Relationship[406]
Created relationship COL->YUG with date=1962-06-07 and goalDifference=5: Relationship[407]
Processing entry 204 of 4135
1962-06-10 BRA:ENG 2
Node for team BRA already exists: Node[7]
Node for team ENG already exists: Node[27]
Created relationship BRA->ENG with date=1962-06-10 and goalDifference=2: Relationship[408]
Created relationship ENG->BRA with date=1962-06-10 and goalDifference=2: Relationship[409]
Processing entry 205 of 4135
1962-06-10 CHL:SUN 1
Node for team CHL already exists: Node[9]
Node for team SUN already exists: Node[33]
Created relationship CHL->SUN with date=1962-06-10 and goalDifference=1: Relationship[410]
Created relationship SUN->CHL with date=1962-06-10 and goalDifference=1: Relationship[411]
Processing entry 206 of 4135
1962-06-10 CSK:HUN 1
Node for team CSK already exists: Node[16]
Node for team HUN already exists: Node[19]
Created relationship CSK->HUN with date=1962-06-10 and goalDifference=1: Relationship[412]
Created relationship HUN->CSK with date=1962-06-10 and goalDifference=1: Relationship[413]
Processing entry 207 of 4135
1962-06-10 YUG:DEU 1
Node for team YUG already exists: Node[6]
Node for team DEU already exists: Node[17]
Created relationship YUG->DEU with date=1962-06-10 and goalDifference=1: Relationship[414]
Created relationship DEU->YUG with date=1962-06-10 and goalDifference=1: Relationship[415]
Processing entry 208 of 4135
1962-06-13 BRA:CHL 2
Node for team BRA already exists: Node[7]
Node for team CHL already exists: Node[9]
Created relationship BRA->CHL with date=1962-06-13 and goalDifference=2: Relationship[416]
Created relationship CHL->BRA with date=1962-06-13 and goalDifference=2: Relationship[417]
Processing entry 209 of 4135
1962-06-13 CSK:YUG 2
Node for team CSK already exists: Node[16]
Node for team YUG already exists: Node[6]
Created relationship CSK->YUG with date=1962-06-13 and goalDifference=2: Relationship[418]
Created relationship YUG->CSK with date=1962-06-13 and goalDifference=2: Relationship[419]
Processing entry 210 of 4135
1962-06-16 CHL:YUG 1
Node for team CHL already exists: Node[9]
Node for team YUG already exists: Node[6]
Created relationship CHL->YUG with date=1962-06-16 and goalDifference=1: Relationship[420]
Created relationship YUG->CHL with date=1962-06-16 and goalDifference=1: Relationship[421]
Processing entry 211 of 4135
1962-06-17 BRA:CSK 2
Node for team BRA already exists: Node[7]
Node for team CSK already exists: Node[16]
Created relationship BRA->CSK with date=1962-06-17 and goalDifference=2: Relationship[422]
Created relationship CSK->BRA with date=1962-06-17 and goalDifference=2: Relationship[423]
Processing entry 212 of 4135
1962-06-21 GRC:ALB -3
Node for team GRC already exists: Node[34]
Created new node for team ALB: Node[41]
Created relationship GRC->ALB with date=1962-06-21 and goalDifference=-3: Relationship[424]
Created relationship ALB->GRC with date=1962-06-21 and goalDifference=-3: Relationship[425]
Processing entry 213 of 4135
1962-06-21 NOR:SWE -2
Node for team NOR already exists: Node[26]
Node for team SWE already exists: Node[22]
Created relationship NOR->SWE with date=1962-06-21 and goalDifference=-2: Relationship[426]
Created relationship SWE->NOR with date=1962-06-21 and goalDifference=-2: Relationship[427]
Processing entry 214 of 4135
1962-06-26 DNK:MLT 5
Node for team DNK already exists: Node[39]
Created new node for team MLT: Node[42]
Created relationship DNK->MLT with date=1962-06-26 and goalDifference=5: Relationship[428]
Created relationship MLT->DNK with date=1962-06-26 and goalDifference=5: Relationship[429]
Processing entry 215 of 4135
1962-08-12 IRL:ISL 2
Node for team IRL already exists: Node[35]
Created new node for team ISL: Node[43]
Created relationship IRL->ISL with date=1962-08-12 and goalDifference=2: Relationship[430]
Created relationship ISL->IRL with date=1962-08-12 and goalDifference=2: Relationship[431]
Processing entry 216 of 4135
1962-09-02 ISL:IRL 0
Node for team ISL already exists: Node[43]
Node for team IRL already exists: Node[35]
Created relationship ISL->IRL with date=1962-09-02 and goalDifference=0: Relationship[432]
Created relationship IRL->ISL with date=1962-09-02 and goalDifference=0: Relationship[433]
Processing entry 217 of 4135
1962-10-03 ENG:FRA 0
Node for team ENG already exists: Node[27]
Node for team FRA already exists: Node[0]
Created relationship ENG->FRA with date=1962-10-03 and goalDifference=0: Relationship[434]
Created relationship FRA->ENG with date=1962-10-03 and goalDifference=0: Relationship[435]
Processing entry 218 of 4135
1962-10-10 POL:NIR -2
Node for team POL already exists: Node[23]
Node for team NIR already exists: Node[32]
Created relationship POL->NIR with date=1962-10-10 and goalDifference=-2: Relationship[436]
Created relationship NIR->POL with date=1962-10-10 and goalDifference=-2: Relationship[437]
Processing entry 219 of 4135
1962-11-01 ESP:ROU 6
Node for team ESP already exists: Node[18]
Node for team ROU already exists: Node[4]
Created relationship ESP->ROU with date=1962-11-01 and goalDifference=6: Relationship[438]
Created relationship ROU->ESP with date=1962-11-01 and goalDifference=6: Relationship[439]
Processing entry 220 of 4135
1962-11-04 SWE:NOR 0
Node for team SWE already exists: Node[22]
Node for team NOR already exists: Node[26]
Created relationship SWE->NOR with date=1962-11-04 and goalDifference=0: Relationship[440]
Created relationship NOR->SWE with date=1962-11-04 and goalDifference=0: Relationship[441]
Processing entry 221 of 4135
1962-11-04 YUG:BEL 1
Node for team YUG already exists: Node[6]
Node for team BEL already exists: Node[3]
Created relationship YUG->BEL with date=1962-11-04 and goalDifference=1: Relationship[442]
Created relationship BEL->YUG with date=1962-11-04 and goalDifference=1: Relationship[443]
Processing entry 222 of 4135
1962-11-07 BGR:PRT 2
Node for team BGR already exists: Node[36]
Node for team PRT already exists: Node[38]
Created relationship BGR->PRT with date=1962-11-07 and goalDifference=2: Relationship[444]
Created relationship PRT->BGR with date=1962-11-07 and goalDifference=2: Relationship[445]
Processing entry 223 of 4135
1962-11-07 HUN:WAL 2
Node for team HUN already exists: Node[19]
Node for team WAL already exists: Node[31]
Created relationship HUN->WAL with date=1962-11-07 and goalDifference=2: Relationship[446]
Created relationship WAL->HUN with date=1962-11-07 and goalDifference=2: Relationship[447]
Processing entry 224 of 4135
1962-11-11 NLD:CHE 2
Node for team NLD already exists: Node[15]
Node for team CHE already exists: Node[14]
Created relationship NLD->CHE with date=1962-11-11 and goalDifference=2: Relationship[448]
Created relationship CHE->NLD with date=1962-11-11 and goalDifference=2: Relationship[449]
Processing entry 225 of 4135
1962-11-21 DDR:CSK 1
Node for team DDR already exists: Node[37]
Node for team CSK already exists: Node[16]
Created relationship DDR->CSK with date=1962-11-21 and goalDifference=1: Relationship[450]
Created relationship CSK->DDR with date=1962-11-21 and goalDifference=1: Relationship[451]
Processing entry 226 of 4135
1962-11-25 ROU:ESP 2
Node for team ROU already exists: Node[4]
Node for team ESP already exists: Node[18]
Created relationship ROU->ESP with date=1962-11-25 and goalDifference=2: Relationship[452]
Created relationship ESP->ROU with date=1962-11-25 and goalDifference=2: Relationship[453]
Processing entry 227 of 4135
1962-11-28 NIR:POL 2
Node for team NIR already exists: Node[32]
Node for team POL already exists: Node[23]
Created relationship NIR->POL with date=1962-11-28 and goalDifference=2: Relationship[454]
Created relationship POL->NIR with date=1962-11-28 and goalDifference=2: Relationship[455]
Processing entry 228 of 4135
1962-12-02 ITA:TUR 6
Node for team ITA already exists: Node[21]
Node for team TUR already exists: Node[29]
Created relationship ITA->TUR with date=1962-12-02 and goalDifference=6: Relationship[456]
Created relationship TUR->ITA with date=1962-12-02 and goalDifference=6: Relationship[457]
Processing entry 229 of 4135
1962-12-08 MLT:DNK -2
Node for team MLT already exists: Node[42]
Node for team DNK already exists: Node[39]
Created relationship MLT->DNK with date=1962-12-08 and goalDifference=-2: Relationship[458]
Created relationship DNK->MLT with date=1962-12-08 and goalDifference=-2: Relationship[459]
Processing entry 230 of 4135
1962-12-16 PRT:BGR 2
Node for team PRT already exists: Node[38]
Node for team BGR already exists: Node[36]
Created relationship PRT->BGR with date=1962-12-16 and goalDifference=2: Relationship[460]
Created relationship BGR->PRT with date=1962-12-16 and goalDifference=2: Relationship[461]
Processing entry 231 of 4135
1963-01-23 BGR:PRT 1
Node for team BGR already exists: Node[36]
Node for team PRT already exists: Node[38]
Created relationship BGR->PRT with date=1963-01-23 and goalDifference=1: Relationship[462]
Created relationship PRT->BGR with date=1963-01-23 and goalDifference=1: Relationship[463]
Processing entry 232 of 4135
1963-02-27 FRA:ENG 3
Node for team FRA already exists: Node[0]
Node for team ENG already exists: Node[27]
Created relationship FRA->ENG with date=1963-02-27 and goalDifference=3: Relationship[464]
Created relationship ENG->FRA with date=1963-02-27 and goalDifference=3: Relationship[465]
Processing entry 233 of 4135
1963-03-20 WAL:HUN 0
Node for team WAL already exists: Node[31]
Node for team HUN already exists: Node[19]
Created relationship WAL->HUN with date=1963-03-20 and goalDifference=0: Relationship[466]
Created relationship HUN->WAL with date=1963-03-20 and goalDifference=0: Relationship[467]
Processing entry 234 of 4135
1963-03-27 TUR:ITA -1
Node for team TUR already exists: Node[29]
Node for team ITA already exists: Node[21]
Created relationship TUR->ITA with date=1963-03-27 and goalDifference=-1: Relationship[468]
Created relationship ITA->TUR with date=1963-03-27 and goalDifference=-1: Relationship[469]
Processing entry 235 of 4135
1963-03-31 ALB:GRC 3
Node for team ALB already exists: Node[41]
Node for team GRC already exists: Node[34]
Created relationship ALB->GRC with date=1963-03-31 and goalDifference=3: Relationship[470]
Created relationship GRC->ALB with date=1963-03-31 and goalDifference=3: Relationship[471]
Processing entry 236 of 4135
1963-03-31 BEL:YUG -1
Node for team BEL already exists: Node[3]
Node for team YUG already exists: Node[6]
Created relationship BEL->YUG with date=1963-03-31 and goalDifference=-1: Relationship[472]
Created relationship YUG->BEL with date=1963-03-31 and goalDifference=-1: Relationship[473]
Processing entry 237 of 4135
1963-03-31 CHE:NLD 0
Node for team CHE already exists: Node[14]
Node for team NLD already exists: Node[15]
Created relationship CHE->NLD with date=1963-03-31 and goalDifference=0: Relationship[474]
Created relationship NLD->CHE with date=1963-03-31 and goalDifference=0: Relationship[475]
Processing entry 238 of 4135
1963-03-31 CSK:DDR 0
Node for team CSK already exists: Node[16]
Node for team DDR already exists: Node[37]
Created relationship CSK->DDR with date=1963-03-31 and goalDifference=0: Relationship[476]
Created relationship DDR->CSK with date=1963-03-31 and goalDifference=0: Relationship[477]
Processing entry 239 of 4135
1963-04-11 NLD:LUX 0
Node for team NLD already exists: Node[15]
Created new node for team LUX: Node[44]
Created relationship NLD->LUX with date=1963-04-11 and goalDifference=0: Relationship[478]
Created relationship LUX->NLD with date=1963-04-11 and goalDifference=0: Relationship[479]
Processing entry 240 of 4135
1963-05-30 ESP:IRL 0
Node for team ESP already exists: Node[18]
Node for team IRL already exists: Node[35]
Created relationship ESP->IRL with date=1963-05-30 and goalDifference=0: Relationship[480]
Created relationship IRL->ESP with date=1963-05-30 and goalDifference=0: Relationship[481]
Processing entry 241 of 4135
1963-06-19 YUG:SWE 0
Node for team YUG already exists: Node[6]
Node for team SWE already exists: Node[22]
Created relationship YUG->SWE with date=1963-06-19 and goalDifference=0: Relationship[482]
Created relationship SWE->YUG with date=1963-06-19 and goalDifference=0: Relationship[483]
Processing entry 242 of 4135
1963-06-24 DNK:ALB 4
Node for team DNK already exists: Node[39]
Node for team ALB already exists: Node[41]
Created relationship DNK->ALB with date=1963-06-24 and goalDifference=4: Relationship[484]
Created relationship ALB->DNK with date=1963-06-24 and goalDifference=4: Relationship[485]
Processing entry 243 of 4135
1963-09-18 SWE:YUG 1
Node for team SWE already exists: Node[22]
Node for team YUG already exists: Node[6]
Created relationship SWE->YUG with date=1963-09-18 and goalDifference=1: Relationship[486]
Created relationship YUG->SWE with date=1963-09-18 and goalDifference=1: Relationship[487]
Processing entry 244 of 4135
1963-09-25 AUT:IRL 0
Node for team AUT already exists: Node[13]
Node for team IRL already exists: Node[35]
Created relationship AUT->IRL with date=1963-09-25 and goalDifference=0: Relationship[488]
Created relationship IRL->AUT with date=1963-09-25 and goalDifference=0: Relationship[489]
Processing entry 245 of 4135
1963-09-29 BGR:FRA 1
Node for team BGR already exists: Node[36]
Node for team FRA already exists: Node[0]
Created relationship BGR->FRA with date=1963-09-29 and goalDifference=1: Relationship[490]
Created relationship FRA->BGR with date=1963-09-29 and goalDifference=1: Relationship[491]
Processing entry 246 of 4135
1963-10-13 IRL:AUT 1
Node for team IRL already exists: Node[35]
Node for team AUT already exists: Node[13]
Created relationship IRL->AUT with date=1963-10-13 and goalDifference=1: Relationship[492]
Created relationship AUT->IRL with date=1963-10-13 and goalDifference=1: Relationship[493]
Processing entry 247 of 4135
1963-10-13 SUN:ITA 2
Node for team SUN already exists: Node[33]
Node for team ITA already exists: Node[21]
Created relationship SUN->ITA with date=1963-10-13 and goalDifference=2: Relationship[494]
Created relationship ITA->SUN with date=1963-10-13 and goalDifference=2: Relationship[495]
Processing entry 248 of 4135
1963-10-19 DDR:HUN -1
Node for team DDR already exists: Node[37]
Node for team HUN already exists: Node[19]
Created relationship DDR->HUN with date=1963-10-19 and goalDifference=-1: Relationship[496]
Created relationship HUN->DDR with date=1963-10-19 and goalDifference=-1: Relationship[497]
Processing entry 249 of 4135
1963-10-26 FRA:BGR 2
Node for team FRA already exists: Node[0]
Node for team BGR already exists: Node[36]
Created relationship FRA->BGR with date=1963-10-26 and goalDifference=2: Relationship[498]
Created relationship BGR->FRA with date=1963-10-26 and goalDifference=2: Relationship[499]
Processing entry 250 of 4135
1963-10-30 ALB:DNK 1
Node for team ALB already exists: Node[41]
Node for team DNK already exists: Node[39]
Created relationship ALB->DNK with date=1963-10-30 and goalDifference=1: Relationship[500]
Created relationship DNK->ALB with date=1963-10-30 and goalDifference=1: Relationship[501]
Processing entry 251 of 4135
1963-10-30 IRL:ESP -1
Node for team IRL already exists: Node[35]
Node for team ESP already exists: Node[18]
Created relationship IRL->ESP with date=1963-10-30 and goalDifference=-1: Relationship[502]
Created relationship ESP->IRL with date=1963-10-30 and goalDifference=-1: Relationship[503]
Processing entry 252 of 4135
1963-10-30 LUX:NLD 1
Node for team LUX already exists: Node[44]
Node for team NLD already exists: Node[15]
Created relationship LUX->NLD with date=1963-10-30 and goalDifference=1: Relationship[504]
Created relationship NLD->LUX with date=1963-10-30 and goalDifference=1: Relationship[505]
Processing entry 253 of 4135
1963-11-03 HUN:DDR 0
Node for team HUN already exists: Node[19]
Node for team DDR already exists: Node[37]
Created relationship HUN->DDR with date=1963-11-03 and goalDifference=0: Relationship[506]
Created relationship DDR->HUN with date=1963-11-03 and goalDifference=0: Relationship[507]
Processing entry 254 of 4135
1963-11-10 ITA:SUN 0
Node for team ITA already exists: Node[21]
Node for team SUN already exists: Node[33]
Created relationship ITA->SUN with date=1963-11-10 and goalDifference=0: Relationship[508]
Created relationship SUN->ITA with date=1963-11-10 and goalDifference=0: Relationship[509]
Processing entry 255 of 4135
1963-12-04 LUX:DNK 0
Node for team LUX already exists: Node[44]
Node for team DNK already exists: Node[39]
Created relationship LUX->DNK with date=1963-12-04 and goalDifference=0: Relationship[510]
Created relationship DNK->LUX with date=1963-12-04 and goalDifference=0: Relationship[511]
Processing entry 256 of 4135
1963-12-10 DNK:LUX 0
Node for team DNK already exists: Node[39]
Node for team LUX already exists: Node[44]
Created relationship DNK->LUX with date=1963-12-10 and goalDifference=0: Relationship[512]
Created relationship LUX->DNK with date=1963-12-10 and goalDifference=0: Relationship[513]
Processing entry 257 of 4135
1963-12-18 LUX:DNK -1
Node for team LUX already exists: Node[44]
Node for team DNK already exists: Node[39]
Created relationship LUX->DNK with date=1963-12-18 and goalDifference=-1: Relationship[514]
Created relationship DNK->LUX with date=1963-12-18 and goalDifference=-1: Relationship[515]
Processing entry 258 of 4135
1964-03-11 ESP:IRL 4
Node for team ESP already exists: Node[18]
Node for team IRL already exists: Node[35]
Created relationship ESP->IRL with date=1964-03-11 and goalDifference=4: Relationship[516]
Created relationship IRL->ESP with date=1964-03-11 and goalDifference=4: Relationship[517]
Processing entry 259 of 4135
1964-04-08 IRL:ESP -2
Node for team IRL already exists: Node[35]
Node for team ESP already exists: Node[18]
Created relationship IRL->ESP with date=1964-04-08 and goalDifference=-2: Relationship[518]
Created relationship ESP->IRL with date=1964-04-08 and goalDifference=-2: Relationship[519]
Processing entry 260 of 4135
1964-04-25 FRA:HUN -2
Node for team FRA already exists: Node[0]
Node for team HUN already exists: Node[19]
Created relationship FRA->HUN with date=1964-04-25 and goalDifference=-2: Relationship[520]
Created relationship HUN->FRA with date=1964-04-25 and goalDifference=-2: Relationship[521]
Processing entry 261 of 4135
1964-05-13 SWE:SUN 0
Node for team SWE already exists: Node[22]
Node for team SUN already exists: Node[33]
Created relationship SWE->SUN with date=1964-05-13 and goalDifference=0: Relationship[522]
Created relationship SUN->SWE with date=1964-05-13 and goalDifference=0: Relationship[523]
Processing entry 262 of 4135
1964-05-23 HUN:FRA 1
Node for team HUN already exists: Node[19]
Node for team FRA already exists: Node[0]
Created relationship HUN->FRA with date=1964-05-23 and goalDifference=1: Relationship[524]
Created relationship FRA->HUN with date=1964-05-23 and goalDifference=1: Relationship[525]
Processing entry 263 of 4135
1964-05-27 SUN:SWE 2
Node for team SUN already exists: Node[33]
Node for team SWE already exists: Node[22]
Created relationship SUN->SWE with date=1964-05-27 and goalDifference=2: Relationship[526]
Created relationship SWE->SUN with date=1964-05-27 and goalDifference=2: Relationship[527]
Processing entry 264 of 4135
1964-06-17 DNK:SUN -3
Node for team DNK already exists: Node[39]
Node for team SUN already exists: Node[33]
Created relationship DNK->SUN with date=1964-06-17 and goalDifference=-3: Relationship[528]
Created relationship SUN->DNK with date=1964-06-17 and goalDifference=-3: Relationship[529]
Processing entry 265 of 4135
1964-06-17 ESP:HUN 1
Node for team ESP already exists: Node[18]
Node for team HUN already exists: Node[19]
Created relationship ESP->HUN with date=1964-06-17 and goalDifference=1: Relationship[530]
Created relationship HUN->ESP with date=1964-06-17 and goalDifference=1: Relationship[531]
Processing entry 266 of 4135
1964-06-20 HUN:DNK 2
Node for team HUN already exists: Node[19]
Node for team DNK already exists: Node[39]
Created relationship HUN->DNK with date=1964-06-20 and goalDifference=2: Relationship[532]
Created relationship DNK->HUN with date=1964-06-20 and goalDifference=2: Relationship[533]
Processing entry 267 of 4135
1964-06-21 ESP:SUN 1
Node for team ESP already exists: Node[18]
Node for team SUN already exists: Node[33]
Created relationship ESP->SUN with date=1964-06-21 and goalDifference=1: Relationship[534]
Created relationship SUN->ESP with date=1964-06-21 and goalDifference=1: Relationship[535]
Processing entry 268 of 4135
1964-06-21 HUN:DNK 2
Node for team HUN already exists: Node[19]
Node for team DNK already exists: Node[39]
Created relationship HUN->DNK with date=1964-06-21 and goalDifference=2: Relationship[536]
Created relationship DNK->HUN with date=1964-06-21 and goalDifference=2: Relationship[537]
Processing entry 269 of 4135
1966-06-30 ENG:DEU 2
Node for team ENG already exists: Node[27]
Node for team DEU already exists: Node[17]
Created relationship ENG->DEU with date=1966-06-30 and goalDifference=2: Relationship[538]
Created relationship DEU->ENG with date=1966-06-30 and goalDifference=2: Relationship[539]
Processing entry 270 of 4135
1966-07-11 ENG:URY 0
Node for team ENG already exists: Node[27]
Node for team URY already exists: Node[12]
Created relationship ENG->URY with date=1966-07-11 and goalDifference=0: Relationship[540]
Created relationship URY->ENG with date=1966-07-11 and goalDifference=0: Relationship[541]
Processing entry 271 of 4135
1966-07-12 BRA:BGR 2
Node for team BRA already exists: Node[7]
Node for team BGR already exists: Node[36]
Created relationship BRA->BGR with date=1966-07-12 and goalDifference=2: Relationship[542]
Created relationship BGR->BRA with date=1966-07-12 and goalDifference=2: Relationship[543]
Processing entry 272 of 4135
1966-07-12 DEU:CHE 5
Node for team DEU already exists: Node[17]
Node for team CHE already exists: Node[14]
Created relationship DEU->CHE with date=1966-07-12 and goalDifference=5: Relationship[544]
Created relationship CHE->DEU with date=1966-07-12 and goalDifference=5: Relationship[545]
Processing entry 273 of 4135
1966-07-12 SUN:PRK 3
Node for team SUN already exists: Node[33]
Created new node for team PRK: Node[45]
Created relationship SUN->PRK with date=1966-07-12 and goalDifference=3: Relationship[546]
Created relationship PRK->SUN with date=1966-07-12 and goalDifference=3: Relationship[547]
Processing entry 274 of 4135
1966-07-13 ARG:ESP 1
Node for team ARG already exists: Node[8]
Node for team ESP already exists: Node[18]
Created relationship ARG->ESP with date=1966-07-13 and goalDifference=1: Relationship[548]
Created relationship ESP->ARG with date=1966-07-13 and goalDifference=1: Relationship[549]
Processing entry 275 of 4135
1966-07-13 FRA:MEX 0
Node for team FRA already exists: Node[0]
Node for team MEX already exists: Node[1]
Created relationship FRA->MEX with date=1966-07-13 and goalDifference=0: Relationship[550]
Created relationship MEX->FRA with date=1966-07-13 and goalDifference=0: Relationship[551]
Processing entry 276 of 4135
1966-07-13 ITA:CHL 2
Node for team ITA already exists: Node[21]
Node for team CHL already exists: Node[9]
Created relationship ITA->CHL with date=1966-07-13 and goalDifference=2: Relationship[552]
Created relationship CHL->ITA with date=1966-07-13 and goalDifference=2: Relationship[553]
Processing entry 277 of 4135
1966-07-13 PRT:HUN 2
Node for team PRT already exists: Node[38]
Node for team HUN already exists: Node[19]
Created relationship PRT->HUN with date=1966-07-13 and goalDifference=2: Relationship[554]
Created relationship HUN->PRT with date=1966-07-13 and goalDifference=2: Relationship[555]
Processing entry 278 of 4135
1966-07-15 CHL:PRK 0
Node for team CHL already exists: Node[9]
Node for team PRK already exists: Node[45]
Created relationship CHL->PRK with date=1966-07-15 and goalDifference=0: Relationship[556]
Created relationship PRK->CHL with date=1966-07-15 and goalDifference=0: Relationship[557]
Processing entry 279 of 4135
1966-07-15 ESP:CHE 1
Node for team ESP already exists: Node[18]
Node for team CHE already exists: Node[14]
Created relationship ESP->CHE with date=1966-07-15 and goalDifference=1: Relationship[558]
Created relationship CHE->ESP with date=1966-07-15 and goalDifference=1: Relationship[559]
Processing entry 280 of 4135
1966-07-15 HUN:BRA 2
Node for team HUN already exists: Node[19]
Node for team BRA already exists: Node[7]
Created relationship HUN->BRA with date=1966-07-15 and goalDifference=2: Relationship[560]
Created relationship BRA->HUN with date=1966-07-15 and goalDifference=2: Relationship[561]
Processing entry 281 of 4135
1966-07-15 PRK:CHL 0
Node for team PRK already exists: Node[45]
Node for team CHL already exists: Node[9]
Created relationship PRK->CHL with date=1966-07-15 and goalDifference=0: Relationship[562]
Created relationship CHL->PRK with date=1966-07-15 and goalDifference=0: Relationship[563]
Processing entry 282 of 4135
1966-07-15 URY:FRA 1
Node for team URY already exists: Node[12]
Node for team FRA already exists: Node[0]
Created relationship URY->FRA with date=1966-07-15 and goalDifference=1: Relationship[564]
Created relationship FRA->URY with date=1966-07-15 and goalDifference=1: Relationship[565]
Processing entry 283 of 4135
1966-07-16 ARG:DEU 0
Node for team ARG already exists: Node[8]
Node for team DEU already exists: Node[17]
Created relationship ARG->DEU with date=1966-07-16 and goalDifference=0: Relationship[566]
Created relationship DEU->ARG with date=1966-07-16 and goalDifference=0: Relationship[567]
Processing entry 284 of 4135
1966-07-16 DEU:ARG 0
Node for team DEU already exists: Node[17]
Node for team ARG already exists: Node[8]
Created relationship DEU->ARG with date=1966-07-16 and goalDifference=0: Relationship[568]
Created relationship ARG->DEU with date=1966-07-16 and goalDifference=0: Relationship[569]
Processing entry 285 of 4135
1966-07-16 ENG:MEX 2
Node for team ENG already exists: Node[27]
Node for team MEX already exists: Node[1]
Created relationship ENG->MEX with date=1966-07-16 and goalDifference=2: Relationship[570]
Created relationship MEX->ENG with date=1966-07-16 and goalDifference=2: Relationship[571]
Processing entry 286 of 4135
1966-07-16 PRT:BGR 3
Node for team PRT already exists: Node[38]
Node for team BGR already exists: Node[36]
Created relationship PRT->BGR with date=1966-07-16 and goalDifference=3: Relationship[572]
Created relationship BGR->PRT with date=1966-07-16 and goalDifference=3: Relationship[573]
Processing entry 287 of 4135
1966-07-16 SUN:ITA 1
Node for team SUN already exists: Node[33]
Node for team ITA already exists: Node[21]
Created relationship SUN->ITA with date=1966-07-16 and goalDifference=1: Relationship[574]
Created relationship ITA->SUN with date=1966-07-16 and goalDifference=1: Relationship[575]
Processing entry 288 of 4135
1966-07-19 ARG:CHE 2
Node for team ARG already exists: Node[8]
Node for team CHE already exists: Node[14]
Created relationship ARG->CHE with date=1966-07-19 and goalDifference=2: Relationship[576]
Created relationship CHE->ARG with date=1966-07-19 and goalDifference=2: Relationship[577]
Processing entry 289 of 4135
1966-07-19 MEX:URY 0
Node for team MEX already exists: Node[1]
Node for team URY already exists: Node[12]
Created relationship MEX->URY with date=1966-07-19 and goalDifference=0: Relationship[578]
Created relationship URY->MEX with date=1966-07-19 and goalDifference=0: Relationship[579]
Processing entry 290 of 4135
1966-07-19 PRK:ITA 1
Node for team PRK already exists: Node[45]
Node for team ITA already exists: Node[21]
Created relationship PRK->ITA with date=1966-07-19 and goalDifference=1: Relationship[580]
Created relationship ITA->PRK with date=1966-07-19 and goalDifference=1: Relationship[581]
Processing entry 291 of 4135
1966-07-19 PRT:BRA 2
Node for team PRT already exists: Node[38]
Node for team BRA already exists: Node[7]
Created relationship PRT->BRA with date=1966-07-19 and goalDifference=2: Relationship[582]
Created relationship BRA->PRT with date=1966-07-19 and goalDifference=2: Relationship[583]
Processing entry 292 of 4135
1966-07-19 URY:MEX 0
Node for team URY already exists: Node[12]
Node for team MEX already exists: Node[1]
Created relationship URY->MEX with date=1966-07-19 and goalDifference=0: Relationship[584]
Created relationship MEX->URY with date=1966-07-19 and goalDifference=0: Relationship[585]
Processing entry 293 of 4135
1966-07-20 DEU:ESP 1
Node for team DEU already exists: Node[17]
Node for team ESP already exists: Node[18]
Created relationship DEU->ESP with date=1966-07-20 and goalDifference=1: Relationship[586]
Created relationship ESP->DEU with date=1966-07-20 and goalDifference=1: Relationship[587]
Processing entry 294 of 4135
1966-07-20 ENG:FRA 2
Node for team ENG already exists: Node[27]
Node for team FRA already exists: Node[0]
Created relationship ENG->FRA with date=1966-07-20 and goalDifference=2: Relationship[588]
Created relationship FRA->ENG with date=1966-07-20 and goalDifference=2: Relationship[589]
Processing entry 295 of 4135
1966-07-20 HUN:BGR 2
Node for team HUN already exists: Node[19]
Node for team BGR already exists: Node[36]
Created relationship HUN->BGR with date=1966-07-20 and goalDifference=2: Relationship[590]
Created relationship BGR->HUN with date=1966-07-20 and goalDifference=2: Relationship[591]
Processing entry 296 of 4135
1966-07-20 SUN:CHL 1
Node for team SUN already exists: Node[33]
Node for team CHL already exists: Node[9]
Created relationship SUN->CHL with date=1966-07-20 and goalDifference=1: Relationship[592]
Created relationship CHL->SUN with date=1966-07-20 and goalDifference=1: Relationship[593]
Processing entry 297 of 4135
1966-07-23 DEU:URY 4
Node for team DEU already exists: Node[17]
Node for team URY already exists: Node[12]
Created relationship DEU->URY with date=1966-07-23 and goalDifference=4: Relationship[594]
Created relationship URY->DEU with date=1966-07-23 and goalDifference=4: Relationship[595]
Processing entry 298 of 4135
1966-07-23 ENG:ARG 1
Node for team ENG already exists: Node[27]
Node for team ARG already exists: Node[8]
Created relationship ENG->ARG with date=1966-07-23 and goalDifference=1: Relationship[596]
Created relationship ARG->ENG with date=1966-07-23 and goalDifference=1: Relationship[597]
Processing entry 299 of 4135
1966-07-23 PRT:PRK 2
Node for team PRT already exists: Node[38]
Node for team PRK already exists: Node[45]
Created relationship PRT->PRK with date=1966-07-23 and goalDifference=2: Relationship[598]
Created relationship PRK->PRT with date=1966-07-23 and goalDifference=2: Relationship[599]
Processing entry 300 of 4135
1966-07-23 SUN:HUN 1
Node for team SUN already exists: Node[33]
Node for team HUN already exists: Node[19]
Created relationship SUN->HUN with date=1966-07-23 and goalDifference=1: Relationship[600]
Created relationship HUN->SUN with date=1966-07-23 and goalDifference=1: Relationship[601]
Processing entry 301 of 4135
1966-07-25 DEU:SUN 1
Node for team DEU already exists: Node[17]
Node for team SUN already exists: Node[33]
Created relationship DEU->SUN with date=1966-07-25 and goalDifference=1: Relationship[602]
Created relationship SUN->DEU with date=1966-07-25 and goalDifference=1: Relationship[603]
Processing entry 302 of 4135
1966-07-26 ENG:PRT 1
Node for team ENG already exists: Node[27]
Node for team PRT already exists: Node[38]
Created relationship ENG->PRT with date=1966-07-26 and goalDifference=1: Relationship[604]
Created relationship PRT->ENG with date=1966-07-26 and goalDifference=1: Relationship[605]
Processing entry 303 of 4135
1966-07-28 PRT:SUN 1
Node for team PRT already exists: Node[38]
Node for team SUN already exists: Node[33]
Created relationship PRT->SUN with date=1966-07-28 and goalDifference=1: Relationship[606]
Created relationship SUN->PRT with date=1966-07-28 and goalDifference=1: Relationship[607]
Processing entry 304 of 4135
1966-07-30 ENG:DEU 2
Node for team ENG already exists: Node[27]
Node for team DEU already exists: Node[17]
Created relationship ENG->DEU with date=1966-07-30 and goalDifference=2: Relationship[608]
Created relationship DEU->ENG with date=1966-07-30 and goalDifference=2: Relationship[609]
Processing entry 305 of 4135
1966-09-07 NLD:HUN 0
Node for team NLD already exists: Node[15]
Node for team HUN already exists: Node[19]
Created relationship NLD->HUN with date=1966-09-07 and goalDifference=0: Relationship[610]
Created relationship HUN->NLD with date=1966-09-07 and goalDifference=0: Relationship[611]
Processing entry 306 of 4135
1966-09-21 HUN:DNK 6
Node for team HUN already exists: Node[19]
Node for team DNK already exists: Node[39]
Created relationship HUN->DNK with date=1966-09-21 and goalDifference=6: Relationship[612]
Created relationship DNK->HUN with date=1966-09-21 and goalDifference=6: Relationship[613]
Processing entry 307 of 4135
1966-10-02 FIN:AUT 0
Created new node for team FIN: Node[46]
Node for team AUT already exists: Node[13]
Created relationship FIN->AUT with date=1966-10-02 and goalDifference=0: Relationship[614]
Created relationship AUT->FIN with date=1966-10-02 and goalDifference=0: Relationship[615]
Processing entry 308 of 4135
1966-10-02 POL:LUX 4
Node for team POL already exists: Node[23]
Node for team LUX already exists: Node[44]
Created relationship POL->LUX with date=1966-10-02 and goalDifference=4: Relationship[616]
Created relationship LUX->POL with date=1966-10-02 and goalDifference=4: Relationship[617]
Processing entry 309 of 4135
1966-10-16 GRC:FIN 1
Node for team GRC already exists: Node[34]
Node for team FIN already exists: Node[46]
Created relationship GRC->FIN with date=1966-10-16 and goalDifference=1: Relationship[618]
Created relationship FIN->GRC with date=1966-10-16 and goalDifference=1: Relationship[619]
Processing entry 310 of 4135
1966-10-22 FRA:POL 1
Node for team FRA already exists: Node[0]
Node for team POL already exists: Node[23]
Created relationship FRA->POL with date=1966-10-22 and goalDifference=1: Relationship[620]
Created relationship POL->FRA with date=1966-10-22 and goalDifference=1: Relationship[621]
Processing entry 311 of 4135
1966-10-22 NIR:ENG -2
Node for team NIR already exists: Node[32]
Node for team ENG already exists: Node[27]
Created relationship NIR->ENG with date=1966-10-22 and goalDifference=-2: Relationship[622]
Created relationship ENG->NIR with date=1966-10-22 and goalDifference=-2: Relationship[623]
Processing entry 312 of 4135
1966-10-22 WAL:SCO 0
Node for team WAL already exists: Node[31]
Node for team SCO already exists: Node[28]
Created relationship WAL->SCO with date=1966-10-22 and goalDifference=0: Relationship[624]
Created relationship SCO->WAL with date=1966-10-22 and goalDifference=0: Relationship[625]
Processing entry 313 of 4135
1966-10-23 IRL:ESP 0
Node for team IRL already exists: Node[35]
Node for team ESP already exists: Node[18]
Created relationship IRL->ESP with date=1966-10-23 and goalDifference=0: Relationship[626]
Created relationship ESP->IRL with date=1966-10-23 and goalDifference=0: Relationship[627]
Processing entry 314 of 4135
1966-11-02 ROU:CHE 2
Node for team ROU already exists: Node[4]
Node for team CHE already exists: Node[14]
Created relationship ROU->CHE with date=1966-11-02 and goalDifference=2: Relationship[628]
Created relationship CHE->ROU with date=1966-11-02 and goalDifference=2: Relationship[629]
Processing entry 315 of 4135
1966-11-11 BEL:FRA 1
Node for team BEL already exists: Node[3]
Node for team FRA already exists: Node[0]
Created relationship BEL->FRA with date=1966-11-11 and goalDifference=1: Relationship[630]
Created relationship FRA->BEL with date=1966-11-11 and goalDifference=1: Relationship[631]
Processing entry 316 of 4135
1966-11-13 BGR:NOR 2
Node for team BGR already exists: Node[36]
Node for team NOR already exists: Node[26]
Created relationship BGR->NOR with date=1966-11-13 and goalDifference=2: Relationship[632]
Created relationship NOR->BGR with date=1966-11-13 and goalDifference=2: Relationship[633]
Processing entry 317 of 4135
1966-11-13 PRT:SWE -1
Node for team PRT already exists: Node[38]
Node for team SWE already exists: Node[22]
Created relationship PRT->SWE with date=1966-11-13 and goalDifference=-1: Relationship[634]
Created relationship SWE->PRT with date=1966-11-13 and goalDifference=-1: Relationship[635]
Processing entry 318 of 4135
1966-11-16 ENG:WAL 4
Node for team ENG already exists: Node[27]
Node for team WAL already exists: Node[31]
Created relationship ENG->WAL with date=1966-11-16 and goalDifference=4: Relationship[636]
Created relationship WAL->ENG with date=1966-11-16 and goalDifference=4: Relationship[637]
Processing entry 319 of 4135
1966-11-16 IRL:TUR 1
Node for team IRL already exists: Node[35]
Node for team TUR already exists: Node[29]
Created relationship IRL->TUR with date=1966-11-16 and goalDifference=1: Relationship[638]
Created relationship TUR->IRL with date=1966-11-16 and goalDifference=1: Relationship[639]
Processing entry 320 of 4135
1966-11-16 SCO:NIR 1
Node for team SCO already exists: Node[28]
Node for team NIR already exists: Node[32]
Created relationship SCO->NIR with date=1966-11-16 and goalDifference=1: Relationship[640]
Created relationship NIR->SCO with date=1966-11-16 and goalDifference=1: Relationship[641]
Processing entry 321 of 4135
1966-11-26 ITA:ROU 2
Node for team ITA already exists: Node[21]
Node for team ROU already exists: Node[4]
Created relationship ITA->ROU with date=1966-11-26 and goalDifference=2: Relationship[642]
Created relationship ROU->ITA with date=1966-11-26 and goalDifference=2: Relationship[643]
Processing entry 322 of 4135
1966-11-26 LUX:FRA -3
Node for team LUX already exists: Node[44]
Node for team FRA already exists: Node[0]
Created relationship LUX->FRA with date=1966-11-26 and goalDifference=-3: Relationship[644]
Created relationship FRA->LUX with date=1966-11-26 and goalDifference=-3: Relationship[645]
Processing entry 323 of 4135
1966-11-30 NLD:DNK 2
Node for team NLD already exists: Node[15]
Node for team DNK already exists: Node[39]
Created relationship NLD->DNK with date=1966-11-30 and goalDifference=2: Relationship[646]
Created relationship DNK->NLD with date=1966-11-30 and goalDifference=2: Relationship[647]
Processing entry 324 of 4135
1966-12-03 CYP:ROU -4
Created new node for team CYP: Node[47]
Node for team ROU already exists: Node[4]
Created relationship CYP->ROU with date=1966-12-03 and goalDifference=-4: Relationship[648]
Created relationship ROU->CYP with date=1966-12-03 and goalDifference=-4: Relationship[649]
Processing entry 325 of 4135
1966-12-07 ESP:IRL 2
Node for team ESP already exists: Node[18]
Node for team IRL already exists: Node[35]
Created relationship ESP->IRL with date=1966-12-07 and goalDifference=2: Relationship[650]
Created relationship IRL->ESP with date=1966-12-07 and goalDifference=2: Relationship[651]
Processing entry 326 of 4135
1967-02-01 TUR:ESP 0
Node for team TUR already exists: Node[29]
Node for team ESP already exists: Node[18]
Created relationship TUR->ESP with date=1967-02-01 and goalDifference=0: Relationship[652]
Created relationship ESP->TUR with date=1967-02-01 and goalDifference=0: Relationship[653]
Processing entry 327 of 4135
1967-02-22 TUR:IRL 1
Node for team TUR already exists: Node[29]
Node for team IRL already exists: Node[35]
Created relationship TUR->IRL with date=1967-02-22 and goalDifference=1: Relationship[654]
Created relationship IRL->TUR with date=1967-02-22 and goalDifference=1: Relationship[655]
Processing entry 328 of 4135
1967-03-19 LUX:BEL -5
Node for team LUX already exists: Node[44]
Node for team BEL already exists: Node[3]
Created relationship LUX->BEL with date=1967-03-19 and goalDifference=-5: Relationship[656]
Created relationship BEL->LUX with date=1967-03-19 and goalDifference=-5: Relationship[657]
Processing entry 329 of 4135
1967-03-22 CYP:ITA -2
Node for team CYP already exists: Node[47]
Node for team ITA already exists: Node[21]
Created relationship CYP->ITA with date=1967-03-22 and goalDifference=-2: Relationship[658]
Created relationship ITA->CYP with date=1967-03-22 and goalDifference=-2: Relationship[659]
Processing entry 330 of 4135
1967-04-05 DDR:NLD 1
Node for team DDR already exists: Node[37]
Node for team NLD already exists: Node[15]
Created relationship DDR->NLD with date=1967-04-05 and goalDifference=1: Relationship[660]
Created relationship NLD->DDR with date=1967-04-05 and goalDifference=1: Relationship[661]
Processing entry 331 of 4135
1967-04-09 DEU:ALB 6
Node for team DEU already exists: Node[17]
Node for team ALB already exists: Node[41]
Created relationship DEU->ALB with date=1967-04-09 and goalDifference=6: Relationship[662]
Created relationship ALB->DEU with date=1967-04-09 and goalDifference=6: Relationship[663]
Processing entry 332 of 4135
1967-04-12 NIR:WAL 0
Node for team NIR already exists: Node[32]
Node for team WAL already exists: Node[31]
Created relationship NIR->WAL with date=1967-04-12 and goalDifference=0: Relationship[664]
Created relationship WAL->NIR with date=1967-04-12 and goalDifference=0: Relationship[665]
Processing entry 333 of 4135
1967-04-15 ENG:SCO -1
Node for team ENG already exists: Node[27]
Node for team SCO already exists: Node[28]
Created relationship ENG->SCO with date=1967-04-15 and goalDifference=-1: Relationship[666]
Created relationship SCO->ENG with date=1967-04-15 and goalDifference=-1: Relationship[667]
Processing entry 334 of 4135
1967-04-16 LUX:POL 0
Node for team LUX already exists: Node[44]
Node for team POL already exists: Node[23]
Created relationship LUX->POL with date=1967-04-16 and goalDifference=0: Relationship[668]
Created relationship POL->LUX with date=1967-04-16 and goalDifference=0: Relationship[669]
Processing entry 335 of 4135
1967-04-23 ROU:CYP 7
Node for team ROU already exists: Node[4]
Node for team CYP already exists: Node[47]
Created relationship ROU->CYP with date=1967-04-23 and goalDifference=7: Relationship[670]
Created relationship CYP->ROU with date=1967-04-23 and goalDifference=7: Relationship[671]
Processing entry 336 of 4135
1967-05-03 YUG:DEU 1
Node for team YUG already exists: Node[6]
Node for team DEU already exists: Node[17]
Created relationship YUG->DEU with date=1967-05-03 and goalDifference=1: Relationship[672]
Created relationship DEU->YUG with date=1967-05-03 and goalDifference=1: Relationship[673]
Processing entry 337 of 4135
1967-05-10 FIN:GRC 0
Node for team FIN already exists: Node[46]
Node for team GRC already exists: Node[34]
Created relationship FIN->GRC with date=1967-05-10 and goalDifference=0: Relationship[674]
Created relationship GRC->FIN with date=1967-05-10 and goalDifference=0: Relationship[675]
Processing entry 338 of 4135
1967-05-10 HUN:NLD 1
Node for team HUN already exists: Node[19]
Node for team NLD already exists: Node[15]
Created relationship HUN->NLD with date=1967-05-10 and goalDifference=1: Relationship[676]
Created relationship NLD->HUN with date=1967-05-10 and goalDifference=1: Relationship[677]
Processing entry 339 of 4135
1967-05-14 ALB:YUG -2
Node for team ALB already exists: Node[41]
Node for team YUG already exists: Node[6]
Created relationship ALB->YUG with date=1967-05-14 and goalDifference=-2: Relationship[678]
Created relationship YUG->ALB with date=1967-05-14 and goalDifference=-2: Relationship[679]
Processing entry 340 of 4135
1967-05-21 IRL:CSK -2
Node for team IRL already exists: Node[35]
Node for team CSK already exists: Node[16]
Created relationship IRL->CSK with date=1967-05-21 and goalDifference=-2: Relationship[680]
Created relationship CSK->IRL with date=1967-05-21 and goalDifference=-2: Relationship[681]
Processing entry 341 of 4135
1967-05-21 POL:BEL 2
Node for team POL already exists: Node[23]
Node for team BEL already exists: Node[3]
Created relationship POL->BEL with date=1967-05-21 and goalDifference=2: Relationship[682]
Created relationship BEL->POL with date=1967-05-21 and goalDifference=2: Relationship[683]
Processing entry 342 of 4135
1967-05-24 CHE:ROU 6
Node for team CHE already exists: Node[14]
Node for team ROU already exists: Node[4]
Created relationship CHE->ROU with date=1967-05-24 and goalDifference=6: Relationship[684]
Created relationship ROU->CHE with date=1967-05-24 and goalDifference=6: Relationship[685]
Processing entry 343 of 4135
1967-05-24 DNK:HUN -2
Node for team DNK already exists: Node[39]
Node for team HUN already exists: Node[19]
Created relationship DNK->HUN with date=1967-05-24 and goalDifference=-2: Relationship[686]
Created relationship HUN->DNK with date=1967-05-24 and goalDifference=-2: Relationship[687]
Processing entry 344 of 4135
1967-05-31 ESP:TUR 2
Node for team ESP already exists: Node[18]
Node for team TUR already exists: Node[29]
Created relationship ESP->TUR with date=1967-05-31 and goalDifference=2: Relationship[688]
Created relationship TUR->ESP with date=1967-05-31 and goalDifference=2: Relationship[689]
Processing entry 345 of 4135
1967-06-01 SWE:PRT 0
Node for team SWE already exists: Node[22]
Node for team PRT already exists: Node[38]
Created relationship SWE->PRT with date=1967-06-01 and goalDifference=0: Relationship[690]
Created relationship PRT->SWE with date=1967-06-01 and goalDifference=0: Relationship[691]
Processing entry 346 of 4135
1967-06-04 DNK:DDR 0
Node for team DNK already exists: Node[39]
Node for team DDR already exists: Node[37]
Created relationship DNK->DDR with date=1967-06-04 and goalDifference=0: Relationship[692]
Created relationship DDR->DNK with date=1967-06-04 and goalDifference=0: Relationship[693]
Processing entry 347 of 4135
1967-06-08 NOR:PRT -1
Node for team NOR already exists: Node[26]
Node for team PRT already exists: Node[38]
Created relationship NOR->PRT with date=1967-06-08 and goalDifference=-1: Relationship[694]
Created relationship PRT->NOR with date=1967-06-08 and goalDifference=-1: Relationship[695]
Processing entry 348 of 4135
1967-06-11 SUN:AUT 1
Node for team SUN already exists: Node[33]
Node for team AUT already exists: Node[13]
Created relationship SUN->AUT with date=1967-06-11 and goalDifference=1: Relationship[696]
Created relationship AUT->SUN with date=1967-06-11 and goalDifference=1: Relationship[697]
Processing entry 349 of 4135
1967-06-11 SWE:BGR -2
Node for team SWE already exists: Node[22]
Node for team BGR already exists: Node[36]
Created relationship SWE->BGR with date=1967-06-11 and goalDifference=-2: Relationship[698]
Created relationship BGR->SWE with date=1967-06-11 and goalDifference=-2: Relationship[699]
Processing entry 350 of 4135
1967-06-18 CSK:TUR 3
Node for team CSK already exists: Node[16]
Node for team TUR already exists: Node[29]
Created relationship CSK->TUR with date=1967-06-18 and goalDifference=3: Relationship[700]
Created relationship TUR->CSK with date=1967-06-18 and goalDifference=3: Relationship[701]
Processing entry 351 of 4135
1967-06-25 ROU:ITA -1
Node for team ROU already exists: Node[4]
Node for team ITA already exists: Node[21]
Created relationship ROU->ITA with date=1967-06-25 and goalDifference=-1: Relationship[702]
Created relationship ITA->ROU with date=1967-06-25 and goalDifference=-1: Relationship[703]
Processing entry 352 of 4135
1967-06-29 NOR:BGR 0
Node for team NOR already exists: Node[26]
Node for team BGR already exists: Node[36]
Created relationship NOR->BGR with date=1967-06-29 and goalDifference=0: Relationship[704]
Created relationship BGR->NOR with date=1967-06-29 and goalDifference=0: Relationship[705]
Processing entry 353 of 4135
1967-07-16 SUN:GRC 4
Node for team SUN already exists: Node[33]
Node for team GRC already exists: Node[34]
Created relationship SUN->GRC with date=1967-07-16 and goalDifference=4: Relationship[706]
Created relationship GRC->SUN with date=1967-07-16 and goalDifference=4: Relationship[707]
Processing entry 354 of 4135
1967-08-30 SUN:FIN 2
Node for team SUN already exists: Node[33]
Node for team FIN already exists: Node[46]
Created relationship SUN->FIN with date=1967-08-30 and goalDifference=2: Relationship[708]
Created relationship FIN->SUN with date=1967-08-30 and goalDifference=2: Relationship[709]
Processing entry 355 of 4135
1967-09-03 NOR:SWE 2
Node for team NOR already exists: Node[26]
Node for team SWE already exists: Node[22]
Created relationship NOR->SWE with date=1967-09-03 and goalDifference=2: Relationship[710]
Created relationship SWE->NOR with date=1967-09-03 and goalDifference=2: Relationship[711]
Processing entry 356 of 4135
1967-09-06 FIN:SUN -3
Node for team FIN already exists: Node[46]
Node for team SUN already exists: Node[33]
Created relationship FIN->SUN with date=1967-09-06 and goalDifference=-3: Relationship[712]
Created relationship SUN->FIN with date=1967-09-06 and goalDifference=-3: Relationship[713]
Processing entry 357 of 4135
1967-09-13 NLD:DDR 1
Node for team NLD already exists: Node[15]
Node for team DDR already exists: Node[37]
Created relationship NLD->DDR with date=1967-09-13 and goalDifference=1: Relationship[714]
Created relationship DDR->NLD with date=1967-09-13 and goalDifference=1: Relationship[715]
Processing entry 358 of 4135
1967-09-17 POL:FRA -3
Node for team POL already exists: Node[23]
Node for team FRA already exists: Node[0]
Created relationship POL->FRA with date=1967-09-17 and goalDifference=-3: Relationship[716]
Created relationship FRA->POL with date=1967-09-17 and goalDifference=-3: Relationship[717]
Processing entry 359 of 4135
1967-09-24 AUT:FIN 1
Node for team AUT already exists: Node[13]
Node for team FIN already exists: Node[46]
Created relationship AUT->FIN with date=1967-09-24 and goalDifference=1: Relationship[718]
Created relationship FIN->AUT with date=1967-09-24 and goalDifference=1: Relationship[719]
Processing entry 360 of 4135
1967-09-27 HUN:DDR 2
Node for team HUN already exists: Node[19]
Node for team DDR already exists: Node[37]
Created relationship HUN->DDR with date=1967-09-27 and goalDifference=2: Relationship[720]
Created relationship DDR->HUN with date=1967-09-27 and goalDifference=2: Relationship[721]
Processing entry 361 of 4135
1967-10-01 CSK:ESP 1
Node for team CSK already exists: Node[16]
Node for team ESP already exists: Node[18]
Created relationship CSK->ESP with date=1967-10-01 and goalDifference=1: Relationship[722]
Created relationship ESP->CSK with date=1967-10-01 and goalDifference=1: Relationship[723]
Processing entry 362 of 4135
1967-10-04 DNK:NLD 1
Node for team DNK already exists: Node[39]
Node for team NLD already exists: Node[15]
Created relationship DNK->NLD with date=1967-10-04 and goalDifference=1: Relationship[724]
Created relationship NLD->DNK with date=1967-10-04 and goalDifference=1: Relationship[725]
Processing entry 363 of 4135
1967-10-04 GRC:AUT 3
Node for team GRC already exists: Node[34]
Node for team AUT already exists: Node[13]
Created relationship GRC->AUT with date=1967-10-04 and goalDifference=3: Relationship[726]
Created relationship AUT->GRC with date=1967-10-04 and goalDifference=3: Relationship[727]
Processing entry 364 of 4135
1967-10-07 DEU:YUG 2
Node for team DEU already exists: Node[17]
Node for team YUG already exists: Node[6]
Created relationship DEU->YUG with date=1967-10-07 and goalDifference=2: Relationship[728]
Created relationship YUG->DEU with date=1967-10-07 and goalDifference=2: Relationship[729]
Processing entry 365 of 4135
1967-10-08 BEL:POL -2
Node for team BEL already exists: Node[3]
Node for team POL already exists: Node[23]
Created relationship BEL->POL with date=1967-10-08 and goalDifference=-2: Relationship[730]
Created relationship POL->BEL with date=1967-10-08 and goalDifference=-2: Relationship[731]
Processing entry 366 of 4135
1967-10-11 DDR:DNK 1
Node for team DDR already exists: Node[37]
Node for team DNK already exists: Node[39]
Created relationship DDR->DNK with date=1967-10-11 and goalDifference=1: Relationship[732]
Created relationship DNK->DDR with date=1967-10-11 and goalDifference=1: Relationship[733]
Processing entry 367 of 4135
1967-10-15 AUT:SUN 1
Node for team AUT already exists: Node[13]
Node for team SUN already exists: Node[33]
Created relationship AUT->SUN with date=1967-10-15 and goalDifference=1: Relationship[734]
Created relationship SUN->AUT with date=1967-10-15 and goalDifference=1: Relationship[735]
Processing entry 368 of 4135
1967-10-21 NIR:SCO 1
Node for team NIR already exists: Node[32]
Node for team SCO already exists: Node[28]
Created relationship NIR->SCO with date=1967-10-21 and goalDifference=1: Relationship[736]
Created relationship SCO->NIR with date=1967-10-21 and goalDifference=1: Relationship[737]
Processing entry 369 of 4135
1967-10-21 WAL:ENG -3
Node for team WAL already exists: Node[31]
Node for team ENG already exists: Node[27]
Created relationship WAL->ENG with date=1967-10-21 and goalDifference=-3: Relationship[738]
Created relationship ENG->WAL with date=1967-10-21 and goalDifference=-3: Relationship[739]
Processing entry 370 of 4135
1967-10-22 ESP:CSK 1
Node for team ESP already exists: Node[18]
Node for team CSK already exists: Node[16]
Created relationship ESP->CSK with date=1967-10-22 and goalDifference=1: Relationship[740]
Created relationship CSK->ESP with date=1967-10-22 and goalDifference=1: Relationship[741]
Processing entry 371 of 4135
1967-10-28 FRA:BEL 0
Node for team FRA already exists: Node[0]
Node for team BEL already exists: Node[3]
Created relationship FRA->BEL with date=1967-10-28 and goalDifference=0: Relationship[742]
Created relationship BEL->FRA with date=1967-10-28 and goalDifference=0: Relationship[743]
Processing entry 372 of 4135
1967-10-29 DDR:HUN 1
Node for team DDR already exists: Node[37]
Node for team HUN already exists: Node[19]
Created relationship DDR->HUN with date=1967-10-29 and goalDifference=1: Relationship[744]
Created relationship HUN->DDR with date=1967-10-29 and goalDifference=1: Relationship[745]
Processing entry 373 of 4135
1967-10-31 GRC:SUN -1
Node for team GRC already exists: Node[34]
Node for team SUN already exists: Node[33]
Created relationship GRC->SUN with date=1967-10-31 and goalDifference=-1: Relationship[746]
Created relationship SUN->GRC with date=1967-10-31 and goalDifference=-1: Relationship[747]
Processing entry 374 of 4135
1967-11-01 ITA:CYP 5
Node for team ITA already exists: Node[21]
Node for team CYP already exists: Node[47]
Created relationship ITA->CYP with date=1967-11-01 and goalDifference=5: Relationship[748]
Created relationship CYP->ITA with date=1967-11-01 and goalDifference=5: Relationship[749]
Processing entry 375 of 4135
1967-11-05 AUT:GRC 0
Node for team AUT already exists: Node[13]
Node for team GRC already exists: Node[34]
Created relationship AUT->GRC with date=1967-11-05 and goalDifference=0: Relationship[750]
Created relationship GRC->AUT with date=1967-11-05 and goalDifference=0: Relationship[751]
Processing entry 376 of 4135
1967-11-05 SWE:NOR 3
Node for team SWE already exists: Node[22]
Node for team NOR already exists: Node[26]
Created relationship SWE->NOR with date=1967-11-05 and goalDifference=3: Relationship[752]
Created relationship NOR->SWE with date=1967-11-05 and goalDifference=3: Relationship[753]
Processing entry 377 of 4135
1967-11-08 CHE:CYP 5
Node for team CHE already exists: Node[14]
Node for team CYP already exists: Node[47]
Created relationship CHE->CYP with date=1967-11-08 and goalDifference=5: Relationship[754]
Created relationship CYP->CHE with date=1967-11-08 and goalDifference=5: Relationship[755]
Processing entry 378 of 4135
1967-11-12 BGR:SWE 3
Node for team BGR already exists: Node[36]
Node for team SWE already exists: Node[22]
Created relationship BGR->SWE with date=1967-11-12 and goalDifference=3: Relationship[756]
Created relationship SWE->BGR with date=1967-11-12 and goalDifference=3: Relationship[757]
Processing entry 379 of 4135
1967-11-12 PRT:NOR 1
Node for team PRT already exists: Node[38]
Node for team NOR already exists: Node[26]
Created relationship PRT->NOR with date=1967-11-12 and goalDifference=1: Relationship[758]
Created relationship NOR->PRT with date=1967-11-12 and goalDifference=1: Relationship[759]
Processing entry 380 of 4135
1967-11-12 YUG:ALB 4
Node for team YUG already exists: Node[6]
Node for team ALB already exists: Node[41]
Created relationship YUG->ALB with date=1967-11-12 and goalDifference=4: Relationship[760]
Created relationship ALB->YUG with date=1967-11-12 and goalDifference=4: Relationship[761]
Processing entry 381 of 4135
1967-11-15 TUR:CSK 0
Node for team TUR already exists: Node[29]
Node for team CSK already exists: Node[16]
Created relationship TUR->CSK with date=1967-11-15 and goalDifference=0: Relationship[762]
Created relationship CSK->TUR with date=1967-11-15 and goalDifference=0: Relationship[763]
Processing entry 382 of 4135
1967-11-18 CHE:ITA 0
Node for team CHE already exists: Node[14]
Node for team ITA already exists: Node[21]
Created relationship CHE->ITA with date=1967-11-18 and goalDifference=0: Relationship[764]
Created relationship ITA->CHE with date=1967-11-18 and goalDifference=0: Relationship[765]
Processing entry 383 of 4135
1967-11-22 BEL:LUX 3
Node for team BEL already exists: Node[3]
Node for team LUX already exists: Node[44]
Created relationship BEL->LUX with date=1967-11-22 and goalDifference=3: Relationship[766]
Created relationship LUX->BEL with date=1967-11-22 and goalDifference=3: Relationship[767]
Processing entry 384 of 4135
1967-11-22 CSK:IRL -1
Node for team CSK already exists: Node[16]
Node for team IRL already exists: Node[35]
Created relationship CSK->IRL with date=1967-11-22 and goalDifference=-1: Relationship[768]
Created relationship IRL->CSK with date=1967-11-22 and goalDifference=-1: Relationship[769]
Processing entry 385 of 4135
1967-11-22 ENG:NIR 2
Node for team ENG already exists: Node[27]
Node for team NIR already exists: Node[32]
Created relationship ENG->NIR with date=1967-11-22 and goalDifference=2: Relationship[770]
Created relationship NIR->ENG with date=1967-11-22 and goalDifference=2: Relationship[771]
Processing entry 386 of 4135
1967-11-22 SCO:WAL 1
Node for team SCO already exists: Node[28]
Node for team WAL already exists: Node[31]
Created relationship SCO->WAL with date=1967-11-22 and goalDifference=1: Relationship[772]
Created relationship WAL->SCO with date=1967-11-22 and goalDifference=1: Relationship[773]
Processing entry 387 of 4135
1967-11-26 BGR:PRT 1
Node for team BGR already exists: Node[36]
Node for team PRT already exists: Node[38]
Created relationship BGR->PRT with date=1967-11-26 and goalDifference=1: Relationship[774]
Created relationship PRT->BGR with date=1967-11-26 and goalDifference=1: Relationship[775]
Processing entry 388 of 4135
1967-12-17 ALB:DEU 0
Node for team ALB already exists: Node[41]
Node for team DEU already exists: Node[17]
Created relationship ALB->DEU with date=1967-12-17 and goalDifference=0: Relationship[776]
Created relationship DEU->ALB with date=1967-12-17 and goalDifference=0: Relationship[777]
Processing entry 389 of 4135
1967-12-17 PRT:BGR 0
Node for team PRT already exists: Node[38]
Node for team BGR already exists: Node[36]
Created relationship PRT->BGR with date=1967-12-17 and goalDifference=0: Relationship[778]
Created relationship BGR->PRT with date=1967-12-17 and goalDifference=0: Relationship[779]
Processing entry 390 of 4135
1967-12-23 FRA:LUX 2
Node for team FRA already exists: Node[0]
Node for team LUX already exists: Node[44]
Created relationship FRA->LUX with date=1967-12-23 and goalDifference=2: Relationship[780]
Created relationship LUX->FRA with date=1967-12-23 and goalDifference=2: Relationship[781]
Processing entry 391 of 4135
1967-12-23 ITA:CHE 4
Node for team ITA already exists: Node[21]
Node for team CHE already exists: Node[14]
Created relationship ITA->CHE with date=1967-12-23 and goalDifference=4: Relationship[782]
Created relationship CHE->ITA with date=1967-12-23 and goalDifference=4: Relationship[783]
Processing entry 392 of 4135
1968-02-17 CYP:CHE 1
Node for team CYP already exists: Node[47]
Node for team CHE already exists: Node[14]
Created relationship CYP->CHE with date=1968-02-17 and goalDifference=1: Relationship[784]
Created relationship CHE->CYP with date=1968-02-17 and goalDifference=1: Relationship[785]
Processing entry 393 of 4135
1968-02-24 SCO:ENG 0
Node for team SCO already exists: Node[28]
Node for team ENG already exists: Node[27]
Created relationship SCO->ENG with date=1968-02-24 and goalDifference=0: Relationship[786]
Created relationship ENG->SCO with date=1968-02-24 and goalDifference=0: Relationship[787]
Processing entry 394 of 4135
1968-02-28 WAL:NIR 2
Node for team WAL already exists: Node[31]
Node for team NIR already exists: Node[32]
Created relationship WAL->NIR with date=1968-02-28 and goalDifference=2: Relationship[788]
Created relationship NIR->WAL with date=1968-02-28 and goalDifference=2: Relationship[789]
Processing entry 395 of 4135
1968-04-03 ENG:ESP 1
Node for team ENG already exists: Node[27]
Node for team ESP already exists: Node[18]
Created relationship ENG->ESP with date=1968-04-03 and goalDifference=1: Relationship[790]
Created relationship ESP->ENG with date=1968-04-03 and goalDifference=1: Relationship[791]
Processing entry 396 of 4135
1968-04-06 BGR:ITA 1
Node for team BGR already exists: Node[36]
Node for team ITA already exists: Node[21]
Created relationship BGR->ITA with date=1968-04-06 and goalDifference=1: Relationship[792]
Created relationship ITA->BGR with date=1968-04-06 and goalDifference=1: Relationship[793]
Processing entry 397 of 4135
1968-04-06 FRA:YUG 0
Node for team FRA already exists: Node[0]
Node for team YUG already exists: Node[6]
Created relationship FRA->YUG with date=1968-04-06 and goalDifference=0: Relationship[794]
Created relationship YUG->FRA with date=1968-04-06 and goalDifference=0: Relationship[795]
Processing entry 398 of 4135
1968-04-20 ITA:BGR 2
Node for team ITA already exists: Node[21]
Node for team BGR already exists: Node[36]
Created relationship ITA->BGR with date=1968-04-20 and goalDifference=2: Relationship[796]
Created relationship BGR->ITA with date=1968-04-20 and goalDifference=2: Relationship[797]
Processing entry 399 of 4135
1968-04-24 YUG:FRA 4
Node for team YUG already exists: Node[6]
Node for team FRA already exists: Node[0]
Created relationship YUG->FRA with date=1968-04-24 and goalDifference=4: Relationship[798]
Created relationship FRA->YUG with date=1968-04-24 and goalDifference=4: Relationship[799]
Processing entry 400 of 4135
1968-05-04 HUN:SUN 2
Node for team HUN already exists: Node[19]
Node for team SUN already exists: Node[33]
Created relationship HUN->SUN with date=1968-05-04 and goalDifference=2: Relationship[800]
Created relationship SUN->HUN with date=1968-05-04 and goalDifference=2: Relationship[801]
Processing entry 401 of 4135
1968-05-08 ESP:ENG -1
Node for team ESP already exists: Node[18]
Node for team ENG already exists: Node[27]
Created relationship ESP->ENG with date=1968-05-08 and goalDifference=-1: Relationship[802]
Created relationship ENG->ESP with date=1968-05-08 and goalDifference=-1: Relationship[803]
Processing entry 402 of 4135
1968-05-11 SUN:HUN 3
Node for team SUN already exists: Node[33]
Node for team HUN already exists: Node[19]
Created relationship SUN->HUN with date=1968-05-11 and goalDifference=3: Relationship[804]
Created relationship HUN->SUN with date=1968-05-11 and goalDifference=3: Relationship[805]
Processing entry 403 of 4135
1968-06-05 ITA:SUN 0
Node for team ITA already exists: Node[21]
Node for team SUN already exists: Node[33]
Created relationship ITA->SUN with date=1968-06-05 and goalDifference=0: Relationship[806]
Created relationship SUN->ITA with date=1968-06-05 and goalDifference=0: Relationship[807]
Processing entry 404 of 4135
1968-06-05 YUG:ENG 1
Node for team YUG already exists: Node[6]
Node for team ENG already exists: Node[27]
Created relationship YUG->ENG with date=1968-06-05 and goalDifference=1: Relationship[808]
Created relationship ENG->YUG with date=1968-06-05 and goalDifference=1: Relationship[809]
Processing entry 405 of 4135
1968-06-08 ENG:SUN 2
Node for team ENG already exists: Node[27]
Node for team SUN already exists: Node[33]
Created relationship ENG->SUN with date=1968-06-08 and goalDifference=2: Relationship[810]
Created relationship SUN->ENG with date=1968-06-08 and goalDifference=2: Relationship[811]
Processing entry 406 of 4135
1968-06-08 ITA:YUG 0
Node for team ITA already exists: Node[21]
Node for team YUG already exists: Node[6]
Created relationship ITA->YUG with date=1968-06-08 and goalDifference=0: Relationship[812]
Created relationship YUG->ITA with date=1968-06-08 and goalDifference=0: Relationship[813]
Processing entry 407 of 4135
1968-06-10 ITA:YUG 2
Node for team ITA already exists: Node[21]
Node for team YUG already exists: Node[6]
Created relationship ITA->YUG with date=1968-06-10 and goalDifference=2: Relationship[814]
Created relationship YUG->ITA with date=1968-06-10 and goalDifference=2: Relationship[815]
Processing entry 408 of 4135
1970-05-31 MEX:SUN 0
Node for team MEX already exists: Node[1]
Node for team SUN already exists: Node[33]
Created relationship MEX->SUN with date=1970-05-31 and goalDifference=0: Relationship[816]
Created relationship SUN->MEX with date=1970-05-31 and goalDifference=0: Relationship[817]
Processing entry 409 of 4135
1970-06-02 ENG:ROU 1
Node for team ENG already exists: Node[27]
Node for team ROU already exists: Node[4]
Created relationship ENG->ROU with date=1970-06-02 and goalDifference=1: Relationship[818]
Created relationship ROU->ENG with date=1970-06-02 and goalDifference=1: Relationship[819]
Processing entry 410 of 4135
1970-06-02 PER:BGR 1
Node for team PER already exists: Node[5]
Node for team BGR already exists: Node[36]
Created relationship PER->BGR with date=1970-06-02 and goalDifference=1: Relationship[820]
Created relationship BGR->PER with date=1970-06-02 and goalDifference=1: Relationship[821]
Processing entry 411 of 4135
1970-06-02 URY:ISR 2
Node for team URY already exists: Node[12]
Created new node for team ISR: Node[48]
Created relationship URY->ISR with date=1970-06-02 and goalDifference=2: Relationship[822]
Created relationship ISR->URY with date=1970-06-02 and goalDifference=2: Relationship[823]
Processing entry 412 of 4135
1970-06-03 BEL:SLV 3
Node for team BEL already exists: Node[3]
Created new node for team SLV: Node[49]
Created relationship BEL->SLV with date=1970-06-03 and goalDifference=3: Relationship[824]
Created relationship SLV->BEL with date=1970-06-03 and goalDifference=3: Relationship[825]
Processing entry 413 of 4135
1970-06-03 BRA:CSK 3
Node for team BRA already exists: Node[7]
Node for team CSK already exists: Node[16]
Created relationship BRA->CSK with date=1970-06-03 and goalDifference=3: Relationship[826]
Created relationship CSK->BRA with date=1970-06-03 and goalDifference=3: Relationship[827]
Processing entry 414 of 4135
1970-06-03 DEU:MAR 1
Node for team DEU already exists: Node[17]
Created new node for team MAR: Node[50]
Created relationship DEU->MAR with date=1970-06-03 and goalDifference=1: Relationship[828]
Created relationship MAR->DEU with date=1970-06-03 and goalDifference=1: Relationship[829]
Processing entry 415 of 4135
1970-06-03 ITA:SWE 1
Node for team ITA already exists: Node[21]
Node for team SWE already exists: Node[22]
Created relationship ITA->SWE with date=1970-06-03 and goalDifference=1: Relationship[830]
Created relationship SWE->ITA with date=1970-06-03 and goalDifference=1: Relationship[831]
Processing entry 416 of 4135
1970-06-06 PER:MAR 3
Node for team PER already exists: Node[5]
Node for team MAR already exists: Node[50]
Created relationship PER->MAR with date=1970-06-06 and goalDifference=3: Relationship[832]
Created relationship MAR->PER with date=1970-06-06 and goalDifference=3: Relationship[833]
Processing entry 417 of 4135
1970-06-06 ROU:CSK 1
Node for team ROU already exists: Node[4]
Node for team CSK already exists: Node[16]
Created relationship ROU->CSK with date=1970-06-06 and goalDifference=1: Relationship[834]
Created relationship CSK->ROU with date=1970-06-06 and goalDifference=1: Relationship[835]
Processing entry 418 of 4135
1970-06-06 SUN:BEL 3
Node for team SUN already exists: Node[33]
Node for team BEL already exists: Node[3]
Created relationship SUN->BEL with date=1970-06-06 and goalDifference=3: Relationship[836]
Created relationship BEL->SUN with date=1970-06-06 and goalDifference=3: Relationship[837]
Processing entry 419 of 4135
1970-06-06 URY:ITA 0
Node for team URY already exists: Node[12]
Node for team ITA already exists: Node[21]
Created relationship URY->ITA with date=1970-06-06 and goalDifference=0: Relationship[838]
Created relationship ITA->URY with date=1970-06-06 and goalDifference=0: Relationship[839]
Processing entry 420 of 4135
1970-06-07 BRA:ENG 1
Node for team BRA already exists: Node[7]
Node for team ENG already exists: Node[27]
Created relationship BRA->ENG with date=1970-06-07 and goalDifference=1: Relationship[840]
Created relationship ENG->BRA with date=1970-06-07 and goalDifference=1: Relationship[841]
Processing entry 421 of 4135
1970-06-07 DEU:BGR 3
Node for team DEU already exists: Node[17]
Node for team BGR already exists: Node[36]
Created relationship DEU->BGR with date=1970-06-07 and goalDifference=3: Relationship[842]
Created relationship BGR->DEU with date=1970-06-07 and goalDifference=3: Relationship[843]
Processing entry 422 of 4135
1970-06-07 ISR:SWE 0
Node for team ISR already exists: Node[48]
Node for team SWE already exists: Node[22]
Created relationship ISR->SWE with date=1970-06-07 and goalDifference=0: Relationship[844]
Created relationship SWE->ISR with date=1970-06-07 and goalDifference=0: Relationship[845]
Processing entry 423 of 4135
1970-06-07 MEX:SLV 4
Node for team MEX already exists: Node[1]
Node for team SLV already exists: Node[49]
Created relationship MEX->SLV with date=1970-06-07 and goalDifference=4: Relationship[846]
Created relationship SLV->MEX with date=1970-06-07 and goalDifference=4: Relationship[847]
Processing entry 424 of 4135
1970-06-07 SWE:ISR 0
Node for team SWE already exists: Node[22]
Node for team ISR already exists: Node[48]
Created relationship SWE->ISR with date=1970-06-07 and goalDifference=0: Relationship[848]
Created relationship ISR->SWE with date=1970-06-07 and goalDifference=0: Relationship[849]
Processing entry 425 of 4135
1970-06-10 BRA:ROU 1
Node for team BRA already exists: Node[7]
Node for team ROU already exists: Node[4]
Created relationship BRA->ROU with date=1970-06-10 and goalDifference=1: Relationship[850]
Created relationship ROU->BRA with date=1970-06-10 and goalDifference=1: Relationship[851]
Processing entry 426 of 4135
1970-06-10 DEU:PER 2
Node for team DEU already exists: Node[17]
Node for team PER already exists: Node[5]
Created relationship DEU->PER with date=1970-06-10 and goalDifference=2: Relationship[852]
Created relationship PER->DEU with date=1970-06-10 and goalDifference=2: Relationship[853]
Processing entry 427 of 4135
1970-06-10 SUN:SLV 2
Node for team SUN already exists: Node[33]
Node for team SLV already exists: Node[49]
Created relationship SUN->SLV with date=1970-06-10 and goalDifference=2: Relationship[854]
Created relationship SLV->SUN with date=1970-06-10 and goalDifference=2: Relationship[855]
Processing entry 428 of 4135
1970-06-10 SWE:URY 1
Node for team SWE already exists: Node[22]
Node for team URY already exists: Node[12]
Created relationship SWE->URY with date=1970-06-10 and goalDifference=1: Relationship[856]
Created relationship URY->SWE with date=1970-06-10 and goalDifference=1: Relationship[857]
Processing entry 429 of 4135
1970-06-11 BGR:MAR 0
Node for team BGR already exists: Node[36]
Node for team MAR already exists: Node[50]
Created relationship BGR->MAR with date=1970-06-11 and goalDifference=0: Relationship[858]
Created relationship MAR->BGR with date=1970-06-11 and goalDifference=0: Relationship[859]
Processing entry 430 of 4135
1970-06-11 ENG:CSK 1
Node for team ENG already exists: Node[27]
Node for team CSK already exists: Node[16]
Created relationship ENG->CSK with date=1970-06-11 and goalDifference=1: Relationship[860]
Created relationship CSK->ENG with date=1970-06-11 and goalDifference=1: Relationship[861]
Processing entry 431 of 4135
1970-06-11 ITA:ISR 0
Node for team ITA already exists: Node[21]
Node for team ISR already exists: Node[48]
Created relationship ITA->ISR with date=1970-06-11 and goalDifference=0: Relationship[862]
Created relationship ISR->ITA with date=1970-06-11 and goalDifference=0: Relationship[863]
Processing entry 432 of 4135
1970-06-11 MAR:BGR 0
Node for team MAR already exists: Node[50]
Node for team BGR already exists: Node[36]
Created relationship MAR->BGR with date=1970-06-11 and goalDifference=0: Relationship[864]
Created relationship BGR->MAR with date=1970-06-11 and goalDifference=0: Relationship[865]
Processing entry 433 of 4135
1970-06-11 MEX:BEL 1
Node for team MEX already exists: Node[1]
Node for team BEL already exists: Node[3]
Created relationship MEX->BEL with date=1970-06-11 and goalDifference=1: Relationship[866]
Created relationship BEL->MEX with date=1970-06-11 and goalDifference=1: Relationship[867]
Processing entry 434 of 4135
1970-06-14 BRA:PER 2
Node for team BRA already exists: Node[7]
Node for team PER already exists: Node[5]
Created relationship BRA->PER with date=1970-06-14 and goalDifference=2: Relationship[868]
Created relationship PER->BRA with date=1970-06-14 and goalDifference=2: Relationship[869]
Processing entry 435 of 4135
1970-06-14 DEU:ENG 1
Node for team DEU already exists: Node[17]
Node for team ENG already exists: Node[27]
Created relationship DEU->ENG with date=1970-06-14 and goalDifference=1: Relationship[870]
Created relationship ENG->DEU with date=1970-06-14 and goalDifference=1: Relationship[871]
Processing entry 436 of 4135
1970-06-14 ITA:MEX 3
Node for team ITA already exists: Node[21]
Node for team MEX already exists: Node[1]
Created relationship ITA->MEX with date=1970-06-14 and goalDifference=3: Relationship[872]
Created relationship MEX->ITA with date=1970-06-14 and goalDifference=3: Relationship[873]
Processing entry 437 of 4135
1970-06-14 URY:SUN 1
Node for team URY already exists: Node[12]
Node for team SUN already exists: Node[33]
Created relationship URY->SUN with date=1970-06-14 and goalDifference=1: Relationship[874]
Created relationship SUN->URY with date=1970-06-14 and goalDifference=1: Relationship[875]
Processing entry 438 of 4135
1970-06-17 BRA:URY 2
Node for team BRA already exists: Node[7]
Node for team URY already exists: Node[12]
Created relationship BRA->URY with date=1970-06-17 and goalDifference=2: Relationship[876]
Created relationship URY->BRA with date=1970-06-17 and goalDifference=2: Relationship[877]
Processing entry 439 of 4135
1970-06-17 ITA:DEU 1
Node for team ITA already exists: Node[21]
Node for team DEU already exists: Node[17]
Created relationship ITA->DEU with date=1970-06-17 and goalDifference=1: Relationship[878]
Created relationship DEU->ITA with date=1970-06-17 and goalDifference=1: Relationship[879]
Processing entry 440 of 4135
1970-06-20 DEU:URY 1
Node for team DEU already exists: Node[17]
Node for team URY already exists: Node[12]
Created relationship DEU->URY with date=1970-06-20 and goalDifference=1: Relationship[880]
Created relationship URY->DEU with date=1970-06-20 and goalDifference=1: Relationship[881]
Processing entry 441 of 4135
1970-06-21 BRA:ITA 3
Node for team BRA already exists: Node[7]
Node for team ITA already exists: Node[21]
Created relationship BRA->ITA with date=1970-06-21 and goalDifference=3: Relationship[882]
Created relationship ITA->BRA with date=1970-06-21 and goalDifference=3: Relationship[883]
Processing entry 442 of 4135
1970-10-07 CSK:FIN 0
Node for team CSK already exists: Node[16]
Node for team FIN already exists: Node[46]
Created relationship CSK->FIN with date=1970-10-07 and goalDifference=0: Relationship[884]
Created relationship FIN->CSK with date=1970-10-07 and goalDifference=0: Relationship[885]
Processing entry 443 of 4135
1970-10-07 NOR:HUN -2
Node for team NOR already exists: Node[26]
Node for team HUN already exists: Node[19]
Created relationship NOR->HUN with date=1970-10-07 and goalDifference=-2: Relationship[886]
Created relationship HUN->NOR with date=1970-10-07 and goalDifference=-2: Relationship[887]
Processing entry 444 of 4135
1970-10-11 MLT:GRC 0
Node for team MLT already exists: Node[42]
Node for team GRC already exists: Node[34]
Created relationship MLT->GRC with date=1970-10-11 and goalDifference=0: Relationship[888]
Created relationship GRC->MLT with date=1970-10-11 and goalDifference=0: Relationship[889]
Processing entry 445 of 4135
1970-10-11 NLD:YUG 0
Node for team NLD already exists: Node[15]
Node for team YUG already exists: Node[6]
Created relationship NLD->YUG with date=1970-10-11 and goalDifference=0: Relationship[890]
Created relationship YUG->NLD with date=1970-10-11 and goalDifference=0: Relationship[891]
Processing entry 446 of 4135
1970-10-11 ROU:FIN 3
Node for team ROU already exists: Node[4]
Node for team FIN already exists: Node[46]
Created relationship ROU->FIN with date=1970-10-11 and goalDifference=3: Relationship[892]
Created relationship FIN->ROU with date=1970-10-11 and goalDifference=3: Relationship[893]
Processing entry 447 of 4135
1970-10-14 DNK:PRT -1
Node for team DNK already exists: Node[39]
Node for team PRT already exists: Node[38]
Created relationship DNK->PRT with date=1970-10-14 and goalDifference=-1: Relationship[894]
Created relationship PRT->DNK with date=1970-10-14 and goalDifference=-1: Relationship[895]
Processing entry 448 of 4135
1970-10-14 IRL:SWE 0
Node for team IRL already exists: Node[35]
Node for team SWE already exists: Node[22]
Created relationship IRL->SWE with date=1970-10-14 and goalDifference=0: Relationship[896]
Created relationship SWE->IRL with date=1970-10-14 and goalDifference=0: Relationship[897]
Processing entry 449 of 4135
1970-10-14 LUX:YUG -2
Node for team LUX already exists: Node[44]
Node for team YUG already exists: Node[6]
Created relationship LUX->YUG with date=1970-10-14 and goalDifference=-2: Relationship[898]
Created relationship YUG->LUX with date=1970-10-14 and goalDifference=-2: Relationship[899]
Processing entry 450 of 4135
1970-10-14 POL:ALB 3
Node for team POL already exists: Node[23]
Node for team ALB already exists: Node[41]
Created relationship POL->ALB with date=1970-10-14 and goalDifference=3: Relationship[900]
Created relationship ALB->POL with date=1970-10-14 and goalDifference=3: Relationship[901]
Processing entry 451 of 4135
1970-10-17 DEU:TUR 0
Node for team DEU already exists: Node[17]
Node for team TUR already exists: Node[29]
Created relationship DEU->TUR with date=1970-10-17 and goalDifference=0: Relationship[902]
Created relationship TUR->DEU with date=1970-10-17 and goalDifference=0: Relationship[903]
Processing entry 452 of 4135
1970-10-28 SWE:IRL 1
Node for team SWE already exists: Node[22]
Node for team IRL already exists: Node[35]
Created relationship SWE->IRL with date=1970-10-28 and goalDifference=1: Relationship[904]
Created relationship IRL->SWE with date=1970-10-28 and goalDifference=1: Relationship[905]
Processing entry 453 of 4135
1970-10-31 AUT:ITA -1
Node for team AUT already exists: Node[13]
Node for team ITA already exists: Node[21]
Created relationship AUT->ITA with date=1970-10-31 and goalDifference=-1: Relationship[906]
Created relationship ITA->AUT with date=1970-10-31 and goalDifference=-1: Relationship[907]
Processing entry 454 of 4135
1970-11-11 DDR:NLD 1
Node for team DDR already exists: Node[37]
Node for team NLD already exists: Node[15]
Created relationship DDR->NLD with date=1970-11-11 and goalDifference=1: Relationship[908]
Created relationship NLD->DDR with date=1970-11-11 and goalDifference=1: Relationship[909]
Processing entry 455 of 4135
1970-11-11 ESP:NIR 3
Node for team ESP already exists: Node[18]
Node for team NIR already exists: Node[32]
Created relationship ESP->NIR with date=1970-11-11 and goalDifference=3: Relationship[910]
Created relationship NIR->ESP with date=1970-11-11 and goalDifference=3: Relationship[911]
Processing entry 456 of 4135
1970-11-11 FRA:NOR 2
Node for team FRA already exists: Node[0]
Node for team NOR already exists: Node[26]
Created relationship FRA->NOR with date=1970-11-11 and goalDifference=2: Relationship[912]
Created relationship NOR->FRA with date=1970-11-11 and goalDifference=2: Relationship[913]
Processing entry 457 of 4135
1970-11-11 SCO:DNK 1
Node for team SCO already exists: Node[28]
Node for team DNK already exists: Node[39]
Created relationship SCO->DNK with date=1970-11-11 and goalDifference=1: Relationship[914]
Created relationship DNK->SCO with date=1970-11-11 and goalDifference=1: Relationship[915]
Processing entry 458 of 4135
1970-11-11 WAL:ROU 0
Node for team WAL already exists: Node[31]
Node for team ROU already exists: Node[4]
Created relationship WAL->ROU with date=1970-11-11 and goalDifference=0: Relationship[916]
Created relationship ROU->WAL with date=1970-11-11 and goalDifference=0: Relationship[917]
Processing entry 459 of 4135
1970-11-15 BGR:NOR 0
Node for team BGR already exists: Node[36]
Node for team NOR already exists: Node[26]
Created relationship BGR->NOR with date=1970-11-15 and goalDifference=0: Relationship[918]
Created relationship NOR->BGR with date=1970-11-15 and goalDifference=0: Relationship[919]
Processing entry 460 of 4135
1970-11-15 CYP:SUN -2
Node for team CYP already exists: Node[47]
Node for team SUN already exists: Node[33]
Created relationship CYP->SUN with date=1970-11-15 and goalDifference=-2: Relationship[920]
Created relationship SUN->CYP with date=1970-11-15 and goalDifference=-2: Relationship[921]
Processing entry 461 of 4135
1970-11-15 LUX:DDR -5
Node for team LUX already exists: Node[44]
Node for team DDR already exists: Node[37]
Created relationship LUX->DDR with date=1970-11-15 and goalDifference=-5: Relationship[922]
Created relationship DDR->LUX with date=1970-11-15 and goalDifference=-5: Relationship[923]
Processing entry 462 of 4135
1970-11-25 BEL:DNK 2
Node for team BEL already exists: Node[3]
Node for team DNK already exists: Node[39]
Created relationship BEL->DNK with date=1970-11-25 and goalDifference=2: Relationship[924]
Created relationship DNK->BEL with date=1970-11-25 and goalDifference=2: Relationship[925]
Processing entry 463 of 4135
1970-12-08 ITA:IRL 3
Node for team ITA already exists: Node[21]
Node for team IRL already exists: Node[35]
Created relationship ITA->IRL with date=1970-12-08 and goalDifference=3: Relationship[926]
Created relationship IRL->ITA with date=1970-12-08 and goalDifference=3: Relationship[927]
Processing entry 464 of 4135
1970-12-13 TUR:ALB 1
Node for team TUR already exists: Node[29]
Node for team ALB already exists: Node[41]
Created relationship TUR->ALB with date=1970-12-13 and goalDifference=1: Relationship[928]
Created relationship ALB->TUR with date=1970-12-13 and goalDifference=1: Relationship[929]
Processing entry 465 of 4135
1970-12-16 GRC:CHE -1
Node for team GRC already exists: Node[34]
Node for team CHE already exists: Node[14]
Created relationship GRC->CHE with date=1970-12-16 and goalDifference=-1: Relationship[930]
Created relationship CHE->GRC with date=1970-12-16 and goalDifference=-1: Relationship[931]
Processing entry 466 of 4135
1970-12-20 MLT:CHE -1
Node for team MLT already exists: Node[42]
Node for team CHE already exists: Node[14]
Created relationship MLT->CHE with date=1970-12-20 and goalDifference=-1: Relationship[932]
Created relationship CHE->MLT with date=1970-12-20 and goalDifference=-1: Relationship[933]
Processing entry 467 of 4135
1971-02-03 BEL:SCO 3
Node for team BEL already exists: Node[3]
Node for team SCO already exists: Node[28]
Created relationship BEL->SCO with date=1971-02-03 and goalDifference=3: Relationship[934]
Created relationship SCO->BEL with date=1971-02-03 and goalDifference=3: Relationship[935]
Processing entry 468 of 4135
1971-02-03 CYP:NIR -3
Node for team CYP already exists: Node[47]
Node for team NIR already exists: Node[32]
Created relationship CYP->NIR with date=1971-02-03 and goalDifference=-3: Relationship[936]
Created relationship NIR->CYP with date=1971-02-03 and goalDifference=-3: Relationship[937]
Processing entry 469 of 4135
1971-02-03 MLT:ENG -1
Node for team MLT already exists: Node[42]
Node for team ENG already exists: Node[27]
Created relationship MLT->ENG with date=1971-02-03 and goalDifference=-1: Relationship[938]
Created relationship ENG->MLT with date=1971-02-03 and goalDifference=-1: Relationship[939]
Processing entry 470 of 4135
1971-02-17 ALB:DEU -1
Node for team ALB already exists: Node[41]
Node for team DEU already exists: Node[17]
Created relationship ALB->DEU with date=1971-02-17 and goalDifference=-1: Relationship[940]
Created relationship DEU->ALB with date=1971-02-17 and goalDifference=-1: Relationship[941]
Processing entry 471 of 4135
1971-02-17 BEL:PRT 3
Node for team BEL already exists: Node[3]
Node for team PRT already exists: Node[38]
Created relationship BEL->PRT with date=1971-02-17 and goalDifference=3: Relationship[942]
Created relationship PRT->BEL with date=1971-02-17 and goalDifference=3: Relationship[943]
Processing entry 472 of 4135
1971-02-24 NLD:LUX 6
Node for team NLD already exists: Node[15]
Node for team LUX already exists: Node[44]
Created relationship NLD->LUX with date=1971-02-24 and goalDifference=6: Relationship[944]
Created relationship LUX->NLD with date=1971-02-24 and goalDifference=6: Relationship[945]
Processing entry 473 of 4135
1971-04-04 YUG:NLD 2
Node for team YUG already exists: Node[6]
Node for team NLD already exists: Node[15]
Created relationship YUG->NLD with date=1971-04-04 and goalDifference=2: Relationship[946]
Created relationship NLD->YUG with date=1971-04-04 and goalDifference=2: Relationship[947]
Processing entry 474 of 4135
1971-04-21 CHE:MLT 5
Node for team CHE already exists: Node[14]
Node for team MLT already exists: Node[42]
Created relationship CHE->MLT with date=1971-04-21 and goalDifference=5: Relationship[948]
Created relationship MLT->CHE with date=1971-04-21 and goalDifference=5: Relationship[949]
Processing entry 475 of 4135
1971-04-21 ENG:GRC 3
Node for team ENG already exists: Node[27]
Node for team GRC already exists: Node[34]
Created relationship ENG->GRC with date=1971-04-21 and goalDifference=3: Relationship[950]
Created relationship GRC->ENG with date=1971-04-21 and goalDifference=3: Relationship[951]
Processing entry 476 of 4135
1971-04-21 NIR:CYP 5
Node for team NIR already exists: Node[32]
Node for team CYP already exists: Node[47]
Created relationship NIR->CYP with date=1971-04-21 and goalDifference=5: Relationship[952]
Created relationship CYP->NIR with date=1971-04-21 and goalDifference=5: Relationship[953]
Processing entry 477 of 4135
1971-04-21 PRT:SCO 2
Node for team PRT already exists: Node[38]
Node for team SCO already exists: Node[28]
Created relationship PRT->SCO with date=1971-04-21 and goalDifference=2: Relationship[954]
Created relationship SCO->PRT with date=1971-04-21 and goalDifference=2: Relationship[955]
Processing entry 478 of 4135
1971-04-21 WAL:CSK -2
Node for team WAL already exists: Node[31]
Node for team CSK already exists: Node[16]
Created relationship WAL->CSK with date=1971-04-21 and goalDifference=-2: Relationship[956]
Created relationship CSK->WAL with date=1971-04-21 and goalDifference=-2: Relationship[957]
Processing entry 479 of 4135
1971-04-24 DDR:LUX 1
Node for team DDR already exists: Node[37]
Node for team LUX already exists: Node[44]
Created relationship DDR->LUX with date=1971-04-24 and goalDifference=1: Relationship[958]
Created relationship LUX->DDR with date=1971-04-24 and goalDifference=1: Relationship[959]
Processing entry 480 of 4135
1971-04-24 HUN:FRA 0
Node for team HUN already exists: Node[19]
Node for team FRA already exists: Node[0]
Created relationship HUN->FRA with date=1971-04-24 and goalDifference=0: Relationship[960]
Created relationship FRA->HUN with date=1971-04-24 and goalDifference=0: Relationship[961]
Processing entry 481 of 4135
1971-04-25 TUR:DEU -3
Node for team TUR already exists: Node[29]
Node for team DEU already exists: Node[17]
Created relationship TUR->DEU with date=1971-04-25 and goalDifference=-3: Relationship[962]
Created relationship DEU->TUR with date=1971-04-25 and goalDifference=-3: Relationship[963]
Processing entry 482 of 4135
1971-05-09 CYP:ESP -2
Node for team CYP already exists: Node[47]
Node for team ESP already exists: Node[18]
Created relationship CYP->ESP with date=1971-05-09 and goalDifference=-2: Relationship[964]
Created relationship ESP->CYP with date=1971-05-09 and goalDifference=-2: Relationship[965]
Processing entry 483 of 4135
1971-05-09 DDR:YUG -1
Node for team DDR already exists: Node[37]
Node for team YUG already exists: Node[6]
Created relationship DDR->YUG with date=1971-05-09 and goalDifference=-1: Relationship[966]
Created relationship YUG->DDR with date=1971-05-09 and goalDifference=-1: Relationship[967]
Processing entry 484 of 4135
1971-05-10 IRL:ITA -1
Node for team IRL already exists: Node[35]
Node for team ITA already exists: Node[21]
Created relationship IRL->ITA with date=1971-05-10 and goalDifference=-1: Relationship[968]
Created relationship ITA->IRL with date=1971-05-10 and goalDifference=-1: Relationship[969]
Processing entry 485 of 4135
1971-05-12 ALB:POL 0
Node for team ALB already exists: Node[41]
Node for team POL already exists: Node[23]
Created relationship ALB->POL with date=1971-05-12 and goalDifference=0: Relationship[970]
Created relationship POL->ALB with date=1971-05-12 and goalDifference=0: Relationship[971]
Processing entry 486 of 4135
1971-05-12 CHE:GRC 1
Node for team CHE already exists: Node[14]
Node for team GRC already exists: Node[34]
Created relationship CHE->GRC with date=1971-05-12 and goalDifference=1: Relationship[972]
Created relationship GRC->CHE with date=1971-05-12 and goalDifference=1: Relationship[973]
Processing entry 487 of 4135
1971-05-12 ENG:MLT 5
Node for team ENG already exists: Node[27]
Node for team MLT already exists: Node[42]
Created relationship ENG->MLT with date=1971-05-12 and goalDifference=5: Relationship[974]
Created relationship MLT->ENG with date=1971-05-12 and goalDifference=5: Relationship[975]
Processing entry 488 of 4135
1971-05-12 PRT:DNK 5
Node for team PRT already exists: Node[38]
Node for team DNK already exists: Node[39]
Created relationship PRT->DNK with date=1971-05-12 and goalDifference=5: Relationship[976]
Created relationship DNK->PRT with date=1971-05-12 and goalDifference=5: Relationship[977]
Processing entry 489 of 4135
1971-05-16 CSK:ROU 1
Node for team CSK already exists: Node[16]
Node for team ROU already exists: Node[4]
Created relationship CSK->ROU with date=1971-05-16 and goalDifference=1: Relationship[978]
Created relationship ROU->CSK with date=1971-05-16 and goalDifference=1: Relationship[979]
Processing entry 490 of 4135
1971-05-19 BGR:HUN 3
Node for team BGR already exists: Node[36]
Node for team HUN already exists: Node[19]
Created relationship BGR->HUN with date=1971-05-19 and goalDifference=3: Relationship[980]
Created relationship HUN->BGR with date=1971-05-19 and goalDifference=3: Relationship[981]
Processing entry 491 of 4135
1971-05-26 DNK:BEL -1
Node for team DNK already exists: Node[39]
Node for team BEL already exists: Node[3]
Created relationship DNK->BEL with date=1971-05-26 and goalDifference=-1: Relationship[982]
Created relationship BEL->DNK with date=1971-05-26 and goalDifference=-1: Relationship[983]
Processing entry 492 of 4135
1971-05-26 FIN:WAL -1
Node for team FIN already exists: Node[46]
Node for team WAL already exists: Node[31]
Created relationship FIN->WAL with date=1971-05-26 and goalDifference=-1: Relationship[984]
Created relationship WAL->FIN with date=1971-05-26 and goalDifference=-1: Relationship[985]
Processing entry 493 of 4135
1971-05-26 SWE:AUT 1
Node for team SWE already exists: Node[22]
Node for team AUT already exists: Node[13]
Created relationship SWE->AUT with date=1971-05-26 and goalDifference=1: Relationship[986]
Created relationship AUT->SWE with date=1971-05-26 and goalDifference=1: Relationship[987]
Processing entry 494 of 4135
1971-05-30 IRL:AUT -3
Node for team IRL already exists: Node[35]
Node for team AUT already exists: Node[13]
Created relationship IRL->AUT with date=1971-05-30 and goalDifference=-3: Relationship[988]
Created relationship AUT->IRL with date=1971-05-30 and goalDifference=-3: Relationship[989]
Processing entry 495 of 4135
1971-05-30 SUN:ESP 1
Node for team SUN already exists: Node[33]
Node for team ESP already exists: Node[18]
Created relationship SUN->ESP with date=1971-05-30 and goalDifference=1: Relationship[990]
Created relationship ESP->SUN with date=1971-05-30 and goalDifference=1: Relationship[991]
Processing entry 496 of 4135
1971-06-07 SUN:CYP 5
Node for team SUN already exists: Node[33]
Node for team CYP already exists: Node[47]
Created relationship SUN->CYP with date=1971-06-07 and goalDifference=5: Relationship[992]
Created relationship CYP->SUN with date=1971-06-07 and goalDifference=5: Relationship[993]
Processing entry 497 of 4135
1971-06-09 DNK:SCO 1
Node for team DNK already exists: Node[39]
Node for team SCO already exists: Node[28]
Created relationship DNK->SCO with date=1971-06-09 and goalDifference=1: Relationship[994]
Created relationship SCO->DNK with date=1971-06-09 and goalDifference=1: Relationship[995]
Processing entry 498 of 4135
1971-06-09 NOR:BGR -3
Node for team NOR already exists: Node[26]
Node for team BGR already exists: Node[36]
Created relationship NOR->BGR with date=1971-06-09 and goalDifference=-3: Relationship[996]
Created relationship BGR->NOR with date=1971-06-09 and goalDifference=-3: Relationship[997]
Processing entry 499 of 4135
1971-06-09 SWE:ITA 0
Node for team SWE already exists: Node[22]
Node for team ITA already exists: Node[21]
Created relationship SWE->ITA with date=1971-06-09 and goalDifference=0: Relationship[998]
Created relationship ITA->SWE with date=1971-06-09 and goalDifference=0: Relationship[999]
Processing entry 500 of 4135
1971-06-12 DEU:ALB 2
Node for team DEU already exists: Node[17]
Node for team ALB already exists: Node[41]
Created relationship DEU->ALB with date=1971-06-12 and goalDifference=2: Relationship[1000]
Created relationship ALB->DEU with date=1971-06-12 and goalDifference=2: Relationship[1001]
Processing entry 501 of 4135
1971-06-16 FIN:CSK -4
Node for team FIN already exists: Node[46]
Node for team CSK already exists: Node[16]
Created relationship FIN->CSK with date=1971-06-16 and goalDifference=-4: Relationship[1002]
Created relationship CSK->FIN with date=1971-06-16 and goalDifference=-4: Relationship[1003]
Processing entry 502 of 4135
1971-06-18 GRC:MLT 2
Node for team GRC already exists: Node[34]
Node for team MLT already exists: Node[42]
Created relationship GRC->MLT with date=1971-06-18 and goalDifference=2: Relationship[1004]
Created relationship MLT->GRC with date=1971-06-18 and goalDifference=2: Relationship[1005]
Processing entry 503 of 4135
1971-09-04 AUT:SWE 1
Node for team AUT already exists: Node[13]
Node for team SWE already exists: Node[22]
Created relationship AUT->SWE with date=1971-09-04 and goalDifference=1: Relationship[1006]
Created relationship SWE->AUT with date=1971-09-04 and goalDifference=1: Relationship[1007]
Processing entry 504 of 4135
1971-09-08 NOR:FRA -2
Node for team NOR already exists: Node[26]
Node for team FRA already exists: Node[0]
Created relationship NOR->FRA with date=1971-09-08 and goalDifference=-2: Relationship[1008]
Created relationship FRA->NOR with date=1971-09-08 and goalDifference=-2: Relationship[1009]
Processing entry 505 of 4135
1971-09-22 FIN:ROU -4
Node for team FIN already exists: Node[46]
Node for team ROU already exists: Node[4]
Created relationship FIN->ROU with date=1971-09-22 and goalDifference=-4: Relationship[1010]
Created relationship ROU->FIN with date=1971-09-22 and goalDifference=-4: Relationship[1011]
Processing entry 506 of 4135
1971-09-22 POL:TUR 4
Node for team POL already exists: Node[23]
Node for team TUR already exists: Node[29]
Created relationship POL->TUR with date=1971-09-22 and goalDifference=4: Relationship[1012]
Created relationship TUR->POL with date=1971-09-22 and goalDifference=4: Relationship[1013]
Processing entry 507 of 4135
1971-09-22 SUN:NIR 1
Node for team SUN already exists: Node[33]
Node for team NIR already exists: Node[32]
Created relationship SUN->NIR with date=1971-09-22 and goalDifference=1: Relationship[1014]
Created relationship NIR->SUN with date=1971-09-22 and goalDifference=1: Relationship[1015]
Processing entry 508 of 4135
1971-09-25 HUN:BGR 2
Node for team HUN already exists: Node[19]
Node for team BGR already exists: Node[36]
Created relationship HUN->BGR with date=1971-09-25 and goalDifference=2: Relationship[1016]
Created relationship BGR->HUN with date=1971-09-25 and goalDifference=2: Relationship[1017]
Processing entry 509 of 4135
1971-10-09 FRA:HUN -2
Node for team FRA already exists: Node[0]
Node for team HUN already exists: Node[19]
Created relationship FRA->HUN with date=1971-10-09 and goalDifference=-2: Relationship[1018]
Created relationship HUN->FRA with date=1971-10-09 and goalDifference=-2: Relationship[1019]
Processing entry 510 of 4135
1971-10-09 ITA:SWE 3
Node for team ITA already exists: Node[21]
Node for team SWE already exists: Node[22]
Created relationship ITA->SWE with date=1971-10-09 and goalDifference=3: Relationship[1020]
Created relationship SWE->ITA with date=1971-10-09 and goalDifference=3: Relationship[1021]
Processing entry 511 of 4135
1971-10-10 AUT:IRL 6
Node for team AUT already exists: Node[13]
Node for team IRL already exists: Node[35]
Created relationship AUT->IRL with date=1971-10-10 and goalDifference=6: Relationship[1022]
Created relationship IRL->AUT with date=1971-10-10 and goalDifference=6: Relationship[1023]
Processing entry 512 of 4135
1971-10-10 NLD:DDR 1
Node for team NLD already exists: Node[15]
Node for team DDR already exists: Node[37]
Created relationship NLD->DDR with date=1971-10-10 and goalDifference=1: Relationship[1024]
Created relationship DDR->NLD with date=1971-10-10 and goalDifference=1: Relationship[1025]
Processing entry 513 of 4135
1971-10-10 POL:DEU -2
Node for team POL already exists: Node[23]
Node for team DEU already exists: Node[17]
Created relationship POL->DEU with date=1971-10-10 and goalDifference=-2: Relationship[1026]
Created relationship DEU->POL with date=1971-10-10 and goalDifference=-2: Relationship[1027]
Processing entry 514 of 4135
1971-10-13 CHE:ENG -1
Node for team CHE already exists: Node[14]
Node for team ENG already exists: Node[27]
Created relationship CHE->ENG with date=1971-10-13 and goalDifference=-1: Relationship[1028]
Created relationship ENG->CHE with date=1971-10-13 and goalDifference=-1: Relationship[1029]
Processing entry 515 of 4135
1971-10-13 NIR:SUN 0
Node for team NIR already exists: Node[32]
Node for team SUN already exists: Node[33]
Created relationship NIR->SUN with date=1971-10-13 and goalDifference=0: Relationship[1030]
Created relationship SUN->NIR with date=1971-10-13 and goalDifference=0: Relationship[1031]
Processing entry 516 of 4135
1971-10-13 SCO:PRT 1
Node for team SCO already exists: Node[28]
Node for team PRT already exists: Node[38]
Created relationship SCO->PRT with date=1971-10-13 and goalDifference=1: Relationship[1032]
Created relationship PRT->SCO with date=1971-10-13 and goalDifference=1: Relationship[1033]
Processing entry 517 of 4135
1971-10-13 WAL:FIN 3
Node for team WAL already exists: Node[31]
Node for team FIN already exists: Node[46]
Created relationship WAL->FIN with date=1971-10-13 and goalDifference=3: Relationship[1034]
Created relationship FIN->WAL with date=1971-10-13 and goalDifference=3: Relationship[1035]
Processing entry 518 of 4135
1971-10-16 YUG:DDR 0
Node for team YUG already exists: Node[6]
Node for team DDR already exists: Node[37]
Created relationship YUG->DDR with date=1971-10-16 and goalDifference=0: Relationship[1036]
Created relationship DDR->YUG with date=1971-10-16 and goalDifference=0: Relationship[1037]
Processing entry 519 of 4135
1971-10-27 CSK:WAL 1
Node for team CSK already exists: Node[16]
Node for team WAL already exists: Node[31]
Created relationship CSK->WAL with date=1971-10-27 and goalDifference=1: Relationship[1038]
Created relationship WAL->CSK with date=1971-10-27 and goalDifference=1: Relationship[1039]
Processing entry 520 of 4135
1971-10-27 ESP:SUN 0
Node for team ESP already exists: Node[18]
Node for team SUN already exists: Node[33]
Created relationship ESP->SUN with date=1971-10-27 and goalDifference=0: Relationship[1040]
Created relationship SUN->ESP with date=1971-10-27 and goalDifference=0: Relationship[1041]
Processing entry 521 of 4135
1971-10-27 HUN:NOR 4
Node for team HUN already exists: Node[19]
Node for team NOR already exists: Node[26]
Created relationship HUN->NOR with date=1971-10-27 and goalDifference=4: Relationship[1042]
Created relationship NOR->HUN with date=1971-10-27 and goalDifference=4: Relationship[1043]
Processing entry 522 of 4135
1971-10-27 YUG:LUX 0
Node for team YUG already exists: Node[6]
Node for team LUX already exists: Node[44]
Created relationship YUG->LUX with date=1971-10-27 and goalDifference=0: Relationship[1044]
Created relationship LUX->YUG with date=1971-10-27 and goalDifference=0: Relationship[1045]
Processing entry 523 of 4135
1971-11-10 ENG:CHE 0
Node for team ENG already exists: Node[27]
Node for team CHE already exists: Node[14]
Created relationship ENG->CHE with date=1971-11-10 and goalDifference=0: Relationship[1046]
Created relationship CHE->ENG with date=1971-11-10 and goalDifference=0: Relationship[1047]
Processing entry 524 of 4135
1971-11-10 FRA:BGR 1
Node for team FRA already exists: Node[0]
Node for team BGR already exists: Node[36]
Created relationship FRA->BGR with date=1971-11-10 and goalDifference=1: Relationship[1048]
Created relationship BGR->FRA with date=1971-11-10 and goalDifference=1: Relationship[1049]
Processing entry 525 of 4135
1971-11-10 SCO:BEL 1
Node for team SCO already exists: Node[28]
Node for team BEL already exists: Node[3]
Created relationship SCO->BEL with date=1971-11-10 and goalDifference=1: Relationship[1050]
Created relationship BEL->SCO with date=1971-11-10 and goalDifference=1: Relationship[1051]
Processing entry 526 of 4135
1971-11-14 ALB:TUR 3
Node for team ALB already exists: Node[41]
Node for team TUR already exists: Node[29]
Created relationship ALB->TUR with date=1971-11-14 and goalDifference=3: Relationship[1052]
Created relationship TUR->ALB with date=1971-11-14 and goalDifference=3: Relationship[1053]
Processing entry 527 of 4135
1971-11-14 ROU:CSK 1
Node for team ROU already exists: Node[4]
Node for team CSK already exists: Node[16]
Created relationship ROU->CSK with date=1971-11-14 and goalDifference=1: Relationship[1054]
Created relationship CSK->ROU with date=1971-11-14 and goalDifference=1: Relationship[1055]
Processing entry 528 of 4135
1971-11-17 DEU:POL 0
Node for team DEU already exists: Node[17]
Node for team POL already exists: Node[23]
Created relationship DEU->POL with date=1971-11-17 and goalDifference=0: Relationship[1056]
Created relationship POL->DEU with date=1971-11-17 and goalDifference=0: Relationship[1057]
Processing entry 529 of 4135
1971-11-17 LUX:NLD -8
Node for team LUX already exists: Node[44]
Node for team NLD already exists: Node[15]
Created relationship LUX->NLD with date=1971-11-17 and goalDifference=-8: Relationship[1058]
Created relationship NLD->LUX with date=1971-11-17 and goalDifference=-8: Relationship[1059]
Processing entry 530 of 4135
1971-11-20 ITA:AUT 0
Node for team ITA already exists: Node[21]
Node for team AUT already exists: Node[13]
Created relationship ITA->AUT with date=1971-11-20 and goalDifference=0: Relationship[1060]
Created relationship AUT->ITA with date=1971-11-20 and goalDifference=0: Relationship[1061]
Processing entry 531 of 4135
1971-11-21 PRT:BEL 0
Node for team PRT already exists: Node[38]
Node for team BEL already exists: Node[3]
Created relationship PRT->BEL with date=1971-11-21 and goalDifference=0: Relationship[1062]
Created relationship BEL->PRT with date=1971-11-21 and goalDifference=0: Relationship[1063]
Processing entry 532 of 4135
1971-11-24 ESP:CYP 7
Node for team ESP already exists: Node[18]
Node for team CYP already exists: Node[47]
Created relationship ESP->CYP with date=1971-11-24 and goalDifference=7: Relationship[1064]
Created relationship CYP->ESP with date=1971-11-24 and goalDifference=7: Relationship[1065]
Processing entry 533 of 4135
1971-11-24 ROU:WAL 2
Node for team ROU already exists: Node[4]
Node for team WAL already exists: Node[31]
Created relationship ROU->WAL with date=1971-11-24 and goalDifference=2: Relationship[1066]
Created relationship WAL->ROU with date=1971-11-24 and goalDifference=2: Relationship[1067]
Processing entry 534 of 4135
1971-12-01 GRC:ENG -2
Node for team GRC already exists: Node[34]
Node for team ENG already exists: Node[27]
Created relationship GRC->ENG with date=1971-12-01 and goalDifference=-2: Relationship[1068]
Created relationship ENG->GRC with date=1971-12-01 and goalDifference=-2: Relationship[1069]
Processing entry 535 of 4135
1971-12-04 BGR:FRA 1
Node for team BGR already exists: Node[36]
Node for team FRA already exists: Node[0]
Created relationship BGR->FRA with date=1971-12-04 and goalDifference=1: Relationship[1070]
Created relationship FRA->BGR with date=1971-12-04 and goalDifference=1: Relationship[1071]
Processing entry 536 of 4135
1971-12-05 TUR:POL 1
Node for team TUR already exists: Node[29]
Node for team POL already exists: Node[23]
Created relationship TUR->POL with date=1971-12-05 and goalDifference=1: Relationship[1072]
Created relationship POL->TUR with date=1971-12-05 and goalDifference=1: Relationship[1073]
Processing entry 537 of 4135
1972-02-16 NIR:ESP 0
Node for team NIR already exists: Node[32]
Node for team ESP already exists: Node[18]
Created relationship NIR->ESP with date=1972-02-16 and goalDifference=0: Relationship[1074]
Created relationship ESP->NIR with date=1972-02-16 and goalDifference=0: Relationship[1075]
Processing entry 538 of 4135
1972-04-29 ENG:DEU -2
Node for team ENG already exists: Node[27]
Node for team DEU already exists: Node[17]
Created relationship ENG->DEU with date=1972-04-29 and goalDifference=-2: Relationship[1076]
Created relationship DEU->ENG with date=1972-04-29 and goalDifference=-2: Relationship[1077]
Processing entry 539 of 4135
1972-04-29 HUN:ROU 0
Node for team HUN already exists: Node[19]
Node for team ROU already exists: Node[4]
Created relationship HUN->ROU with date=1972-04-29 and goalDifference=0: Relationship[1078]
Created relationship ROU->HUN with date=1972-04-29 and goalDifference=0: Relationship[1079]
Processing entry 540 of 4135
1972-04-29 ITA:BEL 0
Node for team ITA already exists: Node[21]
Node for team BEL already exists: Node[3]
Created relationship ITA->BEL with date=1972-04-29 and goalDifference=0: Relationship[1080]
Created relationship BEL->ITA with date=1972-04-29 and goalDifference=0: Relationship[1081]
Processing entry 541 of 4135
1972-04-30 YUG:SUN 0
Node for team YUG already exists: Node[6]
Node for team SUN already exists: Node[33]
Created relationship YUG->SUN with date=1972-04-30 and goalDifference=0: Relationship[1082]
Created relationship SUN->YUG with date=1972-04-30 and goalDifference=0: Relationship[1083]
Processing entry 542 of 4135
1972-05-13 BEL:ITA 1
Node for team BEL already exists: Node[3]
Node for team ITA already exists: Node[21]
Created relationship BEL->ITA with date=1972-05-13 and goalDifference=1: Relationship[1084]
Created relationship ITA->BEL with date=1972-05-13 and goalDifference=1: Relationship[1085]
Processing entry 543 of 4135
1972-05-13 DEU:ENG 0
Node for team DEU already exists: Node[17]
Node for team ENG already exists: Node[27]
Created relationship DEU->ENG with date=1972-05-13 and goalDifference=0: Relationship[1086]
Created relationship ENG->DEU with date=1972-05-13 and goalDifference=0: Relationship[1087]
Processing entry 544 of 4135
1972-05-13 SUN:YUG 3
Node for team SUN already exists: Node[33]
Node for team YUG already exists: Node[6]
Created relationship SUN->YUG with date=1972-05-13 and goalDifference=3: Relationship[1088]
Created relationship YUG->SUN with date=1972-05-13 and goalDifference=3: Relationship[1089]
Processing entry 545 of 4135
1972-05-14 ROU:HUN 0
Node for team ROU already exists: Node[4]
Node for team HUN already exists: Node[19]
Created relationship ROU->HUN with date=1972-05-14 and goalDifference=0: Relationship[1090]
Created relationship HUN->ROU with date=1972-05-14 and goalDifference=0: Relationship[1091]
Processing entry 546 of 4135
1972-05-17 HUN:ROU 1
Node for team HUN already exists: Node[19]
Node for team ROU already exists: Node[4]
Created relationship HUN->ROU with date=1972-05-17 and goalDifference=1: Relationship[1092]
Created relationship ROU->HUN with date=1972-05-17 and goalDifference=1: Relationship[1093]
Processing entry 547 of 4135
1972-06-14 BEL:DEU -1
Node for team BEL already exists: Node[3]
Node for team DEU already exists: Node[17]
Created relationship BEL->DEU with date=1972-06-14 and goalDifference=-1: Relationship[1094]
Created relationship DEU->BEL with date=1972-06-14 and goalDifference=-1: Relationship[1095]
Processing entry 548 of 4135
1972-06-14 HUN:SUN -1
Node for team HUN already exists: Node[19]
Node for team SUN already exists: Node[33]
Created relationship HUN->SUN with date=1972-06-14 and goalDifference=-1: Relationship[1096]
Created relationship SUN->HUN with date=1972-06-14 and goalDifference=-1: Relationship[1097]
Processing entry 549 of 4135
1972-06-14 SUN:HUN 1
Node for team SUN already exists: Node[33]
Node for team HUN already exists: Node[19]
Created relationship SUN->HUN with date=1972-06-14 and goalDifference=1: Relationship[1098]
Created relationship HUN->SUN with date=1972-06-14 and goalDifference=1: Relationship[1099]
Processing entry 550 of 4135
1972-06-17 BEL:HUN 1
Node for team BEL already exists: Node[3]
Node for team HUN already exists: Node[19]
Created relationship BEL->HUN with date=1972-06-17 and goalDifference=1: Relationship[1100]
Created relationship HUN->BEL with date=1972-06-17 and goalDifference=1: Relationship[1101]
Processing entry 551 of 4135
1972-06-17 HUN:BEL -1
Node for team HUN already exists: Node[19]
Node for team BEL already exists: Node[3]
Created relationship HUN->BEL with date=1972-06-17 and goalDifference=-1: Relationship[1102]
Created relationship BEL->HUN with date=1972-06-17 and goalDifference=-1: Relationship[1103]
Processing entry 552 of 4135
1972-06-18 DEU:SUN 3
Node for team DEU already exists: Node[17]
Node for team SUN already exists: Node[33]
Created relationship DEU->SUN with date=1972-06-18 and goalDifference=3: Relationship[1104]
Created relationship SUN->DEU with date=1972-06-18 and goalDifference=3: Relationship[1105]
Processing entry 553 of 4135
1974-06-13 BRA:YUG 0
Node for team BRA already exists: Node[7]
Node for team YUG already exists: Node[6]
Created relationship BRA->YUG with date=1974-06-13 and goalDifference=0: Relationship[1106]
Created relationship YUG->BRA with date=1974-06-13 and goalDifference=0: Relationship[1107]
Processing entry 554 of 4135
1974-06-14 COD:SCO -2
Created new node for team COD: Node[51]
Node for team SCO already exists: Node[28]
Created relationship COD->SCO with date=1974-06-14 and goalDifference=-2: Relationship[1108]
Created relationship SCO->COD with date=1974-06-14 and goalDifference=-2: Relationship[1109]
Processing entry 555 of 4135
1974-06-14 DDR:AUS 2
Node for team DDR already exists: Node[37]
Created new node for team AUS: Node[52]
Created relationship DDR->AUS with date=1974-06-14 and goalDifference=2: Relationship[1110]
Created relationship AUS->DDR with date=1974-06-14 and goalDifference=2: Relationship[1111]
Processing entry 556 of 4135
1974-06-14 DEU:CHL 1
Node for team DEU already exists: Node[17]
Node for team CHL already exists: Node[9]
Created relationship DEU->CHL with date=1974-06-14 and goalDifference=1: Relationship[1112]
Created relationship CHL->DEU with date=1974-06-14 and goalDifference=1: Relationship[1113]
Processing entry 557 of 4135
1974-06-15 ITA:HTI 2
Node for team ITA already exists: Node[21]
Created new node for team HTI: Node[53]
Created relationship ITA->HTI with date=1974-06-15 and goalDifference=2: Relationship[1114]
Created relationship HTI->ITA with date=1974-06-15 and goalDifference=2: Relationship[1115]
Processing entry 558 of 4135
1974-06-15 POL:ARG 1
Node for team POL already exists: Node[23]
Node for team ARG already exists: Node[8]
Created relationship POL->ARG with date=1974-06-15 and goalDifference=1: Relationship[1116]
Created relationship ARG->POL with date=1974-06-15 and goalDifference=1: Relationship[1117]
Processing entry 559 of 4135
1974-06-15 SWE:BGR 0
Node for team SWE already exists: Node[22]
Node for team BGR already exists: Node[36]
Created relationship SWE->BGR with date=1974-06-15 and goalDifference=0: Relationship[1118]
Created relationship BGR->SWE with date=1974-06-15 and goalDifference=0: Relationship[1119]
Processing entry 560 of 4135
1974-06-15 URY:NLD -2
Node for team URY already exists: Node[12]
Node for team NLD already exists: Node[15]
Created relationship URY->NLD with date=1974-06-15 and goalDifference=-2: Relationship[1120]
Created relationship NLD->URY with date=1974-06-15 and goalDifference=-2: Relationship[1121]
Processing entry 561 of 4135
1974-06-18 AUS:DEU -3
Node for team AUS already exists: Node[52]
Node for team DEU already exists: Node[17]
Created relationship AUS->DEU with date=1974-06-18 and goalDifference=-3: Relationship[1122]
Created relationship DEU->AUS with date=1974-06-18 and goalDifference=-3: Relationship[1123]
Processing entry 562 of 4135
1974-06-18 CHL:DDR 0
Node for team CHL already exists: Node[9]
Node for team DDR already exists: Node[37]
Created relationship CHL->DDR with date=1974-06-18 and goalDifference=0: Relationship[1124]
Created relationship DDR->CHL with date=1974-06-18 and goalDifference=0: Relationship[1125]
Processing entry 563 of 4135
1974-06-18 SCO:BRA 0
Node for team SCO already exists: Node[28]
Node for team BRA already exists: Node[7]
Created relationship SCO->BRA with date=1974-06-18 and goalDifference=0: Relationship[1126]
Created relationship BRA->SCO with date=1974-06-18 and goalDifference=0: Relationship[1127]
Processing entry 564 of 4135
1974-06-18 YUG:COD 9
Node for team YUG already exists: Node[6]
Node for team COD already exists: Node[51]
Created relationship YUG->COD with date=1974-06-18 and goalDifference=9: Relationship[1128]
Created relationship COD->YUG with date=1974-06-18 and goalDifference=9: Relationship[1129]
Processing entry 565 of 4135
1974-06-19 ARG:ITA 0
Node for team ARG already exists: Node[8]
Node for team ITA already exists: Node[21]
Created relationship ARG->ITA with date=1974-06-19 and goalDifference=0: Relationship[1130]
Created relationship ITA->ARG with date=1974-06-19 and goalDifference=0: Relationship[1131]
Processing entry 566 of 4135
1974-06-19 BGR:URY 0
Node for team BGR already exists: Node[36]
Node for team URY already exists: Node[12]
Created relationship BGR->URY with date=1974-06-19 and goalDifference=0: Relationship[1132]
Created relationship URY->BGR with date=1974-06-19 and goalDifference=0: Relationship[1133]
Processing entry 567 of 4135
1974-06-19 HTI:POL -7
Node for team HTI already exists: Node[53]
Node for team POL already exists: Node[23]
Created relationship HTI->POL with date=1974-06-19 and goalDifference=-7: Relationship[1134]
Created relationship POL->HTI with date=1974-06-19 and goalDifference=-7: Relationship[1135]
Processing entry 568 of 4135
1974-06-19 NLD:SWE 0
Node for team NLD already exists: Node[15]
Node for team SWE already exists: Node[22]
Created relationship NLD->SWE with date=1974-06-19 and goalDifference=0: Relationship[1136]
Created relationship SWE->NLD with date=1974-06-19 and goalDifference=0: Relationship[1137]
Processing entry 569 of 4135
1974-06-19 URY:BGR 0
Node for team URY already exists: Node[12]
Node for team BGR already exists: Node[36]
Created relationship URY->BGR with date=1974-06-19 and goalDifference=0: Relationship[1138]
Created relationship BGR->URY with date=1974-06-19 and goalDifference=0: Relationship[1139]
Processing entry 570 of 4135
1974-06-22 AUS:CHL 0
Node for team AUS already exists: Node[52]
Node for team CHL already exists: Node[9]
Created relationship AUS->CHL with date=1974-06-22 and goalDifference=0: Relationship[1140]
Created relationship CHL->AUS with date=1974-06-22 and goalDifference=0: Relationship[1141]
Processing entry 571 of 4135
1974-06-22 COD:BRA -3
Node for team COD already exists: Node[51]
Node for team BRA already exists: Node[7]
Created relationship COD->BRA with date=1974-06-22 and goalDifference=-3: Relationship[1142]
Created relationship BRA->COD with date=1974-06-22 and goalDifference=-3: Relationship[1143]
Processing entry 572 of 4135
1974-06-22 DDR:DEU 1
Node for team DDR already exists: Node[37]
Node for team DEU already exists: Node[17]
Created relationship DDR->DEU with date=1974-06-22 and goalDifference=1: Relationship[1144]
Created relationship DEU->DDR with date=1974-06-22 and goalDifference=1: Relationship[1145]
Processing entry 573 of 4135
1974-06-22 SCO:YUG 0
Node for team SCO already exists: Node[28]
Node for team YUG already exists: Node[6]
Created relationship SCO->YUG with date=1974-06-22 and goalDifference=0: Relationship[1146]
Created relationship YUG->SCO with date=1974-06-22 and goalDifference=0: Relationship[1147]
Processing entry 574 of 4135
1974-06-23 ARG:HTI 3
Node for team ARG already exists: Node[8]
Node for team HTI already exists: Node[53]
Created relationship ARG->HTI with date=1974-06-23 and goalDifference=3: Relationship[1148]
Created relationship HTI->ARG with date=1974-06-23 and goalDifference=3: Relationship[1149]
Processing entry 575 of 4135
1974-06-23 BGR:NLD -3
Node for team BGR already exists: Node[36]
Node for team NLD already exists: Node[15]
Created relationship BGR->NLD with date=1974-06-23 and goalDifference=-3: Relationship[1150]
Created relationship NLD->BGR with date=1974-06-23 and goalDifference=-3: Relationship[1151]
Processing entry 576 of 4135
1974-06-23 NLD:BGR 3
Node for team NLD already exists: Node[15]
Node for team BGR already exists: Node[36]
Created relationship NLD->BGR with date=1974-06-23 and goalDifference=3: Relationship[1152]
Created relationship BGR->NLD with date=1974-06-23 and goalDifference=3: Relationship[1153]
Processing entry 577 of 4135
1974-06-23 POL:ITA 1
Node for team POL already exists: Node[23]
Node for team ITA already exists: Node[21]
Created relationship POL->ITA with date=1974-06-23 and goalDifference=1: Relationship[1154]
Created relationship ITA->POL with date=1974-06-23 and goalDifference=1: Relationship[1155]
Processing entry 578 of 4135
1974-06-23 SWE:URY 3
Node for team SWE already exists: Node[22]
Node for team URY already exists: Node[12]
Created relationship SWE->URY with date=1974-06-23 and goalDifference=3: Relationship[1156]
Created relationship URY->SWE with date=1974-06-23 and goalDifference=3: Relationship[1157]
Processing entry 579 of 4135
1974-06-26 BRA:DDR 1
Node for team BRA already exists: Node[7]
Node for team DDR already exists: Node[37]
Created relationship BRA->DDR with date=1974-06-26 and goalDifference=1: Relationship[1158]
Created relationship DDR->BRA with date=1974-06-26 and goalDifference=1: Relationship[1159]
Processing entry 580 of 4135
1974-06-26 NLD:ARG 4
Node for team NLD already exists: Node[15]
Node for team ARG already exists: Node[8]
Created relationship NLD->ARG with date=1974-06-26 and goalDifference=4: Relationship[1160]
Created relationship ARG->NLD with date=1974-06-26 and goalDifference=4: Relationship[1161]
Processing entry 581 of 4135
1974-06-26 SWE:POL -1
Node for team SWE already exists: Node[22]
Node for team POL already exists: Node[23]
Created relationship SWE->POL with date=1974-06-26 and goalDifference=-1: Relationship[1162]
Created relationship POL->SWE with date=1974-06-26 and goalDifference=-1: Relationship[1163]
Processing entry 582 of 4135
1974-06-26 YUG:DEU -2
Node for team YUG already exists: Node[6]
Node for team DEU already exists: Node[17]
Created relationship YUG->DEU with date=1974-06-26 and goalDifference=-2: Relationship[1164]
Created relationship DEU->YUG with date=1974-06-26 and goalDifference=-2: Relationship[1165]
Processing entry 583 of 4135
1974-06-30 ARG:BRA -1
Node for team ARG already exists: Node[8]
Node for team BRA already exists: Node[7]
Created relationship ARG->BRA with date=1974-06-30 and goalDifference=-1: Relationship[1166]
Created relationship BRA->ARG with date=1974-06-30 and goalDifference=-1: Relationship[1167]
Processing entry 584 of 4135
1974-06-30 DDR:NLD -2
Node for team DDR already exists: Node[37]
Node for team NLD already exists: Node[15]
Created relationship DDR->NLD with date=1974-06-30 and goalDifference=-2: Relationship[1168]
Created relationship NLD->DDR with date=1974-06-30 and goalDifference=-2: Relationship[1169]
Processing entry 585 of 4135
1974-06-30 DEU:SWE 2
Node for team DEU already exists: Node[17]
Node for team SWE already exists: Node[22]
Created relationship DEU->SWE with date=1974-06-30 and goalDifference=2: Relationship[1170]
Created relationship SWE->DEU with date=1974-06-30 and goalDifference=2: Relationship[1171]
Processing entry 586 of 4135
1974-06-30 POL:YUG 1
Node for team POL already exists: Node[23]
Node for team YUG already exists: Node[6]
Created relationship POL->YUG with date=1974-06-30 and goalDifference=1: Relationship[1172]
Created relationship YUG->POL with date=1974-06-30 and goalDifference=1: Relationship[1173]
Processing entry 587 of 4135
1974-07-03 ARG:DDR 0
Node for team ARG already exists: Node[8]
Node for team DDR already exists: Node[37]
Created relationship ARG->DDR with date=1974-07-03 and goalDifference=0: Relationship[1174]
Created relationship DDR->ARG with date=1974-07-03 and goalDifference=0: Relationship[1175]
Processing entry 588 of 4135
1974-07-03 NLD:BRA 2
Node for team NLD already exists: Node[15]
Node for team BRA already exists: Node[7]
Created relationship NLD->BRA with date=1974-07-03 and goalDifference=2: Relationship[1176]
Created relationship BRA->NLD with date=1974-07-03 and goalDifference=2: Relationship[1177]
Processing entry 589 of 4135
1974-07-03 POL:DEU -1
Node for team POL already exists: Node[23]
Node for team DEU already exists: Node[17]
Created relationship POL->DEU with date=1974-07-03 and goalDifference=-1: Relationship[1178]
Created relationship DEU->POL with date=1974-07-03 and goalDifference=-1: Relationship[1179]
Processing entry 590 of 4135
1974-07-03 SWE:YUG 1
Node for team SWE already exists: Node[22]
Node for team YUG already exists: Node[6]
Created relationship SWE->YUG with date=1974-07-03 and goalDifference=1: Relationship[1180]
Created relationship YUG->SWE with date=1974-07-03 and goalDifference=1: Relationship[1181]
Processing entry 591 of 4135
1974-07-06 BRA:POL -1
Node for team BRA already exists: Node[7]
Node for team POL already exists: Node[23]
Created relationship BRA->POL with date=1974-07-06 and goalDifference=-1: Relationship[1182]
Created relationship POL->BRA with date=1974-07-06 and goalDifference=-1: Relationship[1183]
Processing entry 592 of 4135
1974-07-07 NLD:DEU -1
Node for team NLD already exists: Node[15]
Node for team DEU already exists: Node[17]
Created relationship NLD->DEU with date=1974-07-07 and goalDifference=-1: Relationship[1184]
Created relationship DEU->NLD with date=1974-07-07 and goalDifference=-1: Relationship[1185]
Processing entry 593 of 4135
1974-09-01 FIN:POL -1
Node for team FIN already exists: Node[46]
Node for team POL already exists: Node[23]
Created relationship FIN->POL with date=1974-09-01 and goalDifference=-1: Relationship[1186]
Created relationship POL->FIN with date=1974-09-01 and goalDifference=-1: Relationship[1187]
Processing entry 594 of 4135
1974-09-04 AUT:WAL 1
Node for team AUT already exists: Node[13]
Node for team WAL already exists: Node[31]
Created relationship AUT->WAL with date=1974-09-04 and goalDifference=1: Relationship[1188]
Created relationship WAL->AUT with date=1974-09-04 and goalDifference=1: Relationship[1189]
Processing entry 595 of 4135
1974-09-04 NOR:NIR 1
Node for team NOR already exists: Node[26]
Node for team NIR already exists: Node[32]
Created relationship NOR->NIR with date=1974-09-04 and goalDifference=1: Relationship[1190]
Created relationship NIR->NOR with date=1974-09-04 and goalDifference=1: Relationship[1191]
Processing entry 596 of 4135
1974-09-08 ISL:BEL -2
Node for team ISL already exists: Node[43]
Node for team BEL already exists: Node[3]
Created relationship ISL->BEL with date=1974-09-08 and goalDifference=-2: Relationship[1192]
Created relationship BEL->ISL with date=1974-09-08 and goalDifference=-2: Relationship[1193]
Processing entry 597 of 4135
1974-09-25 DNK:ESP -1
Node for team DNK already exists: Node[39]
Node for team ESP already exists: Node[18]
Created relationship DNK->ESP with date=1974-09-25 and goalDifference=-1: Relationship[1194]
Created relationship ESP->DNK with date=1974-09-25 and goalDifference=-1: Relationship[1195]
Processing entry 598 of 4135
1974-09-25 FIN:NLD -2
Node for team FIN already exists: Node[46]
Node for team NLD already exists: Node[15]
Created relationship FIN->NLD with date=1974-09-25 and goalDifference=-2: Relationship[1196]
Created relationship NLD->FIN with date=1974-09-25 and goalDifference=-2: Relationship[1197]
Processing entry 599 of 4135
1974-10-09 POL:FIN 3
Node for team POL already exists: Node[23]
Node for team FIN already exists: Node[46]
Created relationship POL->FIN with date=1974-10-09 and goalDifference=3: Relationship[1198]
Created relationship FIN->POL with date=1974-10-09 and goalDifference=3: Relationship[1199]
Processing entry 600 of 4135
1974-10-12 BEL:FRA 1
Node for team BEL already exists: Node[3]
Node for team FRA already exists: Node[0]
Created relationship BEL->FRA with date=1974-10-12 and goalDifference=1: Relationship[1200]
Created relationship FRA->BEL with date=1974-10-12 and goalDifference=1: Relationship[1201]
Processing entry 601 of 4135
1974-10-12 DDR:ISL 0
Node for team DDR already exists: Node[37]
Node for team ISL already exists: Node[43]
Created relationship DDR->ISL with date=1974-10-12 and goalDifference=0: Relationship[1202]
Created relationship ISL->DDR with date=1974-10-12 and goalDifference=0: Relationship[1203]
Processing entry 602 of 4135
1974-10-13 BGR:GRC 0
Node for team BGR already exists: Node[36]
Node for team GRC already exists: Node[34]
Created relationship BGR->GRC with date=1974-10-13 and goalDifference=0: Relationship[1204]
Created relationship GRC->BGR with date=1974-10-13 and goalDifference=0: Relationship[1205]
Processing entry 603 of 4135
1974-10-13 DNK:ROU 0
Node for team DNK already exists: Node[39]
Node for team ROU already exists: Node[4]
Created relationship DNK->ROU with date=1974-10-13 and goalDifference=0: Relationship[1206]
Created relationship ROU->DNK with date=1974-10-13 and goalDifference=0: Relationship[1207]
Processing entry 604 of 4135
1974-10-13 LUX:HUN -2
Node for team LUX already exists: Node[44]
Node for team HUN already exists: Node[19]
Created relationship LUX->HUN with date=1974-10-13 and goalDifference=-2: Relationship[1208]
Created relationship HUN->LUX with date=1974-10-13 and goalDifference=-2: Relationship[1209]
Processing entry 605 of 4135
1974-10-30 ENG:CSK 3
Node for team ENG already exists: Node[27]
Node for team CSK already exists: Node[16]
Created relationship ENG->CSK with date=1974-10-30 and goalDifference=3: Relationship[1210]
Created relationship CSK->ENG with date=1974-10-30 and goalDifference=3: Relationship[1211]
Processing entry 606 of 4135
1974-10-30 IRL:SUN 3
Node for team IRL already exists: Node[35]
Node for team SUN already exists: Node[33]
Created relationship IRL->SUN with date=1974-10-30 and goalDifference=3: Relationship[1212]
Created relationship SUN->IRL with date=1974-10-30 and goalDifference=3: Relationship[1213]
Processing entry 607 of 4135
1974-10-30 SWE:NIR -2
Node for team SWE already exists: Node[22]
Node for team NIR already exists: Node[32]
Created relationship SWE->NIR with date=1974-10-30 and goalDifference=-2: Relationship[1214]
Created relationship NIR->SWE with date=1974-10-30 and goalDifference=-2: Relationship[1215]
Processing entry 608 of 4135
1974-10-30 WAL:HUN 2
Node for team WAL already exists: Node[31]
Node for team HUN already exists: Node[19]
Created relationship WAL->HUN with date=1974-10-30 and goalDifference=2: Relationship[1216]
Created relationship HUN->WAL with date=1974-10-30 and goalDifference=2: Relationship[1217]
Processing entry 609 of 4135
1974-10-30 YUG:NOR 2
Node for team YUG already exists: Node[6]
Node for team NOR already exists: Node[26]
Created relationship YUG->NOR with date=1974-10-30 and goalDifference=2: Relationship[1218]
Created relationship NOR->YUG with date=1974-10-30 and goalDifference=2: Relationship[1219]
Processing entry 610 of 4135
1974-11-16 FRA:DDR 0
Node for team FRA already exists: Node[0]
Node for team DDR already exists: Node[37]
Created relationship FRA->DDR with date=1974-11-16 and goalDifference=0: Relationship[1220]
Created relationship DDR->FRA with date=1974-11-16 and goalDifference=0: Relationship[1221]
Processing entry 611 of 4135
1974-11-20 ENG:PRT 0
Node for team ENG already exists: Node[27]
Node for team PRT already exists: Node[38]
Created relationship ENG->PRT with date=1974-11-20 and goalDifference=0: Relationship[1222]
Created relationship PRT->ENG with date=1974-11-20 and goalDifference=0: Relationship[1223]
Processing entry 612 of 4135
1974-11-20 GRC:DEU 0
Node for team GRC already exists: Node[34]
Node for team DEU already exists: Node[17]
Created relationship GRC->DEU with date=1974-11-20 and goalDifference=0: Relationship[1224]
Created relationship DEU->GRC with date=1974-11-20 and goalDifference=0: Relationship[1225]
Processing entry 613 of 4135
1974-11-20 NLD:ITA 2
Node for team NLD already exists: Node[15]
Node for team ITA already exists: Node[21]
Created relationship NLD->ITA with date=1974-11-20 and goalDifference=2: Relationship[1226]
Created relationship ITA->NLD with date=1974-11-20 and goalDifference=2: Relationship[1227]
Processing entry 614 of 4135
1974-11-20 SCO:ESP -1
Node for team SCO already exists: Node[28]
Node for team ESP already exists: Node[18]
Created relationship SCO->ESP with date=1974-11-20 and goalDifference=-1: Relationship[1228]
Created relationship ESP->SCO with date=1974-11-20 and goalDifference=-1: Relationship[1229]
Processing entry 615 of 4135
1974-11-20 TUR:IRL 0
Node for team TUR already exists: Node[29]
Node for team IRL already exists: Node[35]
Created relationship TUR->IRL with date=1974-11-20 and goalDifference=0: Relationship[1230]
Created relationship IRL->TUR with date=1974-11-20 and goalDifference=0: Relationship[1231]
Processing entry 616 of 4135
1974-11-20 WAL:LUX 5
Node for team WAL already exists: Node[31]
Node for team LUX already exists: Node[44]
Created relationship WAL->LUX with date=1974-11-20 and goalDifference=5: Relationship[1232]
Created relationship LUX->WAL with date=1974-11-20 and goalDifference=5: Relationship[1233]
Processing entry 617 of 4135
1974-12-01 TUR:CHE 1
Node for team TUR already exists: Node[29]
Node for team CHE already exists: Node[14]
Created relationship TUR->CHE with date=1974-12-01 and goalDifference=1: Relationship[1234]
Created relationship CHE->TUR with date=1974-12-01 and goalDifference=1: Relationship[1235]
Processing entry 618 of 4135
1974-12-07 DDR:BEL 0
Node for team DDR already exists: Node[37]
Node for team BEL already exists: Node[3]
Created relationship DDR->BEL with date=1974-12-07 and goalDifference=0: Relationship[1236]
Created relationship BEL->DDR with date=1974-12-07 and goalDifference=0: Relationship[1237]
Processing entry 619 of 4135
1974-12-18 GRC:BGR 1
Node for team GRC already exists: Node[34]
Node for team BGR already exists: Node[36]
Created relationship GRC->BGR with date=1974-12-18 and goalDifference=1: Relationship[1238]
Created relationship BGR->GRC with date=1974-12-18 and goalDifference=1: Relationship[1239]
Processing entry 620 of 4135
1974-12-22 MLT:DEU -1
Node for team MLT already exists: Node[42]
Node for team DEU already exists: Node[17]
Created relationship MLT->DEU with date=1974-12-22 and goalDifference=-1: Relationship[1240]
Created relationship DEU->MLT with date=1974-12-22 and goalDifference=-1: Relationship[1241]
Processing entry 621 of 4135
1975-02-05 ESP:SCO 0
Node for team ESP already exists: Node[18]
Node for team SCO already exists: Node[28]
Created relationship ESP->SCO with date=1975-02-05 and goalDifference=0: Relationship[1242]
Created relationship SCO->ESP with date=1975-02-05 and goalDifference=0: Relationship[1243]
Processing entry 622 of 4135
1975-02-23 MLT:GRC 2
Node for team MLT already exists: Node[42]
Node for team GRC already exists: Node[34]
Created relationship MLT->GRC with date=1975-02-23 and goalDifference=2: Relationship[1244]
Created relationship GRC->MLT with date=1975-02-23 and goalDifference=2: Relationship[1245]
Processing entry 623 of 4135
1975-03-16 LUX:AUT -1
Node for team LUX already exists: Node[44]
Node for team AUT already exists: Node[13]
Created relationship LUX->AUT with date=1975-03-16 and goalDifference=-1: Relationship[1246]
Created relationship AUT->LUX with date=1975-03-16 and goalDifference=-1: Relationship[1247]
Processing entry 624 of 4135
1975-03-16 NIR:YUG 1
Node for team NIR already exists: Node[32]
Node for team YUG already exists: Node[6]
Created relationship NIR->YUG with date=1975-03-16 and goalDifference=1: Relationship[1248]
Created relationship YUG->NIR with date=1975-03-16 and goalDifference=1: Relationship[1249]
Processing entry 625 of 4135
1975-04-02 AUT:HUN 0
Node for team AUT already exists: Node[13]
Node for team HUN already exists: Node[19]
Created relationship AUT->HUN with date=1975-04-02 and goalDifference=0: Relationship[1250]
Created relationship HUN->AUT with date=1975-04-02 and goalDifference=0: Relationship[1251]
Processing entry 626 of 4135
1975-04-02 SUN:TUR 3
Node for team SUN already exists: Node[33]
Node for team TUR already exists: Node[29]
Created relationship SUN->TUR with date=1975-04-02 and goalDifference=3: Relationship[1252]
Created relationship TUR->SUN with date=1975-04-02 and goalDifference=3: Relationship[1253]
Processing entry 627 of 4135
1975-04-16 ENG:CYP 5
Node for team ENG already exists: Node[27]
Node for team CYP already exists: Node[47]
Created relationship ENG->CYP with date=1975-04-16 and goalDifference=5: Relationship[1254]
Created relationship CYP->ENG with date=1975-04-16 and goalDifference=5: Relationship[1255]
Processing entry 628 of 4135
1975-04-16 HUN:WAL -1
Node for team HUN already exists: Node[19]
Node for team WAL already exists: Node[31]
Created relationship HUN->WAL with date=1975-04-16 and goalDifference=-1: Relationship[1256]
Created relationship WAL->HUN with date=1975-04-16 and goalDifference=-1: Relationship[1257]
Processing entry 629 of 4135
1975-04-17 ESP:ROU 0
Node for team ESP already exists: Node[18]
Node for team ROU already exists: Node[4]
Created relationship ESP->ROU with date=1975-04-17 and goalDifference=0: Relationship[1258]
Created relationship ROU->ESP with date=1975-04-17 and goalDifference=0: Relationship[1259]
Processing entry 630 of 4135
1975-04-19 ITA:POL 0
Node for team ITA already exists: Node[21]
Node for team POL already exists: Node[23]
Created relationship ITA->POL with date=1975-04-19 and goalDifference=0: Relationship[1260]
Created relationship POL->ITA with date=1975-04-19 and goalDifference=0: Relationship[1261]
Processing entry 631 of 4135
1975-04-20 CSK:CYP 4
Node for team CSK already exists: Node[16]
Node for team CYP already exists: Node[47]
Created relationship CSK->CYP with date=1975-04-20 and goalDifference=4: Relationship[1262]
Created relationship CYP->CSK with date=1975-04-20 and goalDifference=4: Relationship[1263]
Processing entry 632 of 4135
1975-04-27 BGR:DEU 0
Node for team BGR already exists: Node[36]
Node for team DEU already exists: Node[17]
Created relationship BGR->DEU with date=1975-04-27 and goalDifference=0: Relationship[1264]
Created relationship DEU->BGR with date=1975-04-27 and goalDifference=0: Relationship[1265]
Processing entry 633 of 4135
1975-04-30 CHE:TUR 0
Node for team CHE already exists: Node[14]
Node for team TUR already exists: Node[29]
Created relationship CHE->TUR with date=1975-04-30 and goalDifference=0: Relationship[1266]
Created relationship TUR->CHE with date=1975-04-30 and goalDifference=0: Relationship[1267]
Processing entry 634 of 4135
1975-04-30 CSK:PRT 5
Node for team CSK already exists: Node[16]
Node for team PRT already exists: Node[38]
Created relationship CSK->PRT with date=1975-04-30 and goalDifference=5: Relationship[1268]
Created relationship PRT->CSK with date=1975-04-30 and goalDifference=5: Relationship[1269]
Processing entry 635 of 4135
1975-05-01 LUX:WAL -2
Node for team LUX already exists: Node[44]
Node for team WAL already exists: Node[31]
Created relationship LUX->WAL with date=1975-05-01 and goalDifference=-2: Relationship[1270]
Created relationship WAL->LUX with date=1975-05-01 and goalDifference=-2: Relationship[1271]
Processing entry 636 of 4135
1975-05-10 IRL:CHE 1
Node for team IRL already exists: Node[35]
Node for team CHE already exists: Node[14]
Created relationship IRL->CHE with date=1975-05-10 and goalDifference=1: Relationship[1272]
Created relationship CHE->IRL with date=1975-05-10 and goalDifference=1: Relationship[1273]
Processing entry 637 of 4135
1975-05-11 CYP:ENG -1
Node for team CYP already exists: Node[47]
Node for team ENG already exists: Node[27]
Created relationship CYP->ENG with date=1975-05-11 and goalDifference=-1: Relationship[1274]
Created relationship ENG->CYP with date=1975-05-11 and goalDifference=-1: Relationship[1275]
Processing entry 638 of 4135
1975-05-11 ROU:DNK 5
Node for team ROU already exists: Node[4]
Node for team DNK already exists: Node[39]
Created relationship ROU->DNK with date=1975-05-11 and goalDifference=5: Relationship[1276]
Created relationship DNK->ROU with date=1975-05-11 and goalDifference=5: Relationship[1277]
Processing entry 639 of 4135
1975-05-18 SUN:IRL 1
Node for team SUN already exists: Node[33]
Node for team IRL already exists: Node[35]
Created relationship SUN->IRL with date=1975-05-18 and goalDifference=1: Relationship[1278]
Created relationship IRL->SUN with date=1975-05-18 and goalDifference=1: Relationship[1279]
Processing entry 640 of 4135
1975-05-21 CHE:IRL 1
Node for team CHE already exists: Node[14]
Node for team IRL already exists: Node[35]
Created relationship CHE->IRL with date=1975-05-21 and goalDifference=1: Relationship[1280]
Created relationship IRL->CHE with date=1975-05-21 and goalDifference=1: Relationship[1281]
Processing entry 641 of 4135
1975-05-25 ISL:FRA 0
Node for team ISL already exists: Node[43]
Node for team FRA already exists: Node[0]
Created relationship ISL->FRA with date=1975-05-25 and goalDifference=0: Relationship[1282]
Created relationship FRA->ISL with date=1975-05-25 and goalDifference=0: Relationship[1283]
Processing entry 642 of 4135
1975-06-01 ROU:SCO 0
Node for team ROU already exists: Node[4]
Node for team SCO already exists: Node[28]
Created relationship ROU->SCO with date=1975-06-01 and goalDifference=0: Relationship[1284]
Created relationship SCO->ROU with date=1975-06-01 and goalDifference=0: Relationship[1285]
Processing entry 643 of 4135
1975-06-04 GRC:MLT 4
Node for team GRC already exists: Node[34]
Node for team MLT already exists: Node[42]
Created relationship GRC->MLT with date=1975-06-04 and goalDifference=4: Relationship[1286]
Created relationship MLT->GRC with date=1975-06-04 and goalDifference=4: Relationship[1287]
Processing entry 644 of 4135
1975-06-04 SWE:YUG -1
Node for team SWE already exists: Node[22]
Node for team YUG already exists: Node[6]
Created relationship SWE->YUG with date=1975-06-04 and goalDifference=-1: Relationship[1288]
Created relationship YUG->SWE with date=1975-06-04 and goalDifference=-1: Relationship[1289]
Processing entry 645 of 4135
1975-06-05 FIN:ITA -1
Node for team FIN already exists: Node[46]
Node for team ITA already exists: Node[21]
Created relationship FIN->ITA with date=1975-06-05 and goalDifference=-1: Relationship[1290]
Created relationship ITA->FIN with date=1975-06-05 and goalDifference=-1: Relationship[1291]
Processing entry 646 of 4135
1975-06-05 ISL:DDR 1
Node for team ISL already exists: Node[43]
Node for team DDR already exists: Node[37]
Created relationship ISL->DDR with date=1975-06-05 and goalDifference=1: Relationship[1292]
Created relationship DDR->ISL with date=1975-06-05 and goalDifference=1: Relationship[1293]
Processing entry 647 of 4135
1975-06-08 CYP:PRT -2
Node for team CYP already exists: Node[47]
Node for team PRT already exists: Node[38]
Created relationship CYP->PRT with date=1975-06-08 and goalDifference=-2: Relationship[1294]
Created relationship PRT->CYP with date=1975-06-08 and goalDifference=-2: Relationship[1295]
Processing entry 648 of 4135
1975-06-09 NOR:YUG -2
Node for team NOR already exists: Node[26]
Node for team YUG already exists: Node[6]
Created relationship NOR->YUG with date=1975-06-09 and goalDifference=-2: Relationship[1296]
Created relationship YUG->NOR with date=1975-06-09 and goalDifference=-2: Relationship[1297]
Processing entry 649 of 4135
1975-06-11 BGR:MLT 5
Node for team BGR already exists: Node[36]
Node for team MLT already exists: Node[42]
Created relationship BGR->MLT with date=1975-06-11 and goalDifference=5: Relationship[1298]
Created relationship MLT->BGR with date=1975-06-11 and goalDifference=5: Relationship[1299]
Processing entry 650 of 4135
1975-06-30 SWE:NOR 2
Node for team SWE already exists: Node[22]
Node for team NOR already exists: Node[26]
Created relationship SWE->NOR with date=1975-06-30 and goalDifference=2: Relationship[1300]
Created relationship NOR->SWE with date=1975-06-30 and goalDifference=2: Relationship[1301]
Processing entry 651 of 4135
1975-08-13 NOR:SWE -2
Node for team NOR already exists: Node[26]
Node for team SWE already exists: Node[22]
Created relationship NOR->SWE with date=1975-08-13 and goalDifference=-2: Relationship[1302]
Created relationship SWE->NOR with date=1975-08-13 and goalDifference=-2: Relationship[1303]
Processing entry 652 of 4135
1975-09-03 DNK:SCO -1
Node for team DNK already exists: Node[39]
Node for team SCO already exists: Node[28]
Created relationship DNK->SCO with date=1975-09-03 and goalDifference=-1: Relationship[1304]
Created relationship SCO->DNK with date=1975-09-03 and goalDifference=-1: Relationship[1305]
Processing entry 653 of 4135
1975-09-03 FRA:ISL 3
Node for team FRA already exists: Node[0]
Node for team ISL already exists: Node[43]
Created relationship FRA->ISL with date=1975-09-03 and goalDifference=3: Relationship[1306]
Created relationship ISL->FRA with date=1975-09-03 and goalDifference=3: Relationship[1307]
Processing entry 654 of 4135
1975-09-03 NIR:SWE -1
Node for team NIR already exists: Node[32]
Node for team SWE already exists: Node[22]
Created relationship NIR->SWE with date=1975-09-03 and goalDifference=-1: Relationship[1308]
Created relationship SWE->NIR with date=1975-09-03 and goalDifference=-1: Relationship[1309]
Processing entry 655 of 4135
1975-09-03 NLD:FIN 3
Node for team NLD already exists: Node[15]
Node for team FIN already exists: Node[46]
Created relationship NLD->FIN with date=1975-09-03 and goalDifference=3: Relationship[1310]
Created relationship FIN->NLD with date=1975-09-03 and goalDifference=3: Relationship[1311]
Processing entry 656 of 4135
1975-09-06 BEL:ISL 1
Node for team BEL already exists: Node[3]
Node for team ISL already exists: Node[43]
Created relationship BEL->ISL with date=1975-09-06 and goalDifference=1: Relationship[1312]
Created relationship ISL->BEL with date=1975-09-06 and goalDifference=1: Relationship[1313]
Processing entry 657 of 4135
1975-09-10 POL:NLD 3
Node for team POL already exists: Node[23]
Node for team NLD already exists: Node[15]
Created relationship POL->NLD with date=1975-09-10 and goalDifference=3: Relationship[1314]
Created relationship NLD->POL with date=1975-09-10 and goalDifference=3: Relationship[1315]
Processing entry 658 of 4135
1975-09-24 HUN:AUT 1
Node for team HUN already exists: Node[19]
Node for team AUT already exists: Node[13]
Created relationship HUN->AUT with date=1975-09-24 and goalDifference=1: Relationship[1316]
Created relationship AUT->HUN with date=1975-09-24 and goalDifference=1: Relationship[1317]
Processing entry 659 of 4135
1975-09-27 BEL:DDR -1
Node for team BEL already exists: Node[3]
Node for team DDR already exists: Node[37]
Created relationship BEL->DDR with date=1975-09-27 and goalDifference=-1: Relationship[1318]
Created relationship DDR->BEL with date=1975-09-27 and goalDifference=-1: Relationship[1319]
Processing entry 660 of 4135
1975-09-27 ITA:FIN 0
Node for team ITA already exists: Node[21]
Node for team FIN already exists: Node[46]
Created relationship ITA->FIN with date=1975-09-27 and goalDifference=0: Relationship[1320]
Created relationship FIN->ITA with date=1975-09-27 and goalDifference=0: Relationship[1321]
Processing entry 661 of 4135
1975-10-11 DEU:GRC 0
Node for team DEU already exists: Node[17]
Node for team GRC already exists: Node[34]
Created relationship DEU->GRC with date=1975-10-11 and goalDifference=0: Relationship[1322]
Created relationship GRC->DEU with date=1975-10-11 and goalDifference=0: Relationship[1323]
Processing entry 662 of 4135
1975-10-12 CHE:SUN -1
Node for team CHE already exists: Node[14]
Node for team SUN already exists: Node[33]
Created relationship CHE->SUN with date=1975-10-12 and goalDifference=-1: Relationship[1324]
Created relationship SUN->CHE with date=1975-10-12 and goalDifference=-1: Relationship[1325]
Processing entry 663 of 4135
1975-10-12 DDR:FRA 1
Node for team DDR already exists: Node[37]
Node for team FRA already exists: Node[0]
Created relationship DDR->FRA with date=1975-10-12 and goalDifference=1: Relationship[1326]
Created relationship FRA->DDR with date=1975-10-12 and goalDifference=1: Relationship[1327]
Processing entry 664 of 4135
1975-10-12 ESP:DNK 2
Node for team ESP already exists: Node[18]
Node for team DNK already exists: Node[39]
Created relationship ESP->DNK with date=1975-10-12 and goalDifference=2: Relationship[1328]
Created relationship DNK->ESP with date=1975-10-12 and goalDifference=2: Relationship[1329]
Processing entry 665 of 4135
1975-10-15 AUT:LUX 4
Node for team AUT already exists: Node[13]
Node for team LUX already exists: Node[44]
Created relationship AUT->LUX with date=1975-10-15 and goalDifference=4: Relationship[1330]
Created relationship LUX->AUT with date=1975-10-15 and goalDifference=4: Relationship[1331]
Processing entry 666 of 4135
1975-10-15 NLD:POL 3
Node for team NLD already exists: Node[15]
Node for team POL already exists: Node[23]
Created relationship NLD->POL with date=1975-10-15 and goalDifference=3: Relationship[1332]
Created relationship POL->NLD with date=1975-10-15 and goalDifference=3: Relationship[1333]
Processing entry 667 of 4135
1975-10-15 YUG:SWE 3
Node for team YUG already exists: Node[6]
Node for team SWE already exists: Node[22]
Created relationship YUG->SWE with date=1975-10-15 and goalDifference=3: Relationship[1334]
Created relationship SWE->YUG with date=1975-10-15 and goalDifference=3: Relationship[1335]
Processing entry 668 of 4135
1975-10-19 HUN:LUX 7
Node for team HUN already exists: Node[19]
Node for team LUX already exists: Node[44]
Created relationship HUN->LUX with date=1975-10-19 and goalDifference=7: Relationship[1336]
Created relationship LUX->HUN with date=1975-10-19 and goalDifference=7: Relationship[1337]
Processing entry 669 of 4135
1975-10-26 POL:ITA 0
Node for team POL already exists: Node[23]
Node for team ITA already exists: Node[21]
Created relationship POL->ITA with date=1975-10-26 and goalDifference=0: Relationship[1338]
Created relationship ITA->POL with date=1975-10-26 and goalDifference=0: Relationship[1339]
Processing entry 670 of 4135
1975-10-29 IRL:TUR 4
Node for team IRL already exists: Node[35]
Node for team TUR already exists: Node[29]
Created relationship IRL->TUR with date=1975-10-29 and goalDifference=4: Relationship[1340]
Created relationship TUR->IRL with date=1975-10-29 and goalDifference=4: Relationship[1341]
Processing entry 671 of 4135
1975-10-29 NIR:NOR 3
Node for team NIR already exists: Node[32]
Node for team NOR already exists: Node[26]
Created relationship NIR->NOR with date=1975-10-29 and goalDifference=3: Relationship[1342]
Created relationship NOR->NIR with date=1975-10-29 and goalDifference=3: Relationship[1343]
Processing entry 672 of 4135
1975-10-29 SCO:DNK 2
Node for team SCO already exists: Node[28]
Node for team DNK already exists: Node[39]
Created relationship SCO->DNK with date=1975-10-29 and goalDifference=2: Relationship[1344]
Created relationship DNK->SCO with date=1975-10-29 and goalDifference=2: Relationship[1345]
Processing entry 673 of 4135
1975-10-30 CSK:ENG 1
Node for team CSK already exists: Node[16]
Node for team ENG already exists: Node[27]
Created relationship CSK->ENG with date=1975-10-30 and goalDifference=1: Relationship[1346]
Created relationship ENG->CSK with date=1975-10-30 and goalDifference=1: Relationship[1347]
Processing entry 674 of 4135
1975-11-12 PRT:CSK 0
Node for team PRT already exists: Node[38]
Node for team CSK already exists: Node[16]
Created relationship PRT->CSK with date=1975-11-12 and goalDifference=0: Relationship[1348]
Created relationship CSK->PRT with date=1975-11-12 and goalDifference=0: Relationship[1349]
Processing entry 675 of 4135
1975-11-12 SUN:CHE 3
Node for team SUN already exists: Node[33]
Node for team CHE already exists: Node[14]
Created relationship SUN->CHE with date=1975-11-12 and goalDifference=3: Relationship[1350]
Created relationship CHE->SUN with date=1975-11-12 and goalDifference=3: Relationship[1351]
Processing entry 676 of 4135
1975-11-15 FRA:BEL 0
Node for team FRA already exists: Node[0]
Node for team BEL already exists: Node[3]
Created relationship FRA->BEL with date=1975-11-15 and goalDifference=0: Relationship[1352]
Created relationship BEL->FRA with date=1975-11-15 and goalDifference=0: Relationship[1353]
Processing entry 677 of 4135
1975-11-16 ROU:ESP 0
Node for team ROU already exists: Node[4]
Node for team ESP already exists: Node[18]
Created relationship ROU->ESP with date=1975-11-16 and goalDifference=0: Relationship[1354]
Created relationship ESP->ROU with date=1975-11-16 and goalDifference=0: Relationship[1355]
Processing entry 678 of 4135
1975-11-19 DEU:BGR 1
Node for team DEU already exists: Node[17]
Node for team BGR already exists: Node[36]
Created relationship DEU->BGR with date=1975-11-19 and goalDifference=1: Relationship[1356]
Created relationship BGR->DEU with date=1975-11-19 and goalDifference=1: Relationship[1357]
Processing entry 679 of 4135
1975-11-19 PRT:ENG 0
Node for team PRT already exists: Node[38]
Node for team ENG already exists: Node[27]
Created relationship PRT->ENG with date=1975-11-19 and goalDifference=0: Relationship[1358]
Created relationship ENG->PRT with date=1975-11-19 and goalDifference=0: Relationship[1359]
Processing entry 680 of 4135
1975-11-19 WAL:AUT 1
Node for team WAL already exists: Node[31]
Node for team AUT already exists: Node[13]
Created relationship WAL->AUT with date=1975-11-19 and goalDifference=1: Relationship[1360]
Created relationship AUT->WAL with date=1975-11-19 and goalDifference=1: Relationship[1361]
Processing entry 681 of 4135
1975-11-19 YUG:NIR 1
Node for team YUG already exists: Node[6]
Node for team NIR already exists: Node[32]
Created relationship YUG->NIR with date=1975-11-19 and goalDifference=1: Relationship[1362]
Created relationship NIR->YUG with date=1975-11-19 and goalDifference=1: Relationship[1363]
Processing entry 682 of 4135
1975-11-22 ITA:NLD 1
Node for team ITA already exists: Node[21]
Node for team NLD already exists: Node[15]
Created relationship ITA->NLD with date=1975-11-22 and goalDifference=1: Relationship[1364]
Created relationship NLD->ITA with date=1975-11-22 and goalDifference=1: Relationship[1365]
Processing entry 683 of 4135
1975-11-23 CYP:CSK -3
Node for team CYP already exists: Node[47]
Node for team CSK already exists: Node[16]
Created relationship CYP->CSK with date=1975-11-23 and goalDifference=-3: Relationship[1366]
Created relationship CSK->CYP with date=1975-11-23 and goalDifference=-3: Relationship[1367]
Processing entry 684 of 4135
1975-11-23 TUR:SUN 1
Node for team TUR already exists: Node[29]
Node for team SUN already exists: Node[33]
Created relationship TUR->SUN with date=1975-11-23 and goalDifference=1: Relationship[1368]
Created relationship SUN->TUR with date=1975-11-23 and goalDifference=1: Relationship[1369]
Processing entry 685 of 4135
1975-12-03 PRT:CYP 1
Node for team PRT already exists: Node[38]
Node for team CYP already exists: Node[47]
Created relationship PRT->CYP with date=1975-12-03 and goalDifference=1: Relationship[1370]
Created relationship CYP->PRT with date=1975-12-03 and goalDifference=1: Relationship[1371]
Processing entry 686 of 4135
1975-12-17 SCO:ROU 0
Node for team SCO already exists: Node[28]
Node for team ROU already exists: Node[4]
Created relationship SCO->ROU with date=1975-12-17 and goalDifference=0: Relationship[1372]
Created relationship ROU->SCO with date=1975-12-17 and goalDifference=0: Relationship[1373]
Processing entry 687 of 4135
1975-12-21 MLT:BGR -2
Node for team MLT already exists: Node[42]
Node for team BGR already exists: Node[36]
Created relationship MLT->BGR with date=1975-12-21 and goalDifference=-2: Relationship[1374]
Created relationship BGR->MLT with date=1975-12-21 and goalDifference=-2: Relationship[1375]
Processing entry 688 of 4135
1976-02-28 DEU:MLT 8
Node for team DEU already exists: Node[17]
Node for team MLT already exists: Node[42]
Created relationship DEU->MLT with date=1976-02-28 and goalDifference=8: Relationship[1376]
Created relationship MLT->DEU with date=1976-02-28 and goalDifference=8: Relationship[1377]
Processing entry 689 of 4135
1976-04-24 CSK:SUN 2
Node for team CSK already exists: Node[16]
Node for team SUN already exists: Node[33]
Created relationship CSK->SUN with date=1976-04-24 and goalDifference=2: Relationship[1378]
Created relationship SUN->CSK with date=1976-04-24 and goalDifference=2: Relationship[1379]
Processing entry 690 of 4135
1976-04-24 ESP:DEU 0
Node for team ESP already exists: Node[18]
Node for team DEU already exists: Node[17]
Created relationship ESP->DEU with date=1976-04-24 and goalDifference=0: Relationship[1380]
Created relationship DEU->ESP with date=1976-04-24 and goalDifference=0: Relationship[1381]
Processing entry 691 of 4135
1976-04-24 YUG:WAL 2
Node for team YUG already exists: Node[6]
Node for team WAL already exists: Node[31]
Created relationship YUG->WAL with date=1976-04-24 and goalDifference=2: Relationship[1382]
Created relationship WAL->YUG with date=1976-04-24 and goalDifference=2: Relationship[1383]
Processing entry 692 of 4135
1976-04-25 NLD:BEL 5
Node for team NLD already exists: Node[15]
Node for team BEL already exists: Node[3]
Created relationship NLD->BEL with date=1976-04-25 and goalDifference=5: Relationship[1384]
Created relationship BEL->NLD with date=1976-04-25 and goalDifference=5: Relationship[1385]
Processing entry 693 of 4135
1976-05-22 BEL:NLD -1
Node for team BEL already exists: Node[3]
Node for team NLD already exists: Node[15]
Created relationship BEL->NLD with date=1976-05-22 and goalDifference=-1: Relationship[1386]
Created relationship NLD->BEL with date=1976-05-22 and goalDifference=-1: Relationship[1387]
Processing entry 694 of 4135
1976-05-22 DEU:ESP 2
Node for team DEU already exists: Node[17]
Node for team ESP already exists: Node[18]
Created relationship DEU->ESP with date=1976-05-22 and goalDifference=2: Relationship[1388]
Created relationship ESP->DEU with date=1976-05-22 and goalDifference=2: Relationship[1389]
Processing entry 695 of 4135
1976-05-22 SUN:CSK 0
Node for team SUN already exists: Node[33]
Node for team CSK already exists: Node[16]
Created relationship SUN->CSK with date=1976-05-22 and goalDifference=0: Relationship[1390]
Created relationship CSK->SUN with date=1976-05-22 and goalDifference=0: Relationship[1391]
Processing entry 696 of 4135
1976-05-22 WAL:YUG 0
Node for team WAL already exists: Node[31]
Node for team YUG already exists: Node[6]
Created relationship WAL->YUG with date=1976-05-22 and goalDifference=0: Relationship[1392]
Created relationship YUG->WAL with date=1976-05-22 and goalDifference=0: Relationship[1393]
Processing entry 697 of 4135
1976-06-16 CSK:NLD 2
Node for team CSK already exists: Node[16]
Node for team NLD already exists: Node[15]
Created relationship CSK->NLD with date=1976-06-16 and goalDifference=2: Relationship[1394]
Created relationship NLD->CSK with date=1976-06-16 and goalDifference=2: Relationship[1395]
Processing entry 698 of 4135
1976-06-17 YUG:DEU -2
Node for team YUG already exists: Node[6]
Node for team DEU already exists: Node[17]
Created relationship YUG->DEU with date=1976-06-17 and goalDifference=-2: Relationship[1396]
Created relationship DEU->YUG with date=1976-06-17 and goalDifference=-2: Relationship[1397]
Processing entry 699 of 4135
1976-06-19 YUG:NLD -1
Node for team YUG already exists: Node[6]
Node for team NLD already exists: Node[15]
Created relationship YUG->NLD with date=1976-06-19 and goalDifference=-1: Relationship[1398]
Created relationship NLD->YUG with date=1976-06-19 and goalDifference=-1: Relationship[1399]
Processing entry 700 of 4135
1976-06-20 CSK:DEU 0
Node for team CSK already exists: Node[16]
Node for team DEU already exists: Node[17]
Created relationship CSK->DEU with date=1976-06-20 and goalDifference=0: Relationship[1400]
Created relationship DEU->CSK with date=1976-06-20 and goalDifference=0: Relationship[1401]
Processing entry 701 of 4135
1978-05-24 DNK:IRL 0
Node for team DNK already exists: Node[39]
Node for team IRL already exists: Node[35]
Created relationship DNK->IRL with date=1978-05-24 and goalDifference=0: Relationship[1402]
Created relationship IRL->DNK with date=1978-05-24 and goalDifference=0: Relationship[1403]
Processing entry 702 of 4135
1978-05-24 FIN:GRC 3
Node for team FIN already exists: Node[46]
Node for team GRC already exists: Node[34]
Created relationship FIN->GRC with date=1978-05-24 and goalDifference=3: Relationship[1404]
Created relationship GRC->FIN with date=1978-05-24 and goalDifference=3: Relationship[1405]
Processing entry 703 of 4135
1978-06-01 DEU:POL 0
Node for team DEU already exists: Node[17]
Node for team POL already exists: Node[23]
Created relationship DEU->POL with date=1978-06-01 and goalDifference=0: Relationship[1406]
Created relationship POL->DEU with date=1978-06-01 and goalDifference=0: Relationship[1407]
Processing entry 704 of 4135
1978-06-02 ARG:HUN 1
Node for team ARG already exists: Node[8]
Node for team HUN already exists: Node[19]
Created relationship ARG->HUN with date=1978-06-02 and goalDifference=1: Relationship[1408]
Created relationship HUN->ARG with date=1978-06-02 and goalDifference=1: Relationship[1409]
Processing entry 705 of 4135
1978-06-02 ITA:FRA 1
Node for team ITA already exists: Node[21]
Node for team FRA already exists: Node[0]
Created relationship ITA->FRA with date=1978-06-02 and goalDifference=1: Relationship[1410]
Created relationship FRA->ITA with date=1978-06-02 and goalDifference=1: Relationship[1411]
Processing entry 706 of 4135
1978-06-02 TUN:MEX 2
Created new node for team TUN: Node[54]
Node for team MEX already exists: Node[1]
Created relationship TUN->MEX with date=1978-06-02 and goalDifference=2: Relationship[1412]
Created relationship MEX->TUN with date=1978-06-02 and goalDifference=2: Relationship[1413]
Processing entry 707 of 4135
1978-06-03 AUT:ESP 1
Node for team AUT already exists: Node[13]
Node for team ESP already exists: Node[18]
Created relationship AUT->ESP with date=1978-06-03 and goalDifference=1: Relationship[1414]
Created relationship ESP->AUT with date=1978-06-03 and goalDifference=1: Relationship[1415]
Processing entry 708 of 4135
1978-06-03 BRA:SWE 0
Node for team BRA already exists: Node[7]
Node for team SWE already exists: Node[22]
Created relationship BRA->SWE with date=1978-06-03 and goalDifference=0: Relationship[1416]
Created relationship SWE->BRA with date=1978-06-03 and goalDifference=0: Relationship[1417]
Processing entry 709 of 4135
1978-06-03 NLD:IRN 3
Node for team NLD already exists: Node[15]
Created new node for team IRN: Node[55]
Created relationship NLD->IRN with date=1978-06-03 and goalDifference=3: Relationship[1418]
Created relationship IRN->NLD with date=1978-06-03 and goalDifference=3: Relationship[1419]
Processing entry 710 of 4135
1978-06-03 PER:SCO 2
Node for team PER already exists: Node[5]
Node for team SCO already exists: Node[28]
Created relationship PER->SCO with date=1978-06-03 and goalDifference=2: Relationship[1420]
Created relationship SCO->PER with date=1978-06-03 and goalDifference=2: Relationship[1421]
Processing entry 711 of 4135
1978-06-03 SWE:BRA 0
Node for team SWE already exists: Node[22]
Node for team BRA already exists: Node[7]
Created relationship SWE->BRA with date=1978-06-03 and goalDifference=0: Relationship[1422]
Created relationship BRA->SWE with date=1978-06-03 and goalDifference=0: Relationship[1423]
Processing entry 712 of 4135
1978-06-06 ARG:FRA 1
Node for team ARG already exists: Node[8]
Node for team FRA already exists: Node[0]
Created relationship ARG->FRA with date=1978-06-06 and goalDifference=1: Relationship[1424]
Created relationship FRA->ARG with date=1978-06-06 and goalDifference=1: Relationship[1425]
Processing entry 713 of 4135
1978-06-06 DEU:MEX 6
Node for team DEU already exists: Node[17]
Node for team MEX already exists: Node[1]
Created relationship DEU->MEX with date=1978-06-06 and goalDifference=6: Relationship[1426]
Created relationship MEX->DEU with date=1978-06-06 and goalDifference=6: Relationship[1427]
Processing entry 714 of 4135
1978-06-06 ITA:HUN 2
Node for team ITA already exists: Node[21]
Node for team HUN already exists: Node[19]
Created relationship ITA->HUN with date=1978-06-06 and goalDifference=2: Relationship[1428]
Created relationship HUN->ITA with date=1978-06-06 and goalDifference=2: Relationship[1429]
Processing entry 715 of 4135
1978-06-06 POL:MEX 2
Node for team POL already exists: Node[23]
Node for team MEX already exists: Node[1]
Created relationship POL->MEX with date=1978-06-06 and goalDifference=2: Relationship[1430]
Created relationship MEX->POL with date=1978-06-06 and goalDifference=2: Relationship[1431]
Processing entry 716 of 4135
1978-06-06 POL:TUN 1
Node for team POL already exists: Node[23]
Node for team TUN already exists: Node[54]
Created relationship POL->TUN with date=1978-06-06 and goalDifference=1: Relationship[1432]
Created relationship TUN->POL with date=1978-06-06 and goalDifference=1: Relationship[1433]
Processing entry 717 of 4135
1978-06-07 AUT:SWE 1
Node for team AUT already exists: Node[13]
Node for team SWE already exists: Node[22]
Created relationship AUT->SWE with date=1978-06-07 and goalDifference=1: Relationship[1434]
Created relationship SWE->AUT with date=1978-06-07 and goalDifference=1: Relationship[1435]
Processing entry 718 of 4135
1978-06-07 BRA:ESP 0
Node for team BRA already exists: Node[7]
Node for team ESP already exists: Node[18]
Created relationship BRA->ESP with date=1978-06-07 and goalDifference=0: Relationship[1436]
Created relationship ESP->BRA with date=1978-06-07 and goalDifference=0: Relationship[1437]
Processing entry 719 of 4135
1978-06-07 NLD:PER 0
Node for team NLD already exists: Node[15]
Node for team PER already exists: Node[5]
Created relationship NLD->PER with date=1978-06-07 and goalDifference=0: Relationship[1438]
Created relationship PER->NLD with date=1978-06-07 and goalDifference=0: Relationship[1439]
Processing entry 720 of 4135
1978-06-07 PER:NLD 0
Node for team PER already exists: Node[5]
Node for team NLD already exists: Node[15]
Created relationship PER->NLD with date=1978-06-07 and goalDifference=0: Relationship[1440]
Created relationship NLD->PER with date=1978-06-07 and goalDifference=0: Relationship[1441]
Processing entry 721 of 4135
1978-06-07 SCO:IRN 0
Node for team SCO already exists: Node[28]
Node for team IRN already exists: Node[55]
Created relationship SCO->IRN with date=1978-06-07 and goalDifference=0: Relationship[1442]
Created relationship IRN->SCO with date=1978-06-07 and goalDifference=0: Relationship[1443]
Processing entry 722 of 4135
1978-06-10 ARG:ITA -1
Node for team ARG already exists: Node[8]
Node for team ITA already exists: Node[21]
Created relationship ARG->ITA with date=1978-06-10 and goalDifference=-1: Relationship[1444]
Created relationship ITA->ARG with date=1978-06-10 and goalDifference=-1: Relationship[1445]
Processing entry 723 of 4135
1978-06-10 DEU:TUN 0
Node for team DEU already exists: Node[17]
Node for team TUN already exists: Node[54]
Created relationship DEU->TUN with date=1978-06-10 and goalDifference=0: Relationship[1446]
Created relationship TUN->DEU with date=1978-06-10 and goalDifference=0: Relationship[1447]
Processing entry 724 of 4135
1978-06-10 FRA:HUN 2
Node for team FRA already exists: Node[0]
Node for team HUN already exists: Node[19]
Created relationship FRA->HUN with date=1978-06-10 and goalDifference=2: Relationship[1448]
Created relationship HUN->FRA with date=1978-06-10 and goalDifference=2: Relationship[1449]
Processing entry 725 of 4135
1978-06-10 ITA:ARG 1
Node for team ITA already exists: Node[21]
Node for team ARG already exists: Node[8]
Created relationship ITA->ARG with date=1978-06-10 and goalDifference=1: Relationship[1450]
Created relationship ARG->ITA with date=1978-06-10 and goalDifference=1: Relationship[1451]
Processing entry 726 of 4135
1978-06-10 POL:MEX 2
Node for team POL already exists: Node[23]
Node for team MEX already exists: Node[1]
Created relationship POL->MEX with date=1978-06-10 and goalDifference=2: Relationship[1452]
Created relationship MEX->POL with date=1978-06-10 and goalDifference=2: Relationship[1453]
Processing entry 727 of 4135
1978-06-11 BRA:AUT 1
Node for team BRA already exists: Node[7]
Node for team AUT already exists: Node[13]
Created relationship BRA->AUT with date=1978-06-11 and goalDifference=1: Relationship[1454]
Created relationship AUT->BRA with date=1978-06-11 and goalDifference=1: Relationship[1455]
Processing entry 728 of 4135
1978-06-11 ESP:SWE 1
Node for team ESP already exists: Node[18]
Node for team SWE already exists: Node[22]
Created relationship ESP->SWE with date=1978-06-11 and goalDifference=1: Relationship[1456]
Created relationship SWE->ESP with date=1978-06-11 and goalDifference=1: Relationship[1457]
Processing entry 729 of 4135
1978-06-11 PER:IRN 3
Node for team PER already exists: Node[5]
Node for team IRN already exists: Node[55]
Created relationship PER->IRN with date=1978-06-11 and goalDifference=3: Relationship[1458]
Created relationship IRN->PER with date=1978-06-11 and goalDifference=3: Relationship[1459]
Processing entry 730 of 4135
1978-06-11 SCO:NLD 1
Node for team SCO already exists: Node[28]
Node for team NLD already exists: Node[15]
Created relationship SCO->NLD with date=1978-06-11 and goalDifference=1: Relationship[1460]
Created relationship NLD->SCO with date=1978-06-11 and goalDifference=1: Relationship[1461]
Processing entry 731 of 4135
1978-06-14 ARG:POL 2
Node for team ARG already exists: Node[8]
Node for team POL already exists: Node[23]
Created relationship ARG->POL with date=1978-06-14 and goalDifference=2: Relationship[1462]
Created relationship POL->ARG with date=1978-06-14 and goalDifference=2: Relationship[1463]
Processing entry 732 of 4135
1978-06-14 AUT:NLD -4
Node for team AUT already exists: Node[13]
Node for team NLD already exists: Node[15]
Created relationship AUT->NLD with date=1978-06-14 and goalDifference=-4: Relationship[1464]
Created relationship NLD->AUT with date=1978-06-14 and goalDifference=-4: Relationship[1465]
Processing entry 733 of 4135
1978-06-14 BRA:PER 3
Node for team BRA already exists: Node[7]
Node for team PER already exists: Node[5]
Created relationship BRA->PER with date=1978-06-14 and goalDifference=3: Relationship[1466]
Created relationship PER->BRA with date=1978-06-14 and goalDifference=3: Relationship[1467]
Processing entry 734 of 4135
1978-06-14 DEU:ITA 0
Node for team DEU already exists: Node[17]
Node for team ITA already exists: Node[21]
Created relationship DEU->ITA with date=1978-06-14 and goalDifference=0: Relationship[1468]
Created relationship ITA->DEU with date=1978-06-14 and goalDifference=0: Relationship[1469]
Processing entry 735 of 4135
1978-06-14 ITA:DEU 0
Node for team ITA already exists: Node[21]
Node for team DEU already exists: Node[17]
Created relationship ITA->DEU with date=1978-06-14 and goalDifference=0: Relationship[1470]
Created relationship DEU->ITA with date=1978-06-14 and goalDifference=0: Relationship[1471]
Processing entry 736 of 4135
1978-06-14 NLD:AUT 4
Node for team NLD already exists: Node[15]
Node for team AUT already exists: Node[13]
Created relationship NLD->AUT with date=1978-06-14 and goalDifference=4: Relationship[1472]
Created relationship AUT->NLD with date=1978-06-14 and goalDifference=4: Relationship[1473]
Processing entry 737 of 4135
1978-06-14 PER:BRA -3
Node for team PER already exists: Node[5]
Node for team BRA already exists: Node[7]
Created relationship PER->BRA with date=1978-06-14 and goalDifference=-3: Relationship[1474]
Created relationship BRA->PER with date=1978-06-14 and goalDifference=-3: Relationship[1475]
Processing entry 738 of 4135
1978-06-18 ARG:BRA 0
Node for team ARG already exists: Node[8]
Node for team BRA already exists: Node[7]
Created relationship ARG->BRA with date=1978-06-18 and goalDifference=0: Relationship[1476]
Created relationship BRA->ARG with date=1978-06-18 and goalDifference=0: Relationship[1477]
Processing entry 739 of 4135
1978-06-18 DEU:NLD 0
Node for team DEU already exists: Node[17]
Node for team NLD already exists: Node[15]
Created relationship DEU->NLD with date=1978-06-18 and goalDifference=0: Relationship[1478]
Created relationship NLD->DEU with date=1978-06-18 and goalDifference=0: Relationship[1479]
Processing entry 740 of 4135
1978-06-18 ITA:AUT 1
Node for team ITA already exists: Node[21]
Node for team AUT already exists: Node[13]
Created relationship ITA->AUT with date=1978-06-18 and goalDifference=1: Relationship[1480]
Created relationship AUT->ITA with date=1978-06-18 and goalDifference=1: Relationship[1481]
Processing entry 741 of 4135
1978-06-18 NLD:DEU 0
Node for team NLD already exists: Node[15]
Node for team DEU already exists: Node[17]
Created relationship NLD->DEU with date=1978-06-18 and goalDifference=0: Relationship[1482]
Created relationship DEU->NLD with date=1978-06-18 and goalDifference=0: Relationship[1483]
Processing entry 742 of 4135
1978-06-18 PER:POL -1
Node for team PER already exists: Node[5]
Node for team POL already exists: Node[23]
Created relationship PER->POL with date=1978-06-18 and goalDifference=-1: Relationship[1484]
Created relationship POL->PER with date=1978-06-18 and goalDifference=-1: Relationship[1485]
Processing entry 743 of 4135
1978-06-18 POL:PER 1
Node for team POL already exists: Node[23]
Node for team PER already exists: Node[5]
Created relationship POL->PER with date=1978-06-18 and goalDifference=1: Relationship[1486]
Created relationship PER->POL with date=1978-06-18 and goalDifference=1: Relationship[1487]
Processing entry 744 of 4135
1978-06-21 ARG:PER 6
Node for team ARG already exists: Node[8]
Node for team PER already exists: Node[5]
Created relationship ARG->PER with date=1978-06-21 and goalDifference=6: Relationship[1488]
Created relationship PER->ARG with date=1978-06-21 and goalDifference=6: Relationship[1489]
Processing entry 745 of 4135
1978-06-21 AUT:DEU 1
Node for team AUT already exists: Node[13]
Node for team DEU already exists: Node[17]
Created relationship AUT->DEU with date=1978-06-21 and goalDifference=1: Relationship[1490]
Created relationship DEU->AUT with date=1978-06-21 and goalDifference=1: Relationship[1491]
Processing entry 746 of 4135
1978-06-21 BRA:POL 2
Node for team BRA already exists: Node[7]
Node for team POL already exists: Node[23]
Created relationship BRA->POL with date=1978-06-21 and goalDifference=2: Relationship[1492]
Created relationship POL->BRA with date=1978-06-21 and goalDifference=2: Relationship[1493]
Processing entry 747 of 4135
1978-06-21 ITA:NLD -1
Node for team ITA already exists: Node[21]
Node for team NLD already exists: Node[15]
Created relationship ITA->NLD with date=1978-06-21 and goalDifference=-1: Relationship[1494]
Created relationship NLD->ITA with date=1978-06-21 and goalDifference=-1: Relationship[1495]
Processing entry 748 of 4135
1978-06-21 NLD:ITA 1
Node for team NLD already exists: Node[15]
Node for team ITA already exists: Node[21]
Created relationship NLD->ITA with date=1978-06-21 and goalDifference=1: Relationship[1496]
Created relationship ITA->NLD with date=1978-06-21 and goalDifference=1: Relationship[1497]
Processing entry 749 of 4135
1978-06-21 POL:BRA -2
Node for team POL already exists: Node[23]
Node for team BRA already exists: Node[7]
Created relationship POL->BRA with date=1978-06-21 and goalDifference=-2: Relationship[1498]
Created relationship BRA->POL with date=1978-06-21 and goalDifference=-2: Relationship[1499]
Processing entry 750 of 4135
1978-06-24 BRA:ITA 1
Node for team BRA already exists: Node[7]
Node for team ITA already exists: Node[21]
Created relationship BRA->ITA with date=1978-06-24 and goalDifference=1: Relationship[1500]
Created relationship ITA->BRA with date=1978-06-24 and goalDifference=1: Relationship[1501]
Processing entry 751 of 4135
1978-06-25 ARG:NLD 2
Node for team ARG already exists: Node[8]
Node for team NLD already exists: Node[15]
Created relationship ARG->NLD with date=1978-06-25 and goalDifference=2: Relationship[1502]
Created relationship NLD->ARG with date=1978-06-25 and goalDifference=2: Relationship[1503]
Processing entry 752 of 4135
1978-06-25 NLD:ARG -2
Node for team NLD already exists: Node[15]
Node for team ARG already exists: Node[8]
Created relationship NLD->ARG with date=1978-06-25 and goalDifference=-2: Relationship[1504]
Created relationship ARG->NLD with date=1978-06-25 and goalDifference=-2: Relationship[1505]
Processing entry 753 of 4135
1978-08-30 NOR:AUT -2
Node for team NOR already exists: Node[26]
Node for team AUT already exists: Node[13]
Created relationship NOR->AUT with date=1978-08-30 and goalDifference=-2: Relationship[1506]
Created relationship AUT->NOR with date=1978-08-30 and goalDifference=-2: Relationship[1507]
Processing entry 754 of 4135
1978-09-01 FRA:SWE 0
Node for team FRA already exists: Node[0]
Node for team SWE already exists: Node[22]
Created relationship FRA->SWE with date=1978-09-01 and goalDifference=0: Relationship[1508]
Created relationship SWE->FRA with date=1978-09-01 and goalDifference=0: Relationship[1509]
Processing entry 755 of 4135
1978-09-06 ISL:POL -2
Node for team ISL already exists: Node[43]
Node for team POL already exists: Node[23]
Created relationship ISL->POL with date=1978-09-06 and goalDifference=-2: Relationship[1510]
Created relationship POL->ISL with date=1978-09-06 and goalDifference=-2: Relationship[1511]
Processing entry 756 of 4135
1978-09-20 AUT:SCO 1
Node for team AUT already exists: Node[13]
Node for team SCO already exists: Node[28]
Created relationship AUT->SCO with date=1978-09-20 and goalDifference=1: Relationship[1512]
Created relationship SCO->AUT with date=1978-09-20 and goalDifference=1: Relationship[1513]
Processing entry 757 of 4135
1978-09-20 BEL:NOR 0
Node for team BEL already exists: Node[3]
Node for team NOR already exists: Node[26]
Created relationship BEL->NOR with date=1978-09-20 and goalDifference=0: Relationship[1514]
Created relationship NOR->BEL with date=1978-09-20 and goalDifference=0: Relationship[1515]
Processing entry 758 of 4135
1978-09-20 DNK:ENG -1
Node for team DNK already exists: Node[39]
Node for team ENG already exists: Node[27]
Created relationship DNK->ENG with date=1978-09-20 and goalDifference=-1: Relationship[1516]
Created relationship ENG->DNK with date=1978-09-20 and goalDifference=-1: Relationship[1517]
Processing entry 759 of 4135
1978-09-20 FIN:HUN 1
Node for team FIN already exists: Node[46]
Node for team HUN already exists: Node[19]
Created relationship FIN->HUN with date=1978-09-20 and goalDifference=1: Relationship[1518]
Created relationship HUN->FIN with date=1978-09-20 and goalDifference=1: Relationship[1519]
Processing entry 760 of 4135
1978-09-20 IRL:NIR 0
Node for team IRL already exists: Node[35]
Node for team NIR already exists: Node[32]
Created relationship IRL->NIR with date=1978-09-20 and goalDifference=0: Relationship[1520]
Created relationship NIR->IRL with date=1978-09-20 and goalDifference=0: Relationship[1521]
Processing entry 761 of 4135
1978-09-20 NLD:ISL 3
Node for team NLD already exists: Node[15]
Node for team ISL already exists: Node[43]
Created relationship NLD->ISL with date=1978-09-20 and goalDifference=3: Relationship[1522]
Created relationship ISL->NLD with date=1978-09-20 and goalDifference=3: Relationship[1523]
Processing entry 762 of 4135
1978-09-20 SUN:GRC 2
Node for team SUN already exists: Node[33]
Node for team GRC already exists: Node[34]
Created relationship SUN->GRC with date=1978-09-20 and goalDifference=2: Relationship[1524]
Created relationship GRC->SUN with date=1978-09-20 and goalDifference=2: Relationship[1525]
Processing entry 763 of 4135
1978-10-04 DDR:ISL 2
Node for team DDR already exists: Node[37]
Node for team ISL already exists: Node[43]
Created relationship DDR->ISL with date=1978-10-04 and goalDifference=2: Relationship[1526]
Created relationship ISL->DDR with date=1978-10-04 and goalDifference=2: Relationship[1527]
Processing entry 764 of 4135
1978-10-04 SWE:CSK -2
Node for team SWE already exists: Node[22]
Node for team CSK already exists: Node[16]
Created relationship SWE->CSK with date=1978-10-04 and goalDifference=-2: Relationship[1528]
Created relationship CSK->SWE with date=1978-10-04 and goalDifference=-2: Relationship[1529]
Processing entry 765 of 4135
1978-10-04 YUG:ESP -1
Node for team YUG already exists: Node[6]
Node for team ESP already exists: Node[18]
Created relationship YUG->ESP with date=1978-10-04 and goalDifference=-1: Relationship[1530]
Created relationship ESP->YUG with date=1978-10-04 and goalDifference=-1: Relationship[1531]
Processing entry 766 of 4135
1978-10-07 LUX:FRA -2
Node for team LUX already exists: Node[44]
Node for team FRA already exists: Node[0]
Created relationship LUX->FRA with date=1978-10-07 and goalDifference=-2: Relationship[1532]
Created relationship FRA->LUX with date=1978-10-07 and goalDifference=-2: Relationship[1533]
Processing entry 767 of 4135
1978-10-11 CHE:NLD -2
Node for team CHE already exists: Node[14]
Node for team NLD already exists: Node[15]
Created relationship CHE->NLD with date=1978-10-11 and goalDifference=-2: Relationship[1534]
Created relationship NLD->CHE with date=1978-10-11 and goalDifference=-2: Relationship[1535]
Processing entry 768 of 4135
1978-10-11 DNK:BGR 0
Node for team DNK already exists: Node[39]
Node for team BGR already exists: Node[36]
Created relationship DNK->BGR with date=1978-10-11 and goalDifference=0: Relationship[1536]
Created relationship BGR->DNK with date=1978-10-11 and goalDifference=0: Relationship[1537]
Processing entry 769 of 4135
1978-10-11 GRC:FIN 7
Node for team GRC already exists: Node[34]
Node for team FIN already exists: Node[46]
Created relationship GRC->FIN with date=1978-10-11 and goalDifference=7: Relationship[1538]
Created relationship FIN->GRC with date=1978-10-11 and goalDifference=7: Relationship[1539]
Processing entry 770 of 4135
1978-10-11 HUN:SUN 2
Node for team HUN already exists: Node[19]
Node for team SUN already exists: Node[33]
Created relationship HUN->SUN with date=1978-10-11 and goalDifference=2: Relationship[1540]
Created relationship SUN->HUN with date=1978-10-11 and goalDifference=2: Relationship[1541]
Processing entry 771 of 4135
1978-10-11 PRT:BEL 0
Node for team PRT already exists: Node[38]
Node for team BEL already exists: Node[3]
Created relationship PRT->BEL with date=1978-10-11 and goalDifference=0: Relationship[1542]
Created relationship BEL->PRT with date=1978-10-11 and goalDifference=0: Relationship[1543]
Processing entry 772 of 4135
1978-10-25 IRL:ENG 0
Node for team IRL already exists: Node[35]
Node for team ENG already exists: Node[27]
Created relationship IRL->ENG with date=1978-10-25 and goalDifference=0: Relationship[1544]
Created relationship ENG->IRL with date=1978-10-25 and goalDifference=0: Relationship[1545]
Processing entry 773 of 4135
1978-10-25 NIR:DNK 1
Node for team NIR already exists: Node[32]
Node for team DNK already exists: Node[39]
Created relationship NIR->DNK with date=1978-10-25 and goalDifference=1: Relationship[1546]
Created relationship DNK->NIR with date=1978-10-25 and goalDifference=1: Relationship[1547]
Processing entry 774 of 4135
1978-10-25 ROU:YUG 1
Node for team ROU already exists: Node[4]
Node for team YUG already exists: Node[6]
Created relationship ROU->YUG with date=1978-10-25 and goalDifference=1: Relationship[1548]
Created relationship YUG->ROU with date=1978-10-25 and goalDifference=1: Relationship[1549]
Processing entry 775 of 4135
1978-10-25 SCO:NOR 1
Node for team SCO already exists: Node[28]
Node for team NOR already exists: Node[26]
Created relationship SCO->NOR with date=1978-10-25 and goalDifference=1: Relationship[1550]
Created relationship NOR->SCO with date=1978-10-25 and goalDifference=1: Relationship[1551]
Processing entry 776 of 4135
1978-10-25 WAL:MLT 7
Node for team WAL already exists: Node[31]
Node for team MLT already exists: Node[42]
Created relationship WAL->MLT with date=1978-10-25 and goalDifference=7: Relationship[1552]
Created relationship MLT->WAL with date=1978-10-25 and goalDifference=7: Relationship[1553]
Processing entry 777 of 4135
1978-10-29 GRC:HUN 3
Node for team GRC already exists: Node[34]
Node for team HUN already exists: Node[19]
Created relationship GRC->HUN with date=1978-10-29 and goalDifference=3: Relationship[1554]
Created relationship HUN->GRC with date=1978-10-29 and goalDifference=3: Relationship[1555]
Processing entry 778 of 4135
1978-11-15 AUT:PRT -1
Node for team AUT already exists: Node[13]
Node for team PRT already exists: Node[38]
Created relationship AUT->PRT with date=1978-11-15 and goalDifference=-1: Relationship[1556]
Created relationship PRT->AUT with date=1978-11-15 and goalDifference=-1: Relationship[1557]
Processing entry 779 of 4135
1978-11-15 ESP:ROU 1
Node for team ESP already exists: Node[18]
Node for team ROU already exists: Node[4]
Created relationship ESP->ROU with date=1978-11-15 and goalDifference=1: Relationship[1558]
Created relationship ROU->ESP with date=1978-11-15 and goalDifference=1: Relationship[1559]
Processing entry 780 of 4135
1978-11-15 NLD:DDR 3
Node for team NLD already exists: Node[15]
Node for team DDR already exists: Node[37]
Created relationship NLD->DDR with date=1978-11-15 and goalDifference=3: Relationship[1560]
Created relationship DDR->NLD with date=1978-11-15 and goalDifference=3: Relationship[1561]
Processing entry 781 of 4135
1978-11-15 POL:CHE 2
Node for team POL already exists: Node[23]
Node for team CHE already exists: Node[14]
Created relationship POL->CHE with date=1978-11-15 and goalDifference=2: Relationship[1562]
Created relationship CHE->POL with date=1978-11-15 and goalDifference=2: Relationship[1563]
Processing entry 782 of 4135
1978-11-29 BGR:NIR -2
Node for team BGR already exists: Node[36]
Node for team NIR already exists: Node[32]
Created relationship BGR->NIR with date=1978-11-29 and goalDifference=-2: Relationship[1564]
Created relationship NIR->BGR with date=1978-11-29 and goalDifference=-2: Relationship[1565]
Processing entry 783 of 4135
1978-11-29 PRT:SCO 1
Node for team PRT already exists: Node[38]
Node for team SCO already exists: Node[28]
Created relationship PRT->SCO with date=1978-11-29 and goalDifference=1: Relationship[1566]
Created relationship SCO->PRT with date=1978-11-29 and goalDifference=1: Relationship[1567]
Processing entry 784 of 4135
1978-11-29 WAL:TUR 1
Node for team WAL already exists: Node[31]
Node for team TUR already exists: Node[29]
Created relationship WAL->TUR with date=1978-11-29 and goalDifference=1: Relationship[1568]
Created relationship TUR->WAL with date=1978-11-29 and goalDifference=1: Relationship[1569]
Processing entry 785 of 4135
1978-12-13 ESP:CYP 5
Node for team ESP already exists: Node[18]
Node for team CYP already exists: Node[47]
Created relationship ESP->CYP with date=1978-12-13 and goalDifference=5: Relationship[1570]
Created relationship CYP->ESP with date=1978-12-13 and goalDifference=5: Relationship[1571]
Processing entry 786 of 4135
1979-02-07 ENG:NIR 4
Node for team ENG already exists: Node[27]
Node for team NIR already exists: Node[32]
Created relationship ENG->NIR with date=1979-02-07 and goalDifference=4: Relationship[1572]
Created relationship NIR->ENG with date=1979-02-07 and goalDifference=4: Relationship[1573]
Processing entry 787 of 4135
1979-02-25 FRA:LUX 3
Node for team FRA already exists: Node[0]
Node for team LUX already exists: Node[44]
Created relationship FRA->LUX with date=1979-02-25 and goalDifference=3: Relationship[1574]
Created relationship LUX->FRA with date=1979-02-25 and goalDifference=3: Relationship[1575]
Processing entry 788 of 4135
1979-02-25 MLT:DEU 0
Node for team MLT already exists: Node[42]
Node for team DEU already exists: Node[17]
Created relationship MLT->DEU with date=1979-02-25 and goalDifference=0: Relationship[1576]
Created relationship DEU->MLT with date=1979-02-25 and goalDifference=0: Relationship[1577]
Processing entry 789 of 4135
1979-03-18 TUR:MLT 1
Node for team TUR already exists: Node[29]
Node for team MLT already exists: Node[42]
Created relationship TUR->MLT with date=1979-03-18 and goalDifference=1: Relationship[1578]
Created relationship MLT->TUR with date=1979-03-18 and goalDifference=1: Relationship[1579]
Processing entry 790 of 4135
1979-03-28 BEL:AUT 0
Node for team BEL already exists: Node[3]
Node for team AUT already exists: Node[13]
Created relationship BEL->AUT with date=1979-03-28 and goalDifference=0: Relationship[1580]
Created relationship AUT->BEL with date=1979-03-28 and goalDifference=0: Relationship[1581]
Processing entry 791 of 4135
1979-03-28 NLD:CHE 3
Node for team NLD already exists: Node[15]
Node for team CHE already exists: Node[14]
Created relationship NLD->CHE with date=1979-03-28 and goalDifference=3: Relationship[1582]
Created relationship CHE->NLD with date=1979-03-28 and goalDifference=3: Relationship[1583]
Processing entry 792 of 4135
1979-04-01 CYP:YUG -3
Node for team CYP already exists: Node[47]
Node for team YUG already exists: Node[6]
Created relationship CYP->YUG with date=1979-04-01 and goalDifference=-3: Relationship[1584]
Created relationship YUG->CYP with date=1979-04-01 and goalDifference=-3: Relationship[1585]
Processing entry 793 of 4135
1979-04-01 TUR:DEU 0
Node for team TUR already exists: Node[29]
Node for team DEU already exists: Node[17]
Created relationship TUR->DEU with date=1979-04-01 and goalDifference=0: Relationship[1586]
Created relationship DEU->TUR with date=1979-04-01 and goalDifference=0: Relationship[1587]
Processing entry 794 of 4135
1979-04-04 CSK:FRA 2
Node for team CSK already exists: Node[16]
Node for team FRA already exists: Node[0]
Created relationship CSK->FRA with date=1979-04-04 and goalDifference=2: Relationship[1588]
Created relationship FRA->CSK with date=1979-04-04 and goalDifference=2: Relationship[1589]
Processing entry 795 of 4135
1979-04-04 ROU:ESP 0
Node for team ROU already exists: Node[4]
Node for team ESP already exists: Node[18]
Created relationship ROU->ESP with date=1979-04-04 and goalDifference=0: Relationship[1590]
Created relationship ESP->ROU with date=1979-04-04 and goalDifference=0: Relationship[1591]
Processing entry 796 of 4135
1979-04-18 DDR:POL 1
Node for team DDR already exists: Node[37]
Node for team POL already exists: Node[23]
Created relationship DDR->POL with date=1979-04-18 and goalDifference=1: Relationship[1592]
Created relationship POL->DDR with date=1979-04-18 and goalDifference=1: Relationship[1593]
Processing entry 797 of 4135
1979-05-01 LUX:CSK -3
Node for team LUX already exists: Node[44]
Node for team CSK already exists: Node[16]
Created relationship LUX->CSK with date=1979-05-01 and goalDifference=-3: Relationship[1594]
Created relationship CSK->LUX with date=1979-05-01 and goalDifference=-3: Relationship[1595]
Processing entry 798 of 4135
1979-05-02 AUT:BEL 0
Node for team AUT already exists: Node[13]
Node for team BEL already exists: Node[3]
Created relationship AUT->BEL with date=1979-05-02 and goalDifference=0: Relationship[1596]
Created relationship BEL->AUT with date=1979-05-02 and goalDifference=0: Relationship[1597]
Processing entry 799 of 4135
1979-05-02 HUN:GRC 0
Node for team HUN already exists: Node[19]
Node for team GRC already exists: Node[34]
Created relationship HUN->GRC with date=1979-05-02 and goalDifference=0: Relationship[1598]
Created relationship GRC->HUN with date=1979-05-02 and goalDifference=0: Relationship[1599]
Processing entry 800 of 4135
1979-05-02 IRL:DNK 2
Node for team IRL already exists: Node[35]
Node for team DNK already exists: Node[39]
Created relationship IRL->DNK with date=1979-05-02 and goalDifference=2: Relationship[1600]
Created relationship DNK->IRL with date=1979-05-02 and goalDifference=2: Relationship[1601]
Processing entry 801 of 4135
1979-05-02 NIR:BGR 2
Node for team NIR already exists: Node[32]
Node for team BGR already exists: Node[36]
Created relationship NIR->BGR with date=1979-05-02 and goalDifference=2: Relationship[1602]
Created relationship BGR->NIR with date=1979-05-02 and goalDifference=2: Relationship[1603]
Processing entry 802 of 4135
1979-05-02 POL:NLD 2
Node for team POL already exists: Node[23]
Node for team NLD already exists: Node[15]
Created relationship POL->NLD with date=1979-05-02 and goalDifference=2: Relationship[1604]
Created relationship NLD->POL with date=1979-05-02 and goalDifference=2: Relationship[1605]
Processing entry 803 of 4135
1979-05-02 WAL:DEU -2
Node for team WAL already exists: Node[31]
Node for team DEU already exists: Node[17]
Created relationship WAL->DEU with date=1979-05-02 and goalDifference=-2: Relationship[1606]
Created relationship DEU->WAL with date=1979-05-02 and goalDifference=-2: Relationship[1607]
Processing entry 804 of 4135
1979-05-05 CHE:DDR -2
Node for team CHE already exists: Node[14]
Node for team DDR already exists: Node[37]
Created relationship CHE->DDR with date=1979-05-05 and goalDifference=-2: Relationship[1608]
Created relationship DDR->CHE with date=1979-05-05 and goalDifference=-2: Relationship[1609]
Processing entry 805 of 4135
1979-05-09 NOR:PRT -1
Node for team NOR already exists: Node[26]
Node for team PRT already exists: Node[38]
Created relationship NOR->PRT with date=1979-05-09 and goalDifference=-1: Relationship[1610]
Created relationship PRT->NOR with date=1979-05-09 and goalDifference=-1: Relationship[1611]
Processing entry 806 of 4135
1979-05-13 CYP:ROU 0
Node for team CYP already exists: Node[47]
Node for team ROU already exists: Node[4]
Created relationship CYP->ROU with date=1979-05-13 and goalDifference=0: Relationship[1612]
Created relationship ROU->CYP with date=1979-05-13 and goalDifference=0: Relationship[1613]
Processing entry 807 of 4135
1979-05-19 BGR:IRL 1
Node for team BGR already exists: Node[36]
Node for team IRL already exists: Node[35]
Created relationship BGR->IRL with date=1979-05-19 and goalDifference=1: Relationship[1614]
Created relationship IRL->BGR with date=1979-05-19 and goalDifference=1: Relationship[1615]
Processing entry 808 of 4135
1979-05-19 SUN:HUN 0
Node for team SUN already exists: Node[33]
Node for team HUN already exists: Node[19]
Created relationship SUN->HUN with date=1979-05-19 and goalDifference=0: Relationship[1616]
Created relationship HUN->SUN with date=1979-05-19 and goalDifference=0: Relationship[1617]
Processing entry 809 of 4135
1979-05-22 CHE:ISL 2
Node for team CHE already exists: Node[14]
Node for team ISL already exists: Node[43]
Created relationship CHE->ISL with date=1979-05-22 and goalDifference=2: Relationship[1618]
Created relationship ISL->CHE with date=1979-05-22 and goalDifference=2: Relationship[1619]
Processing entry 810 of 4135
1979-06-02 MLT:WAL -2
Node for team MLT already exists: Node[42]
Node for team WAL already exists: Node[31]
Created relationship MLT->WAL with date=1979-06-02 and goalDifference=-2: Relationship[1620]
Created relationship WAL->MLT with date=1979-06-02 and goalDifference=-2: Relationship[1621]
Processing entry 811 of 4135
1979-06-06 BGR:ENG -3
Node for team BGR already exists: Node[36]
Node for team ENG already exists: Node[27]
Created relationship BGR->ENG with date=1979-06-06 and goalDifference=-3: Relationship[1622]
Created relationship ENG->BGR with date=1979-06-06 and goalDifference=-3: Relationship[1623]
Processing entry 812 of 4135
1979-06-06 DNK:NIR 4
Node for team DNK already exists: Node[39]
Node for team NIR already exists: Node[32]
Created relationship DNK->NIR with date=1979-06-06 and goalDifference=4: Relationship[1624]
Created relationship NIR->DNK with date=1979-06-06 and goalDifference=4: Relationship[1625]
Processing entry 813 of 4135
1979-06-07 NOR:SCO -4
Node for team NOR already exists: Node[26]
Node for team SCO already exists: Node[28]
Created relationship NOR->SCO with date=1979-06-07 and goalDifference=-4: Relationship[1626]
Created relationship SCO->NOR with date=1979-06-07 and goalDifference=-4: Relationship[1627]
Processing entry 814 of 4135
1979-06-07 SWE:LUX 3
Node for team SWE already exists: Node[22]
Node for team LUX already exists: Node[44]
Created relationship SWE->LUX with date=1979-06-07 and goalDifference=3: Relationship[1628]
Created relationship LUX->SWE with date=1979-06-07 and goalDifference=3: Relationship[1629]
Processing entry 815 of 4135
1979-06-09 ISL:CHE -1
Node for team ISL already exists: Node[43]
Node for team CHE already exists: Node[14]
Created relationship ISL->CHE with date=1979-06-09 and goalDifference=-1: Relationship[1630]
Created relationship CHE->ISL with date=1979-06-09 and goalDifference=-1: Relationship[1631]
Processing entry 816 of 4135
1979-07-04 FIN:SUN 0
Node for team FIN already exists: Node[46]
Node for team SUN already exists: Node[33]
Created relationship FIN->SUN with date=1979-07-04 and goalDifference=0: Relationship[1632]
Created relationship SUN->FIN with date=1979-07-04 and goalDifference=0: Relationship[1633]
Processing entry 817 of 4135
1979-08-29 AUT:NOR 4
Node for team AUT already exists: Node[13]
Node for team NOR already exists: Node[26]
Created relationship AUT->NOR with date=1979-08-29 and goalDifference=4: Relationship[1634]
Created relationship NOR->AUT with date=1979-08-29 and goalDifference=4: Relationship[1635]
Processing entry 818 of 4135
1979-09-05 ISL:NLD -4
Node for team ISL already exists: Node[43]
Node for team NLD already exists: Node[15]
Created relationship ISL->NLD with date=1979-09-05 and goalDifference=-4: Relationship[1636]
Created relationship NLD->ISL with date=1979-09-05 and goalDifference=-4: Relationship[1637]
Processing entry 819 of 4135
1979-09-05 SWE:FRA -2
Node for team SWE already exists: Node[22]
Node for team FRA already exists: Node[0]
Created relationship SWE->FRA with date=1979-09-05 and goalDifference=-2: Relationship[1638]
Created relationship FRA->SWE with date=1979-09-05 and goalDifference=-2: Relationship[1639]
Processing entry 820 of 4135
1979-09-12 CHE:POL -2
Node for team CHE already exists: Node[14]
Node for team POL already exists: Node[23]
Created relationship CHE->POL with date=1979-09-12 and goalDifference=-2: Relationship[1640]
Created relationship POL->CHE with date=1979-09-12 and goalDifference=-2: Relationship[1641]
Processing entry 821 of 4135
1979-09-12 ENG:DNK 1
Node for team ENG already exists: Node[27]
Node for team DNK already exists: Node[39]
Created relationship ENG->DNK with date=1979-09-12 and goalDifference=1: Relationship[1642]
Created relationship DNK->ENG with date=1979-09-12 and goalDifference=1: Relationship[1643]
Processing entry 822 of 4135
1979-09-12 GRC:SUN 1
Node for team GRC already exists: Node[34]
Node for team SUN already exists: Node[33]
Created relationship GRC->SUN with date=1979-09-12 and goalDifference=1: Relationship[1644]
Created relationship SUN->GRC with date=1979-09-12 and goalDifference=1: Relationship[1645]
Processing entry 823 of 4135
1979-09-12 ISL:DDR -3
Node for team ISL already exists: Node[43]
Node for team DDR already exists: Node[37]
Created relationship ISL->DDR with date=1979-09-12 and goalDifference=-3: Relationship[1646]
Created relationship DDR->ISL with date=1979-09-12 and goalDifference=-3: Relationship[1647]
Processing entry 824 of 4135
1979-09-12 NOR:BEL -1
Node for team NOR already exists: Node[26]
Node for team BEL already exists: Node[3]
Created relationship NOR->BEL with date=1979-09-12 and goalDifference=-1: Relationship[1648]
Created relationship BEL->NOR with date=1979-09-12 and goalDifference=-1: Relationship[1649]
Processing entry 825 of 4135
1979-09-26 POL:DDR 0
Node for team POL already exists: Node[23]
Node for team DDR already exists: Node[37]
Created relationship POL->DDR with date=1979-09-26 and goalDifference=0: Relationship[1650]
Created relationship DDR->POL with date=1979-09-26 and goalDifference=0: Relationship[1651]
Processing entry 826 of 4135
1979-10-10 CSK:SWE 3
Node for team CSK already exists: Node[16]
Node for team SWE already exists: Node[22]
Created relationship CSK->SWE with date=1979-10-10 and goalDifference=3: Relationship[1652]
Created relationship SWE->CSK with date=1979-10-10 and goalDifference=3: Relationship[1653]
Processing entry 827 of 4135
1979-10-10 ESP:YUG -1
Node for team ESP already exists: Node[18]
Node for team YUG already exists: Node[6]
Created relationship ESP->YUG with date=1979-10-10 and goalDifference=-1: Relationship[1654]
Created relationship YUG->ESP with date=1979-10-10 and goalDifference=-1: Relationship[1655]
Processing entry 828 of 4135
1979-10-10 POL:ISL 2
Node for team POL already exists: Node[23]
Node for team ISL already exists: Node[43]
Created relationship POL->ISL with date=1979-10-10 and goalDifference=2: Relationship[1656]
Created relationship ISL->POL with date=1979-10-10 and goalDifference=2: Relationship[1657]
Processing entry 829 of 4135
1979-10-13 DDR:CHE 3
Node for team DDR already exists: Node[37]
Node for team CHE already exists: Node[14]
Created relationship DDR->CHE with date=1979-10-13 and goalDifference=3: Relationship[1658]
Created relationship CHE->DDR with date=1979-10-13 and goalDifference=3: Relationship[1659]
Processing entry 830 of 4135
1979-10-17 BEL:PRT 2
Node for team BEL already exists: Node[3]
Node for team PRT already exists: Node[38]
Created relationship BEL->PRT with date=1979-10-17 and goalDifference=2: Relationship[1660]
Created relationship PRT->BEL with date=1979-10-17 and goalDifference=2: Relationship[1661]
Processing entry 831 of 4135
1979-10-17 DEU:WAL 4
Node for team DEU already exists: Node[17]
Node for team WAL already exists: Node[31]
Created relationship DEU->WAL with date=1979-10-17 and goalDifference=4: Relationship[1662]
Created relationship WAL->DEU with date=1979-10-17 and goalDifference=4: Relationship[1663]
Processing entry 832 of 4135
1979-10-17 HUN:FIN 2
Node for team HUN already exists: Node[19]
Node for team FIN already exists: Node[46]
Created relationship HUN->FIN with date=1979-10-17 and goalDifference=2: Relationship[1664]
Created relationship FIN->HUN with date=1979-10-17 and goalDifference=2: Relationship[1665]
Processing entry 833 of 4135
1979-10-17 IRL:BGR 3
Node for team IRL already exists: Node[35]
Node for team BGR already exists: Node[36]
Created relationship IRL->BGR with date=1979-10-17 and goalDifference=3: Relationship[1666]
Created relationship BGR->IRL with date=1979-10-17 and goalDifference=3: Relationship[1667]
Processing entry 834 of 4135
1979-10-17 NIR:ENG -4
Node for team NIR already exists: Node[32]
Node for team ENG already exists: Node[27]
Created relationship NIR->ENG with date=1979-10-17 and goalDifference=-4: Relationship[1668]
Created relationship ENG->NIR with date=1979-10-17 and goalDifference=-4: Relationship[1669]
Processing entry 835 of 4135
1979-10-17 NLD:POL 0
Node for team NLD already exists: Node[15]
Node for team POL already exists: Node[23]
Created relationship NLD->POL with date=1979-10-17 and goalDifference=0: Relationship[1670]
Created relationship POL->NLD with date=1979-10-17 and goalDifference=0: Relationship[1671]
Processing entry 836 of 4135
1979-10-17 SCO:AUT 0
Node for team SCO already exists: Node[28]
Node for team AUT already exists: Node[13]
Created relationship SCO->AUT with date=1979-10-17 and goalDifference=0: Relationship[1672]
Created relationship AUT->SCO with date=1979-10-17 and goalDifference=0: Relationship[1673]
Processing entry 837 of 4135
1979-10-23 LUX:SWE 0
Node for team LUX already exists: Node[44]
Node for team SWE already exists: Node[22]
Created relationship LUX->SWE with date=1979-10-23 and goalDifference=0: Relationship[1674]
Created relationship SWE->LUX with date=1979-10-23 and goalDifference=0: Relationship[1675]
Processing entry 838 of 4135
1979-10-28 MLT:TUR -1
Node for team MLT already exists: Node[42]
Node for team TUR already exists: Node[29]
Created relationship MLT->TUR with date=1979-10-28 and goalDifference=-1: Relationship[1676]
Created relationship TUR->MLT with date=1979-10-28 and goalDifference=-1: Relationship[1677]
Processing entry 839 of 4135
1979-10-31 BGR:DNK 3
Node for team BGR already exists: Node[36]
Node for team DNK already exists: Node[39]
Created relationship BGR->DNK with date=1979-10-31 and goalDifference=3: Relationship[1678]
Created relationship DNK->BGR with date=1979-10-31 and goalDifference=3: Relationship[1679]
Processing entry 840 of 4135
1979-10-31 SUN:FIN 0
Node for team SUN already exists: Node[33]
Node for team FIN already exists: Node[46]
Created relationship SUN->FIN with date=1979-10-31 and goalDifference=0: Relationship[1680]
Created relationship FIN->SUN with date=1979-10-31 and goalDifference=0: Relationship[1681]
Processing entry 841 of 4135
1979-10-31 YUG:ROU 1
Node for team YUG already exists: Node[6]
Node for team ROU already exists: Node[4]
Created relationship YUG->ROU with date=1979-10-31 and goalDifference=1: Relationship[1682]
Created relationship ROU->YUG with date=1979-10-31 and goalDifference=1: Relationship[1683]
Processing entry 842 of 4135
1979-11-01 PRT:NOR 2
Node for team PRT already exists: Node[38]
Node for team NOR already exists: Node[26]
Created relationship PRT->NOR with date=1979-11-01 and goalDifference=2: Relationship[1684]
Created relationship NOR->PRT with date=1979-11-01 and goalDifference=2: Relationship[1685]
Processing entry 843 of 4135
1979-11-14 YUG:CYP 5
Node for team YUG already exists: Node[6]
Node for team CYP already exists: Node[47]
Created relationship YUG->CYP with date=1979-11-14 and goalDifference=5: Relationship[1686]
Created relationship CYP->YUG with date=1979-11-14 and goalDifference=5: Relationship[1687]
Processing entry 844 of 4135
1979-11-17 FRA:CSK 1
Node for team FRA already exists: Node[0]
Node for team CSK already exists: Node[16]
Created relationship FRA->CSK with date=1979-11-17 and goalDifference=1: Relationship[1688]
Created relationship CSK->FRA with date=1979-11-17 and goalDifference=1: Relationship[1689]
Processing entry 845 of 4135
1979-11-18 ROU:CYP 2
Node for team ROU already exists: Node[4]
Node for team CYP already exists: Node[47]
Created relationship ROU->CYP with date=1979-11-18 and goalDifference=2: Relationship[1690]
Created relationship CYP->ROU with date=1979-11-18 and goalDifference=2: Relationship[1691]
Processing entry 846 of 4135
1979-11-21 BEL:SCO 2
Node for team BEL already exists: Node[3]
Node for team SCO already exists: Node[28]
Created relationship BEL->SCO with date=1979-11-21 and goalDifference=2: Relationship[1692]
Created relationship SCO->BEL with date=1979-11-21 and goalDifference=2: Relationship[1693]
Processing entry 847 of 4135
1979-11-21 DDR:NLD -1
Node for team DDR already exists: Node[37]
Node for team NLD already exists: Node[15]
Created relationship DDR->NLD with date=1979-11-21 and goalDifference=-1: Relationship[1694]
Created relationship NLD->DDR with date=1979-11-21 and goalDifference=-1: Relationship[1695]
Processing entry 848 of 4135
1979-11-21 NIR:IRL 1
Node for team NIR already exists: Node[32]
Node for team IRL already exists: Node[35]
Created relationship NIR->IRL with date=1979-11-21 and goalDifference=1: Relationship[1696]
Created relationship IRL->NIR with date=1979-11-21 and goalDifference=1: Relationship[1697]
Processing entry 849 of 4135
1979-11-21 PRT:AUT -1
Node for team PRT already exists: Node[38]
Node for team AUT already exists: Node[13]
Created relationship PRT->AUT with date=1979-11-21 and goalDifference=-1: Relationship[1698]
Created relationship AUT->PRT with date=1979-11-21 and goalDifference=-1: Relationship[1699]
Processing entry 850 of 4135
1979-11-21 TUR:WAL 1
Node for team TUR already exists: Node[29]
Node for team WAL already exists: Node[31]
Created relationship TUR->WAL with date=1979-11-21 and goalDifference=1: Relationship[1700]
Created relationship WAL->TUR with date=1979-11-21 and goalDifference=1: Relationship[1701]
Processing entry 851 of 4135
1979-11-22 ENG:BGR 2
Node for team ENG already exists: Node[27]
Node for team BGR already exists: Node[36]
Created relationship ENG->BGR with date=1979-11-22 and goalDifference=2: Relationship[1702]
Created relationship BGR->ENG with date=1979-11-22 and goalDifference=2: Relationship[1703]
Processing entry 852 of 4135
1979-11-24 CSK:LUX 4
Node for team CSK already exists: Node[16]
Node for team LUX already exists: Node[44]
Created relationship CSK->LUX with date=1979-11-24 and goalDifference=4: Relationship[1704]
Created relationship LUX->CSK with date=1979-11-24 and goalDifference=4: Relationship[1705]
Processing entry 853 of 4135
1979-12-09 CYP:ESP -2
Node for team CYP already exists: Node[47]
Node for team ESP already exists: Node[18]
Created relationship CYP->ESP with date=1979-12-09 and goalDifference=-2: Relationship[1706]
Created relationship ESP->CYP with date=1979-12-09 and goalDifference=-2: Relationship[1707]
Processing entry 854 of 4135
1979-12-19 SCO:BEL -2
Node for team SCO already exists: Node[28]
Node for team BEL already exists: Node[3]
Created relationship SCO->BEL with date=1979-12-19 and goalDifference=-2: Relationship[1708]
Created relationship BEL->SCO with date=1979-12-19 and goalDifference=-2: Relationship[1709]
Processing entry 855 of 4135
1979-12-22 DEU:TUR 2
Node for team DEU already exists: Node[17]
Node for team TUR already exists: Node[29]
Created relationship DEU->TUR with date=1979-12-22 and goalDifference=2: Relationship[1710]
Created relationship TUR->DEU with date=1979-12-22 and goalDifference=2: Relationship[1711]
Processing entry 856 of 4135
1980-02-06 ENG:IRL 2
Node for team ENG already exists: Node[27]
Node for team IRL already exists: Node[35]
Created relationship ENG->IRL with date=1980-02-06 and goalDifference=2: Relationship[1712]
Created relationship IRL->ENG with date=1980-02-06 and goalDifference=2: Relationship[1713]
Processing entry 857 of 4135
1980-02-27 DEU:MLT 8
Node for team DEU already exists: Node[17]
Node for team MLT already exists: Node[42]
Created relationship DEU->MLT with date=1980-02-27 and goalDifference=8: Relationship[1714]
Created relationship MLT->DEU with date=1980-02-27 and goalDifference=8: Relationship[1715]
Processing entry 858 of 4135
1980-03-20 SCO:PRT 3
Node for team SCO already exists: Node[28]
Node for team PRT already exists: Node[38]
Created relationship SCO->PRT with date=1980-03-20 and goalDifference=3: Relationship[1716]
Created relationship PRT->SCO with date=1980-03-20 and goalDifference=3: Relationship[1717]
Processing entry 859 of 4135
1980-06-11 DEU:CSK 1
Node for team DEU already exists: Node[17]
Node for team CSK already exists: Node[16]
Created relationship DEU->CSK with date=1980-06-11 and goalDifference=1: Relationship[1718]
Created relationship CSK->DEU with date=1980-06-11 and goalDifference=1: Relationship[1719]
Processing entry 860 of 4135
1980-06-11 GRC:NLD -1
Node for team GRC already exists: Node[34]
Node for team NLD already exists: Node[15]
Created relationship GRC->NLD with date=1980-06-11 and goalDifference=-1: Relationship[1720]
Created relationship NLD->GRC with date=1980-06-11 and goalDifference=-1: Relationship[1721]
Processing entry 861 of 4135
1980-06-12 BEL:ENG 0
Node for team BEL already exists: Node[3]
Node for team ENG already exists: Node[27]
Created relationship BEL->ENG with date=1980-06-12 and goalDifference=0: Relationship[1722]
Created relationship ENG->BEL with date=1980-06-12 and goalDifference=0: Relationship[1723]
Processing entry 862 of 4135
1980-06-12 ESP:ITA 0
Node for team ESP already exists: Node[18]
Node for team ITA already exists: Node[21]
Created relationship ESP->ITA with date=1980-06-12 and goalDifference=0: Relationship[1724]
Created relationship ITA->ESP with date=1980-06-12 and goalDifference=0: Relationship[1725]
Processing entry 863 of 4135
1980-06-12 ITA:ESP 0
Node for team ITA already exists: Node[21]
Node for team ESP already exists: Node[18]
Created relationship ITA->ESP with date=1980-06-12 and goalDifference=0: Relationship[1726]
Created relationship ESP->ITA with date=1980-06-12 and goalDifference=0: Relationship[1727]
Processing entry 864 of 4135
1980-06-14 CSK:GRC 2
Node for team CSK already exists: Node[16]
Node for team GRC already exists: Node[34]
Created relationship CSK->GRC with date=1980-06-14 and goalDifference=2: Relationship[1728]
Created relationship GRC->CSK with date=1980-06-14 and goalDifference=2: Relationship[1729]
Processing entry 865 of 4135
1980-06-14 DEU:NLD 1
Node for team DEU already exists: Node[17]
Node for team NLD already exists: Node[15]
Created relationship DEU->NLD with date=1980-06-14 and goalDifference=1: Relationship[1730]
Created relationship NLD->DEU with date=1980-06-14 and goalDifference=1: Relationship[1731]
Processing entry 866 of 4135
1980-06-15 BEL:ESP 1
Node for team BEL already exists: Node[3]
Node for team ESP already exists: Node[18]
Created relationship BEL->ESP with date=1980-06-15 and goalDifference=1: Relationship[1732]
Created relationship ESP->BEL with date=1980-06-15 and goalDifference=1: Relationship[1733]
Processing entry 867 of 4135
1980-06-15 ESP:BEL -1
Node for team ESP already exists: Node[18]
Node for team BEL already exists: Node[3]
Created relationship ESP->BEL with date=1980-06-15 and goalDifference=-1: Relationship[1734]
Created relationship BEL->ESP with date=1980-06-15 and goalDifference=-1: Relationship[1735]
Processing entry 868 of 4135
1980-06-15 ITA:ENG 1
Node for team ITA already exists: Node[21]
Node for team ENG already exists: Node[27]
Created relationship ITA->ENG with date=1980-06-15 and goalDifference=1: Relationship[1736]
Created relationship ENG->ITA with date=1980-06-15 and goalDifference=1: Relationship[1737]
Processing entry 869 of 4135
1980-06-17 CSK:NLD 0
Node for team CSK already exists: Node[16]
Node for team NLD already exists: Node[15]
Created relationship CSK->NLD with date=1980-06-17 and goalDifference=0: Relationship[1738]
Created relationship NLD->CSK with date=1980-06-17 and goalDifference=0: Relationship[1739]
Processing entry 870 of 4135
1980-06-17 DEU:GRC 0
Node for team DEU already exists: Node[17]
Node for team GRC already exists: Node[34]
Created relationship DEU->GRC with date=1980-06-17 and goalDifference=0: Relationship[1740]
Created relationship GRC->DEU with date=1980-06-17 and goalDifference=0: Relationship[1741]
Processing entry 871 of 4135
1980-06-18 BEL:ITA 0
Node for team BEL already exists: Node[3]
Node for team ITA already exists: Node[21]
Created relationship BEL->ITA with date=1980-06-18 and goalDifference=0: Relationship[1742]
Created relationship ITA->BEL with date=1980-06-18 and goalDifference=0: Relationship[1743]
Processing entry 872 of 4135
1980-06-18 ENG:ESP 1
Node for team ENG already exists: Node[27]
Node for team ESP already exists: Node[18]
Created relationship ENG->ESP with date=1980-06-18 and goalDifference=1: Relationship[1744]
Created relationship ESP->ENG with date=1980-06-18 and goalDifference=1: Relationship[1745]
Processing entry 873 of 4135
1980-06-18 ESP:ENG -1
Node for team ESP already exists: Node[18]
Node for team ENG already exists: Node[27]
Created relationship ESP->ENG with date=1980-06-18 and goalDifference=-1: Relationship[1746]
Created relationship ENG->ESP with date=1980-06-18 and goalDifference=-1: Relationship[1747]
Processing entry 874 of 4135
1980-06-18 ITA:BEL 0
Node for team ITA already exists: Node[21]
Node for team BEL already exists: Node[3]
Created relationship ITA->BEL with date=1980-06-18 and goalDifference=0: Relationship[1748]
Created relationship BEL->ITA with date=1980-06-18 and goalDifference=0: Relationship[1749]
Processing entry 875 of 4135
1980-06-21 CSK:ITA 0
Node for team CSK already exists: Node[16]
Node for team ITA already exists: Node[21]
Created relationship CSK->ITA with date=1980-06-21 and goalDifference=0: Relationship[1750]
Created relationship ITA->CSK with date=1980-06-21 and goalDifference=0: Relationship[1751]
Processing entry 876 of 4135
1980-06-22 DEU:BEL 1
Node for team DEU already exists: Node[17]
Node for team BEL already exists: Node[3]
Created relationship DEU->BEL with date=1980-06-22 and goalDifference=1: Relationship[1752]
Created relationship BEL->DEU with date=1980-06-22 and goalDifference=1: Relationship[1753]
Processing entry 877 of 4135
1982-02-22 WAL:NOR 1
Node for team WAL already exists: Node[31]
Node for team NOR already exists: Node[26]
Created relationship WAL->NOR with date=1982-02-22 and goalDifference=1: Relationship[1754]
Created relationship NOR->WAL with date=1982-02-22 and goalDifference=1: Relationship[1755]
Processing entry 878 of 4135
1982-05-01 ROU:CYP 2
Node for team ROU already exists: Node[4]
Node for team CYP already exists: Node[47]
Created relationship ROU->CYP with date=1982-05-01 and goalDifference=2: Relationship[1756]
Created relationship CYP->ROU with date=1982-05-01 and goalDifference=2: Relationship[1757]
Processing entry 879 of 4135
1982-06-05 MLT:ISL 1
Node for team MLT already exists: Node[42]
Node for team ISL already exists: Node[43]
Created relationship MLT->ISL with date=1982-06-05 and goalDifference=1: Relationship[1758]
Created relationship ISL->MLT with date=1982-06-05 and goalDifference=1: Relationship[1759]
Processing entry 880 of 4135
1982-06-13 ARG:BEL -1
Node for team ARG already exists: Node[8]
Node for team BEL already exists: Node[3]
Created relationship ARG->BEL with date=1982-06-13 and goalDifference=-1: Relationship[1760]
Created relationship BEL->ARG with date=1982-06-13 and goalDifference=-1: Relationship[1761]
Processing entry 881 of 4135
1982-06-14 BRA:SUN 1
Node for team BRA already exists: Node[7]
Node for team SUN already exists: Node[33]
Created relationship BRA->SUN with date=1982-06-14 and goalDifference=1: Relationship[1762]
Created relationship SUN->BRA with date=1982-06-14 and goalDifference=1: Relationship[1763]
Processing entry 882 of 4135
1982-06-14 ITA:POL 0
Node for team ITA already exists: Node[21]
Node for team POL already exists: Node[23]
Created relationship ITA->POL with date=1982-06-14 and goalDifference=0: Relationship[1764]
Created relationship POL->ITA with date=1982-06-14 and goalDifference=0: Relationship[1765]
Processing entry 883 of 4135
1982-06-15 HUN:SLV 9
Node for team HUN already exists: Node[19]
Node for team SLV already exists: Node[49]
Created relationship HUN->SLV with date=1982-06-15 and goalDifference=9: Relationship[1766]
Created relationship SLV->HUN with date=1982-06-15 and goalDifference=9: Relationship[1767]
Processing entry 884 of 4135
1982-06-15 PER:CMR 0
Node for team PER already exists: Node[5]
Created new node for team CMR: Node[56]
Created relationship PER->CMR with date=1982-06-15 and goalDifference=0: Relationship[1768]
Created relationship CMR->PER with date=1982-06-15 and goalDifference=0: Relationship[1769]
Processing entry 885 of 4135
1982-06-15 SCO:NZL 3
Node for team SCO already exists: Node[28]
Created new node for team NZL: Node[57]
Created relationship SCO->NZL with date=1982-06-15 and goalDifference=3: Relationship[1770]
Created relationship NZL->SCO with date=1982-06-15 and goalDifference=3: Relationship[1771]
Processing entry 886 of 4135
1982-06-16 DEU:DZA -1
Node for team DEU already exists: Node[17]
Created new node for team DZA: Node[58]
Created relationship DEU->DZA with date=1982-06-16 and goalDifference=-1: Relationship[1772]
Created relationship DZA->DEU with date=1982-06-16 and goalDifference=-1: Relationship[1773]
Processing entry 887 of 4135
1982-06-16 ENG:FRA 2
Node for team ENG already exists: Node[27]
Node for team FRA already exists: Node[0]
Created relationship ENG->FRA with date=1982-06-16 and goalDifference=2: Relationship[1774]
Created relationship FRA->ENG with date=1982-06-16 and goalDifference=2: Relationship[1775]
Processing entry 888 of 4135
1982-06-16 ESP:HND 0
Node for team ESP already exists: Node[18]
Created new node for team HND: Node[59]
Created relationship ESP->HND with date=1982-06-16 and goalDifference=0: Relationship[1776]
Created relationship HND->ESP with date=1982-06-16 and goalDifference=0: Relationship[1777]
Processing entry 889 of 4135
1982-06-17 CHL:AUT -1
Node for team CHL already exists: Node[9]
Node for team AUT already exists: Node[13]
Created relationship CHL->AUT with date=1982-06-17 and goalDifference=-1: Relationship[1778]
Created relationship AUT->CHL with date=1982-06-17 and goalDifference=-1: Relationship[1779]
Processing entry 890 of 4135
1982-06-17 CSK:KWT 0
Node for team CSK already exists: Node[16]
Created new node for team KWT: Node[60]
Created relationship CSK->KWT with date=1982-06-17 and goalDifference=0: Relationship[1780]
Created relationship KWT->CSK with date=1982-06-17 and goalDifference=0: Relationship[1781]
Processing entry 891 of 4135
1982-06-17 YUG:NIR 0
Node for team YUG already exists: Node[6]
Node for team NIR already exists: Node[32]
Created relationship YUG->NIR with date=1982-06-17 and goalDifference=0: Relationship[1782]
Created relationship NIR->YUG with date=1982-06-17 and goalDifference=0: Relationship[1783]
Processing entry 892 of 4135
1982-06-18 ARG:HUN 3
Node for team ARG already exists: Node[8]
Node for team HUN already exists: Node[19]
Created relationship ARG->HUN with date=1982-06-18 and goalDifference=3: Relationship[1784]
Created relationship HUN->ARG with date=1982-06-18 and goalDifference=3: Relationship[1785]
Processing entry 893 of 4135
1982-06-18 BRA:SCO 3
Node for team BRA already exists: Node[7]
Node for team SCO already exists: Node[28]
Created relationship BRA->SCO with date=1982-06-18 and goalDifference=3: Relationship[1786]
Created relationship SCO->BRA with date=1982-06-18 and goalDifference=3: Relationship[1787]
Processing entry 894 of 4135
1982-06-18 ITA:PER 0
Node for team ITA already exists: Node[21]
Node for team PER already exists: Node[5]
Created relationship ITA->PER with date=1982-06-18 and goalDifference=0: Relationship[1788]
Created relationship PER->ITA with date=1982-06-18 and goalDifference=0: Relationship[1789]
Processing entry 895 of 4135
1982-06-19 BEL:SLV 1
Node for team BEL already exists: Node[3]
Node for team SLV already exists: Node[49]
Created relationship BEL->SLV with date=1982-06-19 and goalDifference=1: Relationship[1790]
Created relationship SLV->BEL with date=1982-06-19 and goalDifference=1: Relationship[1791]
Processing entry 896 of 4135
1982-06-19 POL:CMR 0
Node for team POL already exists: Node[23]
Node for team CMR already exists: Node[56]
Created relationship POL->CMR with date=1982-06-19 and goalDifference=0: Relationship[1792]
Created relationship CMR->POL with date=1982-06-19 and goalDifference=0: Relationship[1793]
Processing entry 897 of 4135
1982-06-19 SUN:NZL 3
Node for team SUN already exists: Node[33]
Node for team NZL already exists: Node[57]
Created relationship SUN->NZL with date=1982-06-19 and goalDifference=3: Relationship[1794]
Created relationship NZL->SUN with date=1982-06-19 and goalDifference=3: Relationship[1795]
Processing entry 898 of 4135
1982-06-20 DEU:CHL 3
Node for team DEU already exists: Node[17]
Node for team CHL already exists: Node[9]
Created relationship DEU->CHL with date=1982-06-20 and goalDifference=3: Relationship[1796]
Created relationship CHL->DEU with date=1982-06-20 and goalDifference=3: Relationship[1797]
Processing entry 899 of 4135
1982-06-20 ENG:CSK 2
Node for team ENG already exists: Node[27]
Node for team CSK already exists: Node[16]
Created relationship ENG->CSK with date=1982-06-20 and goalDifference=2: Relationship[1798]
Created relationship CSK->ENG with date=1982-06-20 and goalDifference=2: Relationship[1799]
Processing entry 900 of 4135
1982-06-20 ESP:YUG 1
Node for team ESP already exists: Node[18]
Node for team YUG already exists: Node[6]
Created relationship ESP->YUG with date=1982-06-20 and goalDifference=1: Relationship[1800]
Created relationship YUG->ESP with date=1982-06-20 and goalDifference=1: Relationship[1801]
Processing entry 901 of 4135
1982-06-21 DZA:AUT -2
Node for team DZA already exists: Node[58]
Node for team AUT already exists: Node[13]
Created relationship DZA->AUT with date=1982-06-21 and goalDifference=-2: Relationship[1802]
Created relationship AUT->DZA with date=1982-06-21 and goalDifference=-2: Relationship[1803]
Processing entry 902 of 4135
1982-06-21 FRA:KWT 3
Node for team FRA already exists: Node[0]
Node for team KWT already exists: Node[60]
Created relationship FRA->KWT with date=1982-06-21 and goalDifference=3: Relationship[1804]
Created relationship KWT->FRA with date=1982-06-21 and goalDifference=3: Relationship[1805]
Processing entry 903 of 4135
1982-06-21 HND:NIR 0
Node for team HND already exists: Node[59]
Node for team NIR already exists: Node[32]
Created relationship HND->NIR with date=1982-06-21 and goalDifference=0: Relationship[1806]
Created relationship NIR->HND with date=1982-06-21 and goalDifference=0: Relationship[1807]
Processing entry 904 of 4135
1982-06-22 BEL:HUN 0
Node for team BEL already exists: Node[3]
Node for team HUN already exists: Node[19]
Created relationship BEL->HUN with date=1982-06-22 and goalDifference=0: Relationship[1808]
Created relationship HUN->BEL with date=1982-06-22 and goalDifference=0: Relationship[1809]
Processing entry 905 of 4135
1982-06-22 POL:PER 4
Node for team POL already exists: Node[23]
Node for team PER already exists: Node[5]
Created relationship POL->PER with date=1982-06-22 and goalDifference=4: Relationship[1810]
Created relationship PER->POL with date=1982-06-22 and goalDifference=4: Relationship[1811]
Processing entry 906 of 4135
1982-06-22 SUN:SCO 0
Node for team SUN already exists: Node[33]
Node for team SCO already exists: Node[28]
Created relationship SUN->SCO with date=1982-06-22 and goalDifference=0: Relationship[1812]
Created relationship SCO->SUN with date=1982-06-22 and goalDifference=0: Relationship[1813]
Processing entry 907 of 4135
1982-06-23 ARG:SLV 2
Node for team ARG already exists: Node[8]
Node for team SLV already exists: Node[49]
Created relationship ARG->SLV with date=1982-06-23 and goalDifference=2: Relationship[1814]
Created relationship SLV->ARG with date=1982-06-23 and goalDifference=2: Relationship[1815]
Processing entry 908 of 4135
1982-06-23 BRA:NZL 4
Node for team BRA already exists: Node[7]
Node for team NZL already exists: Node[57]
Created relationship BRA->NZL with date=1982-06-23 and goalDifference=4: Relationship[1816]
Created relationship NZL->BRA with date=1982-06-23 and goalDifference=4: Relationship[1817]
Processing entry 909 of 4135
1982-06-23 ITA:CMR 0
Node for team ITA already exists: Node[21]
Node for team CMR already exists: Node[56]
Created relationship ITA->CMR with date=1982-06-23 and goalDifference=0: Relationship[1818]
Created relationship CMR->ITA with date=1982-06-23 and goalDifference=0: Relationship[1819]
Processing entry 910 of 4135
1982-06-24 DZA:CHL 1
Node for team DZA already exists: Node[58]
Node for team CHL already exists: Node[9]
Created relationship DZA->CHL with date=1982-06-24 and goalDifference=1: Relationship[1820]
Created relationship CHL->DZA with date=1982-06-24 and goalDifference=1: Relationship[1821]
Processing entry 911 of 4135
1982-06-24 FRA:CSK 0
Node for team FRA already exists: Node[0]
Node for team CSK already exists: Node[16]
Created relationship FRA->CSK with date=1982-06-24 and goalDifference=0: Relationship[1822]
Created relationship CSK->FRA with date=1982-06-24 and goalDifference=0: Relationship[1823]
Processing entry 912 of 4135
1982-06-24 HND:YUG -1
Node for team HND already exists: Node[59]
Node for team YUG already exists: Node[6]
Created relationship HND->YUG with date=1982-06-24 and goalDifference=-1: Relationship[1824]
Created relationship YUG->HND with date=1982-06-24 and goalDifference=-1: Relationship[1825]
Processing entry 913 of 4135
1982-06-25 DEU:AUT 1
Node for team DEU already exists: Node[17]
Node for team AUT already exists: Node[13]
Created relationship DEU->AUT with date=1982-06-25 and goalDifference=1: Relationship[1826]
Created relationship AUT->DEU with date=1982-06-25 and goalDifference=1: Relationship[1827]
Processing entry 914 of 4135
1982-06-25 ENG:KWT 1
Node for team ENG already exists: Node[27]
Node for team KWT already exists: Node[60]
Created relationship ENG->KWT with date=1982-06-25 and goalDifference=1: Relationship[1828]
Created relationship KWT->ENG with date=1982-06-25 and goalDifference=1: Relationship[1829]
Processing entry 915 of 4135
1982-06-25 ESP:NIR -1
Node for team ESP already exists: Node[18]
Node for team NIR already exists: Node[32]
Created relationship ESP->NIR with date=1982-06-25 and goalDifference=-1: Relationship[1830]
Created relationship NIR->ESP with date=1982-06-25 and goalDifference=-1: Relationship[1831]
Processing entry 916 of 4135
1982-06-25 NIR:ESP 1
Node for team NIR already exists: Node[32]
Node for team ESP already exists: Node[18]
Created relationship NIR->ESP with date=1982-06-25 and goalDifference=1: Relationship[1832]
Created relationship ESP->NIR with date=1982-06-25 and goalDifference=1: Relationship[1833]
Processing entry 917 of 4135
1982-06-28 AUT:FRA -1
Node for team AUT already exists: Node[13]
Node for team FRA already exists: Node[0]
Created relationship AUT->FRA with date=1982-06-28 and goalDifference=-1: Relationship[1834]
Created relationship FRA->AUT with date=1982-06-28 and goalDifference=-1: Relationship[1835]
Processing entry 918 of 4135
1982-06-28 BEL:POL -3
Node for team BEL already exists: Node[3]
Node for team POL already exists: Node[23]
Created relationship BEL->POL with date=1982-06-28 and goalDifference=-3: Relationship[1836]
Created relationship POL->BEL with date=1982-06-28 and goalDifference=-3: Relationship[1837]
Processing entry 919 of 4135
1982-06-28 POL:BEL 3
Node for team POL already exists: Node[23]
Node for team BEL already exists: Node[3]
Created relationship POL->BEL with date=1982-06-28 and goalDifference=3: Relationship[1838]
Created relationship BEL->POL with date=1982-06-28 and goalDifference=3: Relationship[1839]
Processing entry 920 of 4135
1982-06-29 ARG:ITA -1
Node for team ARG already exists: Node[8]
Node for team ITA already exists: Node[21]
Created relationship ARG->ITA with date=1982-06-29 and goalDifference=-1: Relationship[1840]
Created relationship ITA->ARG with date=1982-06-29 and goalDifference=-1: Relationship[1841]
Processing entry 921 of 4135
1982-06-29 DEU:ENG 0
Node for team DEU already exists: Node[17]
Node for team ENG already exists: Node[27]
Created relationship DEU->ENG with date=1982-06-29 and goalDifference=0: Relationship[1842]
Created relationship ENG->DEU with date=1982-06-29 and goalDifference=0: Relationship[1843]
Processing entry 922 of 4135
1982-06-29 ITA:ARG 1
Node for team ITA already exists: Node[21]
Node for team ARG already exists: Node[8]
Created relationship ITA->ARG with date=1982-06-29 and goalDifference=1: Relationship[1844]
Created relationship ARG->ITA with date=1982-06-29 and goalDifference=1: Relationship[1845]
Processing entry 923 of 4135
1982-07-01 AUT:NIR 0
Node for team AUT already exists: Node[13]
Node for team NIR already exists: Node[32]
Created relationship AUT->NIR with date=1982-07-01 and goalDifference=0: Relationship[1846]
Created relationship NIR->AUT with date=1982-07-01 and goalDifference=0: Relationship[1847]
Processing entry 924 of 4135
1982-07-01 BEL:SUN -1
Node for team BEL already exists: Node[3]
Node for team SUN already exists: Node[33]
Created relationship BEL->SUN with date=1982-07-01 and goalDifference=-1: Relationship[1848]
Created relationship SUN->BEL with date=1982-07-01 and goalDifference=-1: Relationship[1849]
Processing entry 925 of 4135
1982-07-02 ARG:BRA -2
Node for team ARG already exists: Node[8]
Node for team BRA already exists: Node[7]
Created relationship ARG->BRA with date=1982-07-02 and goalDifference=-2: Relationship[1850]
Created relationship BRA->ARG with date=1982-07-02 and goalDifference=-2: Relationship[1851]
Processing entry 926 of 4135
1982-07-02 DEU:ESP 1
Node for team DEU already exists: Node[17]
Node for team ESP already exists: Node[18]
Created relationship DEU->ESP with date=1982-07-02 and goalDifference=1: Relationship[1852]
Created relationship ESP->DEU with date=1982-07-02 and goalDifference=1: Relationship[1853]
Processing entry 927 of 4135
1982-07-04 FRA:NIR 3
Node for team FRA already exists: Node[0]
Node for team NIR already exists: Node[32]
Created relationship FRA->NIR with date=1982-07-04 and goalDifference=3: Relationship[1854]
Created relationship NIR->FRA with date=1982-07-04 and goalDifference=3: Relationship[1855]
Processing entry 928 of 4135
1982-07-04 NIR:FRA -3
Node for team NIR already exists: Node[32]
Node for team FRA already exists: Node[0]
Created relationship NIR->FRA with date=1982-07-04 and goalDifference=-3: Relationship[1856]
Created relationship FRA->NIR with date=1982-07-04 and goalDifference=-3: Relationship[1857]
Processing entry 929 of 4135
1982-07-04 POL:SUN 0
Node for team POL already exists: Node[23]
Node for team SUN already exists: Node[33]
Created relationship POL->SUN with date=1982-07-04 and goalDifference=0: Relationship[1858]
Created relationship SUN->POL with date=1982-07-04 and goalDifference=0: Relationship[1859]
Processing entry 930 of 4135
1982-07-04 SUN:POL 0
Node for team SUN already exists: Node[33]
Node for team POL already exists: Node[23]
Created relationship SUN->POL with date=1982-07-04 and goalDifference=0: Relationship[1860]
Created relationship POL->SUN with date=1982-07-04 and goalDifference=0: Relationship[1861]
Processing entry 931 of 4135
1982-07-05 BRA:ITA -1
Node for team BRA already exists: Node[7]
Node for team ITA already exists: Node[21]
Created relationship BRA->ITA with date=1982-07-05 and goalDifference=-1: Relationship[1862]
Created relationship ITA->BRA with date=1982-07-05 and goalDifference=-1: Relationship[1863]
Processing entry 932 of 4135
1982-07-05 ESP:ENG 0
Node for team ESP already exists: Node[18]
Node for team ENG already exists: Node[27]
Created relationship ESP->ENG with date=1982-07-05 and goalDifference=0: Relationship[1864]
Created relationship ENG->ESP with date=1982-07-05 and goalDifference=0: Relationship[1865]
Processing entry 933 of 4135
1982-07-05 ITA:BRA 1
Node for team ITA already exists: Node[21]
Node for team BRA already exists: Node[7]
Created relationship ITA->BRA with date=1982-07-05 and goalDifference=1: Relationship[1866]
Created relationship BRA->ITA with date=1982-07-05 and goalDifference=1: Relationship[1867]
Processing entry 934 of 4135
1982-07-08 DEU:FRA 0
Node for team DEU already exists: Node[17]
Node for team FRA already exists: Node[0]
Created relationship DEU->FRA with date=1982-07-08 and goalDifference=0: Relationship[1868]
Created relationship FRA->DEU with date=1982-07-08 and goalDifference=0: Relationship[1869]
Processing entry 935 of 4135
1982-07-08 POL:ITA -2
Node for team POL already exists: Node[23]
Node for team ITA already exists: Node[21]
Created relationship POL->ITA with date=1982-07-08 and goalDifference=-2: Relationship[1870]
Created relationship ITA->POL with date=1982-07-08 and goalDifference=-2: Relationship[1871]
Processing entry 936 of 4135
1982-07-10 POL:FRA 1
Node for team POL already exists: Node[23]
Node for team FRA already exists: Node[0]
Created relationship POL->FRA with date=1982-07-10 and goalDifference=1: Relationship[1872]
Created relationship FRA->POL with date=1982-07-10 and goalDifference=1: Relationship[1873]
Processing entry 937 of 4135
1982-07-11 ITA:DEU 2
Node for team ITA already exists: Node[21]
Node for team DEU already exists: Node[17]
Created relationship ITA->DEU with date=1982-07-11 and goalDifference=2: Relationship[1874]
Created relationship DEU->ITA with date=1982-07-11 and goalDifference=2: Relationship[1875]
Processing entry 938 of 4135
1982-09-01 ISL:NLD 0
Node for team ISL already exists: Node[43]
Node for team NLD already exists: Node[15]
Created relationship ISL->NLD with date=1982-09-01 and goalDifference=0: Relationship[1876]
Created relationship NLD->ISL with date=1982-09-01 and goalDifference=0: Relationship[1877]
Processing entry 939 of 4135
1982-09-08 FIN:POL -1
Node for team FIN already exists: Node[46]
Node for team POL already exists: Node[23]
Created relationship FIN->POL with date=1982-09-08 and goalDifference=-1: Relationship[1878]
Created relationship POL->FIN with date=1982-09-08 and goalDifference=-1: Relationship[1879]
Processing entry 940 of 4135
1982-09-08 ROU:SWE 2
Node for team ROU already exists: Node[4]
Node for team SWE already exists: Node[22]
Created relationship ROU->SWE with date=1982-09-08 and goalDifference=2: Relationship[1880]
Created relationship SWE->ROU with date=1982-09-08 and goalDifference=2: Relationship[1881]
Processing entry 941 of 4135
1982-09-22 AUT:ALB 5
Node for team AUT already exists: Node[13]
Node for team ALB already exists: Node[41]
Created relationship AUT->ALB with date=1982-09-22 and goalDifference=5: Relationship[1882]
Created relationship ALB->AUT with date=1982-09-22 and goalDifference=5: Relationship[1883]
Processing entry 942 of 4135
1982-09-22 DNK:ENG 0
Node for team DNK already exists: Node[39]
Node for team ENG already exists: Node[27]
Created relationship DNK->ENG with date=1982-09-22 and goalDifference=0: Relationship[1884]
Created relationship ENG->DNK with date=1982-09-22 and goalDifference=0: Relationship[1885]
Processing entry 943 of 4135
1982-09-22 FIN:PRT -2
Node for team FIN already exists: Node[46]
Node for team PRT already exists: Node[38]
Created relationship FIN->PRT with date=1982-09-22 and goalDifference=-2: Relationship[1886]
Created relationship PRT->FIN with date=1982-09-22 and goalDifference=-2: Relationship[1887]
Processing entry 944 of 4135
1982-09-22 NLD:IRL 1
Node for team NLD already exists: Node[15]
Node for team IRL already exists: Node[35]
Created relationship NLD->IRL with date=1982-09-22 and goalDifference=1: Relationship[1888]
Created relationship IRL->NLD with date=1982-09-22 and goalDifference=1: Relationship[1889]
Processing entry 945 of 4135
1982-10-06 BEL:CHE 3
Node for team BEL already exists: Node[3]
Node for team CHE already exists: Node[14]
Created relationship BEL->CHE with date=1982-10-06 and goalDifference=3: Relationship[1890]
Created relationship CHE->BEL with date=1982-10-06 and goalDifference=3: Relationship[1891]
Processing entry 946 of 4135
1982-10-06 CSK:SWE 0
Node for team CSK already exists: Node[16]
Node for team SWE already exists: Node[22]
Created relationship CSK->SWE with date=1982-10-06 and goalDifference=0: Relationship[1892]
Created relationship SWE->CSK with date=1982-10-06 and goalDifference=0: Relationship[1893]
Processing entry 947 of 4135
1982-10-09 LUX:GRC -2
Node for team LUX already exists: Node[44]
Node for team GRC already exists: Node[34]
Created relationship LUX->GRC with date=1982-10-09 and goalDifference=-2: Relationship[1894]
Created relationship GRC->LUX with date=1982-10-09 and goalDifference=-2: Relationship[1895]
Processing entry 948 of 4135
1982-10-10 PRT:POL 1
Node for team PRT already exists: Node[38]
Node for team POL already exists: Node[23]
Created relationship PRT->POL with date=1982-10-10 and goalDifference=1: Relationship[1896]
Created relationship POL->PRT with date=1982-10-10 and goalDifference=1: Relationship[1897]
Processing entry 949 of 4135
1982-10-13 AUT:NIR 2
Node for team AUT already exists: Node[13]
Node for team NIR already exists: Node[32]
Created relationship AUT->NIR with date=1982-10-13 and goalDifference=2: Relationship[1898]
Created relationship NIR->AUT with date=1982-10-13 and goalDifference=2: Relationship[1899]
Processing entry 950 of 4135
1982-10-13 IRL:ISL 2
Node for team IRL already exists: Node[35]
Node for team ISL already exists: Node[43]
Created relationship IRL->ISL with date=1982-10-13 and goalDifference=2: Relationship[1900]
Created relationship ISL->IRL with date=1982-10-13 and goalDifference=2: Relationship[1901]
Processing entry 951 of 4135
1982-10-13 NOR:YUG 2
Node for team NOR already exists: Node[26]
Node for team YUG already exists: Node[6]
Created relationship NOR->YUG with date=1982-10-13 and goalDifference=2: Relationship[1902]
Created relationship YUG->NOR with date=1982-10-13 and goalDifference=2: Relationship[1903]
Processing entry 952 of 4135
1982-10-13 SCO:DDR 2
Node for team SCO already exists: Node[28]
Node for team DDR already exists: Node[37]
Created relationship SCO->DDR with date=1982-10-13 and goalDifference=2: Relationship[1904]
Created relationship DDR->SCO with date=1982-10-13 and goalDifference=2: Relationship[1905]
Processing entry 953 of 4135
1982-10-13 SUN:FIN 2
Node for team SUN already exists: Node[33]
Node for team FIN already exists: Node[46]
Created relationship SUN->FIN with date=1982-10-13 and goalDifference=2: Relationship[1906]
Created relationship FIN->SUN with date=1982-10-13 and goalDifference=2: Relationship[1907]
Processing entry 954 of 4135
1982-10-27 BGR:NOR 0
Node for team BGR already exists: Node[36]
Node for team NOR already exists: Node[26]
Created relationship BGR->NOR with date=1982-10-27 and goalDifference=0: Relationship[1908]
Created relationship NOR->BGR with date=1982-10-27 and goalDifference=0: Relationship[1909]
Processing entry 955 of 4135
1982-10-27 ESP:ISL 1
Node for team ESP already exists: Node[18]
Node for team ISL already exists: Node[43]
Created relationship ESP->ISL with date=1982-10-27 and goalDifference=1: Relationship[1910]
Created relationship ISL->ESP with date=1982-10-27 and goalDifference=1: Relationship[1911]
Processing entry 956 of 4135
1982-10-27 TUR:ALB 1
Node for team TUR already exists: Node[29]
Node for team ALB already exists: Node[41]
Created relationship TUR->ALB with date=1982-10-27 and goalDifference=1: Relationship[1912]
Created relationship ALB->TUR with date=1982-10-27 and goalDifference=1: Relationship[1913]
Processing entry 957 of 4135
1982-11-10 LUX:DNK -1
Node for team LUX already exists: Node[44]
Node for team DNK already exists: Node[39]
Created relationship LUX->DNK with date=1982-11-10 and goalDifference=-1: Relationship[1914]
Created relationship DNK->LUX with date=1982-11-10 and goalDifference=-1: Relationship[1915]
Processing entry 958 of 4135
1982-11-13 CYP:SWE -1
Node for team CYP already exists: Node[47]
Node for team SWE already exists: Node[22]
Created relationship CYP->SWE with date=1982-11-13 and goalDifference=-1: Relationship[1916]
Created relationship SWE->CYP with date=1982-11-13 and goalDifference=-1: Relationship[1917]
Processing entry 959 of 4135
1982-11-17 AUT:TUR 4
Node for team AUT already exists: Node[13]
Node for team TUR already exists: Node[29]
Created relationship AUT->TUR with date=1982-11-17 and goalDifference=4: Relationship[1918]
Created relationship TUR->AUT with date=1982-11-17 and goalDifference=4: Relationship[1919]
Processing entry 960 of 4135
1982-11-17 BGR:YUG -1
Node for team BGR already exists: Node[36]
Node for team YUG already exists: Node[6]
Created relationship BGR->YUG with date=1982-11-17 and goalDifference=-1: Relationship[1920]
Created relationship YUG->BGR with date=1982-11-17 and goalDifference=-1: Relationship[1921]
Processing entry 961 of 4135
1982-11-17 CHE:SCO 2
Node for team CHE already exists: Node[14]
Node for team SCO already exists: Node[28]
Created relationship CHE->SCO with date=1982-11-17 and goalDifference=2: Relationship[1922]
Created relationship SCO->CHE with date=1982-11-17 and goalDifference=2: Relationship[1923]
Processing entry 962 of 4135
1982-11-17 GRC:ENG -3
Node for team GRC already exists: Node[34]
Node for team ENG already exists: Node[27]
Created relationship GRC->ENG with date=1982-11-17 and goalDifference=-3: Relationship[1924]
Created relationship ENG->GRC with date=1982-11-17 and goalDifference=-3: Relationship[1925]
Processing entry 963 of 4135
1982-11-17 IRL:ESP 0
Node for team IRL already exists: Node[35]
Node for team ESP already exists: Node[18]
Created relationship IRL->ESP with date=1982-11-17 and goalDifference=0: Relationship[1926]
Created relationship ESP->IRL with date=1982-11-17 and goalDifference=0: Relationship[1927]
Processing entry 964 of 4135
1982-11-17 NIR:DEU 1
Node for team NIR already exists: Node[32]
Node for team DEU already exists: Node[17]
Created relationship NIR->DEU with date=1982-11-17 and goalDifference=1: Relationship[1928]
Created relationship DEU->NIR with date=1982-11-17 and goalDifference=1: Relationship[1929]
Processing entry 965 of 4135
1982-12-04 ITA:CSK 0
Node for team ITA already exists: Node[21]
Node for team CSK already exists: Node[16]
Created relationship ITA->CSK with date=1982-12-04 and goalDifference=0: Relationship[1930]
Created relationship CSK->ITA with date=1982-12-04 and goalDifference=0: Relationship[1931]
Processing entry 966 of 4135
1982-12-04 ITA:ROU 0
Node for team ITA already exists: Node[21]
Node for team ROU already exists: Node[4]
Created relationship ITA->ROU with date=1982-12-04 and goalDifference=0: Relationship[1932]
Created relationship ROU->ITA with date=1982-12-04 and goalDifference=0: Relationship[1933]
Processing entry 967 of 4135
1982-12-15 ALB:NIR 0
Node for team ALB already exists: Node[41]
Node for team NIR already exists: Node[32]
Created relationship ALB->NIR with date=1982-12-15 and goalDifference=0: Relationship[1934]
Created relationship NIR->ALB with date=1982-12-15 and goalDifference=0: Relationship[1935]
Processing entry 968 of 4135
1982-12-15 BEL:SCO 1
Node for team BEL already exists: Node[3]
Node for team SCO already exists: Node[28]
Created relationship BEL->SCO with date=1982-12-15 and goalDifference=1: Relationship[1936]
Created relationship SCO->BEL with date=1982-12-15 and goalDifference=1: Relationship[1937]
Processing entry 969 of 4135
1982-12-15 ENG:LUX 9
Node for team ENG already exists: Node[27]
Node for team LUX already exists: Node[44]
Created relationship ENG->LUX with date=1982-12-15 and goalDifference=9: Relationship[1938]
Created relationship LUX->ENG with date=1982-12-15 and goalDifference=9: Relationship[1939]
Processing entry 970 of 4135
1982-12-15 YUG:WAL 0
Node for team YUG already exists: Node[6]
Node for team WAL already exists: Node[31]
Created relationship YUG->WAL with date=1982-12-15 and goalDifference=0: Relationship[1940]
Created relationship WAL->YUG with date=1982-12-15 and goalDifference=0: Relationship[1941]
Processing entry 971 of 4135
1982-12-19 MLT:NLD -6
Node for team MLT already exists: Node[42]
Node for team NLD already exists: Node[15]
Created relationship MLT->NLD with date=1982-12-19 and goalDifference=-6: Relationship[1942]
Created relationship NLD->MLT with date=1982-12-19 and goalDifference=-6: Relationship[1943]
Processing entry 972 of 4135
1983-02-12 CYP:ITA 0
Node for team CYP already exists: Node[47]
Node for team ITA already exists: Node[21]
Created relationship CYP->ITA with date=1983-02-12 and goalDifference=0: Relationship[1944]
Created relationship ITA->CYP with date=1983-02-12 and goalDifference=0: Relationship[1945]
Processing entry 973 of 4135
1983-02-16 ESP:NLD 1
Node for team ESP already exists: Node[18]
Node for team NLD already exists: Node[15]
Created relationship ESP->NLD with date=1983-02-16 and goalDifference=1: Relationship[1946]
Created relationship NLD->ESP with date=1983-02-16 and goalDifference=1: Relationship[1947]
Processing entry 974 of 4135
1983-03-27 CYP:CSK 0
Node for team CYP already exists: Node[47]
Node for team CSK already exists: Node[16]
Created relationship CYP->CSK with date=1983-03-27 and goalDifference=0: Relationship[1948]
Created relationship CSK->CYP with date=1983-03-27 and goalDifference=0: Relationship[1949]
Processing entry 975 of 4135
1983-03-27 LUX:HUN -4
Node for team LUX already exists: Node[44]
Node for team HUN already exists: Node[19]
Created relationship LUX->HUN with date=1983-03-27 and goalDifference=-4: Relationship[1950]
Created relationship HUN->LUX with date=1983-03-27 and goalDifference=-4: Relationship[1951]
Processing entry 976 of 4135
1983-03-30 ALB:DEU -1
Node for team ALB already exists: Node[41]
Node for team DEU already exists: Node[17]
Created relationship ALB->DEU with date=1983-03-30 and goalDifference=-1: Relationship[1952]
Created relationship DEU->ALB with date=1983-03-30 and goalDifference=-1: Relationship[1953]
Processing entry 977 of 4135
1983-03-30 DDR:BEL -1
Node for team DDR already exists: Node[37]
Node for team BEL already exists: Node[3]
Created relationship DDR->BEL with date=1983-03-30 and goalDifference=-1: Relationship[1954]
Created relationship BEL->DDR with date=1983-03-30 and goalDifference=-1: Relationship[1955]
Processing entry 978 of 4135
1983-03-30 ENG:GRC 0
Node for team ENG already exists: Node[27]
Node for team GRC already exists: Node[34]
Created relationship ENG->GRC with date=1983-03-30 and goalDifference=0: Relationship[1956]
Created relationship GRC->ENG with date=1983-03-30 and goalDifference=0: Relationship[1957]
Processing entry 979 of 4135
1983-03-30 MLT:IRL -1
Node for team MLT already exists: Node[42]
Node for team IRL already exists: Node[35]
Created relationship MLT->IRL with date=1983-03-30 and goalDifference=-1: Relationship[1958]
Created relationship IRL->MLT with date=1983-03-30 and goalDifference=-1: Relationship[1959]
Processing entry 980 of 4135
1983-03-30 NIR:TUR 1
Node for team NIR already exists: Node[32]
Node for team TUR already exists: Node[29]
Created relationship NIR->TUR with date=1983-03-30 and goalDifference=1: Relationship[1960]
Created relationship TUR->NIR with date=1983-03-30 and goalDifference=1: Relationship[1961]
Processing entry 981 of 4135
1983-03-30 SCO:CHE 0
Node for team SCO already exists: Node[28]
Node for team CHE already exists: Node[14]
Created relationship SCO->CHE with date=1983-03-30 and goalDifference=0: Relationship[1962]
Created relationship CHE->SCO with date=1983-03-30 and goalDifference=0: Relationship[1963]
Processing entry 982 of 4135
1983-04-16 CSK:CYP 6
Node for team CSK already exists: Node[16]
Node for team CYP already exists: Node[47]
Created relationship CSK->CYP with date=1983-04-16 and goalDifference=6: Relationship[1964]
Created relationship CYP->CSK with date=1983-04-16 and goalDifference=6: Relationship[1965]
Processing entry 983 of 4135
1983-04-16 ROU:ITA 1
Node for team ROU already exists: Node[4]
Node for team ITA already exists: Node[21]
Created relationship ROU->ITA with date=1983-04-16 and goalDifference=1: Relationship[1966]
Created relationship ITA->ROU with date=1983-04-16 and goalDifference=1: Relationship[1967]
Processing entry 984 of 4135
1983-04-17 HUN:LUX 4
Node for team HUN already exists: Node[19]
Node for team LUX already exists: Node[44]
Created relationship HUN->LUX with date=1983-04-17 and goalDifference=4: Relationship[1968]
Created relationship LUX->HUN with date=1983-04-17 and goalDifference=4: Relationship[1969]
Processing entry 985 of 4135
1983-04-17 POL:FIN 0
Node for team POL already exists: Node[23]
Node for team FIN already exists: Node[46]
Created relationship POL->FIN with date=1983-04-17 and goalDifference=0: Relationship[1970]
Created relationship FIN->POL with date=1983-04-17 and goalDifference=0: Relationship[1971]
Processing entry 986 of 4135
1983-04-23 TUR:DEU -3
Node for team TUR already exists: Node[29]
Node for team DEU already exists: Node[17]
Created relationship TUR->DEU with date=1983-04-23 and goalDifference=-3: Relationship[1972]
Created relationship DEU->TUR with date=1983-04-23 and goalDifference=-3: Relationship[1973]
Processing entry 987 of 4135
1983-04-27 AUT:DEU 0
Node for team AUT already exists: Node[13]
Node for team DEU already exists: Node[17]
Created relationship AUT->DEU with date=1983-04-27 and goalDifference=0: Relationship[1974]
Created relationship DEU->AUT with date=1983-04-27 and goalDifference=0: Relationship[1975]
Processing entry 988 of 4135
1983-04-27 BEL:DDR 1
Node for team BEL already exists: Node[3]
Node for team DDR already exists: Node[37]
Created relationship BEL->DDR with date=1983-04-27 and goalDifference=1: Relationship[1976]
Created relationship DDR->BEL with date=1983-04-27 and goalDifference=1: Relationship[1977]
Processing entry 989 of 4135
1983-04-27 DNK:GRC 1
Node for team DNK already exists: Node[39]
Node for team GRC already exists: Node[34]
Created relationship DNK->GRC with date=1983-04-27 and goalDifference=1: Relationship[1978]
Created relationship GRC->DNK with date=1983-04-27 and goalDifference=1: Relationship[1979]
Processing entry 990 of 4135
1983-04-27 ENG:HUN 2
Node for team ENG already exists: Node[27]
Node for team HUN already exists: Node[19]
Created relationship ENG->HUN with date=1983-04-27 and goalDifference=2: Relationship[1980]
Created relationship HUN->ENG with date=1983-04-27 and goalDifference=2: Relationship[1981]
Processing entry 991 of 4135
1983-04-27 ESP:IRL 2
Node for team ESP already exists: Node[18]
Node for team IRL already exists: Node[35]
Created relationship ESP->IRL with date=1983-04-27 and goalDifference=2: Relationship[1982]
Created relationship IRL->ESP with date=1983-04-27 and goalDifference=2: Relationship[1983]
Processing entry 992 of 4135
1983-04-27 NIR:ALB 1
Node for team NIR already exists: Node[32]
Node for team ALB already exists: Node[41]
Created relationship NIR->ALB with date=1983-04-27 and goalDifference=1: Relationship[1984]
Created relationship ALB->NIR with date=1983-04-27 and goalDifference=1: Relationship[1985]
Processing entry 993 of 4135
1983-04-27 SUN:PRT 5
Node for team SUN already exists: Node[33]
Node for team PRT already exists: Node[38]
Created relationship SUN->PRT with date=1983-04-27 and goalDifference=5: Relationship[1986]
Created relationship PRT->SUN with date=1983-04-27 and goalDifference=5: Relationship[1987]
Processing entry 994 of 4135
1983-04-27 WAL:BGR 1
Node for team WAL already exists: Node[31]
Node for team BGR already exists: Node[36]
Created relationship WAL->BGR with date=1983-04-27 and goalDifference=1: Relationship[1988]
Created relationship BGR->WAL with date=1983-04-27 and goalDifference=1: Relationship[1989]
Processing entry 995 of 4135
1983-05-11 ALB:TUR 0
Node for team ALB already exists: Node[41]
Node for team TUR already exists: Node[29]
Created relationship ALB->TUR with date=1983-05-11 and goalDifference=0: Relationship[1990]
Created relationship TUR->ALB with date=1983-05-11 and goalDifference=0: Relationship[1991]
Processing entry 996 of 4135
1983-05-14 CHE:DDR 0
Node for team CHE already exists: Node[14]
Node for team DDR already exists: Node[37]
Created relationship CHE->DDR with date=1983-05-14 and goalDifference=0: Relationship[1992]
Created relationship DDR->CHE with date=1983-05-14 and goalDifference=0: Relationship[1993]
Processing entry 997 of 4135
1983-05-15 HUN:GRC -1
Node for team HUN already exists: Node[19]
Node for team GRC already exists: Node[34]
Created relationship HUN->GRC with date=1983-05-15 and goalDifference=-1: Relationship[1994]
Created relationship GRC->HUN with date=1983-05-15 and goalDifference=-1: Relationship[1995]
Processing entry 998 of 4135
1983-05-15 MLT:ESP -1
Node for team MLT already exists: Node[42]
Node for team ESP already exists: Node[18]
Created relationship MLT->ESP with date=1983-05-15 and goalDifference=-1: Relationship[1996]
Created relationship ESP->MLT with date=1983-05-15 and goalDifference=-1: Relationship[1997]
Processing entry 999 of 4135
1983-05-15 ROU:CSK -1
Node for team ROU already exists: Node[4]
Node for team CSK already exists: Node[16]
Created relationship ROU->CSK with date=1983-05-15 and goalDifference=-1: Relationship[1998]
Created relationship CSK->ROU with date=1983-05-15 and goalDifference=-1: Relationship[1999]
Processing entry 1000 of 4135
1983-05-15 SWE:CYP 5
Node for team SWE already exists: Node[22]
Node for team CYP already exists: Node[47]
Created relationship SWE->CYP with date=1983-05-15 and goalDifference=5: Relationship[2000]
Created relationship CYP->SWE with date=1983-05-15 and goalDifference=5: Relationship[2001]
Processing entry 1001 of 4135
1983-05-22 POL:SUN 0
Node for team POL already exists: Node[23]
Node for team SUN already exists: Node[33]
Created relationship POL->SUN with date=1983-05-22 and goalDifference=0: Relationship[2002]
Created relationship SUN->POL with date=1983-05-22 and goalDifference=0: Relationship[2003]
Processing entry 1002 of 4135
1983-05-29 ISL:ESP -1
Node for team ISL already exists: Node[43]
Node for team ESP already exists: Node[18]
Created relationship ISL->ESP with date=1983-05-29 and goalDifference=-1: Relationship[2004]
Created relationship ESP->ISL with date=1983-05-29 and goalDifference=-1: Relationship[2005]
Processing entry 1003 of 4135
1983-05-29 SWE:ITA 2
Node for team SWE already exists: Node[22]
Node for team ITA already exists: Node[21]
Created relationship SWE->ITA with date=1983-05-29 and goalDifference=2: Relationship[2006]
Created relationship ITA->SWE with date=1983-05-29 and goalDifference=2: Relationship[2007]
Processing entry 1004 of 4135
1983-06-01 DNK:HUN 2
Node for team DNK already exists: Node[39]
Node for team HUN already exists: Node[19]
Created relationship DNK->HUN with date=1983-06-01 and goalDifference=2: Relationship[2008]
Created relationship HUN->DNK with date=1983-06-01 and goalDifference=2: Relationship[2009]
Processing entry 1005 of 4135
1983-06-01 FIN:SUN -1
Node for team FIN already exists: Node[46]
Node for team SUN already exists: Node[33]
Created relationship FIN->SUN with date=1983-06-01 and goalDifference=-1: Relationship[2010]
Created relationship SUN->FIN with date=1983-06-01 and goalDifference=-1: Relationship[2011]
Processing entry 1006 of 4135
1983-06-05 ISL:MLT 1
Node for team ISL already exists: Node[43]
Node for team MLT already exists: Node[42]
Created relationship ISL->MLT with date=1983-06-05 and goalDifference=1: Relationship[2012]
Created relationship MLT->ISL with date=1983-06-05 and goalDifference=1: Relationship[2013]
Processing entry 1007 of 4135
1983-06-08 ALB:AUT -1
Node for team ALB already exists: Node[41]
Node for team AUT already exists: Node[13]
Created relationship ALB->AUT with date=1983-06-08 and goalDifference=-1: Relationship[2014]
Created relationship AUT->ALB with date=1983-06-08 and goalDifference=-1: Relationship[2015]
Processing entry 1008 of 4135
1983-06-09 SWE:ROU -1
Node for team SWE already exists: Node[22]
Node for team ROU already exists: Node[4]
Created relationship SWE->ROU with date=1983-06-09 and goalDifference=-1: Relationship[2016]
Created relationship ROU->SWE with date=1983-06-09 and goalDifference=-1: Relationship[2017]
Processing entry 1009 of 4135
1983-09-07 NLD:ISL 3
Node for team NLD already exists: Node[15]
Node for team ISL already exists: Node[43]
Created relationship NLD->ISL with date=1983-09-07 and goalDifference=3: Relationship[2018]
Created relationship ISL->NLD with date=1983-09-07 and goalDifference=3: Relationship[2019]
Processing entry 1010 of 4135
1983-09-21 ENG:DNK -1
Node for team ENG already exists: Node[27]
Node for team DNK already exists: Node[39]
Created relationship ENG->DNK with date=1983-09-21 and goalDifference=-1: Relationship[2020]
Created relationship DNK->ENG with date=1983-09-21 and goalDifference=-1: Relationship[2021]
Processing entry 1011 of 4135
1983-09-21 ISL:IRL -3
Node for team ISL already exists: Node[43]
Node for team IRL already exists: Node[35]
Created relationship ISL->IRL with date=1983-09-21 and goalDifference=-3: Relationship[2022]
Created relationship IRL->ISL with date=1983-09-21 and goalDifference=-3: Relationship[2023]
Processing entry 1012 of 4135
1983-09-21 NIR:AUT 2
Node for team NIR already exists: Node[32]
Node for team AUT already exists: Node[13]
Created relationship NIR->AUT with date=1983-09-21 and goalDifference=2: Relationship[2024]
Created relationship AUT->NIR with date=1983-09-21 and goalDifference=2: Relationship[2025]
Processing entry 1013 of 4135
1983-09-21 NOR:WAL 0
Node for team NOR already exists: Node[26]
Node for team WAL already exists: Node[31]
Created relationship NOR->WAL with date=1983-09-21 and goalDifference=0: Relationship[2026]
Created relationship WAL->NOR with date=1983-09-21 and goalDifference=0: Relationship[2027]
Processing entry 1014 of 4135
1983-09-21 PRT:FIN 5
Node for team PRT already exists: Node[38]
Node for team FIN already exists: Node[46]
Created relationship PRT->FIN with date=1983-09-21 and goalDifference=5: Relationship[2028]
Created relationship FIN->PRT with date=1983-09-21 and goalDifference=5: Relationship[2029]
Processing entry 1015 of 4135
1983-09-21 SWE:CSK 1
Node for team SWE already exists: Node[22]
Node for team CSK already exists: Node[16]
Created relationship SWE->CSK with date=1983-09-21 and goalDifference=1: Relationship[2030]
Created relationship CSK->SWE with date=1983-09-21 and goalDifference=1: Relationship[2031]
Processing entry 1016 of 4135
1983-09-27 NOR:BGR -1
Node for team NOR already exists: Node[26]
Node for team BGR already exists: Node[36]
Created relationship NOR->BGR with date=1983-09-27 and goalDifference=-1: Relationship[2032]
Created relationship BGR->NOR with date=1983-09-27 and goalDifference=-1: Relationship[2033]
Processing entry 1017 of 4135
1983-10-05 DEU:AUT 3
Node for team DEU already exists: Node[17]
Node for team AUT already exists: Node[13]
Created relationship DEU->AUT with date=1983-10-05 and goalDifference=3: Relationship[2034]
Created relationship AUT->DEU with date=1983-10-05 and goalDifference=3: Relationship[2035]
Processing entry 1018 of 4135
1983-10-09 SUN:POL 2
Node for team SUN already exists: Node[33]
Node for team POL already exists: Node[23]
Created relationship SUN->POL with date=1983-10-09 and goalDifference=2: Relationship[2036]
Created relationship POL->SUN with date=1983-10-09 and goalDifference=2: Relationship[2037]
Processing entry 1019 of 4135
1983-10-12 DDR:CHE 3
Node for team DDR already exists: Node[37]
Node for team CHE already exists: Node[14]
Created relationship DDR->CHE with date=1983-10-12 and goalDifference=3: Relationship[2038]
Created relationship CHE->DDR with date=1983-10-12 and goalDifference=3: Relationship[2039]
Processing entry 1020 of 4135
1983-10-12 DNK:LUX 6
Node for team DNK already exists: Node[39]
Node for team LUX already exists: Node[44]
Created relationship DNK->LUX with date=1983-10-12 and goalDifference=6: Relationship[2040]
Created relationship LUX->DNK with date=1983-10-12 and goalDifference=6: Relationship[2041]
Processing entry 1021 of 4135
1983-10-12 HUN:ENG -3
Node for team HUN already exists: Node[19]
Node for team ENG already exists: Node[27]
Created relationship HUN->ENG with date=1983-10-12 and goalDifference=-3: Relationship[2042]
Created relationship ENG->HUN with date=1983-10-12 and goalDifference=-3: Relationship[2043]
Processing entry 1022 of 4135
1983-10-12 IRL:NLD -1
Node for team IRL already exists: Node[35]
Node for team NLD already exists: Node[15]
Created relationship IRL->NLD with date=1983-10-12 and goalDifference=-1: Relationship[2044]
Created relationship NLD->IRL with date=1983-10-12 and goalDifference=-1: Relationship[2045]
Processing entry 1023 of 4135
1983-10-12 SCO:BEL 0
Node for team SCO already exists: Node[28]
Node for team BEL already exists: Node[3]
Created relationship SCO->BEL with date=1983-10-12 and goalDifference=0: Relationship[2046]
Created relationship BEL->SCO with date=1983-10-12 and goalDifference=0: Relationship[2047]
Processing entry 1024 of 4135
1983-10-12 TUR:NIR 1
Node for team TUR already exists: Node[29]
Node for team NIR already exists: Node[32]
Created relationship TUR->NIR with date=1983-10-12 and goalDifference=1: Relationship[2048]
Created relationship NIR->TUR with date=1983-10-12 and goalDifference=1: Relationship[2049]
Processing entry 1025 of 4135
1983-10-12 YUG:NOR 1
Node for team YUG already exists: Node[6]
Node for team NOR already exists: Node[26]
Created relationship YUG->NOR with date=1983-10-12 and goalDifference=1: Relationship[2050]
Created relationship NOR->YUG with date=1983-10-12 and goalDifference=1: Relationship[2051]
Processing entry 1026 of 4135
1983-10-15 ITA:SWE -3
Node for team ITA already exists: Node[21]
Node for team SWE already exists: Node[22]
Created relationship ITA->SWE with date=1983-10-15 and goalDifference=-3: Relationship[2052]
Created relationship SWE->ITA with date=1983-10-15 and goalDifference=-3: Relationship[2053]
Processing entry 1027 of 4135
1983-10-26 DEU:TUR 4
Node for team DEU already exists: Node[17]
Node for team TUR already exists: Node[29]
Created relationship DEU->TUR with date=1983-10-26 and goalDifference=4: Relationship[2054]
Created relationship TUR->DEU with date=1983-10-26 and goalDifference=4: Relationship[2055]
Processing entry 1028 of 4135
1983-10-26 HUN:DNK 1
Node for team HUN already exists: Node[19]
Node for team DNK already exists: Node[39]
Created relationship HUN->DNK with date=1983-10-26 and goalDifference=1: Relationship[2056]
Created relationship DNK->HUN with date=1983-10-26 and goalDifference=1: Relationship[2057]
Processing entry 1029 of 4135
1983-10-28 POL:PRT -1
Node for team POL already exists: Node[23]
Node for team PRT already exists: Node[38]
Created relationship POL->PRT with date=1983-10-28 and goalDifference=-1: Relationship[2058]
Created relationship PRT->POL with date=1983-10-28 and goalDifference=-1: Relationship[2059]
Processing entry 1030 of 4135
1983-11-09 CHE:BEL 2
Node for team CHE already exists: Node[14]
Node for team BEL already exists: Node[3]
Created relationship CHE->BEL with date=1983-11-09 and goalDifference=2: Relationship[2060]
Created relationship BEL->CHE with date=1983-11-09 and goalDifference=2: Relationship[2061]
Processing entry 1031 of 4135
1983-11-12 CYP:ROU -1
Node for team CYP already exists: Node[47]
Node for team ROU already exists: Node[4]
Created relationship CYP->ROU with date=1983-11-12 and goalDifference=-1: Relationship[2062]
Created relationship ROU->CYP with date=1983-11-12 and goalDifference=-1: Relationship[2063]
Processing entry 1032 of 4135
1983-11-13 PRT:SUN 1
Node for team PRT already exists: Node[38]
Node for team SUN already exists: Node[33]
Created relationship PRT->SUN with date=1983-11-13 and goalDifference=1: Relationship[2064]
Created relationship SUN->PRT with date=1983-11-13 and goalDifference=1: Relationship[2065]
Processing entry 1033 of 4135
1983-11-16 BGR:WAL 1
Node for team BGR already exists: Node[36]
Node for team WAL already exists: Node[31]
Created relationship BGR->WAL with date=1983-11-16 and goalDifference=1: Relationship[2066]
Created relationship WAL->BGR with date=1983-11-16 and goalDifference=1: Relationship[2067]
Processing entry 1034 of 4135
1983-11-16 CSK:ITA 2
Node for team CSK already exists: Node[16]
Node for team ITA already exists: Node[21]
Created relationship CSK->ITA with date=1983-11-16 and goalDifference=2: Relationship[2068]
Created relationship ITA->CSK with date=1983-11-16 and goalDifference=2: Relationship[2069]
Processing entry 1035 of 4135
1983-11-16 DDR:SCO 1
Node for team DDR already exists: Node[37]
Node for team SCO already exists: Node[28]
Created relationship DDR->SCO with date=1983-11-16 and goalDifference=1: Relationship[2070]
Created relationship SCO->DDR with date=1983-11-16 and goalDifference=1: Relationship[2071]
Processing entry 1036 of 4135
1983-11-16 DEU:NIR -1
Node for team DEU already exists: Node[17]
Node for team NIR already exists: Node[32]
Created relationship DEU->NIR with date=1983-11-16 and goalDifference=-1: Relationship[2072]
Created relationship NIR->DEU with date=1983-11-16 and goalDifference=-1: Relationship[2073]
Processing entry 1037 of 4135
1983-11-16 GRC:DNK -2
Node for team GRC already exists: Node[34]
Node for team DNK already exists: Node[39]
Created relationship GRC->DNK with date=1983-11-16 and goalDifference=-2: Relationship[2074]
Created relationship DNK->GRC with date=1983-11-16 and goalDifference=-2: Relationship[2075]
Processing entry 1038 of 4135
1983-11-16 IRL:MLT 8
Node for team IRL already exists: Node[35]
Node for team MLT already exists: Node[42]
Created relationship IRL->MLT with date=1983-11-16 and goalDifference=8: Relationship[2076]
Created relationship MLT->IRL with date=1983-11-16 and goalDifference=8: Relationship[2077]
Processing entry 1039 of 4135
1983-11-16 LUX:ENG -4
Node for team LUX already exists: Node[44]
Node for team ENG already exists: Node[27]
Created relationship LUX->ENG with date=1983-11-16 and goalDifference=-4: Relationship[2078]
Created relationship ENG->LUX with date=1983-11-16 and goalDifference=-4: Relationship[2079]
Processing entry 1040 of 4135
1983-11-16 NLD:ESP 1
Node for team NLD already exists: Node[15]
Node for team ESP already exists: Node[18]
Created relationship NLD->ESP with date=1983-11-16 and goalDifference=1: Relationship[2080]
Created relationship ESP->NLD with date=1983-11-16 and goalDifference=1: Relationship[2081]
Processing entry 1041 of 4135
1983-11-16 TUR:AUT 2
Node for team TUR already exists: Node[29]
Node for team AUT already exists: Node[13]
Created relationship TUR->AUT with date=1983-11-16 and goalDifference=2: Relationship[2082]
Created relationship AUT->TUR with date=1983-11-16 and goalDifference=2: Relationship[2083]
Processing entry 1042 of 4135
1983-11-20 DEU:ALB 1
Node for team DEU already exists: Node[17]
Node for team ALB already exists: Node[41]
Created relationship DEU->ALB with date=1983-11-20 and goalDifference=1: Relationship[2084]
Created relationship ALB->DEU with date=1983-11-20 and goalDifference=1: Relationship[2085]
Processing entry 1043 of 4135
1983-11-30 CSK:ROU 0
Node for team CSK already exists: Node[16]
Node for team ROU already exists: Node[4]
Created relationship CSK->ROU with date=1983-11-30 and goalDifference=0: Relationship[2086]
Created relationship ROU->CSK with date=1983-11-30 and goalDifference=0: Relationship[2087]
Processing entry 1044 of 4135
1983-12-03 GRC:HUN 0
Node for team GRC already exists: Node[34]
Node for team HUN already exists: Node[19]
Created relationship GRC->HUN with date=1983-12-03 and goalDifference=0: Relationship[2088]
Created relationship HUN->GRC with date=1983-12-03 and goalDifference=0: Relationship[2089]
Processing entry 1045 of 4135
1983-12-14 GRC:LUX 1
Node for team GRC already exists: Node[34]
Node for team LUX already exists: Node[44]
Created relationship GRC->LUX with date=1983-12-14 and goalDifference=1: Relationship[2090]
Created relationship LUX->GRC with date=1983-12-14 and goalDifference=1: Relationship[2091]
Processing entry 1046 of 4135
1983-12-14 WAL:YUG 0
Node for team WAL already exists: Node[31]
Node for team YUG already exists: Node[6]
Created relationship WAL->YUG with date=1983-12-14 and goalDifference=0: Relationship[2092]
Created relationship YUG->WAL with date=1983-12-14 and goalDifference=0: Relationship[2093]
Processing entry 1047 of 4135
1983-12-17 NLD:MLT 5
Node for team NLD already exists: Node[15]
Node for team MLT already exists: Node[42]
Created relationship NLD->MLT with date=1983-12-17 and goalDifference=5: Relationship[2094]
Created relationship MLT->NLD with date=1983-12-17 and goalDifference=5: Relationship[2095]
Processing entry 1048 of 4135
1983-12-21 ESP:MLT 11
Node for team ESP already exists: Node[18]
Node for team MLT already exists: Node[42]
Created relationship ESP->MLT with date=1983-12-21 and goalDifference=11: Relationship[2096]
Created relationship MLT->ESP with date=1983-12-21 and goalDifference=11: Relationship[2097]
Processing entry 1049 of 4135
1983-12-21 YUG:BGR 1
Node for team YUG already exists: Node[6]
Node for team BGR already exists: Node[36]
Created relationship YUG->BGR with date=1983-12-21 and goalDifference=1: Relationship[2098]
Created relationship BGR->YUG with date=1983-12-21 and goalDifference=1: Relationship[2099]
Processing entry 1050 of 4135
1983-12-22 ITA:CYP 2
Node for team ITA already exists: Node[21]
Node for team CYP already exists: Node[47]
Created relationship ITA->CYP with date=1983-12-22 and goalDifference=2: Relationship[2100]
Created relationship CYP->ITA with date=1983-12-22 and goalDifference=2: Relationship[2101]
Processing entry 1051 of 4135
1984-06-12 FRA:DNK 1
Node for team FRA already exists: Node[0]
Node for team DNK already exists: Node[39]
Created relationship FRA->DNK with date=1984-06-12 and goalDifference=1: Relationship[2102]
Created relationship DNK->FRA with date=1984-06-12 and goalDifference=1: Relationship[2103]
Processing entry 1052 of 4135
1984-06-13 BEL:YUG 2
Node for team BEL already exists: Node[3]
Node for team YUG already exists: Node[6]
Created relationship BEL->YUG with date=1984-06-13 and goalDifference=2: Relationship[2104]
Created relationship YUG->BEL with date=1984-06-13 and goalDifference=2: Relationship[2105]
Processing entry 1053 of 4135
1984-06-14 DEU:PRT 0
Node for team DEU already exists: Node[17]
Node for team PRT already exists: Node[38]
Created relationship DEU->PRT with date=1984-06-14 and goalDifference=0: Relationship[2106]
Created relationship PRT->DEU with date=1984-06-14 and goalDifference=0: Relationship[2107]
Processing entry 1054 of 4135
1984-06-14 PRT:DEU 0
Node for team PRT already exists: Node[38]
Node for team DEU already exists: Node[17]
Created relationship PRT->DEU with date=1984-06-14 and goalDifference=0: Relationship[2108]
Created relationship DEU->PRT with date=1984-06-14 and goalDifference=0: Relationship[2109]
Processing entry 1055 of 4135
1984-06-14 ROU:ESP 0
Node for team ROU already exists: Node[4]
Node for team ESP already exists: Node[18]
Created relationship ROU->ESP with date=1984-06-14 and goalDifference=0: Relationship[2110]
Created relationship ESP->ROU with date=1984-06-14 and goalDifference=0: Relationship[2111]
Processing entry 1056 of 4135
1984-06-16 DNK:YUG 5
Node for team DNK already exists: Node[39]
Node for team YUG already exists: Node[6]
Created relationship DNK->YUG with date=1984-06-16 and goalDifference=5: Relationship[2112]
Created relationship YUG->DNK with date=1984-06-16 and goalDifference=5: Relationship[2113]
Processing entry 1057 of 4135
1984-06-16 FRA:BEL 5
Node for team FRA already exists: Node[0]
Node for team BEL already exists: Node[3]
Created relationship FRA->BEL with date=1984-06-16 and goalDifference=5: Relationship[2114]
Created relationship BEL->FRA with date=1984-06-16 and goalDifference=5: Relationship[2115]
Processing entry 1058 of 4135
1984-06-17 DEU:ROU 1
Node for team DEU already exists: Node[17]
Node for team ROU already exists: Node[4]
Created relationship DEU->ROU with date=1984-06-17 and goalDifference=1: Relationship[2116]
Created relationship ROU->DEU with date=1984-06-17 and goalDifference=1: Relationship[2117]
Processing entry 1059 of 4135
1984-06-17 PRT:ESP 0
Node for team PRT already exists: Node[38]
Node for team ESP already exists: Node[18]
Created relationship PRT->ESP with date=1984-06-17 and goalDifference=0: Relationship[2118]
Created relationship ESP->PRT with date=1984-06-17 and goalDifference=0: Relationship[2119]
Processing entry 1060 of 4135
1984-06-19 DNK:BEL 1
Node for team DNK already exists: Node[39]
Node for team BEL already exists: Node[3]
Created relationship DNK->BEL with date=1984-06-19 and goalDifference=1: Relationship[2120]
Created relationship BEL->DNK with date=1984-06-19 and goalDifference=1: Relationship[2121]
Processing entry 1061 of 4135
1984-06-19 FRA:YUG 1
Node for team FRA already exists: Node[0]
Node for team YUG already exists: Node[6]
Created relationship FRA->YUG with date=1984-06-19 and goalDifference=1: Relationship[2122]
Created relationship YUG->FRA with date=1984-06-19 and goalDifference=1: Relationship[2123]
Processing entry 1062 of 4135
1984-06-20 DEU:ESP -1
Node for team DEU already exists: Node[17]
Node for team ESP already exists: Node[18]
Created relationship DEU->ESP with date=1984-06-20 and goalDifference=-1: Relationship[2124]
Created relationship ESP->DEU with date=1984-06-20 and goalDifference=-1: Relationship[2125]
Processing entry 1063 of 4135
1984-06-20 ESP:DEU 1
Node for team ESP already exists: Node[18]
Node for team DEU already exists: Node[17]
Created relationship ESP->DEU with date=1984-06-20 and goalDifference=1: Relationship[2126]
Created relationship DEU->ESP with date=1984-06-20 and goalDifference=1: Relationship[2127]
Processing entry 1064 of 4135
1984-06-20 PRT:ROU 1
Node for team PRT already exists: Node[38]
Node for team ROU already exists: Node[4]
Created relationship PRT->ROU with date=1984-06-20 and goalDifference=1: Relationship[2128]
Created relationship ROU->PRT with date=1984-06-20 and goalDifference=1: Relationship[2129]
Processing entry 1065 of 4135
1984-06-23 FRA:PRT 1
Node for team FRA already exists: Node[0]
Node for team PRT already exists: Node[38]
Created relationship FRA->PRT with date=1984-06-23 and goalDifference=1: Relationship[2130]
Created relationship PRT->FRA with date=1984-06-23 and goalDifference=1: Relationship[2131]
Processing entry 1066 of 4135
1984-06-24 ESP:DNK 0
Node for team ESP already exists: Node[18]
Node for team DNK already exists: Node[39]
Created relationship ESP->DNK with date=1984-06-24 and goalDifference=0: Relationship[2132]
Created relationship DNK->ESP with date=1984-06-24 and goalDifference=0: Relationship[2133]
Processing entry 1067 of 4135
1984-06-27 FRA:ESP 2
Node for team FRA already exists: Node[0]
Node for team ESP already exists: Node[18]
Created relationship FRA->ESP with date=1984-06-27 and goalDifference=2: Relationship[2134]
Created relationship ESP->FRA with date=1984-06-27 and goalDifference=2: Relationship[2135]
Processing entry 1068 of 4135
1986-05-31 BGR:ITA 0
Node for team BGR already exists: Node[36]
Node for team ITA already exists: Node[21]
Created relationship BGR->ITA with date=1986-05-31 and goalDifference=0: Relationship[2136]
Created relationship ITA->BGR with date=1986-05-31 and goalDifference=0: Relationship[2137]
Processing entry 1069 of 4135
1986-05-31 ITA:BGR 0
Node for team ITA already exists: Node[21]
Node for team BGR already exists: Node[36]
Created relationship ITA->BGR with date=1986-05-31 and goalDifference=0: Relationship[2138]
Created relationship BGR->ITA with date=1986-05-31 and goalDifference=0: Relationship[2139]
Processing entry 1070 of 4135
1986-06-01 BRA:ESP 1
Node for team BRA already exists: Node[7]
Node for team ESP already exists: Node[18]
Created relationship BRA->ESP with date=1986-06-01 and goalDifference=1: Relationship[2140]
Created relationship ESP->BRA with date=1986-06-01 and goalDifference=1: Relationship[2141]
Processing entry 1071 of 4135
1986-06-01 CAN:FRA -1
Created new node for team CAN: Node[61]
Node for team FRA already exists: Node[0]
Created relationship CAN->FRA with date=1986-06-01 and goalDifference=-1: Relationship[2142]
Created relationship FRA->CAN with date=1986-06-01 and goalDifference=-1: Relationship[2143]
Processing entry 1072 of 4135
1986-06-01 ESP:BRA -1
Node for team ESP already exists: Node[18]
Node for team BRA already exists: Node[7]
Created relationship ESP->BRA with date=1986-06-01 and goalDifference=-1: Relationship[2144]
Created relationship BRA->ESP with date=1986-06-01 and goalDifference=-1: Relationship[2145]
Processing entry 1073 of 4135
1986-06-01 FRA:CAN 1
Node for team FRA already exists: Node[0]
Node for team CAN already exists: Node[61]
Created relationship FRA->CAN with date=1986-06-01 and goalDifference=1: Relationship[2146]
Created relationship CAN->FRA with date=1986-06-01 and goalDifference=1: Relationship[2147]
Processing entry 1074 of 4135
1986-06-02 ARG:KOR 2
Node for team ARG already exists: Node[8]
Node for team KOR already exists: Node[30]
Created relationship ARG->KOR with date=1986-06-02 and goalDifference=2: Relationship[2148]
Created relationship KOR->ARG with date=1986-06-02 and goalDifference=2: Relationship[2149]
Processing entry 1075 of 4135
1986-06-02 MAR:POL 0
Node for team MAR already exists: Node[50]
Node for team POL already exists: Node[23]
Created relationship MAR->POL with date=1986-06-02 and goalDifference=0: Relationship[2150]
Created relationship POL->MAR with date=1986-06-02 and goalDifference=0: Relationship[2151]
Processing entry 1076 of 4135
1986-06-02 POL:MAR 0
Node for team POL already exists: Node[23]
Node for team MAR already exists: Node[50]
Created relationship POL->MAR with date=1986-06-02 and goalDifference=0: Relationship[2152]
Created relationship MAR->POL with date=1986-06-02 and goalDifference=0: Relationship[2153]
Processing entry 1077 of 4135
1986-06-02 SUN:HUN 6
Node for team SUN already exists: Node[33]
Node for team HUN already exists: Node[19]
Created relationship SUN->HUN with date=1986-06-02 and goalDifference=6: Relationship[2154]
Created relationship HUN->SUN with date=1986-06-02 and goalDifference=6: Relationship[2155]
Processing entry 1078 of 4135
1986-06-03 BEL:MEX -1
Node for team BEL already exists: Node[3]
Node for team MEX already exists: Node[1]
Created relationship BEL->MEX with date=1986-06-03 and goalDifference=-1: Relationship[2156]
Created relationship MEX->BEL with date=1986-06-03 and goalDifference=-1: Relationship[2157]
Processing entry 1079 of 4135
1986-06-03 DZA:NIR 0
Node for team DZA already exists: Node[58]
Node for team NIR already exists: Node[32]
Created relationship DZA->NIR with date=1986-06-03 and goalDifference=0: Relationship[2158]
Created relationship NIR->DZA with date=1986-06-03 and goalDifference=0: Relationship[2159]
Processing entry 1080 of 4135
1986-06-03 MEX:BEL 1
Node for team MEX already exists: Node[1]
Node for team BEL already exists: Node[3]
Created relationship MEX->BEL with date=1986-06-03 and goalDifference=1: Relationship[2160]
Created relationship BEL->MEX with date=1986-06-03 and goalDifference=1: Relationship[2161]
Processing entry 1081 of 4135
1986-06-03 PRT:ENG 1
Node for team PRT already exists: Node[38]
Node for team ENG already exists: Node[27]
Created relationship PRT->ENG with date=1986-06-03 and goalDifference=1: Relationship[2162]
Created relationship ENG->PRT with date=1986-06-03 and goalDifference=1: Relationship[2163]
Processing entry 1082 of 4135
1986-06-04 DEU:URY 0
Node for team DEU already exists: Node[17]
Node for team URY already exists: Node[12]
Created relationship DEU->URY with date=1986-06-04 and goalDifference=0: Relationship[2164]
Created relationship URY->DEU with date=1986-06-04 and goalDifference=0: Relationship[2165]
Processing entry 1083 of 4135
1986-06-04 PRY:IRQ 1
Node for team PRY already exists: Node[10]
Created new node for team IRQ: Node[62]
Created relationship PRY->IRQ with date=1986-06-04 and goalDifference=1: Relationship[2166]
Created relationship IRQ->PRY with date=1986-06-04 and goalDifference=1: Relationship[2167]
Processing entry 1084 of 4135
1986-06-04 SCO:DNK -1
Node for team SCO already exists: Node[28]
Node for team DNK already exists: Node[39]
Created relationship SCO->DNK with date=1986-06-04 and goalDifference=-1: Relationship[2168]
Created relationship DNK->SCO with date=1986-06-04 and goalDifference=-1: Relationship[2169]
Processing entry 1085 of 4135
1986-06-04 URY:DEU 0
Node for team URY already exists: Node[12]
Node for team DEU already exists: Node[17]
Created relationship URY->DEU with date=1986-06-04 and goalDifference=0: Relationship[2170]
Created relationship DEU->URY with date=1986-06-04 and goalDifference=0: Relationship[2171]
Processing entry 1086 of 4135
1986-06-05 BGR:KOR 0
Node for team BGR already exists: Node[36]
Node for team KOR already exists: Node[30]
Created relationship BGR->KOR with date=1986-06-05 and goalDifference=0: Relationship[2172]
Created relationship KOR->BGR with date=1986-06-05 and goalDifference=0: Relationship[2173]
Processing entry 1087 of 4135
1986-06-05 FRA:SUN 0
Node for team FRA already exists: Node[0]
Node for team SUN already exists: Node[33]
Created relationship FRA->SUN with date=1986-06-05 and goalDifference=0: Relationship[2174]
Created relationship SUN->FRA with date=1986-06-05 and goalDifference=0: Relationship[2175]
Processing entry 1088 of 4135
1986-06-05 ITA:ARG 0
Node for team ITA already exists: Node[21]
Node for team ARG already exists: Node[8]
Created relationship ITA->ARG with date=1986-06-05 and goalDifference=0: Relationship[2176]
Created relationship ARG->ITA with date=1986-06-05 and goalDifference=0: Relationship[2177]
Processing entry 1089 of 4135
1986-06-05 KOR:BGR 0
Node for team KOR already exists: Node[30]
Node for team BGR already exists: Node[36]
Created relationship KOR->BGR with date=1986-06-05 and goalDifference=0: Relationship[2178]
Created relationship BGR->KOR with date=1986-06-05 and goalDifference=0: Relationship[2179]
Processing entry 1090 of 4135
1986-06-06 BRA:DZA 1
Node for team BRA already exists: Node[7]
Node for team DZA already exists: Node[58]
Created relationship BRA->DZA with date=1986-06-06 and goalDifference=1: Relationship[2180]
Created relationship DZA->BRA with date=1986-06-06 and goalDifference=1: Relationship[2181]
Processing entry 1091 of 4135
1986-06-06 CAN:HUN -2
Node for team CAN already exists: Node[61]
Node for team HUN already exists: Node[19]
Created relationship CAN->HUN with date=1986-06-06 and goalDifference=-2: Relationship[2182]
Created relationship HUN->CAN with date=1986-06-06 and goalDifference=-2: Relationship[2183]
Processing entry 1092 of 4135
1986-06-06 ENG:MAR 0
Node for team ENG already exists: Node[27]
Node for team MAR already exists: Node[50]
Created relationship ENG->MAR with date=1986-06-06 and goalDifference=0: Relationship[2184]
Created relationship MAR->ENG with date=1986-06-06 and goalDifference=0: Relationship[2185]
Processing entry 1093 of 4135
1986-06-06 HUN:CAN 2
Node for team HUN already exists: Node[19]
Node for team CAN already exists: Node[61]
Created relationship HUN->CAN with date=1986-06-06 and goalDifference=2: Relationship[2186]
Created relationship CAN->HUN with date=1986-06-06 and goalDifference=2: Relationship[2187]
Processing entry 1094 of 4135
1986-06-06 MAR:ENG 0
Node for team MAR already exists: Node[50]
Node for team ENG already exists: Node[27]
Created relationship MAR->ENG with date=1986-06-06 and goalDifference=0: Relationship[2188]
Created relationship ENG->MAR with date=1986-06-06 and goalDifference=0: Relationship[2189]
Processing entry 1095 of 4135
1986-06-07 ESP:NIR 1
Node for team ESP already exists: Node[18]
Node for team NIR already exists: Node[32]
Created relationship ESP->NIR with date=1986-06-07 and goalDifference=1: Relationship[2190]
Created relationship NIR->ESP with date=1986-06-07 and goalDifference=1: Relationship[2191]
Processing entry 1096 of 4135
1986-06-07 MEX:PRY 0
Node for team MEX already exists: Node[1]
Node for team PRY already exists: Node[10]
Created relationship MEX->PRY with date=1986-06-07 and goalDifference=0: Relationship[2192]
Created relationship PRY->MEX with date=1986-06-07 and goalDifference=0: Relationship[2193]
Processing entry 1097 of 4135
1986-06-07 NIR:ESP -1
Node for team NIR already exists: Node[32]
Node for team ESP already exists: Node[18]
Created relationship NIR->ESP with date=1986-06-07 and goalDifference=-1: Relationship[2194]
Created relationship ESP->NIR with date=1986-06-07 and goalDifference=-1: Relationship[2195]
Processing entry 1098 of 4135
1986-06-07 POL:PRT 1
Node for team POL already exists: Node[23]
Node for team PRT already exists: Node[38]
Created relationship POL->PRT with date=1986-06-07 and goalDifference=1: Relationship[2196]
Created relationship PRT->POL with date=1986-06-07 and goalDifference=1: Relationship[2197]
Processing entry 1099 of 4135
1986-06-08 BEL:IRQ 1
Node for team BEL already exists: Node[3]
Node for team IRQ already exists: Node[62]
Created relationship BEL->IRQ with date=1986-06-08 and goalDifference=1: Relationship[2198]
Created relationship IRQ->BEL with date=1986-06-08 and goalDifference=1: Relationship[2199]
Processing entry 1100 of 4135
1986-06-08 DEU:SCO 1
Node for team DEU already exists: Node[17]
Node for team SCO already exists: Node[28]
Created relationship DEU->SCO with date=1986-06-08 and goalDifference=1: Relationship[2200]
Created relationship SCO->DEU with date=1986-06-08 and goalDifference=1: Relationship[2201]
Processing entry 1101 of 4135
1986-06-08 DNK:URY 5
Node for team DNK already exists: Node[39]
Node for team URY already exists: Node[12]
Created relationship DNK->URY with date=1986-06-08 and goalDifference=5: Relationship[2202]
Created relationship URY->DNK with date=1986-06-08 and goalDifference=5: Relationship[2203]
Processing entry 1102 of 4135
1986-06-08 IRQ:BEL -1
Node for team IRQ already exists: Node[62]
Node for team BEL already exists: Node[3]
Created relationship IRQ->BEL with date=1986-06-08 and goalDifference=-1: Relationship[2204]
Created relationship BEL->IRQ with date=1986-06-08 and goalDifference=-1: Relationship[2205]
Processing entry 1103 of 4135
1986-06-08 URY:DNK -5
Node for team URY already exists: Node[12]
Node for team DNK already exists: Node[39]
Created relationship URY->DNK with date=1986-06-08 and goalDifference=-5: Relationship[2206]
Created relationship DNK->URY with date=1986-06-08 and goalDifference=-5: Relationship[2207]
Processing entry 1104 of 4135
1986-06-09 CAN:SUN -2
Node for team CAN already exists: Node[61]
Node for team SUN already exists: Node[33]
Created relationship CAN->SUN with date=1986-06-09 and goalDifference=-2: Relationship[2208]
Created relationship SUN->CAN with date=1986-06-09 and goalDifference=-2: Relationship[2209]
Processing entry 1105 of 4135
1986-06-09 FRA:HUN 3
Node for team FRA already exists: Node[0]
Node for team HUN already exists: Node[19]
Created relationship FRA->HUN with date=1986-06-09 and goalDifference=3: Relationship[2210]
Created relationship HUN->FRA with date=1986-06-09 and goalDifference=3: Relationship[2211]
Processing entry 1106 of 4135
1986-06-09 HUN:FRA -3
Node for team HUN already exists: Node[19]
Node for team FRA already exists: Node[0]
Created relationship HUN->FRA with date=1986-06-09 and goalDifference=-3: Relationship[2212]
Created relationship FRA->HUN with date=1986-06-09 and goalDifference=-3: Relationship[2213]
Processing entry 1107 of 4135
1986-06-09 SUN:CAN 2
Node for team SUN already exists: Node[33]
Node for team CAN already exists: Node[61]
Created relationship SUN->CAN with date=1986-06-09 and goalDifference=2: Relationship[2214]
Created relationship CAN->SUN with date=1986-06-09 and goalDifference=2: Relationship[2215]
Processing entry 1108 of 4135
1986-06-10 ARG:BGR 2
Node for team ARG already exists: Node[8]
Node for team BGR already exists: Node[36]
Created relationship ARG->BGR with date=1986-06-10 and goalDifference=2: Relationship[2216]
Created relationship BGR->ARG with date=1986-06-10 and goalDifference=2: Relationship[2217]
Processing entry 1109 of 4135
1986-06-10 ITA:KOR 1
Node for team ITA already exists: Node[21]
Node for team KOR already exists: Node[30]
Created relationship ITA->KOR with date=1986-06-10 and goalDifference=1: Relationship[2218]
Created relationship KOR->ITA with date=1986-06-10 and goalDifference=1: Relationship[2219]
Processing entry 1110 of 4135
1986-06-10 KOR:ITA -1
Node for team KOR already exists: Node[30]
Node for team ITA already exists: Node[21]
Created relationship KOR->ITA with date=1986-06-10 and goalDifference=-1: Relationship[2220]
Created relationship ITA->KOR with date=1986-06-10 and goalDifference=-1: Relationship[2221]
Processing entry 1111 of 4135
1986-06-11 BEL:PRY 0
Node for team BEL already exists: Node[3]
Node for team PRY already exists: Node[10]
Created relationship BEL->PRY with date=1986-06-11 and goalDifference=0: Relationship[2222]
Created relationship PRY->BEL with date=1986-06-11 and goalDifference=0: Relationship[2223]
Processing entry 1112 of 4135
1986-06-11 ENG:POL 3
Node for team ENG already exists: Node[27]
Node for team POL already exists: Node[23]
Created relationship ENG->POL with date=1986-06-11 and goalDifference=3: Relationship[2224]
Created relationship POL->ENG with date=1986-06-11 and goalDifference=3: Relationship[2225]
Processing entry 1113 of 4135
1986-06-11 IRQ:MEX -1
Node for team IRQ already exists: Node[62]
Node for team MEX already exists: Node[1]
Created relationship IRQ->MEX with date=1986-06-11 and goalDifference=-1: Relationship[2226]
Created relationship MEX->IRQ with date=1986-06-11 and goalDifference=-1: Relationship[2227]
Processing entry 1114 of 4135
1986-06-11 MAR:PRT 2
Node for team MAR already exists: Node[50]
Node for team PRT already exists: Node[38]
Created relationship MAR->PRT with date=1986-06-11 and goalDifference=2: Relationship[2228]
Created relationship PRT->MAR with date=1986-06-11 and goalDifference=2: Relationship[2229]
Processing entry 1115 of 4135
1986-06-11 MEX:IRQ 1
Node for team MEX already exists: Node[1]
Node for team IRQ already exists: Node[62]
Created relationship MEX->IRQ with date=1986-06-11 and goalDifference=1: Relationship[2230]
Created relationship IRQ->MEX with date=1986-06-11 and goalDifference=1: Relationship[2231]
Processing entry 1116 of 4135
1986-06-11 POL:ENG -3
Node for team POL already exists: Node[23]
Node for team ENG already exists: Node[27]
Created relationship POL->ENG with date=1986-06-11 and goalDifference=-3: Relationship[2232]
Created relationship ENG->POL with date=1986-06-11 and goalDifference=-3: Relationship[2233]
Processing entry 1117 of 4135
1986-06-11 PRT:MAR -2
Node for team PRT already exists: Node[38]
Node for team MAR already exists: Node[50]
Created relationship PRT->MAR with date=1986-06-11 and goalDifference=-2: Relationship[2234]
Created relationship MAR->PRT with date=1986-06-11 and goalDifference=-2: Relationship[2235]
Processing entry 1118 of 4135
1986-06-11 PRY:BEL 0
Node for team PRY already exists: Node[10]
Node for team BEL already exists: Node[3]
Created relationship PRY->BEL with date=1986-06-11 and goalDifference=0: Relationship[2236]
Created relationship BEL->PRY with date=1986-06-11 and goalDifference=0: Relationship[2237]
Processing entry 1119 of 4135
1986-06-12 BRA:NIR 3
Node for team BRA already exists: Node[7]
Node for team NIR already exists: Node[32]
Created relationship BRA->NIR with date=1986-06-12 and goalDifference=3: Relationship[2238]
Created relationship NIR->BRA with date=1986-06-12 and goalDifference=3: Relationship[2239]
Processing entry 1120 of 4135
1986-06-12 DZA:ESP -3
Node for team DZA already exists: Node[58]
Node for team ESP already exists: Node[18]
Created relationship DZA->ESP with date=1986-06-12 and goalDifference=-3: Relationship[2240]
Created relationship ESP->DZA with date=1986-06-12 and goalDifference=-3: Relationship[2241]
Processing entry 1121 of 4135
1986-06-12 ESP:DZA 3
Node for team ESP already exists: Node[18]
Node for team DZA already exists: Node[58]
Created relationship ESP->DZA with date=1986-06-12 and goalDifference=3: Relationship[2242]
Created relationship DZA->ESP with date=1986-06-12 and goalDifference=3: Relationship[2243]
Processing entry 1122 of 4135
1986-06-12 NIR:BRA -3
Node for team NIR already exists: Node[32]
Node for team BRA already exists: Node[7]
Created relationship NIR->BRA with date=1986-06-12 and goalDifference=-3: Relationship[2244]
Created relationship BRA->NIR with date=1986-06-12 and goalDifference=-3: Relationship[2245]
Processing entry 1123 of 4135
1986-06-13 DEU:DNK -2
Node for team DEU already exists: Node[17]
Node for team DNK already exists: Node[39]
Created relationship DEU->DNK with date=1986-06-13 and goalDifference=-2: Relationship[2246]
Created relationship DNK->DEU with date=1986-06-13 and goalDifference=-2: Relationship[2247]
Processing entry 1124 of 4135
1986-06-13 DNK:DEU 2
Node for team DNK already exists: Node[39]
Node for team DEU already exists: Node[17]
Created relationship DNK->DEU with date=1986-06-13 and goalDifference=2: Relationship[2248]
Created relationship DEU->DNK with date=1986-06-13 and goalDifference=2: Relationship[2249]
Processing entry 1125 of 4135
1986-06-13 SCO:URY 0
Node for team SCO already exists: Node[28]
Node for team URY already exists: Node[12]
Created relationship SCO->URY with date=1986-06-13 and goalDifference=0: Relationship[2250]
Created relationship URY->SCO with date=1986-06-13 and goalDifference=0: Relationship[2251]
Processing entry 1126 of 4135
1986-06-13 URY:SCO 0
Node for team URY already exists: Node[12]
Node for team SCO already exists: Node[28]
Created relationship URY->SCO with date=1986-06-13 and goalDifference=0: Relationship[2252]
Created relationship SCO->URY with date=1986-06-13 and goalDifference=0: Relationship[2253]
Processing entry 1127 of 4135
1986-06-15 MEX:BGR 2
Node for team MEX already exists: Node[1]
Node for team BGR already exists: Node[36]
Created relationship MEX->BGR with date=1986-06-15 and goalDifference=2: Relationship[2254]
Created relationship BGR->MEX with date=1986-06-15 and goalDifference=2: Relationship[2255]
Processing entry 1128 of 4135
1986-06-15 SUN:BEL -1
Node for team SUN already exists: Node[33]
Node for team BEL already exists: Node[3]
Created relationship SUN->BEL with date=1986-06-15 and goalDifference=-1: Relationship[2256]
Created relationship BEL->SUN with date=1986-06-15 and goalDifference=-1: Relationship[2257]
Processing entry 1129 of 4135
1986-06-16 ARG:URY 1
Node for team ARG already exists: Node[8]
Node for team URY already exists: Node[12]
Created relationship ARG->URY with date=1986-06-16 and goalDifference=1: Relationship[2258]
Created relationship URY->ARG with date=1986-06-16 and goalDifference=1: Relationship[2259]
Processing entry 1130 of 4135
1986-06-16 BRA:POL 4
Node for team BRA already exists: Node[7]
Node for team POL already exists: Node[23]
Created relationship BRA->POL with date=1986-06-16 and goalDifference=4: Relationship[2260]
Created relationship POL->BRA with date=1986-06-16 and goalDifference=4: Relationship[2261]
Processing entry 1131 of 4135
1986-06-17 FRA:ITA 2
Node for team FRA already exists: Node[0]
Node for team ITA already exists: Node[21]
Created relationship FRA->ITA with date=1986-06-17 and goalDifference=2: Relationship[2262]
Created relationship ITA->FRA with date=1986-06-17 and goalDifference=2: Relationship[2263]
Processing entry 1132 of 4135
1986-06-17 ITA:FRA -2
Node for team ITA already exists: Node[21]
Node for team FRA already exists: Node[0]
Created relationship ITA->FRA with date=1986-06-17 and goalDifference=-2: Relationship[2264]
Created relationship FRA->ITA with date=1986-06-17 and goalDifference=-2: Relationship[2265]
Processing entry 1133 of 4135
1986-06-17 MAR:DEU -1
Node for team MAR already exists: Node[50]
Node for team DEU already exists: Node[17]
Created relationship MAR->DEU with date=1986-06-17 and goalDifference=-1: Relationship[2266]
Created relationship DEU->MAR with date=1986-06-17 and goalDifference=-1: Relationship[2267]
Processing entry 1134 of 4135
1986-06-18 DNK:ESP -4
Node for team DNK already exists: Node[39]
Node for team ESP already exists: Node[18]
Created relationship DNK->ESP with date=1986-06-18 and goalDifference=-4: Relationship[2268]
Created relationship ESP->DNK with date=1986-06-18 and goalDifference=-4: Relationship[2269]
Processing entry 1135 of 4135
1986-06-18 ENG:PRY 3
Node for team ENG already exists: Node[27]
Node for team PRY already exists: Node[10]
Created relationship ENG->PRY with date=1986-06-18 and goalDifference=3: Relationship[2270]
Created relationship PRY->ENG with date=1986-06-18 and goalDifference=3: Relationship[2271]
Processing entry 1136 of 4135
1986-06-21 BRA:FRA 0
Node for team BRA already exists: Node[7]
Node for team FRA already exists: Node[0]
Created relationship BRA->FRA with date=1986-06-21 and goalDifference=0: Relationship[2272]
Created relationship FRA->BRA with date=1986-06-21 and goalDifference=0: Relationship[2273]
Processing entry 1137 of 4135
1986-06-21 DEU:MEX 0
Node for team DEU already exists: Node[17]
Node for team MEX already exists: Node[1]
Created relationship DEU->MEX with date=1986-06-21 and goalDifference=0: Relationship[2274]
Created relationship MEX->DEU with date=1986-06-21 and goalDifference=0: Relationship[2275]
Processing entry 1138 of 4135
1986-06-21 MEX:DEU -3
Node for team MEX already exists: Node[1]
Node for team DEU already exists: Node[17]
Created relationship MEX->DEU with date=1986-06-21 and goalDifference=-3: Relationship[2276]
Created relationship DEU->MEX with date=1986-06-21 and goalDifference=-3: Relationship[2277]
Processing entry 1139 of 4135
1986-06-22 ARG:ENG 1
Node for team ARG already exists: Node[8]
Node for team ENG already exists: Node[27]
Created relationship ARG->ENG with date=1986-06-22 and goalDifference=1: Relationship[2278]
Created relationship ENG->ARG with date=1986-06-22 and goalDifference=1: Relationship[2279]
Processing entry 1140 of 4135
1986-06-22 BEL:ESP 1
Node for team BEL already exists: Node[3]
Node for team ESP already exists: Node[18]
Created relationship BEL->ESP with date=1986-06-22 and goalDifference=1: Relationship[2280]
Created relationship ESP->BEL with date=1986-06-22 and goalDifference=1: Relationship[2281]
Processing entry 1141 of 4135
1986-06-22 ESP:BEL 0
Node for team ESP already exists: Node[18]
Node for team BEL already exists: Node[3]
Created relationship ESP->BEL with date=1986-06-22 and goalDifference=0: Relationship[2282]
Created relationship BEL->ESP with date=1986-06-22 and goalDifference=0: Relationship[2283]
Processing entry 1142 of 4135
1986-06-25 ARG:BEL 2
Node for team ARG already exists: Node[8]
Node for team BEL already exists: Node[3]
Created relationship ARG->BEL with date=1986-06-25 and goalDifference=2: Relationship[2284]
Created relationship BEL->ARG with date=1986-06-25 and goalDifference=2: Relationship[2285]
Processing entry 1143 of 4135
1986-06-25 DEU:FRA 2
Node for team DEU already exists: Node[17]
Node for team FRA already exists: Node[0]
Created relationship DEU->FRA with date=1986-06-25 and goalDifference=2: Relationship[2286]
Created relationship FRA->DEU with date=1986-06-25 and goalDifference=2: Relationship[2287]
Processing entry 1144 of 4135
1986-06-25 FRA:DEU -2
Node for team FRA already exists: Node[0]
Node for team DEU already exists: Node[17]
Created relationship FRA->DEU with date=1986-06-25 and goalDifference=-2: Relationship[2288]
Created relationship DEU->FRA with date=1986-06-25 and goalDifference=-2: Relationship[2289]
Processing entry 1145 of 4135
1986-06-28 FRA:BEL 2
Node for team FRA already exists: Node[0]
Node for team BEL already exists: Node[3]
Created relationship FRA->BEL with date=1986-06-28 and goalDifference=2: Relationship[2290]
Created relationship BEL->FRA with date=1986-06-28 and goalDifference=2: Relationship[2291]
Processing entry 1146 of 4135
1986-06-29 ARG:DEU 1
Node for team ARG already exists: Node[8]
Node for team DEU already exists: Node[17]
Created relationship ARG->DEU with date=1986-06-29 and goalDifference=1: Relationship[2292]
Created relationship DEU->ARG with date=1986-06-29 and goalDifference=1: Relationship[2293]
Processing entry 1147 of 4135
1986-09-10 BEL:IRL 0
Node for team BEL already exists: Node[3]
Node for team IRL already exists: Node[35]
Created relationship BEL->IRL with date=1986-09-10 and goalDifference=0: Relationship[2294]
Created relationship IRL->BEL with date=1986-09-10 and goalDifference=0: Relationship[2295]
Processing entry 1148 of 4135
1986-09-10 FIN:WAL 0
Node for team FIN already exists: Node[46]
Node for team WAL already exists: Node[31]
Created relationship FIN->WAL with date=1986-09-10 and goalDifference=0: Relationship[2296]
Created relationship WAL->FIN with date=1986-09-10 and goalDifference=0: Relationship[2297]
Processing entry 1149 of 4135
1986-09-10 ISL:FRA 0
Node for team ISL already exists: Node[43]
Node for team FRA already exists: Node[0]
Created relationship ISL->FRA with date=1986-09-10 and goalDifference=0: Relationship[2298]
Created relationship FRA->ISL with date=1986-09-10 and goalDifference=0: Relationship[2299]
Processing entry 1150 of 4135
1986-09-10 ROU:AUT 4
Node for team ROU already exists: Node[4]
Node for team AUT already exists: Node[13]
Created relationship ROU->AUT with date=1986-09-10 and goalDifference=4: Relationship[2300]
Created relationship AUT->ROU with date=1986-09-10 and goalDifference=4: Relationship[2301]
Processing entry 1151 of 4135
1986-09-10 SCO:BGR 0
Node for team SCO already exists: Node[28]
Node for team BGR already exists: Node[36]
Created relationship SCO->BGR with date=1986-09-10 and goalDifference=0: Relationship[2302]
Created relationship BGR->SCO with date=1986-09-10 and goalDifference=0: Relationship[2303]
Processing entry 1152 of 4135
1986-09-24 ISL:SUN 0
Node for team ISL already exists: Node[43]
Node for team SUN already exists: Node[33]
Created relationship ISL->SUN with date=1986-09-24 and goalDifference=0: Relationship[2304]
Created relationship SUN->ISL with date=1986-09-24 and goalDifference=0: Relationship[2305]
Processing entry 1153 of 4135
1986-09-24 NOR:DDR 0
Node for team NOR already exists: Node[26]
Node for team DDR already exists: Node[37]
Created relationship NOR->DDR with date=1986-09-24 and goalDifference=0: Relationship[2306]
Created relationship DDR->NOR with date=1986-09-24 and goalDifference=0: Relationship[2307]
Processing entry 1154 of 4135
1986-09-24 SWE:CHE 2
Node for team SWE already exists: Node[22]
Node for team CHE already exists: Node[14]
Created relationship SWE->CHE with date=1986-09-24 and goalDifference=2: Relationship[2308]
Created relationship CHE->SWE with date=1986-09-24 and goalDifference=2: Relationship[2309]
Processing entry 1155 of 4135
1986-10-11 FRA:SUN -2
Node for team FRA already exists: Node[0]
Node for team SUN already exists: Node[33]
Created relationship FRA->SUN with date=1986-10-11 and goalDifference=-2: Relationship[2310]
Created relationship SUN->FRA with date=1986-10-11 and goalDifference=-2: Relationship[2311]
Processing entry 1156 of 4135
1986-10-12 PRT:SWE 0
Node for team PRT already exists: Node[38]
Node for team SWE already exists: Node[22]
Created relationship PRT->SWE with date=1986-10-12 and goalDifference=0: Relationship[2312]
Created relationship SWE->PRT with date=1986-10-12 and goalDifference=0: Relationship[2313]
Processing entry 1157 of 4135
1986-10-14 AUT:ALB 3
Node for team AUT already exists: Node[13]
Node for team ALB already exists: Node[41]
Created relationship AUT->ALB with date=1986-10-14 and goalDifference=3: Relationship[2314]
Created relationship ALB->AUT with date=1986-10-14 and goalDifference=3: Relationship[2315]
Processing entry 1158 of 4135
1986-10-14 LUX:BEL -6
Node for team LUX already exists: Node[44]
Node for team BEL already exists: Node[3]
Created relationship LUX->BEL with date=1986-10-14 and goalDifference=-6: Relationship[2316]
Created relationship BEL->LUX with date=1986-10-14 and goalDifference=-6: Relationship[2317]
Processing entry 1159 of 4135
1986-10-15 CSK:FIN 3
Node for team CSK already exists: Node[16]
Node for team FIN already exists: Node[46]
Created relationship CSK->FIN with date=1986-10-15 and goalDifference=3: Relationship[2318]
Created relationship FIN->CSK with date=1986-10-15 and goalDifference=3: Relationship[2319]
Processing entry 1160 of 4135
1986-10-15 ENG:NIR 3
Node for team ENG already exists: Node[27]
Node for team NIR already exists: Node[32]
Created relationship ENG->NIR with date=1986-10-15 and goalDifference=3: Relationship[2320]
Created relationship NIR->ENG with date=1986-10-15 and goalDifference=3: Relationship[2321]
Processing entry 1161 of 4135
1986-10-15 HUN:NLD -1
Node for team HUN already exists: Node[19]
Node for team NLD already exists: Node[15]
Created relationship HUN->NLD with date=1986-10-15 and goalDifference=-1: Relationship[2322]
Created relationship NLD->HUN with date=1986-10-15 and goalDifference=-1: Relationship[2323]
Processing entry 1162 of 4135
1986-10-15 IRL:SCO 0
Node for team IRL already exists: Node[35]
Node for team SCO already exists: Node[28]
Created relationship IRL->SCO with date=1986-10-15 and goalDifference=0: Relationship[2324]
Created relationship SCO->IRL with date=1986-10-15 and goalDifference=0: Relationship[2325]
Processing entry 1163 of 4135
1986-10-15 POL:GRC 1
Node for team POL already exists: Node[23]
Node for team GRC already exists: Node[34]
Created relationship POL->GRC with date=1986-10-15 and goalDifference=1: Relationship[2326]
Created relationship GRC->POL with date=1986-10-15 and goalDifference=1: Relationship[2327]
Processing entry 1164 of 4135
1986-10-29 CHE:PRT 0
Node for team CHE already exists: Node[14]
Node for team PRT already exists: Node[38]
Created relationship CHE->PRT with date=1986-10-29 and goalDifference=0: Relationship[2328]
Created relationship PRT->CHE with date=1986-10-29 and goalDifference=0: Relationship[2329]
Processing entry 1165 of 4135
1986-10-29 DDR:ISL 2
Node for team DDR already exists: Node[37]
Node for team ISL already exists: Node[43]
Created relationship DDR->ISL with date=1986-10-29 and goalDifference=2: Relationship[2330]
Created relationship ISL->DDR with date=1986-10-29 and goalDifference=2: Relationship[2331]
Processing entry 1166 of 4135
1986-10-29 DNK:FIN 1
Node for team DNK already exists: Node[39]
Node for team FIN already exists: Node[46]
Created relationship DNK->FIN with date=1986-10-29 and goalDifference=1: Relationship[2332]
Created relationship FIN->DNK with date=1986-10-29 and goalDifference=1: Relationship[2333]
Processing entry 1167 of 4135
1986-10-29 SUN:NOR 4
Node for team SUN already exists: Node[33]
Node for team NOR already exists: Node[26]
Created relationship SUN->NOR with date=1986-10-29 and goalDifference=4: Relationship[2334]
Created relationship NOR->SUN with date=1986-10-29 and goalDifference=4: Relationship[2335]
Processing entry 1168 of 4135
1986-10-29 YUG:TUR 4
Node for team YUG already exists: Node[6]
Node for team TUR already exists: Node[29]
Created relationship YUG->TUR with date=1986-10-29 and goalDifference=4: Relationship[2336]
Created relationship TUR->YUG with date=1986-10-29 and goalDifference=4: Relationship[2337]
Processing entry 1169 of 4135
1986-11-12 BEL:BGR 0
Node for team BEL already exists: Node[3]
Node for team BGR already exists: Node[36]
Created relationship BEL->BGR with date=1986-11-12 and goalDifference=0: Relationship[2338]
Created relationship BGR->BEL with date=1986-11-12 and goalDifference=0: Relationship[2339]
Processing entry 1170 of 4135
1986-11-12 CSK:DNK 0
Node for team CSK already exists: Node[16]
Node for team DNK already exists: Node[39]
Created relationship CSK->DNK with date=1986-11-12 and goalDifference=0: Relationship[2340]
Created relationship DNK->CSK with date=1986-11-12 and goalDifference=0: Relationship[2341]
Processing entry 1171 of 4135
1986-11-12 ENG:YUG 2
Node for team ENG already exists: Node[27]
Node for team YUG already exists: Node[6]
Created relationship ENG->YUG with date=1986-11-12 and goalDifference=2: Relationship[2342]
Created relationship YUG->ENG with date=1986-11-12 and goalDifference=2: Relationship[2343]
Processing entry 1172 of 4135
1986-11-12 ESP:ROU 1
Node for team ESP already exists: Node[18]
Node for team ROU already exists: Node[4]
Created relationship ESP->ROU with date=1986-11-12 and goalDifference=1: Relationship[2344]
Created relationship ROU->ESP with date=1986-11-12 and goalDifference=1: Relationship[2345]
Processing entry 1173 of 4135
1986-11-12 GRC:HUN 1
Node for team GRC already exists: Node[34]
Node for team HUN already exists: Node[19]
Created relationship GRC->HUN with date=1986-11-12 and goalDifference=1: Relationship[2346]
Created relationship HUN->GRC with date=1986-11-12 and goalDifference=1: Relationship[2347]
Processing entry 1174 of 4135
1986-11-12 SCO:LUX 3
Node for team SCO already exists: Node[28]
Node for team LUX already exists: Node[44]
Created relationship SCO->LUX with date=1986-11-12 and goalDifference=3: Relationship[2348]
Created relationship LUX->SCO with date=1986-11-12 and goalDifference=3: Relationship[2349]
Processing entry 1175 of 4135
1986-11-12 TUR:NIR 0
Node for team TUR already exists: Node[29]
Node for team NIR already exists: Node[32]
Created relationship TUR->NIR with date=1986-11-12 and goalDifference=0: Relationship[2350]
Created relationship NIR->TUR with date=1986-11-12 and goalDifference=0: Relationship[2351]
Processing entry 1176 of 4135
1986-11-15 ITA:CHE 1
Node for team ITA already exists: Node[21]
Node for team CHE already exists: Node[14]
Created relationship ITA->CHE with date=1986-11-15 and goalDifference=1: Relationship[2352]
Created relationship CHE->ITA with date=1986-11-15 and goalDifference=1: Relationship[2353]
Processing entry 1177 of 4135
1986-11-16 MLT:SWE -5
Node for team MLT already exists: Node[42]
Node for team SWE already exists: Node[22]
Created relationship MLT->SWE with date=1986-11-16 and goalDifference=-5: Relationship[2354]
Created relationship SWE->MLT with date=1986-11-16 and goalDifference=-5: Relationship[2355]
Processing entry 1178 of 4135
1986-11-19 DDR:FRA 0
Node for team DDR already exists: Node[37]
Node for team FRA already exists: Node[0]
Created relationship DDR->FRA with date=1986-11-19 and goalDifference=0: Relationship[2356]
Created relationship FRA->DDR with date=1986-11-19 and goalDifference=0: Relationship[2357]
Processing entry 1179 of 4135
1986-11-19 NLD:POL 0
Node for team NLD already exists: Node[15]
Node for team POL already exists: Node[23]
Created relationship NLD->POL with date=1986-11-19 and goalDifference=0: Relationship[2358]
Created relationship POL->NLD with date=1986-11-19 and goalDifference=0: Relationship[2359]
Processing entry 1180 of 4135
1986-12-03 ALB:ESP -1
Node for team ALB already exists: Node[41]
Node for team ESP already exists: Node[18]
Created relationship ALB->ESP with date=1986-12-03 and goalDifference=-1: Relationship[2360]
Created relationship ESP->ALB with date=1986-12-03 and goalDifference=-1: Relationship[2361]
Processing entry 1181 of 4135
1986-12-03 CYP:GRC -2
Node for team CYP already exists: Node[47]
Node for team GRC already exists: Node[34]
Created relationship CYP->GRC with date=1986-12-03 and goalDifference=-2: Relationship[2362]
Created relationship GRC->CYP with date=1986-12-03 and goalDifference=-2: Relationship[2363]
Processing entry 1182 of 4135
1986-12-06 MLT:ITA -2
Node for team MLT already exists: Node[42]
Node for team ITA already exists: Node[21]
Created relationship MLT->ITA with date=1986-12-06 and goalDifference=-2: Relationship[2364]
Created relationship ITA->MLT with date=1986-12-06 and goalDifference=-2: Relationship[2365]
Processing entry 1183 of 4135
1986-12-21 CYP:NLD -2
Node for team CYP already exists: Node[47]
Node for team NLD already exists: Node[15]
Created relationship CYP->NLD with date=1986-12-21 and goalDifference=-2: Relationship[2366]
Created relationship NLD->CYP with date=1986-12-21 and goalDifference=-2: Relationship[2367]
Processing entry 1184 of 4135
1987-01-14 GRC:CYP 2
Node for team GRC already exists: Node[34]
Node for team CYP already exists: Node[47]
Created relationship GRC->CYP with date=1987-01-14 and goalDifference=2: Relationship[2368]
Created relationship CYP->GRC with date=1987-01-14 and goalDifference=2: Relationship[2369]
Processing entry 1185 of 4135
1987-01-24 ITA:MLT 5
Node for team ITA already exists: Node[21]
Node for team MLT already exists: Node[42]
Created relationship ITA->MLT with date=1987-01-24 and goalDifference=5: Relationship[2370]
Created relationship MLT->ITA with date=1987-01-24 and goalDifference=5: Relationship[2371]
Processing entry 1186 of 4135
1987-02-08 CYP:HUN -1
Node for team CYP already exists: Node[47]
Node for team HUN already exists: Node[19]
Created relationship CYP->HUN with date=1987-02-08 and goalDifference=-1: Relationship[2372]
Created relationship HUN->CYP with date=1987-02-08 and goalDifference=-1: Relationship[2373]
Processing entry 1187 of 4135
1987-02-14 PRT:ITA -1
Node for team PRT already exists: Node[38]
Node for team ITA already exists: Node[21]
Created relationship PRT->ITA with date=1987-02-14 and goalDifference=-1: Relationship[2374]
Created relationship ITA->PRT with date=1987-02-14 and goalDifference=-1: Relationship[2375]
Processing entry 1188 of 4135
1987-02-18 SCO:IRL -1
Node for team SCO already exists: Node[28]
Node for team IRL already exists: Node[35]
Created relationship SCO->IRL with date=1987-02-18 and goalDifference=-1: Relationship[2376]
Created relationship IRL->SCO with date=1987-02-18 and goalDifference=-1: Relationship[2377]
Processing entry 1189 of 4135
1987-03-25 NLD:GRC 0
Node for team NLD already exists: Node[15]
Node for team GRC already exists: Node[34]
Created relationship NLD->GRC with date=1987-03-25 and goalDifference=0: Relationship[2378]
Created relationship GRC->NLD with date=1987-03-25 and goalDifference=0: Relationship[2379]
Processing entry 1190 of 4135
1987-03-25 ROU:ALB 4
Node for team ROU already exists: Node[4]
Node for team ALB already exists: Node[41]
Created relationship ROU->ALB with date=1987-03-25 and goalDifference=4: Relationship[2380]
Created relationship ALB->ROU with date=1987-03-25 and goalDifference=4: Relationship[2381]
Processing entry 1191 of 4135
1987-03-29 PRT:MLT 0
Node for team PRT already exists: Node[38]
Node for team MLT already exists: Node[42]
Created relationship PRT->MLT with date=1987-03-29 and goalDifference=0: Relationship[2382]
Created relationship MLT->PRT with date=1987-03-29 and goalDifference=0: Relationship[2383]
Processing entry 1192 of 4135
1987-04-01 AUT:ESP -1
Node for team AUT already exists: Node[13]
Node for team ESP already exists: Node[18]
Created relationship AUT->ESP with date=1987-04-01 and goalDifference=-1: Relationship[2384]
Created relationship ESP->AUT with date=1987-04-01 and goalDifference=-1: Relationship[2385]
Processing entry 1193 of 4135
1987-04-01 BEL:SCO 3
Node for team BEL already exists: Node[3]
Node for team SCO already exists: Node[28]
Created relationship BEL->SCO with date=1987-04-01 and goalDifference=3: Relationship[2386]
Created relationship SCO->BEL with date=1987-04-01 and goalDifference=3: Relationship[2387]
Processing entry 1194 of 4135
1987-04-01 BGR:IRL 1
Node for team BGR already exists: Node[36]
Node for team IRL already exists: Node[35]
Created relationship BGR->IRL with date=1987-04-01 and goalDifference=1: Relationship[2388]
Created relationship IRL->BGR with date=1987-04-01 and goalDifference=1: Relationship[2389]
Processing entry 1195 of 4135
1987-04-01 NIR:ENG -2
Node for team NIR already exists: Node[32]
Node for team ENG already exists: Node[27]
Created relationship NIR->ENG with date=1987-04-01 and goalDifference=-2: Relationship[2390]
Created relationship ENG->NIR with date=1987-04-01 and goalDifference=-2: Relationship[2391]
Processing entry 1196 of 4135
1987-04-01 WAL:FIN 4
Node for team WAL already exists: Node[31]
Node for team FIN already exists: Node[46]
Created relationship WAL->FIN with date=1987-04-01 and goalDifference=4: Relationship[2392]
Created relationship FIN->WAL with date=1987-04-01 and goalDifference=4: Relationship[2393]
Processing entry 1197 of 4135
1987-04-12 POL:CYP 0
Node for team POL already exists: Node[23]
Node for team CYP already exists: Node[47]
Created relationship POL->CYP with date=1987-04-12 and goalDifference=0: Relationship[2394]
Created relationship CYP->POL with date=1987-04-12 and goalDifference=0: Relationship[2395]
Processing entry 1198 of 4135
1987-04-15 CHE:MLT 3
Node for team CHE already exists: Node[14]
Node for team MLT already exists: Node[42]
Created relationship CHE->MLT with date=1987-04-15 and goalDifference=3: Relationship[2396]
Created relationship MLT->CHE with date=1987-04-15 and goalDifference=3: Relationship[2397]
Processing entry 1199 of 4135
1987-04-29 ALB:AUT -1
Node for team ALB already exists: Node[41]
Node for team AUT already exists: Node[13]
Created relationship ALB->AUT with date=1987-04-29 and goalDifference=-1: Relationship[2398]
Created relationship AUT->ALB with date=1987-04-29 and goalDifference=-1: Relationship[2399]
Processing entry 1200 of 4135
1987-04-29 FIN:DNK -1
Node for team FIN already exists: Node[46]
Node for team DNK already exists: Node[39]
Created relationship FIN->DNK with date=1987-04-29 and goalDifference=-1: Relationship[2400]
Created relationship DNK->FIN with date=1987-04-29 and goalDifference=-1: Relationship[2401]
Processing entry 1201 of 4135
1987-04-29 FRA:ISL 2
Node for team FRA already exists: Node[0]
Node for team ISL already exists: Node[43]
Created relationship FRA->ISL with date=1987-04-29 and goalDifference=2: Relationship[2402]
Created relationship ISL->FRA with date=1987-04-29 and goalDifference=2: Relationship[2403]
Processing entry 1202 of 4135
1987-04-29 GRC:POL 1
Node for team GRC already exists: Node[34]
Node for team POL already exists: Node[23]
Created relationship GRC->POL with date=1987-04-29 and goalDifference=1: Relationship[2404]
Created relationship POL->GRC with date=1987-04-29 and goalDifference=1: Relationship[2405]
Processing entry 1203 of 4135
1987-04-29 IRL:BEL 0
Node for team IRL already exists: Node[35]
Node for team BEL already exists: Node[3]
Created relationship IRL->BEL with date=1987-04-29 and goalDifference=0: Relationship[2406]
Created relationship BEL->IRL with date=1987-04-29 and goalDifference=0: Relationship[2407]
Processing entry 1204 of 4135
1987-04-29 NIR:YUG -1
Node for team NIR already exists: Node[32]
Node for team YUG already exists: Node[6]
Created relationship NIR->YUG with date=1987-04-29 and goalDifference=-1: Relationship[2408]
Created relationship YUG->NIR with date=1987-04-29 and goalDifference=-1: Relationship[2409]
Processing entry 1205 of 4135
1987-04-29 NLD:HUN 2
Node for team NLD already exists: Node[15]
Node for team HUN already exists: Node[19]
Created relationship NLD->HUN with date=1987-04-29 and goalDifference=2: Relationship[2410]
Created relationship HUN->NLD with date=1987-04-29 and goalDifference=2: Relationship[2411]
Processing entry 1206 of 4135
1987-04-29 ROU:ESP 2
Node for team ROU already exists: Node[4]
Node for team ESP already exists: Node[18]
Created relationship ROU->ESP with date=1987-04-29 and goalDifference=2: Relationship[2412]
Created relationship ESP->ROU with date=1987-04-29 and goalDifference=2: Relationship[2413]
Processing entry 1207 of 4135
1987-04-29 SUN:DDR 2
Node for team SUN already exists: Node[33]
Node for team DDR already exists: Node[37]
Created relationship SUN->DDR with date=1987-04-29 and goalDifference=2: Relationship[2414]
Created relationship DDR->SUN with date=1987-04-29 and goalDifference=2: Relationship[2415]
Processing entry 1208 of 4135
1987-04-29 TUR:ENG 0
Node for team TUR already exists: Node[29]
Node for team ENG already exists: Node[27]
Created relationship TUR->ENG with date=1987-04-29 and goalDifference=0: Relationship[2416]
Created relationship ENG->TUR with date=1987-04-29 and goalDifference=0: Relationship[2417]
Processing entry 1209 of 4135
1987-04-29 WAL:CSK 0
Node for team WAL already exists: Node[31]
Node for team CSK already exists: Node[16]
Created relationship WAL->CSK with date=1987-04-29 and goalDifference=0: Relationship[2418]
Created relationship CSK->WAL with date=1987-04-29 and goalDifference=0: Relationship[2419]
Processing entry 1210 of 4135
1987-04-30 LUX:BGR -3
Node for team LUX already exists: Node[44]
Node for team BGR already exists: Node[36]
Created relationship LUX->BGR with date=1987-04-30 and goalDifference=-3: Relationship[2420]
Created relationship BGR->LUX with date=1987-04-30 and goalDifference=-3: Relationship[2421]
Processing entry 1211 of 4135
1987-05-17 HUN:POL 2
Node for team HUN already exists: Node[19]
Node for team POL already exists: Node[23]
Created relationship HUN->POL with date=1987-05-17 and goalDifference=2: Relationship[2422]
Created relationship POL->HUN with date=1987-05-17 and goalDifference=2: Relationship[2423]
Processing entry 1212 of 4135
1987-05-20 BGR:LUX 3
Node for team BGR already exists: Node[36]
Node for team LUX already exists: Node[44]
Created relationship BGR->LUX with date=1987-05-20 and goalDifference=3: Relationship[2424]
Created relationship LUX->BGR with date=1987-05-20 and goalDifference=3: Relationship[2425]
Processing entry 1213 of 4135
1987-05-24 SWE:MLT 1
Node for team SWE already exists: Node[22]
Node for team MLT already exists: Node[42]
Created relationship SWE->MLT with date=1987-05-24 and goalDifference=1: Relationship[2426]
Created relationship MLT->SWE with date=1987-05-24 and goalDifference=1: Relationship[2427]
Processing entry 1214 of 4135
1987-05-28 LUX:IRL -2
Node for team LUX already exists: Node[44]
Node for team IRL already exists: Node[35]
Created relationship LUX->IRL with date=1987-05-28 and goalDifference=-2: Relationship[2428]
Created relationship IRL->LUX with date=1987-05-28 and goalDifference=-2: Relationship[2429]
Processing entry 1215 of 4135
1987-06-03 DNK:CSK 0
Node for team DNK already exists: Node[39]
Node for team CSK already exists: Node[16]
Created relationship DNK->CSK with date=1987-06-03 and goalDifference=0: Relationship[2430]
Created relationship CSK->DNK with date=1987-06-03 and goalDifference=0: Relationship[2431]
Processing entry 1216 of 4135
1987-06-03 ISL:DDR -6
Node for team ISL already exists: Node[43]
Node for team DDR already exists: Node[37]
Created relationship ISL->DDR with date=1987-06-03 and goalDifference=-6: Relationship[2432]
Created relationship DDR->ISL with date=1987-06-03 and goalDifference=-6: Relationship[2433]
Processing entry 1217 of 4135
1987-06-03 NOR:SUN -1
Node for team NOR already exists: Node[26]
Node for team SUN already exists: Node[33]
Created relationship NOR->SUN with date=1987-06-03 and goalDifference=-1: Relationship[2434]
Created relationship SUN->NOR with date=1987-06-03 and goalDifference=-1: Relationship[2435]
Processing entry 1218 of 4135
1987-06-03 SWE:ITA 1
Node for team SWE already exists: Node[22]
Node for team ITA already exists: Node[21]
Created relationship SWE->ITA with date=1987-06-03 and goalDifference=1: Relationship[2436]
Created relationship ITA->SWE with date=1987-06-03 and goalDifference=1: Relationship[2437]
Processing entry 1219 of 4135
1987-06-11 CHE:SWE 0
Node for team CHE already exists: Node[14]
Node for team SWE already exists: Node[22]
Created relationship CHE->SWE with date=1987-06-11 and goalDifference=0: Relationship[2438]
Created relationship SWE->CHE with date=1987-06-11 and goalDifference=0: Relationship[2439]
Processing entry 1220 of 4135
1987-06-16 NOR:FRA 2
Node for team NOR already exists: Node[26]
Node for team FRA already exists: Node[0]
Created relationship NOR->FRA with date=1987-06-16 and goalDifference=2: Relationship[2440]
Created relationship FRA->NOR with date=1987-06-16 and goalDifference=2: Relationship[2441]
Processing entry 1221 of 4135
1987-09-09 FIN:CSK 3
Node for team FIN already exists: Node[46]
Node for team CSK already exists: Node[16]
Created relationship FIN->CSK with date=1987-09-09 and goalDifference=3: Relationship[2442]
Created relationship CSK->FIN with date=1987-09-09 and goalDifference=3: Relationship[2443]
Processing entry 1222 of 4135
1987-09-09 IRL:LUX 1
Node for team IRL already exists: Node[35]
Node for team LUX already exists: Node[44]
Created relationship IRL->LUX with date=1987-09-09 and goalDifference=1: Relationship[2444]
Created relationship LUX->IRL with date=1987-09-09 and goalDifference=1: Relationship[2445]
Processing entry 1223 of 4135
1987-09-09 ISL:NOR 1
Node for team ISL already exists: Node[43]
Node for team NOR already exists: Node[26]
Created relationship ISL->NOR with date=1987-09-09 and goalDifference=1: Relationship[2446]
Created relationship NOR->ISL with date=1987-09-09 and goalDifference=1: Relationship[2447]
Processing entry 1224 of 4135
1987-09-09 SUN:FRA 0
Node for team SUN already exists: Node[33]
Node for team FRA already exists: Node[0]
Created relationship SUN->FRA with date=1987-09-09 and goalDifference=0: Relationship[2448]
Created relationship FRA->SUN with date=1987-09-09 and goalDifference=0: Relationship[2449]
Processing entry 1225 of 4135
1987-09-09 WAL:DNK 1
Node for team WAL already exists: Node[31]
Node for team DNK already exists: Node[39]
Created relationship WAL->DNK with date=1987-09-09 and goalDifference=1: Relationship[2450]
Created relationship DNK->WAL with date=1987-09-09 and goalDifference=1: Relationship[2451]
Processing entry 1226 of 4135
1987-09-23 BGR:BEL 2
Node for team BGR already exists: Node[36]
Node for team BEL already exists: Node[3]
Created relationship BGR->BEL with date=1987-09-23 and goalDifference=2: Relationship[2452]
Created relationship BEL->BGR with date=1987-09-23 and goalDifference=2: Relationship[2453]
Processing entry 1227 of 4135
1987-09-23 NOR:ISL -1
Node for team NOR already exists: Node[26]
Node for team ISL already exists: Node[43]
Created relationship NOR->ISL with date=1987-09-23 and goalDifference=-1: Relationship[2454]
Created relationship ISL->NOR with date=1987-09-23 and goalDifference=-1: Relationship[2455]
Processing entry 1228 of 4135
1987-09-23 POL:HUN 1
Node for team POL already exists: Node[23]
Node for team HUN already exists: Node[19]
Created relationship POL->HUN with date=1987-09-23 and goalDifference=1: Relationship[2456]
Created relationship HUN->POL with date=1987-09-23 and goalDifference=1: Relationship[2457]
Processing entry 1229 of 4135
1987-09-23 SWE:PRT -1
Node for team SWE already exists: Node[22]
Node for team PRT already exists: Node[38]
Created relationship SWE->PRT with date=1987-09-23 and goalDifference=-1: Relationship[2458]
Created relationship PRT->SWE with date=1987-09-23 and goalDifference=-1: Relationship[2459]
Processing entry 1230 of 4135
1987-10-10 DDR:SUN 0
Node for team DDR already exists: Node[37]
Node for team SUN already exists: Node[33]
Created relationship DDR->SUN with date=1987-10-10 and goalDifference=0: Relationship[2460]
Created relationship SUN->DDR with date=1987-10-10 and goalDifference=0: Relationship[2461]
Processing entry 1231 of 4135
1987-10-14 DNK:WAL 1
Node for team DNK already exists: Node[39]
Node for team WAL already exists: Node[31]
Created relationship DNK->WAL with date=1987-10-14 and goalDifference=1: Relationship[2462]
Created relationship WAL->DNK with date=1987-10-14 and goalDifference=1: Relationship[2463]
Processing entry 1232 of 4135
1987-10-14 ENG:TUR 8
Node for team ENG already exists: Node[27]
Node for team TUR already exists: Node[29]
Created relationship ENG->TUR with date=1987-10-14 and goalDifference=8: Relationship[2464]
Created relationship TUR->ENG with date=1987-10-14 and goalDifference=8: Relationship[2465]
Processing entry 1233 of 4135
1987-10-14 ESP:AUT 2
Node for team ESP already exists: Node[18]
Node for team AUT already exists: Node[13]
Created relationship ESP->AUT with date=1987-10-14 and goalDifference=2: Relationship[2466]
Created relationship AUT->ESP with date=1987-10-14 and goalDifference=2: Relationship[2467]
Processing entry 1234 of 4135
1987-10-14 FRA:NOR 0
Node for team FRA already exists: Node[0]
Node for team NOR already exists: Node[26]
Created relationship FRA->NOR with date=1987-10-14 and goalDifference=0: Relationship[2468]
Created relationship NOR->FRA with date=1987-10-14 and goalDifference=0: Relationship[2469]
Processing entry 1235 of 4135
1987-10-14 HUN:GRC 3
Node for team HUN already exists: Node[19]
Node for team GRC already exists: Node[34]
Created relationship HUN->GRC with date=1987-10-14 and goalDifference=3: Relationship[2470]
Created relationship GRC->HUN with date=1987-10-14 and goalDifference=3: Relationship[2471]
Processing entry 1236 of 4135
1987-10-14 IRL:BGR 2
Node for team IRL already exists: Node[35]
Node for team BGR already exists: Node[36]
Created relationship IRL->BGR with date=1987-10-14 and goalDifference=2: Relationship[2472]
Created relationship BGR->IRL with date=1987-10-14 and goalDifference=2: Relationship[2473]
Processing entry 1237 of 4135
1987-10-14 POL:NLD -2
Node for team POL already exists: Node[23]
Node for team NLD already exists: Node[15]
Created relationship POL->NLD with date=1987-10-14 and goalDifference=-2: Relationship[2474]
Created relationship NLD->POL with date=1987-10-14 and goalDifference=-2: Relationship[2475]
Processing entry 1238 of 4135
1987-10-14 SCO:BEL 2
Node for team SCO already exists: Node[28]
Node for team BEL already exists: Node[3]
Created relationship SCO->BEL with date=1987-10-14 and goalDifference=2: Relationship[2476]
Created relationship BEL->SCO with date=1987-10-14 and goalDifference=2: Relationship[2477]
Processing entry 1239 of 4135
1987-10-14 YUG:NIR 3
Node for team YUG already exists: Node[6]
Node for team NIR already exists: Node[32]
Created relationship YUG->NIR with date=1987-10-14 and goalDifference=3: Relationship[2478]
Created relationship NIR->YUG with date=1987-10-14 and goalDifference=3: Relationship[2479]
Processing entry 1240 of 4135
1987-10-17 CHE:ITA 0
Node for team CHE already exists: Node[14]
Node for team ITA already exists: Node[21]
Created relationship CHE->ITA with date=1987-10-17 and goalDifference=0: Relationship[2480]
Created relationship ITA->CHE with date=1987-10-17 and goalDifference=0: Relationship[2481]
Processing entry 1241 of 4135
1987-10-28 ALB:ROU -1
Node for team ALB already exists: Node[41]
Node for team ROU already exists: Node[4]
Created relationship ALB->ROU with date=1987-10-28 and goalDifference=-1: Relationship[2482]
Created relationship ROU->ALB with date=1987-10-28 and goalDifference=-1: Relationship[2483]
Processing entry 1242 of 4135
1987-10-28 DDR:NOR 2
Node for team DDR already exists: Node[37]
Node for team NOR already exists: Node[26]
Created relationship DDR->NOR with date=1987-10-28 and goalDifference=2: Relationship[2484]
Created relationship NOR->DDR with date=1987-10-28 and goalDifference=2: Relationship[2485]
Processing entry 1243 of 4135
1987-10-28 SUN:ISL 2
Node for team SUN already exists: Node[33]
Node for team ISL already exists: Node[43]
Created relationship SUN->ISL with date=1987-10-28 and goalDifference=2: Relationship[2486]
Created relationship ISL->SUN with date=1987-10-28 and goalDifference=2: Relationship[2487]
Processing entry 1244 of 4135
1987-11-11 BEL:LUX 3
Node for team BEL already exists: Node[3]
Node for team LUX already exists: Node[44]
Created relationship BEL->LUX with date=1987-11-11 and goalDifference=3: Relationship[2488]
Created relationship LUX->BEL with date=1987-11-11 and goalDifference=3: Relationship[2489]
Processing entry 1245 of 4135
1987-11-11 BGR:SCO -1
Node for team BGR already exists: Node[36]
Node for team SCO already exists: Node[28]
Created relationship BGR->SCO with date=1987-11-11 and goalDifference=-1: Relationship[2490]
Created relationship SCO->BGR with date=1987-11-11 and goalDifference=-1: Relationship[2491]
Processing entry 1246 of 4135
1987-11-11 CSK:WAL 2
Node for team CSK already exists: Node[16]
Node for team WAL already exists: Node[31]
Created relationship CSK->WAL with date=1987-11-11 and goalDifference=2: Relationship[2492]
Created relationship WAL->CSK with date=1987-11-11 and goalDifference=2: Relationship[2493]
Processing entry 1247 of 4135
1987-11-11 CYP:POL -1
Node for team CYP already exists: Node[47]
Node for team POL already exists: Node[23]
Created relationship CYP->POL with date=1987-11-11 and goalDifference=-1: Relationship[2494]
Created relationship POL->CYP with date=1987-11-11 and goalDifference=-1: Relationship[2495]
Processing entry 1248 of 4135
1987-11-11 NIR:TUR 1
Node for team NIR already exists: Node[32]
Node for team TUR already exists: Node[29]
Created relationship NIR->TUR with date=1987-11-11 and goalDifference=1: Relationship[2496]
Created relationship TUR->NIR with date=1987-11-11 and goalDifference=1: Relationship[2497]
Processing entry 1249 of 4135
1987-11-11 PRT:CHE 0
Node for team PRT already exists: Node[38]
Node for team CHE already exists: Node[14]
Created relationship PRT->CHE with date=1987-11-11 and goalDifference=0: Relationship[2498]
Created relationship CHE->PRT with date=1987-11-11 and goalDifference=0: Relationship[2499]
Processing entry 1250 of 4135
1987-11-11 YUG:ENG -3
Node for team YUG already exists: Node[6]
Node for team ENG already exists: Node[27]
Created relationship YUG->ENG with date=1987-11-11 and goalDifference=-3: Relationship[2500]
Created relationship ENG->YUG with date=1987-11-11 and goalDifference=-3: Relationship[2501]
Processing entry 1251 of 4135
1987-11-14 ITA:SWE 1
Node for team ITA already exists: Node[21]
Node for team SWE already exists: Node[22]
Created relationship ITA->SWE with date=1987-11-14 and goalDifference=1: Relationship[2502]
Created relationship SWE->ITA with date=1987-11-14 and goalDifference=1: Relationship[2503]
Processing entry 1252 of 4135
1987-11-15 MLT:CHE 0
Node for team MLT already exists: Node[42]
Node for team CHE already exists: Node[14]
Created relationship MLT->CHE with date=1987-11-15 and goalDifference=0: Relationship[2504]
Created relationship CHE->MLT with date=1987-11-15 and goalDifference=0: Relationship[2505]
Processing entry 1253 of 4135
1987-11-18 AUT:ROU 0
Node for team AUT already exists: Node[13]
Node for team ROU already exists: Node[4]
Created relationship AUT->ROU with date=1987-11-18 and goalDifference=0: Relationship[2506]
Created relationship ROU->AUT with date=1987-11-18 and goalDifference=0: Relationship[2507]
Processing entry 1254 of 4135
1987-11-18 ESP:ALB 5
Node for team ESP already exists: Node[18]
Node for team ALB already exists: Node[41]
Created relationship ESP->ALB with date=1987-11-18 and goalDifference=5: Relationship[2508]
Created relationship ALB->ESP with date=1987-11-18 and goalDifference=5: Relationship[2509]
Processing entry 1255 of 4135
1987-11-18 FRA:DDR -1
Node for team FRA already exists: Node[0]
Node for team DDR already exists: Node[37]
Created relationship FRA->DDR with date=1987-11-18 and goalDifference=-1: Relationship[2510]
Created relationship DDR->FRA with date=1987-11-18 and goalDifference=-1: Relationship[2511]
Processing entry 1256 of 4135
1987-12-02 HUN:CYP 1
Node for team HUN already exists: Node[19]
Node for team CYP already exists: Node[47]
Created relationship HUN->CYP with date=1987-12-02 and goalDifference=1: Relationship[2512]
Created relationship CYP->HUN with date=1987-12-02 and goalDifference=1: Relationship[2513]
Processing entry 1257 of 4135
1987-12-02 LUX:SCO 0
Node for team LUX already exists: Node[44]
Node for team SCO already exists: Node[28]
Created relationship LUX->SCO with date=1987-12-02 and goalDifference=0: Relationship[2514]
Created relationship SCO->LUX with date=1987-12-02 and goalDifference=0: Relationship[2515]
Processing entry 1258 of 4135
1987-12-05 ITA:PRT 3
Node for team ITA already exists: Node[21]
Node for team PRT already exists: Node[38]
Created relationship ITA->PRT with date=1987-12-05 and goalDifference=3: Relationship[2516]
Created relationship PRT->ITA with date=1987-12-05 and goalDifference=3: Relationship[2517]
Processing entry 1259 of 4135
1987-12-09 NLD:CYP 4
Node for team NLD already exists: Node[15]
Node for team CYP already exists: Node[47]
Created relationship NLD->CYP with date=1987-12-09 and goalDifference=4: Relationship[2518]
Created relationship CYP->NLD with date=1987-12-09 and goalDifference=4: Relationship[2519]
Processing entry 1260 of 4135
1987-12-16 GRC:NLD -3
Node for team GRC already exists: Node[34]
Node for team NLD already exists: Node[15]
Created relationship GRC->NLD with date=1987-12-16 and goalDifference=-3: Relationship[2520]
Created relationship NLD->GRC with date=1987-12-16 and goalDifference=-3: Relationship[2521]
Processing entry 1261 of 4135
1987-12-16 TUR:YUG -1
Node for team TUR already exists: Node[29]
Node for team YUG already exists: Node[6]
Created relationship TUR->YUG with date=1987-12-16 and goalDifference=-1: Relationship[2522]
Created relationship YUG->TUR with date=1987-12-16 and goalDifference=-1: Relationship[2523]
Processing entry 1262 of 4135
1987-12-20 MLT:PRT -1
Node for team MLT already exists: Node[42]
Node for team PRT already exists: Node[38]
Created relationship MLT->PRT with date=1987-12-20 and goalDifference=-1: Relationship[2524]
Created relationship PRT->MLT with date=1987-12-20 and goalDifference=-1: Relationship[2525]
Processing entry 1263 of 4135
1988-06-10 DEU:ITA 0
Node for team DEU already exists: Node[17]
Node for team ITA already exists: Node[21]
Created relationship DEU->ITA with date=1988-06-10 and goalDifference=0: Relationship[2526]
Created relationship ITA->DEU with date=1988-06-10 and goalDifference=0: Relationship[2527]
Processing entry 1264 of 4135
1988-06-11 DNK:ESP -1
Node for team DNK already exists: Node[39]
Node for team ESP already exists: Node[18]
Created relationship DNK->ESP with date=1988-06-11 and goalDifference=-1: Relationship[2528]
Created relationship ESP->DNK with date=1988-06-11 and goalDifference=-1: Relationship[2529]
Processing entry 1265 of 4135
1988-06-12 ENG:IRL -1
Node for team ENG already exists: Node[27]
Node for team IRL already exists: Node[35]
Created relationship ENG->IRL with date=1988-06-12 and goalDifference=-1: Relationship[2530]
Created relationship IRL->ENG with date=1988-06-12 and goalDifference=-1: Relationship[2531]
Processing entry 1266 of 4135
1988-06-12 NLD:SUN -1
Node for team NLD already exists: Node[15]
Node for team SUN already exists: Node[33]
Created relationship NLD->SUN with date=1988-06-12 and goalDifference=-1: Relationship[2532]
Created relationship SUN->NLD with date=1988-06-12 and goalDifference=-1: Relationship[2533]
Processing entry 1267 of 4135
1988-06-14 DEU:DNK 2
Node for team DEU already exists: Node[17]
Node for team DNK already exists: Node[39]
Created relationship DEU->DNK with date=1988-06-14 and goalDifference=2: Relationship[2534]
Created relationship DNK->DEU with date=1988-06-14 and goalDifference=2: Relationship[2535]
Processing entry 1268 of 4135
1988-06-14 ITA:ESP 1
Node for team ITA already exists: Node[21]
Node for team ESP already exists: Node[18]
Created relationship ITA->ESP with date=1988-06-14 and goalDifference=1: Relationship[2536]
Created relationship ESP->ITA with date=1988-06-14 and goalDifference=1: Relationship[2537]
Processing entry 1269 of 4135
1988-06-15 ENG:NLD -2
Node for team ENG already exists: Node[27]
Node for team NLD already exists: Node[15]
Created relationship ENG->NLD with date=1988-06-15 and goalDifference=-2: Relationship[2538]
Created relationship NLD->ENG with date=1988-06-15 and goalDifference=-2: Relationship[2539]
Processing entry 1270 of 4135
1988-06-15 IRL:SUN 0
Node for team IRL already exists: Node[35]
Node for team SUN already exists: Node[33]
Created relationship IRL->SUN with date=1988-06-15 and goalDifference=0: Relationship[2540]
Created relationship SUN->IRL with date=1988-06-15 and goalDifference=0: Relationship[2541]
Processing entry 1271 of 4135
1988-06-17 DEU:ESP 2
Node for team DEU already exists: Node[17]
Node for team ESP already exists: Node[18]
Created relationship DEU->ESP with date=1988-06-17 and goalDifference=2: Relationship[2542]
Created relationship ESP->DEU with date=1988-06-17 and goalDifference=2: Relationship[2543]
Processing entry 1272 of 4135
1988-06-17 ITA:DNK 2
Node for team ITA already exists: Node[21]
Node for team DNK already exists: Node[39]
Created relationship ITA->DNK with date=1988-06-17 and goalDifference=2: Relationship[2544]
Created relationship DNK->ITA with date=1988-06-17 and goalDifference=2: Relationship[2545]
Processing entry 1273 of 4135
1988-06-18 ENG:SUN -2
Node for team ENG already exists: Node[27]
Node for team SUN already exists: Node[33]
Created relationship ENG->SUN with date=1988-06-18 and goalDifference=-2: Relationship[2546]
Created relationship SUN->ENG with date=1988-06-18 and goalDifference=-2: Relationship[2547]
Processing entry 1274 of 4135
1988-06-18 IRL:NLD -1
Node for team IRL already exists: Node[35]
Node for team NLD already exists: Node[15]
Created relationship IRL->NLD with date=1988-06-18 and goalDifference=-1: Relationship[2548]
Created relationship NLD->IRL with date=1988-06-18 and goalDifference=-1: Relationship[2549]
Processing entry 1275 of 4135
1988-06-21 DEU:NLD -1
Node for team DEU already exists: Node[17]
Node for team NLD already exists: Node[15]
Created relationship DEU->NLD with date=1988-06-21 and goalDifference=-1: Relationship[2550]
Created relationship NLD->DEU with date=1988-06-21 and goalDifference=-1: Relationship[2551]
Processing entry 1276 of 4135
1988-06-22 SUN:ITA 2
Node for team SUN already exists: Node[33]
Node for team ITA already exists: Node[21]
Created relationship SUN->ITA with date=1988-06-22 and goalDifference=2: Relationship[2552]
Created relationship ITA->SUN with date=1988-06-22 and goalDifference=2: Relationship[2553]
Processing entry 1277 of 4135
1988-06-25 NLD:SUN 2
Node for team NLD already exists: Node[15]
Node for team SUN already exists: Node[33]
Created relationship NLD->SUN with date=1988-06-25 and goalDifference=2: Relationship[2554]
Created relationship SUN->NLD with date=1988-06-25 and goalDifference=2: Relationship[2555]
Processing entry 1278 of 4135
1988-06-25 SUN:NLD -2
Node for team SUN already exists: Node[33]
Node for team NLD already exists: Node[15]
Created relationship SUN->NLD with date=1988-06-25 and goalDifference=-2: Relationship[2556]
Created relationship NLD->SUN with date=1988-06-25 and goalDifference=-2: Relationship[2557]
Processing entry 1279 of 4135
1990-05-31 ISL:ALB 2
Node for team ISL already exists: Node[43]
Node for team ALB already exists: Node[41]
Created relationship ISL->ALB with date=1990-05-31 and goalDifference=2: Relationship[2558]
Created relationship ALB->ISL with date=1990-05-31 and goalDifference=2: Relationship[2559]
Processing entry 1280 of 4135
1990-06-08 ARG:CMR -1
Node for team ARG already exists: Node[8]
Node for team CMR already exists: Node[56]
Created relationship ARG->CMR with date=1990-06-08 and goalDifference=-1: Relationship[2560]
Created relationship CMR->ARG with date=1990-06-08 and goalDifference=-1: Relationship[2561]
Processing entry 1281 of 4135
1990-06-09 ARE:COL -2
Created new node for team ARE: Node[63]
Node for team COL already exists: Node[40]
Created relationship ARE->COL with date=1990-06-09 and goalDifference=-2: Relationship[2562]
Created relationship COL->ARE with date=1990-06-09 and goalDifference=-2: Relationship[2563]
Processing entry 1282 of 4135
1990-06-09 BEL:KOR 2
Node for team BEL already exists: Node[3]
Node for team KOR already exists: Node[30]
Created relationship BEL->KOR with date=1990-06-09 and goalDifference=2: Relationship[2564]
Created relationship KOR->BEL with date=1990-06-09 and goalDifference=2: Relationship[2565]
Processing entry 1283 of 4135
1990-06-09 ITA:AUT 1
Node for team ITA already exists: Node[21]
Node for team AUT already exists: Node[13]
Created relationship ITA->AUT with date=1990-06-09 and goalDifference=1: Relationship[2566]
Created relationship AUT->ITA with date=1990-06-09 and goalDifference=1: Relationship[2567]
Processing entry 1284 of 4135
1990-06-09 SUN:ROU -2
Node for team SUN already exists: Node[33]
Node for team ROU already exists: Node[4]
Created relationship SUN->ROU with date=1990-06-09 and goalDifference=-2: Relationship[2568]
Created relationship ROU->SUN with date=1990-06-09 and goalDifference=-2: Relationship[2569]
Processing entry 1285 of 4135
1990-06-10 ARE:COL -2
Node for team ARE already exists: Node[63]
Node for team COL already exists: Node[40]
Created relationship ARE->COL with date=1990-06-10 and goalDifference=-2: Relationship[2570]
Created relationship COL->ARE with date=1990-06-10 and goalDifference=-2: Relationship[2571]
Processing entry 1286 of 4135
1990-06-10 BRA:SWE 1
Node for team BRA already exists: Node[7]
Node for team SWE already exists: Node[22]
Created relationship BRA->SWE with date=1990-06-10 and goalDifference=1: Relationship[2572]
Created relationship SWE->BRA with date=1990-06-10 and goalDifference=1: Relationship[2573]
Processing entry 1287 of 4135
1990-06-10 DEU:YUG 3
Node for team DEU already exists: Node[17]
Node for team YUG already exists: Node[6]
Created relationship DEU->YUG with date=1990-06-10 and goalDifference=3: Relationship[2574]
Created relationship YUG->DEU with date=1990-06-10 and goalDifference=3: Relationship[2575]
Processing entry 1288 of 4135
1990-06-10 URY:ESP 0
Node for team URY already exists: Node[12]
Node for team ESP already exists: Node[18]
Created relationship URY->ESP with date=1990-06-10 and goalDifference=0: Relationship[2576]
Created relationship ESP->URY with date=1990-06-10 and goalDifference=0: Relationship[2577]
Processing entry 1289 of 4135
1990-06-10 USA:CSK -4
Node for team USA already exists: Node[2]
Node for team CSK already exists: Node[16]
Created relationship USA->CSK with date=1990-06-10 and goalDifference=-4: Relationship[2578]
Created relationship CSK->USA with date=1990-06-10 and goalDifference=-4: Relationship[2579]
Processing entry 1290 of 4135
1990-06-11 BRA:SWE 1
Node for team BRA already exists: Node[7]
Node for team SWE already exists: Node[22]
Created relationship BRA->SWE with date=1990-06-11 and goalDifference=1: Relationship[2580]
Created relationship SWE->BRA with date=1990-06-11 and goalDifference=1: Relationship[2581]
Processing entry 1291 of 4135
1990-06-11 CRI:SCO 1
Created new node for team CRI: Node[64]
Node for team SCO already exists: Node[28]
Created relationship CRI->SCO with date=1990-06-11 and goalDifference=1: Relationship[2582]
Created relationship SCO->CRI with date=1990-06-11 and goalDifference=1: Relationship[2583]
Processing entry 1292 of 4135
1990-06-11 DEU:YUG 3
Node for team DEU already exists: Node[17]
Node for team YUG already exists: Node[6]
Created relationship DEU->YUG with date=1990-06-11 and goalDifference=3: Relationship[2584]
Created relationship YUG->DEU with date=1990-06-11 and goalDifference=3: Relationship[2585]
Processing entry 1293 of 4135
1990-06-11 ENG:IRL 0
Node for team ENG already exists: Node[27]
Node for team IRL already exists: Node[35]
Created relationship ENG->IRL with date=1990-06-11 and goalDifference=0: Relationship[2586]
Created relationship IRL->ENG with date=1990-06-11 and goalDifference=0: Relationship[2587]
Processing entry 1294 of 4135
1990-06-12 BEL:KOR 2
Node for team BEL already exists: Node[3]
Node for team KOR already exists: Node[30]
Created relationship BEL->KOR with date=1990-06-12 and goalDifference=2: Relationship[2588]
Created relationship KOR->BEL with date=1990-06-12 and goalDifference=2: Relationship[2589]
Processing entry 1295 of 4135
1990-06-12 CRI:SCO 1
Node for team CRI already exists: Node[64]
Node for team SCO already exists: Node[28]
Created relationship CRI->SCO with date=1990-06-12 and goalDifference=1: Relationship[2590]
Created relationship SCO->CRI with date=1990-06-12 and goalDifference=1: Relationship[2591]
Processing entry 1296 of 4135
1990-06-12 NLD:EGY 0
Node for team NLD already exists: Node[15]
Node for team EGY already exists: Node[20]
Created relationship NLD->EGY with date=1990-06-12 and goalDifference=0: Relationship[2592]
Created relationship EGY->NLD with date=1990-06-12 and goalDifference=0: Relationship[2593]
Processing entry 1297 of 4135
1990-06-13 ARG:SUN 2
Node for team ARG already exists: Node[8]
Node for team SUN already exists: Node[33]
Created relationship ARG->SUN with date=1990-06-13 and goalDifference=2: Relationship[2594]
Created relationship SUN->ARG with date=1990-06-13 and goalDifference=2: Relationship[2595]
Processing entry 1298 of 4135
1990-06-13 ENG:IRL 0
Node for team ENG already exists: Node[27]
Node for team IRL already exists: Node[35]
Created relationship ENG->IRL with date=1990-06-13 and goalDifference=0: Relationship[2596]
Created relationship IRL->ENG with date=1990-06-13 and goalDifference=0: Relationship[2597]
Processing entry 1299 of 4135
1990-06-13 URY:ESP 0
Node for team URY already exists: Node[12]
Node for team ESP already exists: Node[18]
Created relationship URY->ESP with date=1990-06-13 and goalDifference=0: Relationship[2598]
Created relationship ESP->URY with date=1990-06-13 and goalDifference=0: Relationship[2599]
Processing entry 1300 of 4135
1990-06-14 CMR:ROU 1
Node for team CMR already exists: Node[56]
Node for team ROU already exists: Node[4]
Created relationship CMR->ROU with date=1990-06-14 and goalDifference=1: Relationship[2600]
Created relationship ROU->CMR with date=1990-06-14 and goalDifference=1: Relationship[2601]
Processing entry 1301 of 4135
1990-06-14 ITA:USA 1
Node for team ITA already exists: Node[21]
Node for team USA already exists: Node[2]
Created relationship ITA->USA with date=1990-06-14 and goalDifference=1: Relationship[2602]
Created relationship USA->ITA with date=1990-06-14 and goalDifference=1: Relationship[2603]
Processing entry 1302 of 4135
1990-06-14 YUG:COL 1
Node for team YUG already exists: Node[6]
Node for team COL already exists: Node[40]
Created relationship YUG->COL with date=1990-06-14 and goalDifference=1: Relationship[2604]
Created relationship COL->YUG with date=1990-06-14 and goalDifference=1: Relationship[2605]
Processing entry 1303 of 4135
1990-06-15 AUT:CSK -1
Node for team AUT already exists: Node[13]
Node for team CSK already exists: Node[16]
Created relationship AUT->CSK with date=1990-06-15 and goalDifference=-1: Relationship[2606]
Created relationship CSK->AUT with date=1990-06-15 and goalDifference=-1: Relationship[2607]
Processing entry 1304 of 4135
1990-06-15 DEU:ARE 4
Node for team DEU already exists: Node[17]
Node for team ARE already exists: Node[63]
Created relationship DEU->ARE with date=1990-06-15 and goalDifference=4: Relationship[2608]
Created relationship ARE->DEU with date=1990-06-15 and goalDifference=4: Relationship[2609]
Processing entry 1305 of 4135
1990-06-16 BRA:CRI 1
Node for team BRA already exists: Node[7]
Node for team CRI already exists: Node[64]
Created relationship BRA->CRI with date=1990-06-16 and goalDifference=1: Relationship[2610]
Created relationship CRI->BRA with date=1990-06-16 and goalDifference=1: Relationship[2611]
Processing entry 1306 of 4135
1990-06-16 ENG:NLD 0
Node for team ENG already exists: Node[27]
Node for team NLD already exists: Node[15]
Created relationship ENG->NLD with date=1990-06-16 and goalDifference=0: Relationship[2612]
Created relationship NLD->ENG with date=1990-06-16 and goalDifference=0: Relationship[2613]
Processing entry 1307 of 4135
1990-06-16 SWE:SCO -1
Node for team SWE already exists: Node[22]
Node for team SCO already exists: Node[28]
Created relationship SWE->SCO with date=1990-06-16 and goalDifference=-1: Relationship[2614]
Created relationship SCO->SWE with date=1990-06-16 and goalDifference=-1: Relationship[2615]
Processing entry 1308 of 4135
1990-06-17 BEL:URY 2
Node for team BEL already exists: Node[3]
Node for team URY already exists: Node[12]
Created relationship BEL->URY with date=1990-06-17 and goalDifference=2: Relationship[2616]
Created relationship URY->BEL with date=1990-06-17 and goalDifference=2: Relationship[2617]
Processing entry 1309 of 4135
1990-06-17 IRL:EGY 0
Node for team IRL already exists: Node[35]
Node for team EGY already exists: Node[20]
Created relationship IRL->EGY with date=1990-06-17 and goalDifference=0: Relationship[2618]
Created relationship EGY->IRL with date=1990-06-17 and goalDifference=0: Relationship[2619]
Processing entry 1310 of 4135
1990-06-17 KOR:ESP -2
Node for team KOR already exists: Node[30]
Node for team ESP already exists: Node[18]
Created relationship KOR->ESP with date=1990-06-17 and goalDifference=-2: Relationship[2620]
Created relationship ESP->KOR with date=1990-06-17 and goalDifference=-2: Relationship[2621]
Processing entry 1311 of 4135
1990-06-18 ARG:ROU 0
Node for team ARG already exists: Node[8]
Node for team ROU already exists: Node[4]
Created relationship ARG->ROU with date=1990-06-18 and goalDifference=0: Relationship[2622]
Created relationship ROU->ARG with date=1990-06-18 and goalDifference=0: Relationship[2623]
Processing entry 1312 of 4135
1990-06-18 CMR:SUN -4
Node for team CMR already exists: Node[56]
Node for team SUN already exists: Node[33]
Created relationship CMR->SUN with date=1990-06-18 and goalDifference=-4: Relationship[2624]
Created relationship SUN->CMR with date=1990-06-18 and goalDifference=-4: Relationship[2625]
Processing entry 1313 of 4135
1990-06-19 AUT:USA 1
Node for team AUT already exists: Node[13]
Node for team USA already exists: Node[2]
Created relationship AUT->USA with date=1990-06-19 and goalDifference=1: Relationship[2626]
Created relationship USA->AUT with date=1990-06-19 and goalDifference=1: Relationship[2627]
Processing entry 1314 of 4135
1990-06-19 DEU:COL 0
Node for team DEU already exists: Node[17]
Node for team COL already exists: Node[40]
Created relationship DEU->COL with date=1990-06-19 and goalDifference=0: Relationship[2628]
Created relationship COL->DEU with date=1990-06-19 and goalDifference=0: Relationship[2629]
Processing entry 1315 of 4135
1990-06-19 ITA:CSK 2
Node for team ITA already exists: Node[21]
Node for team CSK already exists: Node[16]
Created relationship ITA->CSK with date=1990-06-19 and goalDifference=2: Relationship[2630]
Created relationship CSK->ITA with date=1990-06-19 and goalDifference=2: Relationship[2631]
Processing entry 1316 of 4135
1990-06-19 YUG:ARE 3
Node for team YUG already exists: Node[6]
Node for team ARE already exists: Node[63]
Created relationship YUG->ARE with date=1990-06-19 and goalDifference=3: Relationship[2632]
Created relationship ARE->YUG with date=1990-06-19 and goalDifference=3: Relationship[2633]
Processing entry 1317 of 4135
1990-06-20 BRA:SCO 1
Node for team BRA already exists: Node[7]
Node for team SCO already exists: Node[28]
Created relationship BRA->SCO with date=1990-06-20 and goalDifference=1: Relationship[2634]
Created relationship SCO->BRA with date=1990-06-20 and goalDifference=1: Relationship[2635]
Processing entry 1318 of 4135
1990-06-20 SWE:CRI -1
Node for team SWE already exists: Node[22]
Node for team CRI already exists: Node[64]
Created relationship SWE->CRI with date=1990-06-20 and goalDifference=-1: Relationship[2636]
Created relationship CRI->SWE with date=1990-06-20 and goalDifference=-1: Relationship[2637]
Processing entry 1319 of 4135
1990-06-21 BEL:ESP -1
Node for team BEL already exists: Node[3]
Node for team ESP already exists: Node[18]
Created relationship BEL->ESP with date=1990-06-21 and goalDifference=-1: Relationship[2638]
Created relationship ESP->BEL with date=1990-06-21 and goalDifference=-1: Relationship[2639]
Processing entry 1320 of 4135
1990-06-21 ENG:EGY 1
Node for team ENG already exists: Node[27]
Node for team EGY already exists: Node[20]
Created relationship ENG->EGY with date=1990-06-21 and goalDifference=1: Relationship[2640]
Created relationship EGY->ENG with date=1990-06-21 and goalDifference=1: Relationship[2641]
Processing entry 1321 of 4135
1990-06-21 IRL:NLD 0
Node for team IRL already exists: Node[35]
Node for team NLD already exists: Node[15]
Created relationship IRL->NLD with date=1990-06-21 and goalDifference=0: Relationship[2642]
Created relationship NLD->IRL with date=1990-06-21 and goalDifference=0: Relationship[2643]
Processing entry 1322 of 4135
1990-06-21 KOR:URY -1
Node for team KOR already exists: Node[30]
Node for team URY already exists: Node[12]
Created relationship KOR->URY with date=1990-06-21 and goalDifference=-1: Relationship[2644]
Created relationship URY->KOR with date=1990-06-21 and goalDifference=-1: Relationship[2645]
Processing entry 1323 of 4135
1990-06-23 CMR:COL 1
Node for team CMR already exists: Node[56]
Node for team COL already exists: Node[40]
Created relationship CMR->COL with date=1990-06-23 and goalDifference=1: Relationship[2646]
Created relationship COL->CMR with date=1990-06-23 and goalDifference=1: Relationship[2647]
Processing entry 1324 of 4135
1990-06-23 CSK:CRI 3
Node for team CSK already exists: Node[16]
Node for team CRI already exists: Node[64]
Created relationship CSK->CRI with date=1990-06-23 and goalDifference=3: Relationship[2648]
Created relationship CRI->CSK with date=1990-06-23 and goalDifference=3: Relationship[2649]
Processing entry 1325 of 4135
1990-06-24 BRA:ARG -1
Node for team BRA already exists: Node[7]
Node for team ARG already exists: Node[8]
Created relationship BRA->ARG with date=1990-06-24 and goalDifference=-1: Relationship[2650]
Created relationship ARG->BRA with date=1990-06-24 and goalDifference=-1: Relationship[2651]
Processing entry 1326 of 4135
1990-06-24 DEU:NLD 1
Node for team DEU already exists: Node[17]
Node for team NLD already exists: Node[15]
Created relationship DEU->NLD with date=1990-06-24 and goalDifference=1: Relationship[2652]
Created relationship NLD->DEU with date=1990-06-24 and goalDifference=1: Relationship[2653]
Processing entry 1327 of 4135
1990-06-25 IRL:ROU 0
Node for team IRL already exists: Node[35]
Node for team ROU already exists: Node[4]
Created relationship IRL->ROU with date=1990-06-25 and goalDifference=0: Relationship[2654]
Created relationship ROU->IRL with date=1990-06-25 and goalDifference=0: Relationship[2655]
Processing entry 1328 of 4135
1990-06-25 ITA:URY 2
Node for team ITA already exists: Node[21]
Node for team URY already exists: Node[12]
Created relationship ITA->URY with date=1990-06-25 and goalDifference=2: Relationship[2656]
Created relationship URY->ITA with date=1990-06-25 and goalDifference=2: Relationship[2657]
Processing entry 1329 of 4135
1990-06-26 ENG:BEL 1
Node for team ENG already exists: Node[27]
Node for team BEL already exists: Node[3]
Created relationship ENG->BEL with date=1990-06-26 and goalDifference=1: Relationship[2658]
Created relationship BEL->ENG with date=1990-06-26 and goalDifference=1: Relationship[2659]
Processing entry 1330 of 4135
1990-06-26 ESP:YUG -1
Node for team ESP already exists: Node[18]
Node for team YUG already exists: Node[6]
Created relationship ESP->YUG with date=1990-06-26 and goalDifference=-1: Relationship[2660]
Created relationship YUG->ESP with date=1990-06-26 and goalDifference=-1: Relationship[2661]
Processing entry 1331 of 4135
1990-06-30 ITA:IRL 1
Node for team ITA already exists: Node[21]
Node for team IRL already exists: Node[35]
Created relationship ITA->IRL with date=1990-06-30 and goalDifference=1: Relationship[2662]
Created relationship IRL->ITA with date=1990-06-30 and goalDifference=1: Relationship[2663]
Processing entry 1332 of 4135
1990-06-30 YUG:ARG 0
Node for team YUG already exists: Node[6]
Node for team ARG already exists: Node[8]
Created relationship YUG->ARG with date=1990-06-30 and goalDifference=0: Relationship[2664]
Created relationship ARG->YUG with date=1990-06-30 and goalDifference=0: Relationship[2665]
Processing entry 1333 of 4135
1990-07-01 DEU:CSK 1
Node for team DEU already exists: Node[17]
Node for team CSK already exists: Node[16]
Created relationship DEU->CSK with date=1990-07-01 and goalDifference=1: Relationship[2666]
Created relationship CSK->DEU with date=1990-07-01 and goalDifference=1: Relationship[2667]
Processing entry 1334 of 4135
1990-07-01 ENG:CMR 1
Node for team ENG already exists: Node[27]
Node for team CMR already exists: Node[56]
Created relationship ENG->CMR with date=1990-07-01 and goalDifference=1: Relationship[2668]
Created relationship CMR->ENG with date=1990-07-01 and goalDifference=1: Relationship[2669]
Processing entry 1335 of 4135
1990-07-03 ITA:ARG 0
Node for team ITA already exists: Node[21]
Node for team ARG already exists: Node[8]
Created relationship ITA->ARG with date=1990-07-03 and goalDifference=0: Relationship[2670]
Created relationship ARG->ITA with date=1990-07-03 and goalDifference=0: Relationship[2671]
Processing entry 1336 of 4135
1990-07-04 DEU:ENG 0
Node for team DEU already exists: Node[17]
Node for team ENG already exists: Node[27]
Created relationship DEU->ENG with date=1990-07-04 and goalDifference=0: Relationship[2672]
Created relationship ENG->DEU with date=1990-07-04 and goalDifference=0: Relationship[2673]
Processing entry 1337 of 4135
1990-07-07 ITA:ENG 1
Node for team ITA already exists: Node[21]
Node for team ENG already exists: Node[27]
Created relationship ITA->ENG with date=1990-07-07 and goalDifference=1: Relationship[2674]
Created relationship ENG->ITA with date=1990-07-07 and goalDifference=1: Relationship[2675]
Processing entry 1338 of 4135
1990-07-08 DEU:ARG 1
Node for team DEU already exists: Node[17]
Node for team ARG already exists: Node[8]
Created relationship DEU->ARG with date=1990-07-08 and goalDifference=1: Relationship[2676]
Created relationship ARG->DEU with date=1990-07-08 and goalDifference=1: Relationship[2677]
Processing entry 1339 of 4135
1990-09-05 ISL:FRA -1
Node for team ISL already exists: Node[43]
Node for team FRA already exists: Node[0]
Created relationship ISL->FRA with date=1990-09-05 and goalDifference=-1: Relationship[2678]
Created relationship FRA->ISL with date=1990-09-05 and goalDifference=-1: Relationship[2679]
Processing entry 1340 of 4135
1990-09-12 CHE:BGR 2
Node for team CHE already exists: Node[14]
Node for team BGR already exists: Node[36]
Created relationship CHE->BGR with date=1990-09-12 and goalDifference=2: Relationship[2680]
Created relationship BGR->CHE with date=1990-09-12 and goalDifference=2: Relationship[2681]
Processing entry 1341 of 4135
1990-09-12 CIS:NOR 2
Created new node for team CIS: Node[65]
Node for team NOR already exists: Node[26]
Created relationship CIS->NOR with date=1990-09-12 and goalDifference=2: Relationship[2682]
Created relationship NOR->CIS with date=1990-09-12 and goalDifference=2: Relationship[2683]
Processing entry 1342 of 4135
1990-09-12 FIN:PRT 0
Node for team FIN already exists: Node[46]
Node for team PRT already exists: Node[38]
Created relationship FIN->PRT with date=1990-09-12 and goalDifference=0: Relationship[2684]
Created relationship PRT->FIN with date=1990-09-12 and goalDifference=0: Relationship[2685]
Processing entry 1343 of 4135
1990-09-12 FRO:AUT 1
Created new node for team FRO: Node[66]
Node for team AUT already exists: Node[13]
Created relationship FRO->AUT with date=1990-09-12 and goalDifference=1: Relationship[2686]
Created relationship AUT->FRO with date=1990-09-12 and goalDifference=1: Relationship[2687]
Processing entry 1344 of 4135
1990-09-12 NIR:YUG -2
Node for team NIR already exists: Node[32]
Node for team YUG already exists: Node[6]
Created relationship NIR->YUG with date=1990-09-12 and goalDifference=-2: Relationship[2688]
Created relationship YUG->NIR with date=1990-09-12 and goalDifference=-2: Relationship[2689]
Processing entry 1345 of 4135
1990-09-12 SCO:ROU 1
Node for team SCO already exists: Node[28]
Node for team ROU already exists: Node[4]
Created relationship SCO->ROU with date=1990-09-12 and goalDifference=1: Relationship[2690]
Created relationship ROU->SCO with date=1990-09-12 and goalDifference=1: Relationship[2691]
Processing entry 1346 of 4135
1990-09-26 CSK:ISL 1
Node for team CSK already exists: Node[16]
Node for team ISL already exists: Node[43]
Created relationship CSK->ISL with date=1990-09-26 and goalDifference=1: Relationship[2692]
Created relationship ISL->CSK with date=1990-09-26 and goalDifference=1: Relationship[2693]
Processing entry 1347 of 4135
1990-10-10 DNK:FRO 3
Node for team DNK already exists: Node[39]
Node for team FRO already exists: Node[66]
Created relationship DNK->FRO with date=1990-10-10 and goalDifference=3: Relationship[2694]
Created relationship FRO->DNK with date=1990-10-10 and goalDifference=3: Relationship[2695]
Processing entry 1348 of 4135
1990-10-10 ESP:ISL 1
Node for team ESP already exists: Node[18]
Node for team ISL already exists: Node[43]
Created relationship ESP->ISL with date=1990-10-10 and goalDifference=1: Relationship[2696]
Created relationship ISL->ESP with date=1990-10-10 and goalDifference=1: Relationship[2697]
Processing entry 1349 of 4135
1990-10-10 NOR:HUN 0
Node for team NOR already exists: Node[26]
Node for team HUN already exists: Node[19]
Created relationship NOR->HUN with date=1990-10-10 and goalDifference=0: Relationship[2698]
Created relationship HUN->NOR with date=1990-10-10 and goalDifference=0: Relationship[2699]
Processing entry 1350 of 4135
1990-10-13 FRA:CSK 1
Node for team FRA already exists: Node[0]
Node for team CSK already exists: Node[16]
Created relationship FRA->CSK with date=1990-10-13 and goalDifference=1: Relationship[2700]
Created relationship CSK->FRA with date=1990-10-13 and goalDifference=1: Relationship[2701]
Processing entry 1351 of 4135
1990-10-17 ENG:POL 2
Node for team ENG already exists: Node[27]
Node for team POL already exists: Node[23]
Created relationship ENG->POL with date=1990-10-17 and goalDifference=2: Relationship[2702]
Created relationship POL->ENG with date=1990-10-17 and goalDifference=2: Relationship[2703]
Processing entry 1352 of 4135
1990-10-17 HUN:ITA 0
Node for team HUN already exists: Node[19]
Node for team ITA already exists: Node[21]
Created relationship HUN->ITA with date=1990-10-17 and goalDifference=0: Relationship[2704]
Created relationship ITA->HUN with date=1990-10-17 and goalDifference=0: Relationship[2705]
Processing entry 1353 of 4135
1990-10-17 IRL:TUR 5
Node for team IRL already exists: Node[35]
Node for team TUR already exists: Node[29]
Created relationship IRL->TUR with date=1990-10-17 and goalDifference=5: Relationship[2706]
Created relationship TUR->IRL with date=1990-10-17 and goalDifference=5: Relationship[2707]
Processing entry 1354 of 4135
1990-10-17 NIR:DNK 0
Node for team NIR already exists: Node[32]
Node for team DNK already exists: Node[39]
Created relationship NIR->DNK with date=1990-10-17 and goalDifference=0: Relationship[2708]
Created relationship DNK->NIR with date=1990-10-17 and goalDifference=0: Relationship[2709]
Processing entry 1355 of 4135
1990-10-17 PRT:NLD 1
Node for team PRT already exists: Node[38]
Node for team NLD already exists: Node[15]
Created relationship PRT->NLD with date=1990-10-17 and goalDifference=1: Relationship[2710]
Created relationship NLD->PRT with date=1990-10-17 and goalDifference=1: Relationship[2711]
Processing entry 1356 of 4135
1990-10-17 ROU:BGR -3
Node for team ROU already exists: Node[4]
Node for team BGR already exists: Node[36]
Created relationship ROU->BGR with date=1990-10-17 and goalDifference=-3: Relationship[2712]
Created relationship BGR->ROU with date=1990-10-17 and goalDifference=-3: Relationship[2713]
Processing entry 1357 of 4135
1990-10-17 SCO:CHE 1
Node for team SCO already exists: Node[28]
Node for team CHE already exists: Node[14]
Created relationship SCO->CHE with date=1990-10-17 and goalDifference=1: Relationship[2714]
Created relationship CHE->SCO with date=1990-10-17 and goalDifference=1: Relationship[2715]
Processing entry 1358 of 4135
1990-10-17 WAL:BEL 2
Node for team WAL already exists: Node[31]
Node for team BEL already exists: Node[3]
Created relationship WAL->BEL with date=1990-10-17 and goalDifference=2: Relationship[2716]
Created relationship BEL->WAL with date=1990-10-17 and goalDifference=2: Relationship[2717]
Processing entry 1359 of 4135
1990-10-31 GRC:MLT 4
Node for team GRC already exists: Node[34]
Node for team MLT already exists: Node[42]
Created relationship GRC->MLT with date=1990-10-31 and goalDifference=4: Relationship[2718]
Created relationship MLT->GRC with date=1990-10-31 and goalDifference=4: Relationship[2719]
Processing entry 1360 of 4135
1990-10-31 HUN:CYP 2
Node for team HUN already exists: Node[19]
Node for team CYP already exists: Node[47]
Created relationship HUN->CYP with date=1990-10-31 and goalDifference=2: Relationship[2720]
Created relationship CYP->HUN with date=1990-10-31 and goalDifference=2: Relationship[2721]
Processing entry 1361 of 4135
1990-10-31 LUX:DEU -1
Node for team LUX already exists: Node[44]
Node for team DEU already exists: Node[17]
Created relationship LUX->DEU with date=1990-10-31 and goalDifference=-1: Relationship[2722]
Created relationship DEU->LUX with date=1990-10-31 and goalDifference=-1: Relationship[2723]
Processing entry 1362 of 4135
1990-10-31 YUG:AUT 3
Node for team YUG already exists: Node[6]
Node for team AUT already exists: Node[13]
Created relationship YUG->AUT with date=1990-10-31 and goalDifference=3: Relationship[2724]
Created relationship AUT->YUG with date=1990-10-31 and goalDifference=3: Relationship[2725]
Processing entry 1363 of 4135
1990-11-03 ITA:CIS 0
Node for team ITA already exists: Node[21]
Node for team CIS already exists: Node[65]
Created relationship ITA->CIS with date=1990-11-03 and goalDifference=0: Relationship[2726]
Created relationship CIS->ITA with date=1990-11-03 and goalDifference=0: Relationship[2727]
Processing entry 1364 of 4135
1990-11-14 AUT:NIR 0
Node for team AUT already exists: Node[13]
Node for team NIR already exists: Node[32]
Created relationship AUT->NIR with date=1990-11-14 and goalDifference=0: Relationship[2728]
Created relationship NIR->AUT with date=1990-11-14 and goalDifference=0: Relationship[2729]
Processing entry 1365 of 4135
1990-11-14 BGR:SCO 0
Node for team BGR already exists: Node[36]
Node for team SCO already exists: Node[28]
Created relationship BGR->SCO with date=1990-11-14 and goalDifference=0: Relationship[2730]
Created relationship SCO->BGR with date=1990-11-14 and goalDifference=0: Relationship[2731]
Processing entry 1366 of 4135
1990-11-14 CSK:ESP 1
Node for team CSK already exists: Node[16]
Node for team ESP already exists: Node[18]
Created relationship CSK->ESP with date=1990-11-14 and goalDifference=1: Relationship[2732]
Created relationship ESP->CSK with date=1990-11-14 and goalDifference=1: Relationship[2733]
Processing entry 1367 of 4135
1990-11-14 CYP:NOR -3
Node for team CYP already exists: Node[47]
Node for team NOR already exists: Node[26]
Created relationship CYP->NOR with date=1990-11-14 and goalDifference=-3: Relationship[2734]
Created relationship NOR->CYP with date=1990-11-14 and goalDifference=-3: Relationship[2735]
Processing entry 1368 of 4135
1990-11-14 DNK:YUG -2
Node for team DNK already exists: Node[39]
Node for team YUG already exists: Node[6]
Created relationship DNK->YUG with date=1990-11-14 and goalDifference=-2: Relationship[2736]
Created relationship YUG->DNK with date=1990-11-14 and goalDifference=-2: Relationship[2737]
Processing entry 1369 of 4135
1990-11-14 IRL:ENG 0
Node for team IRL already exists: Node[35]
Node for team ENG already exists: Node[27]
Created relationship IRL->ENG with date=1990-11-14 and goalDifference=0: Relationship[2738]
Created relationship ENG->IRL with date=1990-11-14 and goalDifference=0: Relationship[2739]
Processing entry 1370 of 4135
1990-11-14 LUX:WAL -1
Node for team LUX already exists: Node[44]
Node for team WAL already exists: Node[31]
Created relationship LUX->WAL with date=1990-11-14 and goalDifference=-1: Relationship[2740]
Created relationship WAL->LUX with date=1990-11-14 and goalDifference=-1: Relationship[2741]
Processing entry 1371 of 4135
1990-11-14 SMR:CHE -4
Created new node for team SMR: Node[67]
Node for team CHE already exists: Node[14]
Created relationship SMR->CHE with date=1990-11-14 and goalDifference=-4: Relationship[2742]
Created relationship CHE->SMR with date=1990-11-14 and goalDifference=-4: Relationship[2743]
Processing entry 1372 of 4135
1990-11-14 TUR:POL -1
Node for team TUR already exists: Node[29]
Node for team POL already exists: Node[23]
Created relationship TUR->POL with date=1990-11-14 and goalDifference=-1: Relationship[2744]
Created relationship POL->TUR with date=1990-11-14 and goalDifference=-1: Relationship[2745]
Processing entry 1373 of 4135
1990-11-17 ALB:FRA -1
Node for team ALB already exists: Node[41]
Node for team FRA already exists: Node[0]
Created relationship ALB->FRA with date=1990-11-17 and goalDifference=-1: Relationship[2746]
Created relationship FRA->ALB with date=1990-11-17 and goalDifference=-1: Relationship[2747]
Processing entry 1374 of 4135
1990-11-21 NLD:GRC 2
Node for team NLD already exists: Node[15]
Node for team GRC already exists: Node[34]
Created relationship NLD->GRC with date=1990-11-21 and goalDifference=2: Relationship[2748]
Created relationship GRC->NLD with date=1990-11-21 and goalDifference=2: Relationship[2749]
Processing entry 1375 of 4135
1990-11-25 MLT:FIN 0
Node for team MLT already exists: Node[42]
Node for team FIN already exists: Node[46]
Created relationship MLT->FIN with date=1990-11-25 and goalDifference=0: Relationship[2750]
Created relationship FIN->MLT with date=1990-11-25 and goalDifference=0: Relationship[2751]
Processing entry 1376 of 4135
1990-12-05 ROU:SMR 6
Node for team ROU already exists: Node[4]
Node for team SMR already exists: Node[67]
Created relationship ROU->SMR with date=1990-12-05 and goalDifference=6: Relationship[2752]
Created relationship SMR->ROU with date=1990-12-05 and goalDifference=6: Relationship[2753]
Processing entry 1377 of 4135
1990-12-19 ESP:ALB 9
Node for team ESP already exists: Node[18]
Node for team ALB already exists: Node[41]
Created relationship ESP->ALB with date=1990-12-19 and goalDifference=9: Relationship[2754]
Created relationship ALB->ESP with date=1990-12-19 and goalDifference=9: Relationship[2755]
Processing entry 1378 of 4135
1990-12-19 MLT:NLD -8
Node for team MLT already exists: Node[42]
Node for team NLD already exists: Node[15]
Created relationship MLT->NLD with date=1990-12-19 and goalDifference=-8: Relationship[2756]
Created relationship NLD->MLT with date=1990-12-19 and goalDifference=-8: Relationship[2757]
Processing entry 1379 of 4135
1990-12-22 CYP:ITA -4
Node for team CYP already exists: Node[47]
Node for team ITA already exists: Node[21]
Created relationship CYP->ITA with date=1990-12-22 and goalDifference=-4: Relationship[2758]
Created relationship ITA->CYP with date=1990-12-22 and goalDifference=-4: Relationship[2759]
Processing entry 1380 of 4135
1991-01-23 GRC:PRT 1
Node for team GRC already exists: Node[34]
Node for team PRT already exists: Node[38]
Created relationship GRC->PRT with date=1991-01-23 and goalDifference=1: Relationship[2760]
Created relationship PRT->GRC with date=1991-01-23 and goalDifference=1: Relationship[2761]
Processing entry 1381 of 4135
1991-02-09 MLT:PRT -1
Node for team MLT already exists: Node[42]
Node for team PRT already exists: Node[38]
Created relationship MLT->PRT with date=1991-02-09 and goalDifference=-1: Relationship[2762]
Created relationship PRT->MLT with date=1991-02-09 and goalDifference=-1: Relationship[2763]
Processing entry 1382 of 4135
1991-02-20 FRA:ESP 2
Node for team FRA already exists: Node[0]
Node for team ESP already exists: Node[18]
Created relationship FRA->ESP with date=1991-02-20 and goalDifference=2: Relationship[2764]
Created relationship ESP->FRA with date=1991-02-20 and goalDifference=2: Relationship[2765]
Processing entry 1383 of 4135
1991-02-20 PRT:MLT 5
Node for team PRT already exists: Node[38]
Node for team MLT already exists: Node[42]
Created relationship PRT->MLT with date=1991-02-20 and goalDifference=5: Relationship[2766]
Created relationship MLT->PRT with date=1991-02-20 and goalDifference=5: Relationship[2767]
Processing entry 1384 of 4135
1991-02-27 BEL:LUX 3
Node for team BEL already exists: Node[3]
Node for team LUX already exists: Node[44]
Created relationship BEL->LUX with date=1991-02-27 and goalDifference=3: Relationship[2768]
Created relationship LUX->BEL with date=1991-02-27 and goalDifference=3: Relationship[2769]
Processing entry 1385 of 4135
1991-03-13 NLD:MLT 1
Node for team NLD already exists: Node[15]
Node for team MLT already exists: Node[42]
Created relationship NLD->MLT with date=1991-03-13 and goalDifference=1: Relationship[2770]
Created relationship MLT->NLD with date=1991-03-13 and goalDifference=1: Relationship[2771]
Processing entry 1386 of 4135
1991-03-27 BEL:WAL 0
Node for team BEL already exists: Node[3]
Node for team WAL already exists: Node[31]
Created relationship BEL->WAL with date=1991-03-27 and goalDifference=0: Relationship[2772]
Created relationship WAL->BEL with date=1991-03-27 and goalDifference=0: Relationship[2773]
Processing entry 1387 of 4135
1991-03-27 ENG:IRL 0
Node for team ENG already exists: Node[27]
Node for team IRL already exists: Node[35]
Created relationship ENG->IRL with date=1991-03-27 and goalDifference=0: Relationship[2774]
Created relationship IRL->ENG with date=1991-03-27 and goalDifference=0: Relationship[2775]
Processing entry 1388 of 4135
1991-03-27 SCO:BGR 0
Node for team SCO already exists: Node[28]
Node for team BGR already exists: Node[36]
Created relationship SCO->BGR with date=1991-03-27 and goalDifference=0: Relationship[2776]
Created relationship BGR->SCO with date=1991-03-27 and goalDifference=0: Relationship[2777]
Processing entry 1389 of 4135
1991-03-27 SMR:ROU -2
Node for team SMR already exists: Node[67]
Node for team ROU already exists: Node[4]
Created relationship SMR->ROU with date=1991-03-27 and goalDifference=-2: Relationship[2778]
Created relationship ROU->SMR with date=1991-03-27 and goalDifference=-2: Relationship[2779]
Processing entry 1390 of 4135
1991-03-27 YUG:NIR 3
Node for team YUG already exists: Node[6]
Node for team NIR already exists: Node[32]
Created relationship YUG->NIR with date=1991-03-27 and goalDifference=3: Relationship[2780]
Created relationship NIR->YUG with date=1991-03-27 and goalDifference=3: Relationship[2781]
Processing entry 1391 of 4135
1991-03-30 FRA:ALB 5
Node for team FRA already exists: Node[0]
Node for team ALB already exists: Node[41]
Created relationship FRA->ALB with date=1991-03-30 and goalDifference=5: Relationship[2782]
Created relationship ALB->FRA with date=1991-03-30 and goalDifference=5: Relationship[2783]
Processing entry 1392 of 4135
1991-04-03 CHE:ROU 0
Node for team CHE already exists: Node[14]
Node for team ROU already exists: Node[4]
Created relationship CHE->ROU with date=1991-04-03 and goalDifference=0: Relationship[2784]
Created relationship ROU->CHE with date=1991-04-03 and goalDifference=0: Relationship[2785]
Processing entry 1393 of 4135
1991-04-03 CYP:HUN -2
Node for team CYP already exists: Node[47]
Node for team HUN already exists: Node[19]
Created relationship CYP->HUN with date=1991-04-03 and goalDifference=-2: Relationship[2786]
Created relationship HUN->CYP with date=1991-04-03 and goalDifference=-2: Relationship[2787]
Processing entry 1394 of 4135
1991-04-17 HUN:CIS -1
Node for team HUN already exists: Node[19]
Node for team CIS already exists: Node[65]
Created relationship HUN->CIS with date=1991-04-17 and goalDifference=-1: Relationship[2788]
Created relationship CIS->HUN with date=1991-04-17 and goalDifference=-1: Relationship[2789]
Processing entry 1395 of 4135
1991-04-17 NLD:FIN 2
Node for team NLD already exists: Node[15]
Node for team FIN already exists: Node[46]
Created relationship NLD->FIN with date=1991-04-17 and goalDifference=2: Relationship[2790]
Created relationship FIN->NLD with date=1991-04-17 and goalDifference=2: Relationship[2791]
Processing entry 1396 of 4135
1991-04-17 POL:TUR 3
Node for team POL already exists: Node[23]
Node for team TUR already exists: Node[29]
Created relationship POL->TUR with date=1991-04-17 and goalDifference=3: Relationship[2792]
Created relationship TUR->POL with date=1991-04-17 and goalDifference=3: Relationship[2793]
Processing entry 1397 of 4135
1991-05-01 ALB:CSK -2
Node for team ALB already exists: Node[41]
Node for team CSK already exists: Node[16]
Created relationship ALB->CSK with date=1991-05-01 and goalDifference=-2: Relationship[2794]
Created relationship CSK->ALB with date=1991-05-01 and goalDifference=-2: Relationship[2795]
Processing entry 1398 of 4135
1991-05-01 BGR:CHE -1
Node for team BGR already exists: Node[36]
Node for team CHE already exists: Node[14]
Created relationship BGR->CHE with date=1991-05-01 and goalDifference=-1: Relationship[2796]
Created relationship CHE->BGR with date=1991-05-01 and goalDifference=-1: Relationship[2797]
Processing entry 1399 of 4135
1991-05-01 DEU:BEL 1
Node for team DEU already exists: Node[17]
Node for team BEL already exists: Node[3]
Created relationship DEU->BEL with date=1991-05-01 and goalDifference=1: Relationship[2798]
Created relationship BEL->DEU with date=1991-05-01 and goalDifference=1: Relationship[2799]
Processing entry 1400 of 4135
1991-05-01 IRL:POL 0
Node for team IRL already exists: Node[35]
Node for team POL already exists: Node[23]
Created relationship IRL->POL with date=1991-05-01 and goalDifference=0: Relationship[2800]
Created relationship POL->IRL with date=1991-05-01 and goalDifference=0: Relationship[2801]
Processing entry 1401 of 4135
1991-05-01 ITA:HUN 2
Node for team ITA already exists: Node[21]
Node for team HUN already exists: Node[19]
Created relationship ITA->HUN with date=1991-05-01 and goalDifference=2: Relationship[2802]
Created relationship HUN->ITA with date=1991-05-01 and goalDifference=2: Relationship[2803]
Processing entry 1402 of 4135
1991-05-01 NIR:FRO 0
Node for team NIR already exists: Node[32]
Node for team FRO already exists: Node[66]
Created relationship NIR->FRO with date=1991-05-01 and goalDifference=0: Relationship[2804]
Created relationship FRO->NIR with date=1991-05-01 and goalDifference=0: Relationship[2805]
Processing entry 1403 of 4135
1991-05-01 NOR:CYP 3
Node for team NOR already exists: Node[26]
Node for team CYP already exists: Node[47]
Created relationship NOR->CYP with date=1991-05-01 and goalDifference=3: Relationship[2806]
Created relationship CYP->NOR with date=1991-05-01 and goalDifference=3: Relationship[2807]
Processing entry 1404 of 4135
1991-05-01 SMR:SCO -2
Node for team SMR already exists: Node[67]
Node for team SCO already exists: Node[28]
Created relationship SMR->SCO with date=1991-05-01 and goalDifference=-2: Relationship[2808]
Created relationship SCO->SMR with date=1991-05-01 and goalDifference=-2: Relationship[2809]
Processing entry 1405 of 4135
1991-05-01 TUR:ENG -1
Node for team TUR already exists: Node[29]
Node for team ENG already exists: Node[27]
Created relationship TUR->ENG with date=1991-05-01 and goalDifference=-1: Relationship[2810]
Created relationship ENG->TUR with date=1991-05-01 and goalDifference=-1: Relationship[2811]
Processing entry 1406 of 4135
1991-05-01 YUG:DNK -1
Node for team YUG already exists: Node[6]
Node for team DNK already exists: Node[39]
Created relationship YUG->DNK with date=1991-05-01 and goalDifference=-1: Relationship[2812]
Created relationship DNK->YUG with date=1991-05-01 and goalDifference=-1: Relationship[2813]
Processing entry 1407 of 4135
1991-05-16 FIN:MLT 2
Node for team FIN already exists: Node[46]
Node for team MLT already exists: Node[42]
Created relationship FIN->MLT with date=1991-05-16 and goalDifference=2: Relationship[2814]
Created relationship MLT->FIN with date=1991-05-16 and goalDifference=2: Relationship[2815]
Processing entry 1408 of 4135
1991-05-16 YUG:FRO 7
Node for team YUG already exists: Node[6]
Node for team FRO already exists: Node[66]
Created relationship YUG->FRO with date=1991-05-16 and goalDifference=7: Relationship[2816]
Created relationship FRO->YUG with date=1991-05-16 and goalDifference=7: Relationship[2817]
Processing entry 1409 of 4135
1991-05-22 AUT:FRO 3
Node for team AUT already exists: Node[13]
Node for team FRO already exists: Node[66]
Created relationship AUT->FRO with date=1991-05-22 and goalDifference=3: Relationship[2818]
Created relationship FRO->AUT with date=1991-05-22 and goalDifference=3: Relationship[2819]
Processing entry 1410 of 4135
1991-05-22 SMR:BGR -3
Node for team SMR already exists: Node[67]
Node for team BGR already exists: Node[36]
Created relationship SMR->BGR with date=1991-05-22 and goalDifference=-3: Relationship[2820]
Created relationship BGR->SMR with date=1991-05-22 and goalDifference=-3: Relationship[2821]
Processing entry 1411 of 4135
1991-05-26 ALB:ISL 1
Node for team ALB already exists: Node[41]
Node for team ISL already exists: Node[43]
Created relationship ALB->ISL with date=1991-05-26 and goalDifference=1: Relationship[2822]
Created relationship ISL->ALB with date=1991-05-26 and goalDifference=1: Relationship[2823]
Processing entry 1412 of 4135
1991-05-29 CIS:CYP 4
Node for team CIS already exists: Node[65]
Node for team CYP already exists: Node[47]
Created relationship CIS->CYP with date=1991-05-29 and goalDifference=4: Relationship[2824]
Created relationship CYP->CIS with date=1991-05-29 and goalDifference=4: Relationship[2825]
Processing entry 1413 of 4135
1991-06-05 CHE:SMR 7
Node for team CHE already exists: Node[14]
Node for team SMR already exists: Node[67]
Created relationship CHE->SMR with date=1991-06-05 and goalDifference=7: Relationship[2826]
Created relationship SMR->CHE with date=1991-06-05 and goalDifference=7: Relationship[2827]
Processing entry 1414 of 4135
1991-06-05 DNK:AUT 1
Node for team DNK already exists: Node[39]
Node for team AUT already exists: Node[13]
Created relationship DNK->AUT with date=1991-06-05 and goalDifference=1: Relationship[2828]
Created relationship AUT->DNK with date=1991-06-05 and goalDifference=1: Relationship[2829]
Processing entry 1415 of 4135
1991-06-05 FIN:NLD 0
Node for team FIN already exists: Node[46]
Node for team NLD already exists: Node[15]
Created relationship FIN->NLD with date=1991-06-05 and goalDifference=0: Relationship[2830]
Created relationship NLD->FIN with date=1991-06-05 and goalDifference=0: Relationship[2831]
Processing entry 1416 of 4135
1991-06-05 ISL:CSK -1
Node for team ISL already exists: Node[43]
Node for team CSK already exists: Node[16]
Created relationship ISL->CSK with date=1991-06-05 and goalDifference=-1: Relationship[2832]
Created relationship CSK->ISL with date=1991-06-05 and goalDifference=-1: Relationship[2833]
Processing entry 1417 of 4135
1991-06-05 NOR:ITA 1
Node for team NOR already exists: Node[26]
Node for team ITA already exists: Node[21]
Created relationship NOR->ITA with date=1991-06-05 and goalDifference=1: Relationship[2834]
Created relationship ITA->NOR with date=1991-06-05 and goalDifference=1: Relationship[2835]
Processing entry 1418 of 4135
1991-06-05 WAL:DEU 1
Node for team WAL already exists: Node[31]
Node for team DEU already exists: Node[17]
Created relationship WAL->DEU with date=1991-06-05 and goalDifference=1: Relationship[2836]
Created relationship DEU->WAL with date=1991-06-05 and goalDifference=1: Relationship[2837]
Processing entry 1419 of 4135
1991-08-28 NOR:CIS -1
Node for team NOR already exists: Node[26]
Node for team CIS already exists: Node[65]
Created relationship NOR->CIS with date=1991-08-28 and goalDifference=-1: Relationship[2838]
Created relationship CIS->NOR with date=1991-08-28 and goalDifference=-1: Relationship[2839]
Processing entry 1420 of 4135
1991-09-04 CSK:FRA -1
Node for team CSK already exists: Node[16]
Node for team FRA already exists: Node[0]
Created relationship CSK->FRA with date=1991-09-04 and goalDifference=-1: Relationship[2840]
Created relationship FRA->CSK with date=1991-09-04 and goalDifference=-1: Relationship[2841]
Processing entry 1421 of 4135
1991-09-11 CHE:SCO 0
Node for team CHE already exists: Node[14]
Node for team SCO already exists: Node[28]
Created relationship CHE->SCO with date=1991-09-11 and goalDifference=0: Relationship[2842]
Created relationship SCO->CHE with date=1991-09-11 and goalDifference=0: Relationship[2843]
Processing entry 1422 of 4135
1991-09-11 FRO:NIR -5
Node for team FRO already exists: Node[66]
Node for team NIR already exists: Node[32]
Created relationship FRO->NIR with date=1991-09-11 and goalDifference=-5: Relationship[2844]
Created relationship NIR->FRO with date=1991-09-11 and goalDifference=-5: Relationship[2845]
Processing entry 1423 of 4135
1991-09-11 LUX:BEL -2
Node for team LUX already exists: Node[44]
Node for team BEL already exists: Node[3]
Created relationship LUX->BEL with date=1991-09-11 and goalDifference=-2: Relationship[2846]
Created relationship BEL->LUX with date=1991-09-11 and goalDifference=-2: Relationship[2847]
Processing entry 1424 of 4135
1991-09-11 PRT:FIN 1
Node for team PRT already exists: Node[38]
Node for team FIN already exists: Node[46]
Created relationship PRT->FIN with date=1991-09-11 and goalDifference=1: Relationship[2848]
Created relationship FIN->PRT with date=1991-09-11 and goalDifference=1: Relationship[2849]
Processing entry 1425 of 4135
1991-09-25 CIS:HUN 0
Node for team CIS already exists: Node[65]
Node for team HUN already exists: Node[19]
Created relationship CIS->HUN with date=1991-09-25 and goalDifference=0: Relationship[2850]
Created relationship HUN->CIS with date=1991-09-25 and goalDifference=0: Relationship[2851]
Processing entry 1426 of 4135
1991-09-25 FRO:DNK -4
Node for team FRO already exists: Node[66]
Node for team DNK already exists: Node[39]
Created relationship FRO->DNK with date=1991-09-25 and goalDifference=-4: Relationship[2852]
Created relationship DNK->FRO with date=1991-09-25 and goalDifference=-4: Relationship[2853]
Processing entry 1427 of 4135
1991-09-25 ISL:ESP 2
Node for team ISL already exists: Node[43]
Node for team ESP already exists: Node[18]
Created relationship ISL->ESP with date=1991-09-25 and goalDifference=2: Relationship[2854]
Created relationship ESP->ISL with date=1991-09-25 and goalDifference=2: Relationship[2855]
Processing entry 1428 of 4135
1991-10-09 AUT:DNK -3
Node for team AUT already exists: Node[13]
Node for team DNK already exists: Node[39]
Created relationship AUT->DNK with date=1991-10-09 and goalDifference=-3: Relationship[2856]
Created relationship DNK->AUT with date=1991-10-09 and goalDifference=-3: Relationship[2857]
Processing entry 1429 of 4135
1991-10-09 FIN:GRC 0
Node for team FIN already exists: Node[46]
Node for team GRC already exists: Node[34]
Created relationship FIN->GRC with date=1991-10-09 and goalDifference=0: Relationship[2858]
Created relationship GRC->FIN with date=1991-10-09 and goalDifference=0: Relationship[2859]
Processing entry 1430 of 4135
1991-10-12 CIS:ITA 0
Node for team CIS already exists: Node[65]
Node for team ITA already exists: Node[21]
Created relationship CIS->ITA with date=1991-10-12 and goalDifference=0: Relationship[2860]
Created relationship ITA->CIS with date=1991-10-12 and goalDifference=0: Relationship[2861]
Processing entry 1431 of 4135
1991-10-12 ESP:FRA -1
Node for team ESP already exists: Node[18]
Node for team FRA already exists: Node[0]
Created relationship ESP->FRA with date=1991-10-12 and goalDifference=-1: Relationship[2862]
Created relationship FRA->ESP with date=1991-10-12 and goalDifference=-1: Relationship[2863]
Processing entry 1432 of 4135
1991-10-16 BGR:SMR 4
Node for team BGR already exists: Node[36]
Node for team SMR already exists: Node[67]
Created relationship BGR->SMR with date=1991-10-16 and goalDifference=4: Relationship[2864]
Created relationship SMR->BGR with date=1991-10-16 and goalDifference=4: Relationship[2865]
Processing entry 1433 of 4135
1991-10-16 CSK:ALB 1
Node for team CSK already exists: Node[16]
Node for team ALB already exists: Node[41]
Created relationship CSK->ALB with date=1991-10-16 and goalDifference=1: Relationship[2866]
Created relationship ALB->CSK with date=1991-10-16 and goalDifference=1: Relationship[2867]
Processing entry 1434 of 4135
1991-10-16 DEU:WAL 3
Node for team DEU already exists: Node[17]
Node for team WAL already exists: Node[31]
Created relationship DEU->WAL with date=1991-10-16 and goalDifference=3: Relationship[2868]
Created relationship WAL->DEU with date=1991-10-16 and goalDifference=3: Relationship[2869]
Processing entry 1435 of 4135
1991-10-16 ENG:TUR 1
Node for team ENG already exists: Node[27]
Node for team TUR already exists: Node[29]
Created relationship ENG->TUR with date=1991-10-16 and goalDifference=1: Relationship[2870]
Created relationship TUR->ENG with date=1991-10-16 and goalDifference=1: Relationship[2871]
Processing entry 1436 of 4135
1991-10-16 FRO:YUG -2
Node for team FRO already exists: Node[66]
Node for team YUG already exists: Node[6]
Created relationship FRO->YUG with date=1991-10-16 and goalDifference=-2: Relationship[2872]
Created relationship YUG->FRO with date=1991-10-16 and goalDifference=-2: Relationship[2873]
Processing entry 1437 of 4135
1991-10-16 NIR:AUT 1
Node for team NIR already exists: Node[32]
Node for team AUT already exists: Node[13]
Created relationship NIR->AUT with date=1991-10-16 and goalDifference=1: Relationship[2874]
Created relationship AUT->NIR with date=1991-10-16 and goalDifference=1: Relationship[2875]
Processing entry 1438 of 4135
1991-10-16 NLD:PRT 1
Node for team NLD already exists: Node[15]
Node for team PRT already exists: Node[38]
Created relationship NLD->PRT with date=1991-10-16 and goalDifference=1: Relationship[2876]
Created relationship PRT->NLD with date=1991-10-16 and goalDifference=1: Relationship[2877]
Processing entry 1439 of 4135
1991-10-16 POL:IRL 0
Node for team POL already exists: Node[23]
Node for team IRL already exists: Node[35]
Created relationship POL->IRL with date=1991-10-16 and goalDifference=0: Relationship[2878]
Created relationship IRL->POL with date=1991-10-16 and goalDifference=0: Relationship[2879]
Processing entry 1440 of 4135
1991-10-16 ROU:SCO 1
Node for team ROU already exists: Node[4]
Node for team SCO already exists: Node[28]
Created relationship ROU->SCO with date=1991-10-16 and goalDifference=1: Relationship[2880]
Created relationship SCO->ROU with date=1991-10-16 and goalDifference=1: Relationship[2881]
Processing entry 1441 of 4135
1991-10-30 GRC:FIN 2
Node for team GRC already exists: Node[34]
Node for team FIN already exists: Node[46]
Created relationship GRC->FIN with date=1991-10-30 and goalDifference=2: Relationship[2882]
Created relationship FIN->GRC with date=1991-10-30 and goalDifference=2: Relationship[2883]
Processing entry 1442 of 4135
1991-10-30 HUN:NOR 0
Node for team HUN already exists: Node[19]
Node for team NOR already exists: Node[26]
Created relationship HUN->NOR with date=1991-10-30 and goalDifference=0: Relationship[2884]
Created relationship NOR->HUN with date=1991-10-30 and goalDifference=0: Relationship[2885]
Processing entry 1443 of 4135
1991-11-13 AUT:YUG -2
Node for team AUT already exists: Node[13]
Node for team YUG already exists: Node[6]
Created relationship AUT->YUG with date=1991-11-13 and goalDifference=-2: Relationship[2886]
Created relationship YUG->AUT with date=1991-11-13 and goalDifference=-2: Relationship[2887]
Processing entry 1444 of 4135
1991-11-13 CYP:CIS -3
Node for team CYP already exists: Node[47]
Node for team CIS already exists: Node[65]
Created relationship CYP->CIS with date=1991-11-13 and goalDifference=-3: Relationship[2888]
Created relationship CIS->CYP with date=1991-11-13 and goalDifference=-3: Relationship[2889]
Processing entry 1445 of 4135
1991-11-13 DNK:NIR 1
Node for team DNK already exists: Node[39]
Node for team NIR already exists: Node[32]
Created relationship DNK->NIR with date=1991-11-13 and goalDifference=1: Relationship[2890]
Created relationship NIR->DNK with date=1991-11-13 and goalDifference=1: Relationship[2891]
Processing entry 1446 of 4135
1991-11-13 ESP:CSK 1
Node for team ESP already exists: Node[18]
Node for team CSK already exists: Node[16]
Created relationship ESP->CSK with date=1991-11-13 and goalDifference=1: Relationship[2892]
Created relationship CSK->ESP with date=1991-11-13 and goalDifference=1: Relationship[2893]
Processing entry 1447 of 4135
1991-11-13 ITA:NOR 0
Node for team ITA already exists: Node[21]
Node for team NOR already exists: Node[26]
Created relationship ITA->NOR with date=1991-11-13 and goalDifference=0: Relationship[2894]
Created relationship NOR->ITA with date=1991-11-13 and goalDifference=0: Relationship[2895]
Processing entry 1448 of 4135
1991-11-13 POL:ENG 0
Node for team POL already exists: Node[23]
Node for team ENG already exists: Node[27]
Created relationship POL->ENG with date=1991-11-13 and goalDifference=0: Relationship[2896]
Created relationship ENG->POL with date=1991-11-13 and goalDifference=0: Relationship[2897]
Processing entry 1449 of 4135
1991-11-13 ROU:CHE 1
Node for team ROU already exists: Node[4]
Node for team CHE already exists: Node[14]
Created relationship ROU->CHE with date=1991-11-13 and goalDifference=1: Relationship[2898]
Created relationship CHE->ROU with date=1991-11-13 and goalDifference=1: Relationship[2899]
Processing entry 1450 of 4135
1991-11-13 SCO:SMR 4
Node for team SCO already exists: Node[28]
Node for team SMR already exists: Node[67]
Created relationship SCO->SMR with date=1991-11-13 and goalDifference=4: Relationship[2900]
Created relationship SMR->SCO with date=1991-11-13 and goalDifference=4: Relationship[2901]
Processing entry 1451 of 4135
1991-11-13 TUR:IRL -2
Node for team TUR already exists: Node[29]
Node for team IRL already exists: Node[35]
Created relationship TUR->IRL with date=1991-11-13 and goalDifference=-2: Relationship[2902]
Created relationship IRL->TUR with date=1991-11-13 and goalDifference=-2: Relationship[2903]
Processing entry 1452 of 4135
1991-11-13 WAL:LUX 1
Node for team WAL already exists: Node[31]
Node for team LUX already exists: Node[44]
Created relationship WAL->LUX with date=1991-11-13 and goalDifference=1: Relationship[2904]
Created relationship LUX->WAL with date=1991-11-13 and goalDifference=1: Relationship[2905]
Processing entry 1453 of 4135
1991-11-20 BEL:DEU -1
Node for team BEL already exists: Node[3]
Node for team DEU already exists: Node[17]
Created relationship BEL->DEU with date=1991-11-20 and goalDifference=-1: Relationship[2906]
Created relationship DEU->BEL with date=1991-11-20 and goalDifference=-1: Relationship[2907]
Processing entry 1454 of 4135
1991-11-20 BGR:ROU 0
Node for team BGR already exists: Node[36]
Node for team ROU already exists: Node[4]
Created relationship BGR->ROU with date=1991-11-20 and goalDifference=0: Relationship[2908]
Created relationship ROU->BGR with date=1991-11-20 and goalDifference=0: Relationship[2909]
Processing entry 1455 of 4135
1991-11-20 FRA:ISL 2
Node for team FRA already exists: Node[0]
Node for team ISL already exists: Node[43]
Created relationship FRA->ISL with date=1991-11-20 and goalDifference=2: Relationship[2910]
Created relationship ISL->FRA with date=1991-11-20 and goalDifference=2: Relationship[2911]
Processing entry 1456 of 4135
1991-11-20 PRT:GRC 1
Node for team PRT already exists: Node[38]
Node for team GRC already exists: Node[34]
Created relationship PRT->GRC with date=1991-11-20 and goalDifference=1: Relationship[2912]
Created relationship GRC->PRT with date=1991-11-20 and goalDifference=1: Relationship[2913]
Processing entry 1457 of 4135
1991-12-04 GRC:NLD -2
Node for team GRC already exists: Node[34]
Node for team NLD already exists: Node[15]
Created relationship GRC->NLD with date=1991-12-04 and goalDifference=-2: Relationship[2914]
Created relationship NLD->GRC with date=1991-12-04 and goalDifference=-2: Relationship[2915]
Processing entry 1458 of 4135
1991-12-18 DEU:LUX 4
Node for team DEU already exists: Node[17]
Node for team LUX already exists: Node[44]
Created relationship DEU->LUX with date=1991-12-18 and goalDifference=4: Relationship[2916]
Created relationship LUX->DEU with date=1991-12-18 and goalDifference=4: Relationship[2917]
Processing entry 1459 of 4135
1991-12-21 ITA:CYP 2
Node for team ITA already exists: Node[21]
Node for team CYP already exists: Node[47]
Created relationship ITA->CYP with date=1991-12-21 and goalDifference=2: Relationship[2918]
Created relationship CYP->ITA with date=1991-12-21 and goalDifference=2: Relationship[2919]
Processing entry 1460 of 4135
1991-12-22 MLT:GRC 0
Node for team MLT already exists: Node[42]
Node for team GRC already exists: Node[34]
Created relationship MLT->GRC with date=1991-12-22 and goalDifference=0: Relationship[2920]
Created relationship GRC->MLT with date=1991-12-22 and goalDifference=0: Relationship[2921]
Processing entry 1461 of 4135
1992-06-10 SWE:FRA 0
Node for team SWE already exists: Node[22]
Node for team FRA already exists: Node[0]
Created relationship SWE->FRA with date=1992-06-10 and goalDifference=0: Relationship[2922]
Created relationship FRA->SWE with date=1992-06-10 and goalDifference=0: Relationship[2923]
Processing entry 1462 of 4135
1992-06-11 DNK:ENG 0
Node for team DNK already exists: Node[39]
Node for team ENG already exists: Node[27]
Created relationship DNK->ENG with date=1992-06-11 and goalDifference=0: Relationship[2924]
Created relationship ENG->DNK with date=1992-06-11 and goalDifference=0: Relationship[2925]
Processing entry 1463 of 4135
1992-06-12 CIS:DEU 0
Node for team CIS already exists: Node[65]
Node for team DEU already exists: Node[17]
Created relationship CIS->DEU with date=1992-06-12 and goalDifference=0: Relationship[2926]
Created relationship DEU->CIS with date=1992-06-12 and goalDifference=0: Relationship[2927]
Processing entry 1464 of 4135
1992-06-12 NLD:SCO 1
Node for team NLD already exists: Node[15]
Node for team SCO already exists: Node[28]
Created relationship NLD->SCO with date=1992-06-12 and goalDifference=1: Relationship[2928]
Created relationship SCO->NLD with date=1992-06-12 and goalDifference=1: Relationship[2929]
Processing entry 1465 of 4135
1992-06-12 SUN:DEU 0
Node for team SUN already exists: Node[33]
Node for team DEU already exists: Node[17]
Created relationship SUN->DEU with date=1992-06-12 and goalDifference=0: Relationship[2930]
Created relationship DEU->SUN with date=1992-06-12 and goalDifference=0: Relationship[2931]
Processing entry 1466 of 4135
1992-06-14 DEU:SCO 2
Node for team DEU already exists: Node[17]
Node for team SCO already exists: Node[28]
Created relationship DEU->SCO with date=1992-06-14 and goalDifference=2: Relationship[2932]
Created relationship SCO->DEU with date=1992-06-14 and goalDifference=2: Relationship[2933]
Processing entry 1467 of 4135
1992-06-14 ENG:FRA 0
Node for team ENG already exists: Node[27]
Node for team FRA already exists: Node[0]
Created relationship ENG->FRA with date=1992-06-14 and goalDifference=0: Relationship[2934]
Created relationship FRA->ENG with date=1992-06-14 and goalDifference=0: Relationship[2935]
Processing entry 1468 of 4135
1992-06-14 SWE:DNK 1
Node for team SWE already exists: Node[22]
Node for team DNK already exists: Node[39]
Created relationship SWE->DNK with date=1992-06-14 and goalDifference=1: Relationship[2936]
Created relationship DNK->SWE with date=1992-06-14 and goalDifference=1: Relationship[2937]
Processing entry 1469 of 4135
1992-06-15 CIS:NLD 0
Node for team CIS already exists: Node[65]
Node for team NLD already exists: Node[15]
Created relationship CIS->NLD with date=1992-06-15 and goalDifference=0: Relationship[2938]
Created relationship NLD->CIS with date=1992-06-15 and goalDifference=0: Relationship[2939]
Processing entry 1470 of 4135
1992-06-15 DEU:SCO 2
Node for team DEU already exists: Node[17]
Node for team SCO already exists: Node[28]
Created relationship DEU->SCO with date=1992-06-15 and goalDifference=2: Relationship[2940]
Created relationship SCO->DEU with date=1992-06-15 and goalDifference=2: Relationship[2941]
Processing entry 1471 of 4135
1992-06-15 FRA:ENG 0
Node for team FRA already exists: Node[0]
Node for team ENG already exists: Node[27]
Created relationship FRA->ENG with date=1992-06-15 and goalDifference=0: Relationship[2942]
Created relationship ENG->FRA with date=1992-06-15 and goalDifference=0: Relationship[2943]
Processing entry 1472 of 4135
1992-06-15 NLD:SUN 0
Node for team NLD already exists: Node[15]
Node for team SUN already exists: Node[33]
Created relationship NLD->SUN with date=1992-06-15 and goalDifference=0: Relationship[2944]
Created relationship SUN->NLD with date=1992-06-15 and goalDifference=0: Relationship[2945]
Processing entry 1473 of 4135
1992-06-17 DNK:FRA 1
Node for team DNK already exists: Node[39]
Node for team FRA already exists: Node[0]
Created relationship DNK->FRA with date=1992-06-17 and goalDifference=1: Relationship[2946]
Created relationship FRA->DNK with date=1992-06-17 and goalDifference=1: Relationship[2947]
Processing entry 1474 of 4135
1992-06-17 FRA:DNK -1
Node for team FRA already exists: Node[0]
Node for team DNK already exists: Node[39]
Created relationship FRA->DNK with date=1992-06-17 and goalDifference=-1: Relationship[2948]
Created relationship DNK->FRA with date=1992-06-17 and goalDifference=-1: Relationship[2949]
Processing entry 1475 of 4135
1992-06-17 SWE:ENG 1
Node for team SWE already exists: Node[22]
Node for team ENG already exists: Node[27]
Created relationship SWE->ENG with date=1992-06-17 and goalDifference=1: Relationship[2950]
Created relationship ENG->SWE with date=1992-06-17 and goalDifference=1: Relationship[2951]
Processing entry 1476 of 4135
1992-06-18 DEU:NLD -2
Node for team DEU already exists: Node[17]
Node for team NLD already exists: Node[15]
Created relationship DEU->NLD with date=1992-06-18 and goalDifference=-2: Relationship[2952]
Created relationship NLD->DEU with date=1992-06-18 and goalDifference=-2: Relationship[2953]
Processing entry 1477 of 4135
1992-06-18 NLD:DEU 2
Node for team NLD already exists: Node[15]
Node for team DEU already exists: Node[17]
Created relationship NLD->DEU with date=1992-06-18 and goalDifference=2: Relationship[2954]
Created relationship DEU->NLD with date=1992-06-18 and goalDifference=2: Relationship[2955]
Processing entry 1478 of 4135
1992-06-18 SCO:CIS 3
Node for team SCO already exists: Node[28]
Node for team CIS already exists: Node[65]
Created relationship SCO->CIS with date=1992-06-18 and goalDifference=3: Relationship[2956]
Created relationship CIS->SCO with date=1992-06-18 and goalDifference=3: Relationship[2957]
Processing entry 1479 of 4135
1992-06-18 SCO:SUN 3
Node for team SCO already exists: Node[28]
Node for team SUN already exists: Node[33]
Created relationship SCO->SUN with date=1992-06-18 and goalDifference=3: Relationship[2958]
Created relationship SUN->SCO with date=1992-06-18 and goalDifference=3: Relationship[2959]
Processing entry 1480 of 4135
1992-06-21 SWE:DEU -1
Node for team SWE already exists: Node[22]
Node for team DEU already exists: Node[17]
Created relationship SWE->DEU with date=1992-06-21 and goalDifference=-1: Relationship[2960]
Created relationship DEU->SWE with date=1992-06-21 and goalDifference=-1: Relationship[2961]
Processing entry 1481 of 4135
1992-06-22 DNK:NLD 0
Node for team DNK already exists: Node[39]
Node for team NLD already exists: Node[15]
Created relationship DNK->NLD with date=1992-06-22 and goalDifference=0: Relationship[2962]
Created relationship NLD->DNK with date=1992-06-22 and goalDifference=0: Relationship[2963]
Processing entry 1482 of 4135
1992-06-22 NLD:DNK 0
Node for team NLD already exists: Node[15]
Node for team DNK already exists: Node[39]
Created relationship NLD->DNK with date=1992-06-22 and goalDifference=0: Relationship[2964]
Created relationship DNK->NLD with date=1992-06-22 and goalDifference=0: Relationship[2965]
Processing entry 1483 of 4135
1992-06-26 DNK:DEU 2
Node for team DNK already exists: Node[39]
Node for team DEU already exists: Node[17]
Created relationship DNK->DEU with date=1992-06-26 and goalDifference=2: Relationship[2966]
Created relationship DEU->DNK with date=1992-06-26 and goalDifference=2: Relationship[2967]
Processing entry 1484 of 4135
1992-10-20 ARG:SAU 2
Node for team ARG already exists: Node[8]
Created new node for team SAU: Node[68]
Created relationship ARG->SAU with date=1992-10-20 and goalDifference=2: Relationship[2968]
Created relationship SAU->ARG with date=1992-10-20 and goalDifference=2: Relationship[2969]
Processing entry 1485 of 4135
1994-04-20 NIR:LIE 3
Node for team NIR already exists: Node[32]
Created new node for team LIE: Node[69]
Created relationship NIR->LIE with date=1994-04-20 and goalDifference=3: Relationship[2970]
Created relationship LIE->NIR with date=1994-04-20 and goalDifference=3: Relationship[2971]
Processing entry 1486 of 4135
1994-06-17 DEU:BOL 1
Node for team DEU already exists: Node[17]
Node for team BOL already exists: Node[11]
Created relationship DEU->BOL with date=1994-06-17 and goalDifference=1: Relationship[2972]
Created relationship BOL->DEU with date=1994-06-17 and goalDifference=1: Relationship[2973]
Processing entry 1487 of 4135
1994-06-17 ESP:KOR 0
Node for team ESP already exists: Node[18]
Node for team KOR already exists: Node[30]
Created relationship ESP->KOR with date=1994-06-17 and goalDifference=0: Relationship[2974]
Created relationship KOR->ESP with date=1994-06-17 and goalDifference=0: Relationship[2975]
Processing entry 1488 of 4135
1994-06-18 COL:ROU -2
Node for team COL already exists: Node[40]
Node for team ROU already exists: Node[4]
Created relationship COL->ROU with date=1994-06-18 and goalDifference=-2: Relationship[2976]
Created relationship ROU->COL with date=1994-06-18 and goalDifference=-2: Relationship[2977]
Processing entry 1489 of 4135
1994-06-18 ITA:IRL -1
Node for team ITA already exists: Node[21]
Node for team IRL already exists: Node[35]
Created relationship ITA->IRL with date=1994-06-18 and goalDifference=-1: Relationship[2978]
Created relationship IRL->ITA with date=1994-06-18 and goalDifference=-1: Relationship[2979]
Processing entry 1490 of 4135
1994-06-18 USA:CHE 0
Node for team USA already exists: Node[2]
Node for team CHE already exists: Node[14]
Created relationship USA->CHE with date=1994-06-18 and goalDifference=0: Relationship[2980]
Created relationship CHE->USA with date=1994-06-18 and goalDifference=0: Relationship[2981]
Processing entry 1491 of 4135
1994-06-19 BEL:MAR 1
Node for team BEL already exists: Node[3]
Node for team MAR already exists: Node[50]
Created relationship BEL->MAR with date=1994-06-19 and goalDifference=1: Relationship[2982]
Created relationship MAR->BEL with date=1994-06-19 and goalDifference=1: Relationship[2983]
Processing entry 1492 of 4135
1994-06-19 CMR:SWE 0
Node for team CMR already exists: Node[56]
Node for team SWE already exists: Node[22]
Created relationship CMR->SWE with date=1994-06-19 and goalDifference=0: Relationship[2984]
Created relationship SWE->CMR with date=1994-06-19 and goalDifference=0: Relationship[2985]
Processing entry 1493 of 4135
1994-06-19 NOR:MEX 1
Node for team NOR already exists: Node[26]
Node for team MEX already exists: Node[1]
Created relationship NOR->MEX with date=1994-06-19 and goalDifference=1: Relationship[2986]
Created relationship MEX->NOR with date=1994-06-19 and goalDifference=1: Relationship[2987]
Processing entry 1494 of 4135
1994-06-20 BRA:RUS 2
Node for team BRA already exists: Node[7]
Created new node for team RUS: Node[70]
Created relationship BRA->RUS with date=1994-06-20 and goalDifference=2: Relationship[2988]
Created relationship RUS->BRA with date=1994-06-20 and goalDifference=2: Relationship[2989]
Processing entry 1495 of 4135
1994-06-20 NLD:SAU 1
Node for team NLD already exists: Node[15]
Node for team SAU already exists: Node[68]
Created relationship NLD->SAU with date=1994-06-20 and goalDifference=1: Relationship[2990]
Created relationship SAU->NLD with date=1994-06-20 and goalDifference=1: Relationship[2991]
Processing entry 1496 of 4135
1994-06-21 ARG:GRC 4
Node for team ARG already exists: Node[8]
Node for team GRC already exists: Node[34]
Created relationship ARG->GRC with date=1994-06-21 and goalDifference=4: Relationship[2992]
Created relationship GRC->ARG with date=1994-06-21 and goalDifference=4: Relationship[2993]
Processing entry 1497 of 4135
1994-06-21 DEU:ESP 0
Node for team DEU already exists: Node[17]
Node for team ESP already exists: Node[18]
Created relationship DEU->ESP with date=1994-06-21 and goalDifference=0: Relationship[2994]
Created relationship ESP->DEU with date=1994-06-21 and goalDifference=0: Relationship[2995]
Processing entry 1498 of 4135
1994-06-21 NGA:BGR 3
Created new node for team NGA: Node[71]
Node for team BGR already exists: Node[36]
Created relationship NGA->BGR with date=1994-06-21 and goalDifference=3: Relationship[2996]
Created relationship BGR->NGA with date=1994-06-21 and goalDifference=3: Relationship[2997]
Processing entry 1499 of 4135
1994-06-22 ROU:CHE -3
Node for team ROU already exists: Node[4]
Node for team CHE already exists: Node[14]
Created relationship ROU->CHE with date=1994-06-22 and goalDifference=-3: Relationship[2998]
Created relationship CHE->ROU with date=1994-06-22 and goalDifference=-3: Relationship[2999]
Processing entry 1500 of 4135
1994-06-22 USA:COL 1
Node for team USA already exists: Node[2]
Node for team COL already exists: Node[40]
Created relationship USA->COL with date=1994-06-22 and goalDifference=1: Relationship[3000]
Created relationship COL->USA with date=1994-06-22 and goalDifference=1: Relationship[3001]
Processing entry 1501 of 4135
1994-06-23 ITA:NOR 1
Node for team ITA already exists: Node[21]
Node for team NOR already exists: Node[26]
Created relationship ITA->NOR with date=1994-06-23 and goalDifference=1: Relationship[3002]
Created relationship NOR->ITA with date=1994-06-23 and goalDifference=1: Relationship[3003]
Processing entry 1502 of 4135
1994-06-23 KOR:BOL 0
Node for team KOR already exists: Node[30]
Node for team BOL already exists: Node[11]
Created relationship KOR->BOL with date=1994-06-23 and goalDifference=0: Relationship[3004]
Created relationship BOL->KOR with date=1994-06-23 and goalDifference=0: Relationship[3005]
Processing entry 1503 of 4135
1994-06-24 BRA:CMR 3
Node for team BRA already exists: Node[7]
Node for team CMR already exists: Node[56]
Created relationship BRA->CMR with date=1994-06-24 and goalDifference=3: Relationship[3006]
Created relationship CMR->BRA with date=1994-06-24 and goalDifference=3: Relationship[3007]
Processing entry 1504 of 4135
1994-06-24 MEX:IRL 1
Node for team MEX already exists: Node[1]
Node for team IRL already exists: Node[35]
Created relationship MEX->IRL with date=1994-06-24 and goalDifference=1: Relationship[3008]
Created relationship IRL->MEX with date=1994-06-24 and goalDifference=1: Relationship[3009]
Processing entry 1505 of 4135
1994-06-24 SWE:RUS 2
Node for team SWE already exists: Node[22]
Node for team RUS already exists: Node[70]
Created relationship SWE->RUS with date=1994-06-24 and goalDifference=2: Relationship[3010]
Created relationship RUS->SWE with date=1994-06-24 and goalDifference=2: Relationship[3011]
Processing entry 1506 of 4135
1994-06-25 ARG:NGA 1
Node for team ARG already exists: Node[8]
Node for team NGA already exists: Node[71]
Created relationship ARG->NGA with date=1994-06-25 and goalDifference=1: Relationship[3012]
Created relationship NGA->ARG with date=1994-06-25 and goalDifference=1: Relationship[3013]
Processing entry 1507 of 4135
1994-06-25 BEL:NLD 1
Node for team BEL already exists: Node[3]
Node for team NLD already exists: Node[15]
Created relationship BEL->NLD with date=1994-06-25 and goalDifference=1: Relationship[3014]
Created relationship NLD->BEL with date=1994-06-25 and goalDifference=1: Relationship[3015]
Processing entry 1508 of 4135
1994-06-25 SAU:MAR 1
Node for team SAU already exists: Node[68]
Node for team MAR already exists: Node[50]
Created relationship SAU->MAR with date=1994-06-25 and goalDifference=1: Relationship[3016]
Created relationship MAR->SAU with date=1994-06-25 and goalDifference=1: Relationship[3017]
Processing entry 1509 of 4135
1994-06-26 BGR:GRC 4
Node for team BGR already exists: Node[36]
Node for team GRC already exists: Node[34]
Created relationship BGR->GRC with date=1994-06-26 and goalDifference=4: Relationship[3018]
Created relationship GRC->BGR with date=1994-06-26 and goalDifference=4: Relationship[3019]
Processing entry 1510 of 4135
1994-06-26 CHE:COL -2
Node for team CHE already exists: Node[14]
Node for team COL already exists: Node[40]
Created relationship CHE->COL with date=1994-06-26 and goalDifference=-2: Relationship[3020]
Created relationship COL->CHE with date=1994-06-26 and goalDifference=-2: Relationship[3021]
Processing entry 1511 of 4135
1994-06-26 GRC:BGR -4
Node for team GRC already exists: Node[34]
Node for team BGR already exists: Node[36]
Created relationship GRC->BGR with date=1994-06-26 and goalDifference=-4: Relationship[3022]
Created relationship BGR->GRC with date=1994-06-26 and goalDifference=-4: Relationship[3023]
Processing entry 1512 of 4135
1994-06-26 USA:ROU -1
Node for team USA already exists: Node[2]
Node for team ROU already exists: Node[4]
Created relationship USA->ROU with date=1994-06-26 and goalDifference=-1: Relationship[3024]
Created relationship ROU->USA with date=1994-06-26 and goalDifference=-1: Relationship[3025]
Processing entry 1513 of 4135
1994-06-27 BOL:ESP -2
Node for team BOL already exists: Node[11]
Node for team ESP already exists: Node[18]
Created relationship BOL->ESP with date=1994-06-27 and goalDifference=-2: Relationship[3026]
Created relationship ESP->BOL with date=1994-06-27 and goalDifference=-2: Relationship[3027]
Processing entry 1514 of 4135
1994-06-27 DEU:KOR 1
Node for team DEU already exists: Node[17]
Node for team KOR already exists: Node[30]
Created relationship DEU->KOR with date=1994-06-27 and goalDifference=1: Relationship[3028]
Created relationship KOR->DEU with date=1994-06-27 and goalDifference=1: Relationship[3029]
Processing entry 1515 of 4135
1994-06-28 BRA:SWE 0
Node for team BRA already exists: Node[7]
Node for team SWE already exists: Node[22]
Created relationship BRA->SWE with date=1994-06-28 and goalDifference=0: Relationship[3030]
Created relationship SWE->BRA with date=1994-06-28 and goalDifference=0: Relationship[3031]
Processing entry 1516 of 4135
1994-06-28 IRL:NOR 0
Node for team IRL already exists: Node[35]
Node for team NOR already exists: Node[26]
Created relationship IRL->NOR with date=1994-06-28 and goalDifference=0: Relationship[3032]
Created relationship NOR->IRL with date=1994-06-28 and goalDifference=0: Relationship[3033]
Processing entry 1517 of 4135
1994-06-28 ITA:MEX 0
Node for team ITA already exists: Node[21]
Node for team MEX already exists: Node[1]
Created relationship ITA->MEX with date=1994-06-28 and goalDifference=0: Relationship[3034]
Created relationship MEX->ITA with date=1994-06-28 and goalDifference=0: Relationship[3035]
Processing entry 1518 of 4135
1994-06-28 RUS:CMR 5
Node for team RUS already exists: Node[70]
Node for team CMR already exists: Node[56]
Created relationship RUS->CMR with date=1994-06-28 and goalDifference=5: Relationship[3036]
Created relationship CMR->RUS with date=1994-06-28 and goalDifference=5: Relationship[3037]
Processing entry 1519 of 4135
1994-06-29 BEL:SAU -1
Node for team BEL already exists: Node[3]
Node for team SAU already exists: Node[68]
Created relationship BEL->SAU with date=1994-06-29 and goalDifference=-1: Relationship[3038]
Created relationship SAU->BEL with date=1994-06-29 and goalDifference=-1: Relationship[3039]
Processing entry 1520 of 4135
1994-06-29 MAR:NLD -1
Node for team MAR already exists: Node[50]
Node for team NLD already exists: Node[15]
Created relationship MAR->NLD with date=1994-06-29 and goalDifference=-1: Relationship[3040]
Created relationship NLD->MAR with date=1994-06-29 and goalDifference=-1: Relationship[3041]
Processing entry 1521 of 4135
1994-06-30 ARG:BGR -2
Node for team ARG already exists: Node[8]
Node for team BGR already exists: Node[36]
Created relationship ARG->BGR with date=1994-06-30 and goalDifference=-2: Relationship[3042]
Created relationship BGR->ARG with date=1994-06-30 and goalDifference=-2: Relationship[3043]
Processing entry 1522 of 4135
1994-06-30 GRC:NGA -2
Node for team GRC already exists: Node[34]
Node for team NGA already exists: Node[71]
Created relationship GRC->NGA with date=1994-06-30 and goalDifference=-2: Relationship[3044]
Created relationship NGA->GRC with date=1994-06-30 and goalDifference=-2: Relationship[3045]
Processing entry 1523 of 4135
1994-07-02 DEU:BEL 1
Node for team DEU already exists: Node[17]
Node for team BEL already exists: Node[3]
Created relationship DEU->BEL with date=1994-07-02 and goalDifference=1: Relationship[3046]
Created relationship BEL->DEU with date=1994-07-02 and goalDifference=1: Relationship[3047]
Processing entry 1524 of 4135
1994-07-02 ESP:CHE 3
Node for team ESP already exists: Node[18]
Node for team CHE already exists: Node[14]
Created relationship ESP->CHE with date=1994-07-02 and goalDifference=3: Relationship[3048]
Created relationship CHE->ESP with date=1994-07-02 and goalDifference=3: Relationship[3049]
Processing entry 1525 of 4135
1994-07-03 ROU:ARG 1
Node for team ROU already exists: Node[4]
Node for team ARG already exists: Node[8]
Created relationship ROU->ARG with date=1994-07-03 and goalDifference=1: Relationship[3050]
Created relationship ARG->ROU with date=1994-07-03 and goalDifference=1: Relationship[3051]
Processing entry 1526 of 4135
1994-07-03 SAU:SWE -2
Node for team SAU already exists: Node[68]
Node for team SWE already exists: Node[22]
Created relationship SAU->SWE with date=1994-07-03 and goalDifference=-2: Relationship[3052]
Created relationship SWE->SAU with date=1994-07-03 and goalDifference=-2: Relationship[3053]
Processing entry 1527 of 4135
1994-07-04 BRA:USA 1
Node for team BRA already exists: Node[7]
Node for team USA already exists: Node[2]
Created relationship BRA->USA with date=1994-07-04 and goalDifference=1: Relationship[3054]
Created relationship USA->BRA with date=1994-07-04 and goalDifference=1: Relationship[3055]
Processing entry 1528 of 4135
1994-07-04 NLD:IRL 2
Node for team NLD already exists: Node[15]
Node for team IRL already exists: Node[35]
Created relationship NLD->IRL with date=1994-07-04 and goalDifference=2: Relationship[3056]
Created relationship IRL->NLD with date=1994-07-04 and goalDifference=2: Relationship[3057]
Processing entry 1529 of 4135
1994-07-05 MEX:BGR 0
Node for team MEX already exists: Node[1]
Node for team BGR already exists: Node[36]
Created relationship MEX->BGR with date=1994-07-05 and goalDifference=0: Relationship[3058]
Created relationship BGR->MEX with date=1994-07-05 and goalDifference=0: Relationship[3059]
Processing entry 1530 of 4135
1994-07-05 NGA:ITA -1
Node for team NGA already exists: Node[71]
Node for team ITA already exists: Node[21]
Created relationship NGA->ITA with date=1994-07-05 and goalDifference=-1: Relationship[3060]
Created relationship ITA->NGA with date=1994-07-05 and goalDifference=-1: Relationship[3061]
Processing entry 1531 of 4135
1994-07-09 ITA:ESP 1
Node for team ITA already exists: Node[21]
Node for team ESP already exists: Node[18]
Created relationship ITA->ESP with date=1994-07-09 and goalDifference=1: Relationship[3062]
Created relationship ESP->ITA with date=1994-07-09 and goalDifference=1: Relationship[3063]
Processing entry 1532 of 4135
1994-07-09 NLD:BRA -1
Node for team NLD already exists: Node[15]
Node for team BRA already exists: Node[7]
Created relationship NLD->BRA with date=1994-07-09 and goalDifference=-1: Relationship[3064]
Created relationship BRA->NLD with date=1994-07-09 and goalDifference=-1: Relationship[3065]
Processing entry 1533 of 4135
1994-07-10 BGR:DEU 1
Node for team BGR already exists: Node[36]
Node for team DEU already exists: Node[17]
Created relationship BGR->DEU with date=1994-07-10 and goalDifference=1: Relationship[3066]
Created relationship DEU->BGR with date=1994-07-10 and goalDifference=1: Relationship[3067]
Processing entry 1534 of 4135
1994-07-10 ROU:SWE 0
Node for team ROU already exists: Node[4]
Node for team SWE already exists: Node[22]
Created relationship ROU->SWE with date=1994-07-10 and goalDifference=0: Relationship[3068]
Created relationship SWE->ROU with date=1994-07-10 and goalDifference=0: Relationship[3069]
Processing entry 1535 of 4135
1994-07-10 SWE:ROU 1
Node for team SWE already exists: Node[22]
Node for team ROU already exists: Node[4]
Created relationship SWE->ROU with date=1994-07-10 and goalDifference=1: Relationship[3070]
Created relationship ROU->SWE with date=1994-07-10 and goalDifference=1: Relationship[3071]
Processing entry 1536 of 4135
1994-07-13 BGR:ITA -1
Node for team BGR already exists: Node[36]
Node for team ITA already exists: Node[21]
Created relationship BGR->ITA with date=1994-07-13 and goalDifference=-1: Relationship[3072]
Created relationship ITA->BGR with date=1994-07-13 and goalDifference=-1: Relationship[3073]
Processing entry 1537 of 4135
1994-07-13 BRA:SWE 1
Node for team BRA already exists: Node[7]
Node for team SWE already exists: Node[22]
Created relationship BRA->SWE with date=1994-07-13 and goalDifference=1: Relationship[3074]
Created relationship SWE->BRA with date=1994-07-13 and goalDifference=1: Relationship[3075]
Processing entry 1538 of 4135
1994-07-13 ITA:BGR 1
Node for team ITA already exists: Node[21]
Node for team BGR already exists: Node[36]
Created relationship ITA->BGR with date=1994-07-13 and goalDifference=1: Relationship[3076]
Created relationship BGR->ITA with date=1994-07-13 and goalDifference=1: Relationship[3077]
Processing entry 1539 of 4135
1994-07-13 SWE:BRA -1
Node for team SWE already exists: Node[22]
Node for team BRA already exists: Node[7]
Created relationship SWE->BRA with date=1994-07-13 and goalDifference=-1: Relationship[3078]
Created relationship BRA->SWE with date=1994-07-13 and goalDifference=-1: Relationship[3079]
Processing entry 1540 of 4135
1994-07-16 SWE:BGR 4
Node for team SWE already exists: Node[22]
Node for team BGR already exists: Node[36]
Created relationship SWE->BGR with date=1994-07-16 and goalDifference=4: Relationship[3080]
Created relationship BGR->SWE with date=1994-07-16 and goalDifference=4: Relationship[3081]
Processing entry 1541 of 4135
1994-07-17 BRA:ITA 0
Node for team BRA already exists: Node[7]
Node for team ITA already exists: Node[21]
Created relationship BRA->ITA with date=1994-07-17 and goalDifference=0: Relationship[3082]
Created relationship ITA->BRA with date=1994-07-17 and goalDifference=0: Relationship[3083]
Processing entry 1542 of 4135
1994-09-04 EST:HRV -2
Created new node for team EST: Node[72]
Created new node for team HRV: Node[73]
Created relationship EST->HRV with date=1994-09-04 and goalDifference=-2: Relationship[3084]
Created relationship HRV->EST with date=1994-09-04 and goalDifference=-2: Relationship[3085]
Processing entry 1543 of 4135
1994-09-04 ISR:POL 1
Node for team ISR already exists: Node[48]
Node for team POL already exists: Node[23]
Created relationship ISR->POL with date=1994-09-04 and goalDifference=1: Relationship[3086]
Created relationship POL->ISR with date=1994-09-04 and goalDifference=1: Relationship[3087]
Processing entry 1544 of 4135
1994-09-06 CZE:MLT 5
Created new node for team CZE: Node[74]
Node for team MLT already exists: Node[42]
Created relationship CZE->MLT with date=1994-09-06 and goalDifference=5: Relationship[3088]
Created relationship MLT->CZE with date=1994-09-06 and goalDifference=5: Relationship[3089]
Processing entry 1545 of 4135
1994-09-07 BEL:ARM 2
Node for team BEL already exists: Node[3]
Created new node for team ARM: Node[75]
Created relationship BEL->ARM with date=1994-09-07 and goalDifference=2: Relationship[3090]
Created relationship ARM->BEL with date=1994-09-07 and goalDifference=2: Relationship[3091]
Processing entry 1546 of 4135
1994-09-07 CYP:ESP -1
Node for team CYP already exists: Node[47]
Node for team ESP already exists: Node[18]
Created relationship CYP->ESP with date=1994-09-07 and goalDifference=-1: Relationship[3092]
Created relationship ESP->CYP with date=1994-09-07 and goalDifference=-1: Relationship[3093]
Processing entry 1547 of 4135
1994-09-07 FIN:SCO -2
Node for team FIN already exists: Node[46]
Node for team SCO already exists: Node[28]
Created relationship FIN->SCO with date=1994-09-07 and goalDifference=-2: Relationship[3094]
Created relationship SCO->FIN with date=1994-09-07 and goalDifference=-2: Relationship[3095]
Processing entry 1548 of 4135
1994-09-07 FRO:GRC -4
Node for team FRO already exists: Node[66]
Node for team GRC already exists: Node[34]
Created relationship FRO->GRC with date=1994-09-07 and goalDifference=-4: Relationship[3096]
Created relationship GRC->FRO with date=1994-09-07 and goalDifference=-4: Relationship[3097]
Processing entry 1549 of 4135
1994-09-07 GEO:MDA -1
Created new node for team GEO: Node[76]
Created new node for team MDA: Node[77]
Created relationship GEO->MDA with date=1994-09-07 and goalDifference=-1: Relationship[3098]
Created relationship MDA->GEO with date=1994-09-07 and goalDifference=-1: Relationship[3099]
Processing entry 1550 of 4135
1994-09-07 HUN:TUR 0
Node for team HUN already exists: Node[19]
Node for team TUR already exists: Node[29]
Created relationship HUN->TUR with date=1994-09-07 and goalDifference=0: Relationship[3100]
Created relationship TUR->HUN with date=1994-09-07 and goalDifference=0: Relationship[3101]
Processing entry 1551 of 4135
1994-09-07 ISL:SWE -1
Node for team ISL already exists: Node[43]
Node for team SWE already exists: Node[22]
Created relationship ISL->SWE with date=1994-09-07 and goalDifference=-1: Relationship[3102]
Created relationship SWE->ISL with date=1994-09-07 and goalDifference=-1: Relationship[3103]
Processing entry 1552 of 4135
1994-09-07 LIE:AUT -4
Node for team LIE already exists: Node[69]
Node for team AUT already exists: Node[13]
Created relationship LIE->AUT with date=1994-09-07 and goalDifference=-4: Relationship[3104]
Created relationship AUT->LIE with date=1994-09-07 and goalDifference=-4: Relationship[3105]
Processing entry 1553 of 4135
1994-09-07 LUX:NLD -4
Node for team LUX already exists: Node[44]
Node for team NLD already exists: Node[15]
Created relationship LUX->NLD with date=1994-09-07 and goalDifference=-4: Relationship[3106]
Created relationship NLD->LUX with date=1994-09-07 and goalDifference=-4: Relationship[3107]
Processing entry 1554 of 4135
1994-09-07 LVA:IRL -3
Created new node for team LVA: Node[78]
Node for team IRL already exists: Node[35]
Created relationship LVA->IRL with date=1994-09-07 and goalDifference=-3: Relationship[3108]
Created relationship IRL->LVA with date=1994-09-07 and goalDifference=-3: Relationship[3109]
Processing entry 1555 of 4135
1994-09-07 MKD:DNK 0
Created new node for team MKD: Node[79]
Node for team DNK already exists: Node[39]
Created relationship MKD->DNK with date=1994-09-07 and goalDifference=0: Relationship[3110]
Created relationship DNK->MKD with date=1994-09-07 and goalDifference=0: Relationship[3111]
Processing entry 1556 of 4135
1994-09-07 NIR:PRT -1
Node for team NIR already exists: Node[32]
Node for team PRT already exists: Node[38]
Created relationship NIR->PRT with date=1994-09-07 and goalDifference=-1: Relationship[3112]
Created relationship PRT->NIR with date=1994-09-07 and goalDifference=-1: Relationship[3113]
Processing entry 1557 of 4135
1994-09-07 NOR:BLR 1
Node for team NOR already exists: Node[26]
Created new node for team BLR: Node[80]
Created relationship NOR->BLR with date=1994-09-07 and goalDifference=1: Relationship[3114]
Created relationship BLR->NOR with date=1994-09-07 and goalDifference=1: Relationship[3115]
Processing entry 1558 of 4135
1994-09-07 ROU:AZE 3
Node for team ROU already exists: Node[4]
Created new node for team AZE: Node[81]
Created relationship ROU->AZE with date=1994-09-07 and goalDifference=3: Relationship[3116]
Created relationship AZE->ROU with date=1994-09-07 and goalDifference=3: Relationship[3117]
Processing entry 1559 of 4135
1994-09-07 SVK:FRA 0
Created new node for team SVK: Node[82]
Node for team FRA already exists: Node[0]
Created relationship SVK->FRA with date=1994-09-07 and goalDifference=0: Relationship[3118]
Created relationship FRA->SVK with date=1994-09-07 and goalDifference=0: Relationship[3119]
Processing entry 1560 of 4135
1994-09-07 SVN:ITA 0
Created new node for team SVN: Node[83]
Node for team ITA already exists: Node[21]
Created relationship SVN->ITA with date=1994-09-07 and goalDifference=0: Relationship[3120]
Created relationship ITA->SVN with date=1994-09-07 and goalDifference=0: Relationship[3121]
Processing entry 1561 of 4135
1994-09-07 UKR:LTU -2
Created new node for team UKR: Node[84]
Created new node for team LTU: Node[85]
Created relationship UKR->LTU with date=1994-09-07 and goalDifference=-2: Relationship[3122]
Created relationship LTU->UKR with date=1994-09-07 and goalDifference=-2: Relationship[3123]
Processing entry 1562 of 4135
1994-09-07 WAL:ALB 2
Node for team WAL already exists: Node[31]
Node for team ALB already exists: Node[41]
Created relationship WAL->ALB with date=1994-09-07 and goalDifference=2: Relationship[3124]
Created relationship ALB->WAL with date=1994-09-07 and goalDifference=2: Relationship[3125]
Processing entry 1563 of 4135
1994-10-08 ARM:CYP 0
Node for team ARM already exists: Node[75]
Node for team CYP already exists: Node[47]
Created relationship ARM->CYP with date=1994-10-08 and goalDifference=0: Relationship[3126]
Created relationship CYP->ARM with date=1994-10-08 and goalDifference=0: Relationship[3127]
Processing entry 1564 of 4135
1994-10-08 EST:ITA -2
Node for team EST already exists: Node[72]
Node for team ITA already exists: Node[21]
Created relationship EST->ITA with date=1994-10-08 and goalDifference=-2: Relationship[3128]
Created relationship ITA->EST with date=1994-10-08 and goalDifference=-2: Relationship[3129]
Processing entry 1565 of 4135
1994-10-08 FRA:ROU 0
Node for team FRA already exists: Node[0]
Node for team ROU already exists: Node[4]
Created relationship FRA->ROU with date=1994-10-08 and goalDifference=0: Relationship[3130]
Created relationship ROU->FRA with date=1994-10-08 and goalDifference=0: Relationship[3131]
Processing entry 1566 of 4135
1994-10-09 HRV:LTU 2
Node for team HRV already exists: Node[73]
Node for team LTU already exists: Node[85]
Created relationship HRV->LTU with date=1994-10-09 and goalDifference=2: Relationship[3132]
Created relationship LTU->HRV with date=1994-10-09 and goalDifference=2: Relationship[3133]
Processing entry 1567 of 4135
1994-10-09 LVA:PRT -2
Node for team LVA already exists: Node[78]
Node for team PRT already exists: Node[38]
Created relationship LVA->PRT with date=1994-10-09 and goalDifference=-2: Relationship[3134]
Created relationship PRT->LVA with date=1994-10-09 and goalDifference=-2: Relationship[3135]
Processing entry 1568 of 4135
1994-10-12 AUT:NIR -1
Node for team AUT already exists: Node[13]
Node for team NIR already exists: Node[32]
Created relationship AUT->NIR with date=1994-10-12 and goalDifference=-1: Relationship[3136]
Created relationship NIR->AUT with date=1994-10-12 and goalDifference=-1: Relationship[3137]
Processing entry 1569 of 4135
1994-10-12 BGR:GEO 2
Node for team BGR already exists: Node[36]
Node for team GEO already exists: Node[76]
Created relationship BGR->GEO with date=1994-10-12 and goalDifference=2: Relationship[3138]
Created relationship GEO->BGR with date=1994-10-12 and goalDifference=2: Relationship[3139]
Processing entry 1570 of 4135
1994-10-12 BLR:LUX 2
Node for team BLR already exists: Node[80]
Node for team LUX already exists: Node[44]
Created relationship BLR->LUX with date=1994-10-12 and goalDifference=2: Relationship[3140]
Created relationship LUX->BLR with date=1994-10-12 and goalDifference=2: Relationship[3141]
Processing entry 1571 of 4135
1994-10-12 CHE:SWE 2
Node for team CHE already exists: Node[14]
Node for team SWE already exists: Node[22]
Created relationship CHE->SWE with date=1994-10-12 and goalDifference=2: Relationship[3142]
Created relationship SWE->CHE with date=1994-10-12 and goalDifference=2: Relationship[3143]
Processing entry 1572 of 4135
1994-10-12 DNK:BEL 2
Node for team DNK already exists: Node[39]
Node for team BEL already exists: Node[3]
Created relationship DNK->BEL with date=1994-10-12 and goalDifference=2: Relationship[3144]
Created relationship BEL->DNK with date=1994-10-12 and goalDifference=2: Relationship[3145]
Processing entry 1573 of 4135
1994-10-12 GRC:FIN 4
Node for team GRC already exists: Node[34]
Node for team FIN already exists: Node[46]
Created relationship GRC->FIN with date=1994-10-12 and goalDifference=4: Relationship[3146]
Created relationship FIN->GRC with date=1994-10-12 and goalDifference=4: Relationship[3147]
Processing entry 1574 of 4135
1994-10-12 IRL:LIE 4
Node for team IRL already exists: Node[35]
Node for team LIE already exists: Node[69]
Created relationship IRL->LIE with date=1994-10-12 and goalDifference=4: Relationship[3148]
Created relationship LIE->IRL with date=1994-10-12 and goalDifference=4: Relationship[3149]
Processing entry 1575 of 4135
1994-10-12 ISR:SVK 0
Node for team ISR already exists: Node[48]
Node for team SVK already exists: Node[82]
Created relationship ISR->SVK with date=1994-10-12 and goalDifference=0: Relationship[3150]
Created relationship SVK->ISR with date=1994-10-12 and goalDifference=0: Relationship[3151]
Processing entry 1576 of 4135
1994-10-12 MDA:WAL 1
Node for team MDA already exists: Node[77]
Node for team WAL already exists: Node[31]
Created relationship MDA->WAL with date=1994-10-12 and goalDifference=1: Relationship[3152]
Created relationship WAL->MDA with date=1994-10-12 and goalDifference=1: Relationship[3153]
Processing entry 1577 of 4135
1994-10-12 MKD:ESP -2
Node for team MKD already exists: Node[79]
Node for team ESP already exists: Node[18]
Created relationship MKD->ESP with date=1994-10-12 and goalDifference=-2: Relationship[3154]
Created relationship ESP->MKD with date=1994-10-12 and goalDifference=-2: Relationship[3155]
Processing entry 1578 of 4135
1994-10-12 MLT:CZE 0
Node for team MLT already exists: Node[42]
Node for team CZE already exists: Node[74]
Created relationship MLT->CZE with date=1994-10-12 and goalDifference=0: Relationship[3156]
Created relationship CZE->MLT with date=1994-10-12 and goalDifference=0: Relationship[3157]
Processing entry 1579 of 4135
1994-10-12 NOR:NLD 0
Node for team NOR already exists: Node[26]
Node for team NLD already exists: Node[15]
Created relationship NOR->NLD with date=1994-10-12 and goalDifference=0: Relationship[3158]
Created relationship NLD->NOR with date=1994-10-12 and goalDifference=0: Relationship[3159]
Processing entry 1580 of 4135
1994-10-12 POL:AZE 1
Node for team POL already exists: Node[23]
Node for team AZE already exists: Node[81]
Created relationship POL->AZE with date=1994-10-12 and goalDifference=1: Relationship[3160]
Created relationship AZE->POL with date=1994-10-12 and goalDifference=1: Relationship[3161]
Processing entry 1581 of 4135
1994-10-12 RUS:SMR 4
Node for team RUS already exists: Node[70]
Node for team SMR already exists: Node[67]
Created relationship RUS->SMR with date=1994-10-12 and goalDifference=4: Relationship[3162]
Created relationship SMR->RUS with date=1994-10-12 and goalDifference=4: Relationship[3163]
Processing entry 1582 of 4135
1994-10-12 SCO:FRO 4
Node for team SCO already exists: Node[28]
Node for team FRO already exists: Node[66]
Created relationship SCO->FRO with date=1994-10-12 and goalDifference=4: Relationship[3164]
Created relationship FRO->SCO with date=1994-10-12 and goalDifference=4: Relationship[3165]
Processing entry 1583 of 4135
1994-10-12 TUR:ISL 5
Node for team TUR already exists: Node[29]
Node for team ISL already exists: Node[43]
Created relationship TUR->ISL with date=1994-10-12 and goalDifference=5: Relationship[3166]
Created relationship ISL->TUR with date=1994-10-12 and goalDifference=5: Relationship[3167]
Processing entry 1584 of 4135
1994-10-12 UKR:SVN 0
Node for team UKR already exists: Node[84]
Node for team SVN already exists: Node[83]
Created relationship UKR->SVN with date=1994-10-12 and goalDifference=0: Relationship[3168]
Created relationship SVN->UKR with date=1994-10-12 and goalDifference=0: Relationship[3169]
Processing entry 1585 of 4135
1994-11-12 ROU:SVK 1
Node for team ROU already exists: Node[4]
Node for team SVK already exists: Node[82]
Created relationship ROU->SVK with date=1994-11-12 and goalDifference=1: Relationship[3170]
Created relationship SVK->ROU with date=1994-11-12 and goalDifference=1: Relationship[3171]
Processing entry 1586 of 4135
1994-11-13 PRT:AUT 1
Node for team PRT already exists: Node[38]
Node for team AUT already exists: Node[13]
Created relationship PRT->AUT with date=1994-11-13 and goalDifference=1: Relationship[3172]
Created relationship AUT->PRT with date=1994-11-13 and goalDifference=1: Relationship[3173]
Processing entry 1587 of 4135
1994-11-13 UKR:EST 3
Node for team UKR already exists: Node[84]
Node for team EST already exists: Node[72]
Created relationship UKR->EST with date=1994-11-13 and goalDifference=3: Relationship[3174]
Created relationship EST->UKR with date=1994-11-13 and goalDifference=3: Relationship[3175]
Processing entry 1588 of 4135
1994-11-15 LIE:LVA -1
Node for team LIE already exists: Node[69]
Node for team LVA already exists: Node[78]
Created relationship LIE->LVA with date=1994-11-15 and goalDifference=-1: Relationship[3176]
Created relationship LVA->LIE with date=1994-11-15 and goalDifference=-1: Relationship[3177]
Processing entry 1589 of 4135
1994-11-16 ALB:DEU -1
Node for team ALB already exists: Node[41]
Node for team DEU already exists: Node[17]
Created relationship ALB->DEU with date=1994-11-16 and goalDifference=-1: Relationship[3178]
Created relationship DEU->ALB with date=1994-11-16 and goalDifference=-1: Relationship[3179]
Processing entry 1590 of 4135
1994-11-16 AZE:ISR -2
Node for team AZE already exists: Node[81]
Node for team ISR already exists: Node[48]
Created relationship AZE->ISR with date=1994-11-16 and goalDifference=-2: Relationship[3180]
Created relationship ISR->AZE with date=1994-11-16 and goalDifference=-2: Relationship[3181]
Processing entry 1591 of 4135
1994-11-16 BEL:MKD 0
Node for team BEL already exists: Node[3]
Node for team MKD already exists: Node[79]
Created relationship BEL->MKD with date=1994-11-16 and goalDifference=0: Relationship[3182]
Created relationship MKD->BEL with date=1994-11-16 and goalDifference=0: Relationship[3183]
Processing entry 1592 of 4135
1994-11-16 BGR:MDA 3
Node for team BGR already exists: Node[36]
Node for team MDA already exists: Node[77]
Created relationship BGR->MDA with date=1994-11-16 and goalDifference=3: Relationship[3184]
Created relationship MDA->BGR with date=1994-11-16 and goalDifference=3: Relationship[3185]
Processing entry 1593 of 4135
1994-11-16 BLR:NOR -4
Node for team BLR already exists: Node[80]
Node for team NOR already exists: Node[26]
Created relationship BLR->NOR with date=1994-11-16 and goalDifference=-4: Relationship[3186]
Created relationship NOR->BLR with date=1994-11-16 and goalDifference=-4: Relationship[3187]
Processing entry 1594 of 4135
1994-11-16 CHE:ISL 1
Node for team CHE already exists: Node[14]
Node for team ISL already exists: Node[43]
Created relationship CHE->ISL with date=1994-11-16 and goalDifference=1: Relationship[3188]
Created relationship ISL->CHE with date=1994-11-16 and goalDifference=1: Relationship[3189]
Processing entry 1595 of 4135
1994-11-16 CYP:ARM 2
Node for team CYP already exists: Node[47]
Node for team ARM already exists: Node[75]
Created relationship CYP->ARM with date=1994-11-16 and goalDifference=2: Relationship[3190]
Created relationship ARM->CYP with date=1994-11-16 and goalDifference=2: Relationship[3191]
Processing entry 1596 of 4135
1994-11-16 ESP:DNK 3
Node for team ESP already exists: Node[18]
Node for team DNK already exists: Node[39]
Created relationship ESP->DNK with date=1994-11-16 and goalDifference=3: Relationship[3192]
Created relationship DNK->ESP with date=1994-11-16 and goalDifference=3: Relationship[3193]
Processing entry 1597 of 4135
1994-11-16 FIN:FRO 5
Node for team FIN already exists: Node[46]
Node for team FRO already exists: Node[66]
Created relationship FIN->FRO with date=1994-11-16 and goalDifference=5: Relationship[3194]
Created relationship FRO->FIN with date=1994-11-16 and goalDifference=5: Relationship[3195]
Processing entry 1598 of 4135
1994-11-16 GEO:WAL 5
Node for team GEO already exists: Node[76]
Node for team WAL already exists: Node[31]
Created relationship GEO->WAL with date=1994-11-16 and goalDifference=5: Relationship[3196]
Created relationship WAL->GEO with date=1994-11-16 and goalDifference=5: Relationship[3197]
Processing entry 1599 of 4135
1994-11-16 GRC:SMR 2
Node for team GRC already exists: Node[34]
Node for team SMR already exists: Node[67]
Created relationship GRC->SMR with date=1994-11-16 and goalDifference=2: Relationship[3198]
Created relationship SMR->GRC with date=1994-11-16 and goalDifference=2: Relationship[3199]
Processing entry 1600 of 4135
1994-11-16 ITA:HRV -1
Node for team ITA already exists: Node[21]
Node for team HRV already exists: Node[73]
Created relationship ITA->HRV with date=1994-11-16 and goalDifference=-1: Relationship[3200]
Created relationship HRV->ITA with date=1994-11-16 and goalDifference=-1: Relationship[3201]
Processing entry 1601 of 4135
1994-11-16 NIR:IRL -4
Node for team NIR already exists: Node[32]
Node for team IRL already exists: Node[35]
Created relationship NIR->IRL with date=1994-11-16 and goalDifference=-4: Relationship[3202]
Created relationship IRL->NIR with date=1994-11-16 and goalDifference=-4: Relationship[3203]
Processing entry 1602 of 4135
1994-11-16 NLD:CZE 0
Node for team NLD already exists: Node[15]
Node for team CZE already exists: Node[74]
Created relationship NLD->CZE with date=1994-11-16 and goalDifference=0: Relationship[3204]
Created relationship CZE->NLD with date=1994-11-16 and goalDifference=0: Relationship[3205]
Processing entry 1603 of 4135
1994-11-16 POL:FRA 0
Node for team POL already exists: Node[23]
Node for team FRA already exists: Node[0]
Created relationship POL->FRA with date=1994-11-16 and goalDifference=0: Relationship[3206]
Created relationship FRA->POL with date=1994-11-16 and goalDifference=0: Relationship[3207]
Processing entry 1604 of 4135
1994-11-16 SCO:RUS 0
Node for team SCO already exists: Node[28]
Node for team RUS already exists: Node[70]
Created relationship SCO->RUS with date=1994-11-16 and goalDifference=0: Relationship[3208]
Created relationship RUS->SCO with date=1994-11-16 and goalDifference=0: Relationship[3209]
Processing entry 1605 of 4135
1994-11-16 SVN:LTU -1
Node for team SVN already exists: Node[83]
Node for team LTU already exists: Node[85]
Created relationship SVN->LTU with date=1994-11-16 and goalDifference=-1: Relationship[3210]
Created relationship LTU->SVN with date=1994-11-16 and goalDifference=-1: Relationship[3211]
Processing entry 1606 of 4135
1994-11-16 SWE:HUN 2
Node for team SWE already exists: Node[22]
Node for team HUN already exists: Node[19]
Created relationship SWE->HUN with date=1994-11-16 and goalDifference=2: Relationship[3212]
Created relationship HUN->SWE with date=1994-11-16 and goalDifference=2: Relationship[3213]
Processing entry 1607 of 4135
1994-12-13 AZE:FRA -2
Node for team AZE already exists: Node[81]
Node for team FRA already exists: Node[0]
Created relationship AZE->FRA with date=1994-12-13 and goalDifference=-2: Relationship[3214]
Created relationship FRA->AZE with date=1994-12-13 and goalDifference=-2: Relationship[3215]
Processing entry 1608 of 4135
1994-12-14 ALB:GEO -1
Node for team ALB already exists: Node[41]
Node for team GEO already exists: Node[76]
Created relationship ALB->GEO with date=1994-12-14 and goalDifference=-1: Relationship[3216]
Created relationship GEO->ALB with date=1994-12-14 and goalDifference=-1: Relationship[3217]
Processing entry 1609 of 4135
1994-12-14 FIN:SMR 3
Node for team FIN already exists: Node[46]
Node for team SMR already exists: Node[67]
Created relationship FIN->SMR with date=1994-12-14 and goalDifference=3: Relationship[3218]
Created relationship SMR->FIN with date=1994-12-14 and goalDifference=3: Relationship[3219]
Processing entry 1610 of 4135
1994-12-14 ISR:ROU 0
Node for team ISR already exists: Node[48]
Node for team ROU already exists: Node[4]
Created relationship ISR->ROU with date=1994-12-14 and goalDifference=0: Relationship[3220]
Created relationship ROU->ISR with date=1994-12-14 and goalDifference=0: Relationship[3221]
Processing entry 1611 of 4135
1994-12-14 MDA:DEU -3
Node for team MDA already exists: Node[77]
Node for team DEU already exists: Node[17]
Created relationship MDA->DEU with date=1994-12-14 and goalDifference=-3: Relationship[3222]
Created relationship DEU->MDA with date=1994-12-14 and goalDifference=-3: Relationship[3223]
Processing entry 1612 of 4135
1994-12-14 MLT:NOR -1
Node for team MLT already exists: Node[42]
Node for team NOR already exists: Node[26]
Created relationship MLT->NOR with date=1994-12-14 and goalDifference=-1: Relationship[3224]
Created relationship NOR->MLT with date=1994-12-14 and goalDifference=-1: Relationship[3225]
Processing entry 1613 of 4135
1994-12-14 NLD:LUX 5
Node for team NLD already exists: Node[15]
Node for team LUX already exists: Node[44]
Created relationship NLD->LUX with date=1994-12-14 and goalDifference=5: Relationship[3226]
Created relationship LUX->NLD with date=1994-12-14 and goalDifference=5: Relationship[3227]
Processing entry 1614 of 4135
1994-12-14 TUR:CHE -1
Node for team TUR already exists: Node[29]
Node for team CHE already exists: Node[14]
Created relationship TUR->CHE with date=1994-12-14 and goalDifference=-1: Relationship[3228]
Created relationship CHE->TUR with date=1994-12-14 and goalDifference=-1: Relationship[3229]
Processing entry 1615 of 4135
1994-12-14 WAL:BGR -3
Node for team WAL already exists: Node[31]
Node for team BGR already exists: Node[36]
Created relationship WAL->BGR with date=1994-12-14 and goalDifference=-3: Relationship[3230]
Created relationship BGR->WAL with date=1994-12-14 and goalDifference=-3: Relationship[3231]
Processing entry 1616 of 4135
1994-12-16 PRT:LIE 8
Node for team PRT already exists: Node[38]
Node for team LIE already exists: Node[69]
Created relationship PRT->LIE with date=1994-12-16 and goalDifference=8: Relationship[3232]
Created relationship LIE->PRT with date=1994-12-16 and goalDifference=8: Relationship[3233]
Processing entry 1617 of 4135
1994-12-17 BEL:ESP -3
Node for team BEL already exists: Node[3]
Node for team ESP already exists: Node[18]
Created relationship BEL->ESP with date=1994-12-17 and goalDifference=-3: Relationship[3234]
Created relationship ESP->BEL with date=1994-12-17 and goalDifference=-3: Relationship[3235]
Processing entry 1618 of 4135
1994-12-17 MKD:CYP 3
Node for team MKD already exists: Node[79]
Node for team CYP already exists: Node[47]
Created relationship MKD->CYP with date=1994-12-17 and goalDifference=3: Relationship[3236]
Created relationship CYP->MKD with date=1994-12-17 and goalDifference=3: Relationship[3237]
Processing entry 1619 of 4135
1994-12-18 DEU:ALB 1
Node for team DEU already exists: Node[17]
Node for team ALB already exists: Node[41]
Created relationship DEU->ALB with date=1994-12-18 and goalDifference=1: Relationship[3238]
Created relationship ALB->DEU with date=1994-12-18 and goalDifference=1: Relationship[3239]
Processing entry 1620 of 4135
1994-12-18 GRC:SCO 1
Node for team GRC already exists: Node[34]
Node for team SCO already exists: Node[28]
Created relationship GRC->SCO with date=1994-12-18 and goalDifference=1: Relationship[3240]
Created relationship SCO->GRC with date=1994-12-18 and goalDifference=1: Relationship[3241]
Processing entry 1621 of 4135
1995-01-06 JPN:NGA -3
Created new node for team JPN: Node[86]
Node for team NGA already exists: Node[71]
Created relationship JPN->NGA with date=1995-01-06 and goalDifference=-3: Relationship[3242]
Created relationship NGA->JPN with date=1995-01-06 and goalDifference=-3: Relationship[3243]
Processing entry 1622 of 4135
1995-01-13 DNK:ARG 2
Node for team DNK already exists: Node[39]
Node for team ARG already exists: Node[8]
Created relationship DNK->ARG with date=1995-01-13 and goalDifference=2: Relationship[3244]
Created relationship ARG->DNK with date=1995-01-13 and goalDifference=2: Relationship[3245]
Processing entry 1623 of 4135
1995-02-22 MLT:LUX -1
Node for team MLT already exists: Node[42]
Node for team LUX already exists: Node[44]
Created relationship MLT->LUX with date=1995-02-22 and goalDifference=-1: Relationship[3246]
Created relationship LUX->MLT with date=1995-02-22 and goalDifference=-1: Relationship[3247]
Processing entry 1624 of 4135
1995-03-25 HRV:UKR 4
Node for team HRV already exists: Node[73]
Node for team UKR already exists: Node[84]
Created relationship HRV->UKR with date=1995-03-25 and goalDifference=4: Relationship[3248]
Created relationship UKR->HRV with date=1995-03-25 and goalDifference=4: Relationship[3249]
Processing entry 1625 of 4135
1995-03-25 ITA:EST 3
Node for team ITA already exists: Node[21]
Node for team EST already exists: Node[72]
Created relationship ITA->EST with date=1995-03-25 and goalDifference=3: Relationship[3250]
Created relationship EST->ITA with date=1995-03-25 and goalDifference=3: Relationship[3251]
Processing entry 1626 of 4135
1995-03-29 ALB:MDA 3
Node for team ALB already exists: Node[41]
Node for team MDA already exists: Node[77]
Created relationship ALB->MDA with date=1995-03-29 and goalDifference=3: Relationship[3252]
Created relationship MDA->ALB with date=1995-03-29 and goalDifference=3: Relationship[3253]
Processing entry 1627 of 4135
1995-03-29 AUT:LVA 5
Node for team AUT already exists: Node[13]
Node for team LVA already exists: Node[78]
Created relationship AUT->LVA with date=1995-03-29 and goalDifference=5: Relationship[3254]
Created relationship LVA->AUT with date=1995-03-29 and goalDifference=5: Relationship[3255]
Processing entry 1628 of 4135
1995-03-29 BGR:WAL 2
Node for team BGR already exists: Node[36]
Node for team WAL already exists: Node[31]
Created relationship BGR->WAL with date=1995-03-29 and goalDifference=2: Relationship[3256]
Created relationship WAL->BGR with date=1995-03-29 and goalDifference=2: Relationship[3257]
Processing entry 1629 of 4135
1995-03-29 CYP:DNK 0
Node for team CYP already exists: Node[47]
Node for team DNK already exists: Node[39]
Created relationship CYP->DNK with date=1995-03-29 and goalDifference=0: Relationship[3258]
Created relationship DNK->CYP with date=1995-03-29 and goalDifference=0: Relationship[3259]
Processing entry 1630 of 4135
1995-03-29 CZE:BLR 2
Node for team CZE already exists: Node[74]
Node for team BLR already exists: Node[80]
Created relationship CZE->BLR with date=1995-03-29 and goalDifference=2: Relationship[3260]
Created relationship BLR->CZE with date=1995-03-29 and goalDifference=2: Relationship[3261]
Processing entry 1631 of 4135
1995-03-29 ESP:BEL 0
Node for team ESP already exists: Node[18]
Node for team BEL already exists: Node[3]
Created relationship ESP->BEL with date=1995-03-29 and goalDifference=0: Relationship[3262]
Created relationship BEL->ESP with date=1995-03-29 and goalDifference=0: Relationship[3263]
Processing entry 1632 of 4135
1995-03-29 GEO:DEU -2
Node for team GEO already exists: Node[76]
Node for team DEU already exists: Node[17]
Created relationship GEO->DEU with date=1995-03-29 and goalDifference=-2: Relationship[3264]
Created relationship DEU->GEO with date=1995-03-29 and goalDifference=-2: Relationship[3265]
Processing entry 1633 of 4135
1995-03-29 HUN:CHE 0
Node for team HUN already exists: Node[19]
Node for team CHE already exists: Node[14]
Created relationship HUN->CHE with date=1995-03-29 and goalDifference=0: Relationship[3266]
Created relationship CHE->HUN with date=1995-03-29 and goalDifference=0: Relationship[3267]
Processing entry 1634 of 4135
1995-03-29 IRL:NIR 0
Node for team IRL already exists: Node[35]
Node for team NIR already exists: Node[32]
Created relationship IRL->NIR with date=1995-03-29 and goalDifference=0: Relationship[3268]
Created relationship NIR->IRL with date=1995-03-29 and goalDifference=0: Relationship[3269]
Processing entry 1635 of 4135
1995-03-29 ISR:FRA 0
Node for team ISR already exists: Node[48]
Node for team FRA already exists: Node[0]
Created relationship ISR->FRA with date=1995-03-29 and goalDifference=0: Relationship[3270]
Created relationship FRA->ISR with date=1995-03-29 and goalDifference=0: Relationship[3271]
Processing entry 1636 of 4135
1995-03-29 LTU:HRV 0
Node for team LTU already exists: Node[85]
Node for team HRV already exists: Node[73]
Created relationship LTU->HRV with date=1995-03-29 and goalDifference=0: Relationship[3272]
Created relationship HRV->LTU with date=1995-03-29 and goalDifference=0: Relationship[3273]
Processing entry 1637 of 4135
1995-03-29 LUX:NOR -2
Node for team LUX already exists: Node[44]
Node for team NOR already exists: Node[26]
Created relationship LUX->NOR with date=1995-03-29 and goalDifference=-2: Relationship[3274]
Created relationship NOR->LUX with date=1995-03-29 and goalDifference=-2: Relationship[3275]
Processing entry 1638 of 4135
1995-03-29 NLD:MLT 4
Node for team NLD already exists: Node[15]
Node for team MLT already exists: Node[42]
Created relationship NLD->MLT with date=1995-03-29 and goalDifference=4: Relationship[3276]
Created relationship MLT->NLD with date=1995-03-29 and goalDifference=4: Relationship[3277]
Processing entry 1639 of 4135
1995-03-29 ROU:POL 1
Node for team ROU already exists: Node[4]
Node for team POL already exists: Node[23]
Created relationship ROU->POL with date=1995-03-29 and goalDifference=1: Relationship[3278]
Created relationship POL->ROU with date=1995-03-29 and goalDifference=1: Relationship[3279]
Processing entry 1640 of 4135
1995-03-29 RUS:SCO 0
Node for team RUS already exists: Node[70]
Node for team SCO already exists: Node[28]
Created relationship RUS->SCO with date=1995-03-29 and goalDifference=0: Relationship[3280]
Created relationship SCO->RUS with date=1995-03-29 and goalDifference=0: Relationship[3281]
Processing entry 1641 of 4135
1995-03-29 SMR:FIN -2
Node for team SMR already exists: Node[67]
Node for team FIN already exists: Node[46]
Created relationship SMR->FIN with date=1995-03-29 and goalDifference=-2: Relationship[3282]
Created relationship FIN->SMR with date=1995-03-29 and goalDifference=-2: Relationship[3283]
Processing entry 1642 of 4135
1995-03-29 SVK:AZE 3
Node for team SVK already exists: Node[82]
Node for team AZE already exists: Node[81]
Created relationship SVK->AZE with date=1995-03-29 and goalDifference=3: Relationship[3284]
Created relationship AZE->SVK with date=1995-03-29 and goalDifference=3: Relationship[3285]
Processing entry 1643 of 4135
1995-03-29 SVN:EST 3
Node for team SVN already exists: Node[83]
Node for team EST already exists: Node[72]
Created relationship SVN->EST with date=1995-03-29 and goalDifference=3: Relationship[3286]
Created relationship EST->SVN with date=1995-03-29 and goalDifference=3: Relationship[3287]
Processing entry 1644 of 4135
1995-03-29 TUR:SWE 1
Node for team TUR already exists: Node[29]
Node for team SWE already exists: Node[22]
Created relationship TUR->SWE with date=1995-03-29 and goalDifference=1: Relationship[3288]
Created relationship SWE->TUR with date=1995-03-29 and goalDifference=1: Relationship[3289]
Processing entry 1645 of 4135
1995-03-29 UKR:ITA -2
Node for team UKR already exists: Node[84]
Node for team ITA already exists: Node[21]
Created relationship UKR->ITA with date=1995-03-29 and goalDifference=-2: Relationship[3290]
Created relationship ITA->UKR with date=1995-03-29 and goalDifference=-2: Relationship[3291]
Processing entry 1646 of 4135
1995-04-25 POL:ISR 1
Node for team POL already exists: Node[23]
Node for team ISR already exists: Node[48]
Created relationship POL->ISR with date=1995-04-25 and goalDifference=1: Relationship[3292]
Created relationship ISR->POL with date=1995-04-25 and goalDifference=1: Relationship[3293]
Processing entry 1647 of 4135
1995-04-26 ARM:ESP -2
Node for team ARM already exists: Node[75]
Node for team ESP already exists: Node[18]
Created relationship ARM->ESP with date=1995-04-26 and goalDifference=-2: Relationship[3294]
Created relationship ESP->ARM with date=1995-04-26 and goalDifference=-2: Relationship[3295]
Processing entry 1648 of 4135
1995-04-26 AUT:LIE 7
Node for team AUT already exists: Node[13]
Node for team LIE already exists: Node[69]
Created relationship AUT->LIE with date=1995-04-26 and goalDifference=7: Relationship[3296]
Created relationship LIE->AUT with date=1995-04-26 and goalDifference=7: Relationship[3297]
Processing entry 1649 of 4135
1995-04-26 AZE:ROU -3
Node for team AZE already exists: Node[81]
Node for team ROU already exists: Node[4]
Created relationship AZE->ROU with date=1995-04-26 and goalDifference=-3: Relationship[3298]
Created relationship ROU->AZE with date=1995-04-26 and goalDifference=-3: Relationship[3299]
Processing entry 1650 of 4135
1995-04-26 BEL:CYP 2
Node for team BEL already exists: Node[3]
Node for team CYP already exists: Node[47]
Created relationship BEL->CYP with date=1995-04-26 and goalDifference=2: Relationship[3300]
Created relationship CYP->BEL with date=1995-04-26 and goalDifference=2: Relationship[3301]
Processing entry 1651 of 4135
1995-04-26 BLR:MLT 0
Node for team BLR already exists: Node[80]
Node for team MLT already exists: Node[42]
Created relationship BLR->MLT with date=1995-04-26 and goalDifference=0: Relationship[3302]
Created relationship MLT->BLR with date=1995-04-26 and goalDifference=0: Relationship[3303]
Processing entry 1652 of 4135
1995-04-26 CHE:TUR -1
Node for team CHE already exists: Node[14]
Node for team TUR already exists: Node[29]
Created relationship CHE->TUR with date=1995-04-26 and goalDifference=-1: Relationship[3304]
Created relationship TUR->CHE with date=1995-04-26 and goalDifference=-1: Relationship[3305]
Processing entry 1653 of 4135
1995-04-26 CZE:NLD 2
Node for team CZE already exists: Node[74]
Node for team NLD already exists: Node[15]
Created relationship CZE->NLD with date=1995-04-26 and goalDifference=2: Relationship[3306]
Created relationship NLD->CZE with date=1995-04-26 and goalDifference=2: Relationship[3307]
Processing entry 1654 of 4135
1995-04-26 DEU:WAL 0
Node for team DEU already exists: Node[17]
Node for team WAL already exists: Node[31]
Created relationship DEU->WAL with date=1995-04-26 and goalDifference=0: Relationship[3308]
Created relationship WAL->DEU with date=1995-04-26 and goalDifference=0: Relationship[3309]
Processing entry 1655 of 4135
1995-04-26 DNK:MKD 1
Node for team DNK already exists: Node[39]
Node for team MKD already exists: Node[79]
Created relationship DNK->MKD with date=1995-04-26 and goalDifference=1: Relationship[3310]
Created relationship MKD->DNK with date=1995-04-26 and goalDifference=1: Relationship[3311]
Processing entry 1656 of 4135
1995-04-26 EST:UKR -1
Node for team EST already exists: Node[72]
Node for team UKR already exists: Node[84]
Created relationship EST->UKR with date=1995-04-26 and goalDifference=-1: Relationship[3312]
Created relationship UKR->EST with date=1995-04-26 and goalDifference=-1: Relationship[3313]
Processing entry 1657 of 4135
1995-04-26 FRA:SVK 4
Node for team FRA already exists: Node[0]
Node for team SVK already exists: Node[82]
Created relationship FRA->SVK with date=1995-04-26 and goalDifference=4: Relationship[3314]
Created relationship SVK->FRA with date=1995-04-26 and goalDifference=4: Relationship[3315]
Processing entry 1658 of 4135
1995-04-26 FRO:FIN -4
Node for team FRO already exists: Node[66]
Node for team FIN already exists: Node[46]
Created relationship FRO->FIN with date=1995-04-26 and goalDifference=-4: Relationship[3316]
Created relationship FIN->FRO with date=1995-04-26 and goalDifference=-4: Relationship[3317]
Processing entry 1659 of 4135
1995-04-26 GEO:ALB 2
Node for team GEO already exists: Node[76]
Node for team ALB already exists: Node[41]
Created relationship GEO->ALB with date=1995-04-26 and goalDifference=2: Relationship[3318]
Created relationship ALB->GEO with date=1995-04-26 and goalDifference=2: Relationship[3319]
Processing entry 1660 of 4135
1995-04-26 GRC:RUS -3
Node for team GRC already exists: Node[34]
Node for team RUS already exists: Node[70]
Created relationship GRC->RUS with date=1995-04-26 and goalDifference=-3: Relationship[3320]
Created relationship RUS->GRC with date=1995-04-26 and goalDifference=-3: Relationship[3321]
Processing entry 1661 of 4135
1995-04-26 HRV:SVN 2
Node for team HRV already exists: Node[73]
Node for team SVN already exists: Node[83]
Created relationship HRV->SVN with date=1995-04-26 and goalDifference=2: Relationship[3322]
Created relationship SVN->HRV with date=1995-04-26 and goalDifference=2: Relationship[3323]
Processing entry 1662 of 4135
1995-04-26 HUN:SWE 1
Node for team HUN already exists: Node[19]
Node for team SWE already exists: Node[22]
Created relationship HUN->SWE with date=1995-04-26 and goalDifference=1: Relationship[3324]
Created relationship SWE->HUN with date=1995-04-26 and goalDifference=1: Relationship[3325]
Processing entry 1663 of 4135
1995-04-26 IRL:PRT 1
Node for team IRL already exists: Node[35]
Node for team PRT already exists: Node[38]
Created relationship IRL->PRT with date=1995-04-26 and goalDifference=1: Relationship[3326]
Created relationship PRT->IRL with date=1995-04-26 and goalDifference=1: Relationship[3327]
Processing entry 1664 of 4135
1995-04-26 LTU:ITA -1
Node for team LTU already exists: Node[85]
Node for team ITA already exists: Node[21]
Created relationship LTU->ITA with date=1995-04-26 and goalDifference=-1: Relationship[3328]
Created relationship ITA->LTU with date=1995-04-26 and goalDifference=-1: Relationship[3329]
Processing entry 1665 of 4135
1995-04-26 LVA:NIR -1
Node for team LVA already exists: Node[78]
Node for team NIR already exists: Node[32]
Created relationship LVA->NIR with date=1995-04-26 and goalDifference=-1: Relationship[3330]
Created relationship NIR->LVA with date=1995-04-26 and goalDifference=-1: Relationship[3331]
Processing entry 1666 of 4135
1995-04-26 MDA:BGR -3
Node for team MDA already exists: Node[77]
Node for team BGR already exists: Node[36]
Created relationship MDA->BGR with date=1995-04-26 and goalDifference=-3: Relationship[3332]
Created relationship BGR->MDA with date=1995-04-26 and goalDifference=-3: Relationship[3333]
Processing entry 1667 of 4135
1995-04-26 NOR:LUX 5
Node for team NOR already exists: Node[26]
Node for team LUX already exists: Node[44]
Created relationship NOR->LUX with date=1995-04-26 and goalDifference=5: Relationship[3334]
Created relationship LUX->NOR with date=1995-04-26 and goalDifference=5: Relationship[3335]
Processing entry 1668 of 4135
1995-04-26 SMR:SCO -2
Node for team SMR already exists: Node[67]
Node for team SCO already exists: Node[28]
Created relationship SMR->SCO with date=1995-04-26 and goalDifference=-2: Relationship[3336]
Created relationship SCO->SMR with date=1995-04-26 and goalDifference=-2: Relationship[3337]
Processing entry 1669 of 4135
1995-05-06 RUS:FRO 3
Node for team RUS already exists: Node[70]
Node for team FRO already exists: Node[66]
Created relationship RUS->FRO with date=1995-05-06 and goalDifference=3: Relationship[3338]
Created relationship FRO->RUS with date=1995-05-06 and goalDifference=3: Relationship[3339]
Processing entry 1670 of 4135
1995-05-10 ARM:MKD 0
Node for team ARM already exists: Node[75]
Node for team MKD already exists: Node[79]
Created relationship ARM->MKD with date=1995-05-10 and goalDifference=0: Relationship[3340]
Created relationship MKD->ARM with date=1995-05-10 and goalDifference=0: Relationship[3341]
Processing entry 1671 of 4135
1995-05-25 FRO:SMR 3
Node for team FRO already exists: Node[66]
Node for team SMR already exists: Node[67]
Created relationship FRO->SMR with date=1995-05-25 and goalDifference=3: Relationship[3342]
Created relationship SMR->FRO with date=1995-05-25 and goalDifference=3: Relationship[3343]
Processing entry 1672 of 4135
1995-06-01 SWE:ISL 0
Node for team SWE already exists: Node[22]
Node for team ISL already exists: Node[43]
Created relationship SWE->ISL with date=1995-06-01 and goalDifference=0: Relationship[3344]
Created relationship ISL->SWE with date=1995-06-01 and goalDifference=0: Relationship[3345]
Processing entry 1673 of 4135
1995-06-03 LIE:IRL 0
Node for team LIE already exists: Node[69]
Node for team IRL already exists: Node[35]
Created relationship LIE->IRL with date=1995-06-03 and goalDifference=0: Relationship[3346]
Created relationship IRL->LIE with date=1995-06-03 and goalDifference=0: Relationship[3347]
Processing entry 1674 of 4135
1995-06-03 PRT:LVA 1
Node for team PRT already exists: Node[38]
Node for team LVA already exists: Node[78]
Created relationship PRT->LVA with date=1995-06-03 and goalDifference=1: Relationship[3348]
Created relationship LVA->PRT with date=1995-06-03 and goalDifference=1: Relationship[3349]
Processing entry 1675 of 4135
1995-06-07 BGR:DEU 1
Node for team BGR already exists: Node[36]
Node for team DEU already exists: Node[17]
Created relationship BGR->DEU with date=1995-06-07 and goalDifference=1: Relationship[3350]
Created relationship DEU->BGR with date=1995-06-07 and goalDifference=1: Relationship[3351]
Processing entry 1676 of 4135
1995-06-07 BLR:NLD 1
Node for team BLR already exists: Node[80]
Node for team NLD already exists: Node[15]
Created relationship BLR->NLD with date=1995-06-07 and goalDifference=1: Relationship[3352]
Created relationship NLD->BLR with date=1995-06-07 and goalDifference=1: Relationship[3353]
Processing entry 1677 of 4135
1995-06-07 DNK:CYP 4
Node for team DNK already exists: Node[39]
Node for team CYP already exists: Node[47]
Created relationship DNK->CYP with date=1995-06-07 and goalDifference=4: Relationship[3354]
Created relationship CYP->DNK with date=1995-06-07 and goalDifference=4: Relationship[3355]
Processing entry 1678 of 4135
1995-06-07 ESP:ARM 1
Node for team ESP already exists: Node[18]
Node for team ARM already exists: Node[75]
Created relationship ESP->ARM with date=1995-06-07 and goalDifference=1: Relationship[3356]
Created relationship ARM->ESP with date=1995-06-07 and goalDifference=1: Relationship[3357]
Processing entry 1679 of 4135
1995-06-07 FRO:SCO -2
Node for team FRO already exists: Node[66]
Node for team SCO already exists: Node[28]
Created relationship FRO->SCO with date=1995-06-07 and goalDifference=-2: Relationship[3358]
Created relationship SCO->FRO with date=1995-06-07 and goalDifference=-2: Relationship[3359]
Processing entry 1680 of 4135
1995-06-07 LTU:SVN 1
Node for team LTU already exists: Node[85]
Node for team SVN already exists: Node[83]
Created relationship LTU->SVN with date=1995-06-07 and goalDifference=1: Relationship[3360]
Created relationship SVN->LTU with date=1995-06-07 and goalDifference=1: Relationship[3361]
Processing entry 1681 of 4135
1995-06-07 LUX:CZE 1
Node for team LUX already exists: Node[44]
Node for team CZE already exists: Node[74]
Created relationship LUX->CZE with date=1995-06-07 and goalDifference=1: Relationship[3362]
Created relationship CZE->LUX with date=1995-06-07 and goalDifference=1: Relationship[3363]
Processing entry 1682 of 4135
1995-06-07 MDA:ALB -1
Node for team MDA already exists: Node[77]
Node for team ALB already exists: Node[41]
Created relationship MDA->ALB with date=1995-06-07 and goalDifference=-1: Relationship[3364]
Created relationship ALB->MDA with date=1995-06-07 and goalDifference=-1: Relationship[3365]
Processing entry 1683 of 4135
1995-06-07 MKD:BEL -5
Node for team MKD already exists: Node[79]
Node for team BEL already exists: Node[3]
Created relationship MKD->BEL with date=1995-06-07 and goalDifference=-5: Relationship[3366]
Created relationship BEL->MKD with date=1995-06-07 and goalDifference=-5: Relationship[3367]
Processing entry 1684 of 4135
1995-06-07 NIR:LVA -1
Node for team NIR already exists: Node[32]
Node for team LVA already exists: Node[78]
Created relationship NIR->LVA with date=1995-06-07 and goalDifference=-1: Relationship[3368]
Created relationship LVA->NIR with date=1995-06-07 and goalDifference=-1: Relationship[3369]
Processing entry 1685 of 4135
1995-06-07 NOR:MLT 2
Node for team NOR already exists: Node[26]
Node for team MLT already exists: Node[42]
Created relationship NOR->MLT with date=1995-06-07 and goalDifference=2: Relationship[3370]
Created relationship MLT->NOR with date=1995-06-07 and goalDifference=2: Relationship[3371]
Processing entry 1686 of 4135
1995-06-07 POL:SVK 5
Node for team POL already exists: Node[23]
Node for team SVK already exists: Node[82]
Created relationship POL->SVK with date=1995-06-07 and goalDifference=5: Relationship[3372]
Created relationship SVK->POL with date=1995-06-07 and goalDifference=5: Relationship[3373]
Processing entry 1687 of 4135
1995-06-07 ROU:ISR 1
Node for team ROU already exists: Node[4]
Node for team ISR already exists: Node[48]
Created relationship ROU->ISR with date=1995-06-07 and goalDifference=1: Relationship[3374]
Created relationship ISR->ROU with date=1995-06-07 and goalDifference=1: Relationship[3375]
Processing entry 1688 of 4135
1995-06-07 SMR:RUS -7
Node for team SMR already exists: Node[67]
Node for team RUS already exists: Node[70]
Created relationship SMR->RUS with date=1995-06-07 and goalDifference=-7: Relationship[3376]
Created relationship RUS->SMR with date=1995-06-07 and goalDifference=-7: Relationship[3377]
Processing entry 1689 of 4135
1995-06-07 WAL:GEO 1
Node for team WAL already exists: Node[31]
Node for team GEO already exists: Node[76]
Created relationship WAL->GEO with date=1995-06-07 and goalDifference=1: Relationship[3378]
Created relationship GEO->WAL with date=1995-06-07 and goalDifference=1: Relationship[3379]
Processing entry 1690 of 4135
1995-06-11 EST:SVN -2
Node for team EST already exists: Node[72]
Node for team SVN already exists: Node[83]
Created relationship EST->SVN with date=1995-06-11 and goalDifference=-2: Relationship[3380]
Created relationship SVN->EST with date=1995-06-11 and goalDifference=-2: Relationship[3381]
Processing entry 1691 of 4135
1995-06-11 FIN:GRC 1
Node for team FIN already exists: Node[46]
Node for team GRC already exists: Node[34]
Created relationship FIN->GRC with date=1995-06-11 and goalDifference=1: Relationship[3382]
Created relationship GRC->FIN with date=1995-06-11 and goalDifference=1: Relationship[3383]
Processing entry 1692 of 4135
1995-06-11 IRL:AUT -2
Node for team IRL already exists: Node[35]
Node for team AUT already exists: Node[13]
Created relationship IRL->AUT with date=1995-06-11 and goalDifference=-2: Relationship[3384]
Created relationship AUT->IRL with date=1995-06-11 and goalDifference=-2: Relationship[3385]
Processing entry 1693 of 4135
1995-06-11 ISL:HUN 1
Node for team ISL already exists: Node[43]
Node for team HUN already exists: Node[19]
Created relationship ISL->HUN with date=1995-06-11 and goalDifference=1: Relationship[3386]
Created relationship HUN->ISL with date=1995-06-11 and goalDifference=1: Relationship[3387]
Processing entry 1694 of 4135
1995-06-11 UKR:HRV 1
Node for team UKR already exists: Node[84]
Node for team HRV already exists: Node[73]
Created relationship UKR->HRV with date=1995-06-11 and goalDifference=1: Relationship[3388]
Created relationship HRV->UKR with date=1995-06-11 and goalDifference=1: Relationship[3389]
Processing entry 1695 of 4135
1995-08-15 LIE:PRT -7
Node for team LIE already exists: Node[69]
Node for team PRT already exists: Node[38]
Created relationship LIE->PRT with date=1995-08-15 and goalDifference=-7: Relationship[3390]
Created relationship PRT->LIE with date=1995-08-15 and goalDifference=-7: Relationship[3391]
Processing entry 1696 of 4135
1995-08-16 ARM:DNK -2
Node for team ARM already exists: Node[75]
Node for team DNK already exists: Node[39]
Created relationship ARM->DNK with date=1995-08-16 and goalDifference=-2: Relationship[3392]
Created relationship DNK->ARM with date=1995-08-16 and goalDifference=-2: Relationship[3393]
Processing entry 1697 of 4135
1995-08-16 AZE:SVK -1
Node for team AZE already exists: Node[81]
Node for team SVK already exists: Node[82]
Created relationship AZE->SVK with date=1995-08-16 and goalDifference=-1: Relationship[3394]
Created relationship SVK->AZE with date=1995-08-16 and goalDifference=-1: Relationship[3395]
Processing entry 1698 of 4135
1995-08-16 EST:LTU -1
Node for team EST already exists: Node[72]
Node for team LTU already exists: Node[85]
Created relationship EST->LTU with date=1995-08-16 and goalDifference=-1: Relationship[3396]
Created relationship LTU->EST with date=1995-08-16 and goalDifference=-1: Relationship[3397]
Processing entry 1699 of 4135
1995-08-16 FIN:RUS -6
Node for team FIN already exists: Node[46]
Node for team RUS already exists: Node[70]
Created relationship FIN->RUS with date=1995-08-16 and goalDifference=-6: Relationship[3398]
Created relationship RUS->FIN with date=1995-08-16 and goalDifference=-6: Relationship[3399]
Processing entry 1700 of 4135
1995-08-16 FRA:POL 0
Node for team FRA already exists: Node[0]
Node for team POL already exists: Node[23]
Created relationship FRA->POL with date=1995-08-16 and goalDifference=0: Relationship[3400]
Created relationship POL->FRA with date=1995-08-16 and goalDifference=0: Relationship[3401]
Processing entry 1701 of 4135
1995-08-16 ISL:CHE -2
Node for team ISL already exists: Node[43]
Node for team CHE already exists: Node[14]
Created relationship ISL->CHE with date=1995-08-16 and goalDifference=-2: Relationship[3402]
Created relationship CHE->ISL with date=1995-08-16 and goalDifference=-2: Relationship[3403]
Processing entry 1702 of 4135
1995-08-16 LVA:AUT 1
Node for team LVA already exists: Node[78]
Node for team AUT already exists: Node[13]
Created relationship LVA->AUT with date=1995-08-16 and goalDifference=1: Relationship[3404]
Created relationship AUT->LVA with date=1995-08-16 and goalDifference=1: Relationship[3405]
Processing entry 1703 of 4135
1995-08-16 NOR:CZE 0
Node for team NOR already exists: Node[26]
Node for team CZE already exists: Node[74]
Created relationship NOR->CZE with date=1995-08-16 and goalDifference=0: Relationship[3406]
Created relationship CZE->NOR with date=1995-08-16 and goalDifference=0: Relationship[3407]
Processing entry 1704 of 4135
1995-08-16 SCO:GRC 1
Node for team SCO already exists: Node[28]
Node for team GRC already exists: Node[34]
Created relationship SCO->GRC with date=1995-08-16 and goalDifference=1: Relationship[3408]
Created relationship GRC->SCO with date=1995-08-16 and goalDifference=1: Relationship[3409]
Processing entry 1705 of 4135
1995-09-03 HRV:EST 6
Node for team HRV already exists: Node[73]
Node for team EST already exists: Node[72]
Created relationship HRV->EST with date=1995-09-03 and goalDifference=6: Relationship[3410]
Created relationship EST->HRV with date=1995-09-03 and goalDifference=6: Relationship[3411]
Processing entry 1706 of 4135
1995-09-03 PRT:NIR 0
Node for team PRT already exists: Node[38]
Node for team NIR already exists: Node[32]
Created relationship PRT->NIR with date=1995-09-03 and goalDifference=0: Relationship[3412]
Created relationship NIR->PRT with date=1995-09-03 and goalDifference=0: Relationship[3413]
Processing entry 1707 of 4135
1995-09-06 ALB:BGR 0
Node for team ALB already exists: Node[41]
Node for team BGR already exists: Node[36]
Created relationship ALB->BGR with date=1995-09-06 and goalDifference=0: Relationship[3414]
Created relationship BGR->ALB with date=1995-09-06 and goalDifference=0: Relationship[3415]
Processing entry 1708 of 4135
1995-09-06 AUT:IRL 2
Node for team AUT already exists: Node[13]
Node for team IRL already exists: Node[35]
Created relationship AUT->IRL with date=1995-09-06 and goalDifference=2: Relationship[3416]
Created relationship IRL->AUT with date=1995-09-06 and goalDifference=2: Relationship[3417]
Processing entry 1709 of 4135
1995-09-06 BEL:DNK -2
Node for team BEL already exists: Node[3]
Node for team DNK already exists: Node[39]
Created relationship BEL->DNK with date=1995-09-06 and goalDifference=-2: Relationship[3418]
Created relationship DNK->BEL with date=1995-09-06 and goalDifference=-2: Relationship[3419]
Processing entry 1710 of 4135
1995-09-06 CZE:NOR 2
Node for team CZE already exists: Node[74]
Node for team NOR already exists: Node[26]
Created relationship CZE->NOR with date=1995-09-06 and goalDifference=2: Relationship[3420]
Created relationship NOR->CZE with date=1995-09-06 and goalDifference=2: Relationship[3421]
Processing entry 1711 of 4135
1995-09-06 DEU:GEO 3
Node for team DEU already exists: Node[17]
Node for team GEO already exists: Node[76]
Created relationship DEU->GEO with date=1995-09-06 and goalDifference=3: Relationship[3422]
Created relationship GEO->DEU with date=1995-09-06 and goalDifference=3: Relationship[3423]
Processing entry 1712 of 4135
1995-09-06 ESP:CYP 6
Node for team ESP already exists: Node[18]
Node for team CYP already exists: Node[47]
Created relationship ESP->CYP with date=1995-09-06 and goalDifference=6: Relationship[3424]
Created relationship CYP->ESP with date=1995-09-06 and goalDifference=6: Relationship[3425]
Processing entry 1713 of 4135
1995-09-06 FRA:AZE 10
Node for team FRA already exists: Node[0]
Node for team AZE already exists: Node[81]
Created relationship FRA->AZE with date=1995-09-06 and goalDifference=10: Relationship[3426]
Created relationship AZE->FRA with date=1995-09-06 and goalDifference=10: Relationship[3427]
Processing entry 1714 of 4135
1995-09-06 FRO:RUS -3
Node for team FRO already exists: Node[66]
Node for team RUS already exists: Node[70]
Created relationship FRO->RUS with date=1995-09-06 and goalDifference=-3: Relationship[3428]
Created relationship RUS->FRO with date=1995-09-06 and goalDifference=-3: Relationship[3429]
Processing entry 1715 of 4135
1995-09-06 ITA:SVN 1
Node for team ITA already exists: Node[21]
Node for team SVN already exists: Node[83]
Created relationship ITA->SVN with date=1995-09-06 and goalDifference=1: Relationship[3430]
Created relationship SVN->ITA with date=1995-09-06 and goalDifference=1: Relationship[3431]
Processing entry 1716 of 4135
1995-09-06 LTU:UKR -2
Node for team LTU already exists: Node[85]
Node for team UKR already exists: Node[84]
Created relationship LTU->UKR with date=1995-09-06 and goalDifference=-2: Relationship[3432]
Created relationship UKR->LTU with date=1995-09-06 and goalDifference=-2: Relationship[3433]
Processing entry 1717 of 4135
1995-09-06 LUX:MLT 1
Node for team LUX already exists: Node[44]
Node for team MLT already exists: Node[42]
Created relationship LUX->MLT with date=1995-09-06 and goalDifference=1: Relationship[3434]
Created relationship MLT->LUX with date=1995-09-06 and goalDifference=1: Relationship[3435]
Processing entry 1718 of 4135
1995-09-06 LVA:LIE 1
Node for team LVA already exists: Node[78]
Node for team LIE already exists: Node[69]
Created relationship LVA->LIE with date=1995-09-06 and goalDifference=1: Relationship[3436]
Created relationship LIE->LVA with date=1995-09-06 and goalDifference=1: Relationship[3437]
Processing entry 1719 of 4135
1995-09-06 MKD:ARM -1
Node for team MKD already exists: Node[79]
Node for team ARM already exists: Node[75]
Created relationship MKD->ARM with date=1995-09-06 and goalDifference=-1: Relationship[3438]
Created relationship ARM->MKD with date=1995-09-06 and goalDifference=-1: Relationship[3439]
Processing entry 1720 of 4135
1995-09-06 NLD:BLR 1
Node for team NLD already exists: Node[15]
Node for team BLR already exists: Node[80]
Created relationship NLD->BLR with date=1995-09-06 and goalDifference=1: Relationship[3440]
Created relationship BLR->NLD with date=1995-09-06 and goalDifference=1: Relationship[3441]
Processing entry 1721 of 4135
1995-09-06 POL:ROU 0
Node for team POL already exists: Node[23]
Node for team ROU already exists: Node[4]
Created relationship POL->ROU with date=1995-09-06 and goalDifference=0: Relationship[3442]
Created relationship ROU->POL with date=1995-09-06 and goalDifference=0: Relationship[3443]
Processing entry 1722 of 4135
1995-09-06 SCO:FIN 1
Node for team SCO already exists: Node[28]
Node for team FIN already exists: Node[46]
Created relationship SCO->FIN with date=1995-09-06 and goalDifference=1: Relationship[3444]
Created relationship FIN->SCO with date=1995-09-06 and goalDifference=1: Relationship[3445]
Processing entry 1723 of 4135
1995-09-06 SMR:GRC -4
Node for team SMR already exists: Node[67]
Node for team GRC already exists: Node[34]
Created relationship SMR->GRC with date=1995-09-06 and goalDifference=-4: Relationship[3446]
Created relationship GRC->SMR with date=1995-09-06 and goalDifference=-4: Relationship[3447]
Processing entry 1724 of 4135
1995-09-06 SVK:ISR 1
Node for team SVK already exists: Node[82]
Node for team ISR already exists: Node[48]
Created relationship SVK->ISR with date=1995-09-06 and goalDifference=1: Relationship[3448]
Created relationship ISR->SVK with date=1995-09-06 and goalDifference=1: Relationship[3449]
Processing entry 1725 of 4135
1995-09-06 SWE:CHE 0
Node for team SWE already exists: Node[22]
Node for team CHE already exists: Node[14]
Created relationship SWE->CHE with date=1995-09-06 and goalDifference=0: Relationship[3450]
Created relationship CHE->SWE with date=1995-09-06 and goalDifference=0: Relationship[3451]
Processing entry 1726 of 4135
1995-09-06 TUR:HUN 2
Node for team TUR already exists: Node[29]
Node for team HUN already exists: Node[19]
Created relationship TUR->HUN with date=1995-09-06 and goalDifference=2: Relationship[3452]
Created relationship HUN->TUR with date=1995-09-06 and goalDifference=2: Relationship[3453]
Processing entry 1727 of 4135
1995-09-06 WAL:MDA 1
Node for team WAL already exists: Node[31]
Node for team MDA already exists: Node[77]
Created relationship WAL->MDA with date=1995-09-06 and goalDifference=1: Relationship[3454]
Created relationship MDA->WAL with date=1995-09-06 and goalDifference=1: Relationship[3455]
Processing entry 1728 of 4135
1995-10-07 ARM:BEL -2
Node for team ARM already exists: Node[75]
Node for team BEL already exists: Node[3]
Created relationship ARM->BEL with date=1995-10-07 and goalDifference=-2: Relationship[3456]
Created relationship BEL->ARM with date=1995-10-07 and goalDifference=-2: Relationship[3457]
Processing entry 1729 of 4135
1995-10-07 BGR:ALB 3
Node for team BGR already exists: Node[36]
Node for team ALB already exists: Node[41]
Created relationship BGR->ALB with date=1995-10-07 and goalDifference=3: Relationship[3458]
Created relationship ALB->BGR with date=1995-10-07 and goalDifference=3: Relationship[3459]
Processing entry 1730 of 4135
1995-10-07 BLR:CZE -2
Node for team BLR already exists: Node[80]
Node for team CZE already exists: Node[74]
Created relationship BLR->CZE with date=1995-10-07 and goalDifference=-2: Relationship[3460]
Created relationship CZE->BLR with date=1995-10-07 and goalDifference=-2: Relationship[3461]
Processing entry 1731 of 4135
1995-10-08 DEU:MDA 5
Node for team DEU already exists: Node[17]
Node for team MDA already exists: Node[77]
Created relationship DEU->MDA with date=1995-10-08 and goalDifference=5: Relationship[3462]
Created relationship MDA->DEU with date=1995-10-08 and goalDifference=5: Relationship[3463]
Processing entry 1732 of 4135
1995-10-08 HRV:ITA 0
Node for team HRV already exists: Node[73]
Node for team ITA already exists: Node[21]
Created relationship HRV->ITA with date=1995-10-08 and goalDifference=0: Relationship[3464]
Created relationship ITA->HRV with date=1995-10-08 and goalDifference=0: Relationship[3465]
Processing entry 1733 of 4135
1995-10-11 AUT:PRT 0
Node for team AUT already exists: Node[13]
Node for team PRT already exists: Node[38]
Created relationship AUT->PRT with date=1995-10-11 and goalDifference=0: Relationship[3466]
Created relationship PRT->AUT with date=1995-10-11 and goalDifference=0: Relationship[3467]
Processing entry 1734 of 4135
1995-10-11 CHE:HUN 3
Node for team CHE already exists: Node[14]
Node for team HUN already exists: Node[19]
Created relationship CHE->HUN with date=1995-10-11 and goalDifference=3: Relationship[3468]
Created relationship HUN->CHE with date=1995-10-11 and goalDifference=3: Relationship[3469]
Processing entry 1735 of 4135
1995-10-11 CYP:MKD 0
Node for team CYP already exists: Node[47]
Node for team MKD already exists: Node[79]
Created relationship CYP->MKD with date=1995-10-11 and goalDifference=0: Relationship[3470]
Created relationship MKD->CYP with date=1995-10-11 and goalDifference=0: Relationship[3471]
Processing entry 1736 of 4135
1995-10-11 DNK:ESP 0
Node for team DNK already exists: Node[39]
Node for team ESP already exists: Node[18]
Created relationship DNK->ESP with date=1995-10-11 and goalDifference=0: Relationship[3472]
Created relationship ESP->DNK with date=1995-10-11 and goalDifference=0: Relationship[3473]
Processing entry 1737 of 4135
1995-10-11 GEO:BGR 1
Node for team GEO already exists: Node[76]
Node for team BGR already exists: Node[36]
Created relationship GEO->BGR with date=1995-10-11 and goalDifference=1: Relationship[3474]
Created relationship BGR->GEO with date=1995-10-11 and goalDifference=1: Relationship[3475]
Processing entry 1738 of 4135
1995-10-11 IRL:LVA 1
Node for team IRL already exists: Node[35]
Node for team LVA already exists: Node[78]
Created relationship IRL->LVA with date=1995-10-11 and goalDifference=1: Relationship[3476]
Created relationship LVA->IRL with date=1995-10-11 and goalDifference=1: Relationship[3477]
Processing entry 1739 of 4135
1995-10-11 ISL:TUR 0
Node for team ISL already exists: Node[43]
Node for team TUR already exists: Node[29]
Created relationship ISL->TUR with date=1995-10-11 and goalDifference=0: Relationship[3478]
Created relationship TUR->ISL with date=1995-10-11 and goalDifference=0: Relationship[3479]
Processing entry 1740 of 4135
1995-10-11 LIE:NIR -4
Node for team LIE already exists: Node[69]
Node for team NIR already exists: Node[32]
Created relationship LIE->NIR with date=1995-10-11 and goalDifference=-4: Relationship[3480]
Created relationship NIR->LIE with date=1995-10-11 and goalDifference=-4: Relationship[3481]
Processing entry 1741 of 4135
1995-10-11 LTU:EST 5
Node for team LTU already exists: Node[85]
Node for team EST already exists: Node[72]
Created relationship LTU->EST with date=1995-10-11 and goalDifference=5: Relationship[3482]
Created relationship EST->LTU with date=1995-10-11 and goalDifference=5: Relationship[3483]
Processing entry 1742 of 4135
1995-10-11 LUX:BLR 0
Node for team LUX already exists: Node[44]
Node for team BLR already exists: Node[80]
Created relationship LUX->BLR with date=1995-10-11 and goalDifference=0: Relationship[3484]
Created relationship BLR->LUX with date=1995-10-11 and goalDifference=0: Relationship[3485]
Processing entry 1743 of 4135
1995-10-11 MLT:NLD -4
Node for team MLT already exists: Node[42]
Node for team NLD already exists: Node[15]
Created relationship MLT->NLD with date=1995-10-11 and goalDifference=-4: Relationship[3486]
Created relationship NLD->MLT with date=1995-10-11 and goalDifference=-4: Relationship[3487]
Processing entry 1744 of 4135
1995-10-11 RUS:GRC 1
Node for team RUS already exists: Node[70]
Node for team GRC already exists: Node[34]
Created relationship RUS->GRC with date=1995-10-11 and goalDifference=1: Relationship[3488]
Created relationship GRC->RUS with date=1995-10-11 and goalDifference=1: Relationship[3489]
Processing entry 1745 of 4135
1995-10-11 SMR:FRO -2
Node for team SMR already exists: Node[67]
Node for team FRO already exists: Node[66]
Created relationship SMR->FRO with date=1995-10-11 and goalDifference=-2: Relationship[3490]
Created relationship FRO->SMR with date=1995-10-11 and goalDifference=-2: Relationship[3491]
Processing entry 1746 of 4135
1995-10-11 SVN:UKR 1
Node for team SVN already exists: Node[83]
Node for team UKR already exists: Node[84]
Created relationship SVN->UKR with date=1995-10-11 and goalDifference=1: Relationship[3492]
Created relationship UKR->SVN with date=1995-10-11 and goalDifference=1: Relationship[3493]
Processing entry 1747 of 4135
1995-10-11 WAL:DEU -1
Node for team WAL already exists: Node[31]
Node for team DEU already exists: Node[17]
Created relationship WAL->DEU with date=1995-10-11 and goalDifference=-1: Relationship[3494]
Created relationship DEU->WAL with date=1995-10-11 and goalDifference=-1: Relationship[3495]
Processing entry 1748 of 4135
1995-11-10 ISR:AZE 2
Node for team ISR already exists: Node[48]
Node for team AZE already exists: Node[81]
Created relationship ISR->AZE with date=1995-11-10 and goalDifference=2: Relationship[3496]
Created relationship AZE->ISR with date=1995-11-10 and goalDifference=2: Relationship[3497]
Processing entry 1749 of 4135
1995-11-10 NZL:AUS 0
Node for team NZL already exists: Node[57]
Node for team AUS already exists: Node[52]
Created relationship NZL->AUS with date=1995-11-10 and goalDifference=0: Relationship[3498]
Created relationship AUS->NZL with date=1995-11-10 and goalDifference=0: Relationship[3499]
Processing entry 1750 of 4135
1995-11-10 ROU:FRA -2
Node for team ROU already exists: Node[4]
Node for team FRA already exists: Node[0]
Created relationship ROU->FRA with date=1995-11-10 and goalDifference=-2: Relationship[3500]
Created relationship FRA->ROU with date=1995-11-10 and goalDifference=-2: Relationship[3501]
Processing entry 1751 of 4135
1995-11-10 SVK:POL 3
Node for team SVK already exists: Node[82]
Node for team POL already exists: Node[23]
Created relationship SVK->POL with date=1995-11-10 and goalDifference=3: Relationship[3502]
Created relationship POL->SVK with date=1995-11-10 and goalDifference=3: Relationship[3503]
Processing entry 1752 of 4135
1995-11-11 HUN:ISL 1
Node for team HUN already exists: Node[19]
Node for team ISL already exists: Node[43]
Created relationship HUN->ISL with date=1995-11-11 and goalDifference=1: Relationship[3504]
Created relationship ISL->HUN with date=1995-11-11 and goalDifference=1: Relationship[3505]
Processing entry 1753 of 4135
1995-11-11 ITA:UKR 2
Node for team ITA already exists: Node[21]
Node for team UKR already exists: Node[84]
Created relationship ITA->UKR with date=1995-11-11 and goalDifference=2: Relationship[3506]
Created relationship UKR->ITA with date=1995-11-11 and goalDifference=2: Relationship[3507]
Processing entry 1754 of 4135
1995-11-12 MLT:BLR -2
Node for team MLT already exists: Node[42]
Node for team BLR already exists: Node[80]
Created relationship MLT->BLR with date=1995-11-12 and goalDifference=-2: Relationship[3508]
Created relationship BLR->MLT with date=1995-11-12 and goalDifference=-2: Relationship[3509]
Processing entry 1755 of 4135
1995-11-15 ALB:WAL 0
Node for team ALB already exists: Node[41]
Node for team WAL already exists: Node[31]
Created relationship ALB->WAL with date=1995-11-15 and goalDifference=0: Relationship[3510]
Created relationship WAL->ALB with date=1995-11-15 and goalDifference=0: Relationship[3511]
Processing entry 1756 of 4135
1995-11-15 AUS:NZL 3
Node for team AUS already exists: Node[52]
Node for team NZL already exists: Node[57]
Created relationship AUS->NZL with date=1995-11-15 and goalDifference=3: Relationship[3512]
Created relationship NZL->AUS with date=1995-11-15 and goalDifference=3: Relationship[3513]
Processing entry 1757 of 4135
1995-11-15 AZE:POL 0
Node for team AZE already exists: Node[81]
Node for team POL already exists: Node[23]
Created relationship AZE->POL with date=1995-11-15 and goalDifference=0: Relationship[3514]
Created relationship POL->AZE with date=1995-11-15 and goalDifference=0: Relationship[3515]
Processing entry 1758 of 4135
1995-11-15 CYP:BEL 0
Node for team CYP already exists: Node[47]
Node for team BEL already exists: Node[3]
Created relationship CYP->BEL with date=1995-11-15 and goalDifference=0: Relationship[3516]
Created relationship BEL->CYP with date=1995-11-15 and goalDifference=0: Relationship[3517]
Processing entry 1759 of 4135
1995-11-15 CZE:LUX 3
Node for team CZE already exists: Node[74]
Node for team LUX already exists: Node[44]
Created relationship CZE->LUX with date=1995-11-15 and goalDifference=3: Relationship[3518]
Created relationship LUX->CZE with date=1995-11-15 and goalDifference=3: Relationship[3519]
Processing entry 1760 of 4135
1995-11-15 DEU:BGR 2
Node for team DEU already exists: Node[17]
Node for team BGR already exists: Node[36]
Created relationship DEU->BGR with date=1995-11-15 and goalDifference=2: Relationship[3520]
Created relationship BGR->DEU with date=1995-11-15 and goalDifference=2: Relationship[3521]
Processing entry 1761 of 4135
1995-11-15 DNK:ARM 2
Node for team DNK already exists: Node[39]
Node for team ARM already exists: Node[75]
Created relationship DNK->ARM with date=1995-11-15 and goalDifference=2: Relationship[3522]
Created relationship ARM->DNK with date=1995-11-15 and goalDifference=2: Relationship[3523]
Processing entry 1762 of 4135
1995-11-15 ESP:MKD 3
Node for team ESP already exists: Node[18]
Node for team MKD already exists: Node[79]
Created relationship ESP->MKD with date=1995-11-15 and goalDifference=3: Relationship[3524]
Created relationship MKD->ESP with date=1995-11-15 and goalDifference=3: Relationship[3525]
Processing entry 1763 of 4135
1995-11-15 FRA:ISR 2
Node for team FRA already exists: Node[0]
Node for team ISR already exists: Node[48]
Created relationship FRA->ISR with date=1995-11-15 and goalDifference=2: Relationship[3526]
Created relationship ISR->FRA with date=1995-11-15 and goalDifference=2: Relationship[3527]
Processing entry 1764 of 4135
1995-11-15 GRC:FRO 5
Node for team GRC already exists: Node[34]
Node for team FRO already exists: Node[66]
Created relationship GRC->FRO with date=1995-11-15 and goalDifference=5: Relationship[3528]
Created relationship FRO->GRC with date=1995-11-15 and goalDifference=5: Relationship[3529]
Processing entry 1765 of 4135
1995-11-15 ITA:LTU 4
Node for team ITA already exists: Node[21]
Node for team LTU already exists: Node[85]
Created relationship ITA->LTU with date=1995-11-15 and goalDifference=4: Relationship[3530]
Created relationship LTU->ITA with date=1995-11-15 and goalDifference=4: Relationship[3531]
Processing entry 1766 of 4135
1995-11-15 MDA:GEO 1
Node for team MDA already exists: Node[77]
Node for team GEO already exists: Node[76]
Created relationship MDA->GEO with date=1995-11-15 and goalDifference=1: Relationship[3532]
Created relationship GEO->MDA with date=1995-11-15 and goalDifference=1: Relationship[3533]
Processing entry 1767 of 4135
1995-11-15 NIR:AUT 2
Node for team NIR already exists: Node[32]
Node for team AUT already exists: Node[13]
Created relationship NIR->AUT with date=1995-11-15 and goalDifference=2: Relationship[3534]
Created relationship AUT->NIR with date=1995-11-15 and goalDifference=2: Relationship[3535]
Processing entry 1768 of 4135
1995-11-15 NLD:NOR 3
Node for team NLD already exists: Node[15]
Node for team NOR already exists: Node[26]
Created relationship NLD->NOR with date=1995-11-15 and goalDifference=3: Relationship[3536]
Created relationship NOR->NLD with date=1995-11-15 and goalDifference=3: Relationship[3537]
Processing entry 1769 of 4135
1995-11-15 PRT:IRL 3
Node for team PRT already exists: Node[38]
Node for team IRL already exists: Node[35]
Created relationship PRT->IRL with date=1995-11-15 and goalDifference=3: Relationship[3538]
Created relationship IRL->PRT with date=1995-11-15 and goalDifference=3: Relationship[3539]
Processing entry 1770 of 4135
1995-11-15 RUS:FIN 2
Node for team RUS already exists: Node[70]
Node for team FIN already exists: Node[46]
Created relationship RUS->FIN with date=1995-11-15 and goalDifference=2: Relationship[3540]
Created relationship FIN->RUS with date=1995-11-15 and goalDifference=2: Relationship[3541]
Processing entry 1771 of 4135
1995-11-15 SCO:SMR 5
Node for team SCO already exists: Node[28]
Node for team SMR already exists: Node[67]
Created relationship SCO->SMR with date=1995-11-15 and goalDifference=5: Relationship[3542]
Created relationship SMR->SCO with date=1995-11-15 and goalDifference=5: Relationship[3543]
Processing entry 1772 of 4135
1995-11-15 SVK:ROU -2
Node for team SVK already exists: Node[82]
Node for team ROU already exists: Node[4]
Created relationship SVK->ROU with date=1995-11-15 and goalDifference=-2: Relationship[3544]
Created relationship ROU->SVK with date=1995-11-15 and goalDifference=-2: Relationship[3545]
Processing entry 1773 of 4135
1995-11-15 SVN:HRV -1
Node for team SVN already exists: Node[83]
Node for team HRV already exists: Node[73]
Created relationship SVN->HRV with date=1995-11-15 and goalDifference=-1: Relationship[3546]
Created relationship HRV->SVN with date=1995-11-15 and goalDifference=-1: Relationship[3547]
Processing entry 1774 of 4135
1995-11-15 SWE:TUR 0
Node for team SWE already exists: Node[22]
Node for team TUR already exists: Node[29]
Created relationship SWE->TUR with date=1995-11-15 and goalDifference=0: Relationship[3548]
Created relationship TUR->SWE with date=1995-11-15 and goalDifference=0: Relationship[3549]
Processing entry 1775 of 4135
1995-11-17 SLB:TAH -1
Created new node for team SLB: Node[87]
Created new node for team TAH: Node[88]
Created relationship SLB->TAH with date=1995-11-17 and goalDifference=-1: Relationship[3550]
Created relationship TAH->SLB with date=1995-11-17 and goalDifference=-1: Relationship[3551]
Processing entry 1776 of 4135
1995-12-13 NLD:IRL 2
Node for team NLD already exists: Node[15]
Node for team IRL already exists: Node[35]
Created relationship NLD->IRL with date=1995-12-13 and goalDifference=2: Relationship[3552]
Created relationship IRL->NLD with date=1995-12-13 and goalDifference=2: Relationship[3553]
Processing entry 1777 of 4135
1996-05-11 TAH:SLB 1
Node for team TAH already exists: Node[88]
Node for team SLB already exists: Node[87]
Created relationship TAH->SLB with date=1996-05-11 and goalDifference=1: Relationship[3554]
Created relationship SLB->TAH with date=1996-05-11 and goalDifference=1: Relationship[3555]
Processing entry 1778 of 4135
1996-06-08 ENG:CHE 0
Node for team ENG already exists: Node[27]
Node for team CHE already exists: Node[14]
Created relationship ENG->CHE with date=1996-06-08 and goalDifference=0: Relationship[3556]
Created relationship CHE->ENG with date=1996-06-08 and goalDifference=0: Relationship[3557]
Processing entry 1779 of 4135
1996-06-09 BGR:ESP 0
Node for team BGR already exists: Node[36]
Node for team ESP already exists: Node[18]
Created relationship BGR->ESP with date=1996-06-09 and goalDifference=0: Relationship[3558]
Created relationship ESP->BGR with date=1996-06-09 and goalDifference=0: Relationship[3559]
Processing entry 1780 of 4135
1996-06-09 DEU:CZE 2
Node for team DEU already exists: Node[17]
Node for team CZE already exists: Node[74]
Created relationship DEU->CZE with date=1996-06-09 and goalDifference=2: Relationship[3560]
Created relationship CZE->DEU with date=1996-06-09 and goalDifference=2: Relationship[3561]
Processing entry 1781 of 4135
1996-06-09 DNK:PRT 0
Node for team DNK already exists: Node[39]
Node for team PRT already exists: Node[38]
Created relationship DNK->PRT with date=1996-06-09 and goalDifference=0: Relationship[3562]
Created relationship PRT->DNK with date=1996-06-09 and goalDifference=0: Relationship[3563]
Processing entry 1782 of 4135
1996-06-09 ESP:BGR 0
Node for team ESP already exists: Node[18]
Node for team BGR already exists: Node[36]
Created relationship ESP->BGR with date=1996-06-09 and goalDifference=0: Relationship[3564]
Created relationship BGR->ESP with date=1996-06-09 and goalDifference=0: Relationship[3565]
Processing entry 1783 of 4135
1996-06-10 FRA:ROU 1
Node for team FRA already exists: Node[0]
Node for team ROU already exists: Node[4]
Created relationship FRA->ROU with date=1996-06-10 and goalDifference=1: Relationship[3566]
Created relationship ROU->FRA with date=1996-06-10 and goalDifference=1: Relationship[3567]
Processing entry 1784 of 4135
1996-06-10 NLD:SCO 0
Node for team NLD already exists: Node[15]
Node for team SCO already exists: Node[28]
Created relationship NLD->SCO with date=1996-06-10 and goalDifference=0: Relationship[3568]
Created relationship SCO->NLD with date=1996-06-10 and goalDifference=0: Relationship[3569]
Processing entry 1785 of 4135
1996-06-10 ROU:FRA -1
Node for team ROU already exists: Node[4]
Node for team FRA already exists: Node[0]
Created relationship ROU->FRA with date=1996-06-10 and goalDifference=-1: Relationship[3570]
Created relationship FRA->ROU with date=1996-06-10 and goalDifference=-1: Relationship[3571]
Processing entry 1786 of 4135
1996-06-11 HRV:TUR 1
Node for team HRV already exists: Node[73]
Node for team TUR already exists: Node[29]
Created relationship HRV->TUR with date=1996-06-11 and goalDifference=1: Relationship[3572]
Created relationship TUR->HRV with date=1996-06-11 and goalDifference=1: Relationship[3573]
Processing entry 1787 of 4135
1996-06-11 ITA:RUS 1
Node for team ITA already exists: Node[21]
Node for team RUS already exists: Node[70]
Created relationship ITA->RUS with date=1996-06-11 and goalDifference=1: Relationship[3574]
Created relationship RUS->ITA with date=1996-06-11 and goalDifference=1: Relationship[3575]
Processing entry 1788 of 4135
1996-06-11 TUR:HRV -1
Node for team TUR already exists: Node[29]
Node for team HRV already exists: Node[73]
Created relationship TUR->HRV with date=1996-06-11 and goalDifference=-1: Relationship[3576]
Created relationship HRV->TUR with date=1996-06-11 and goalDifference=-1: Relationship[3577]
Processing entry 1789 of 4135
1996-06-13 BGR:ROU 1
Node for team BGR already exists: Node[36]
Node for team ROU already exists: Node[4]
Created relationship BGR->ROU with date=1996-06-13 and goalDifference=1: Relationship[3578]
Created relationship ROU->BGR with date=1996-06-13 and goalDifference=1: Relationship[3579]
Processing entry 1790 of 4135
1996-06-13 CHE:NLD -2
Node for team CHE already exists: Node[14]
Node for team NLD already exists: Node[15]
Created relationship CHE->NLD with date=1996-06-13 and goalDifference=-2: Relationship[3580]
Created relationship NLD->CHE with date=1996-06-13 and goalDifference=-2: Relationship[3581]
Processing entry 1791 of 4135
1996-06-13 NLD:CHE 2
Node for team NLD already exists: Node[15]
Node for team CHE already exists: Node[14]
Created relationship NLD->CHE with date=1996-06-13 and goalDifference=2: Relationship[3582]
Created relationship CHE->NLD with date=1996-06-13 and goalDifference=2: Relationship[3583]
Processing entry 1792 of 4135
1996-06-14 CZE:ITA 1
Node for team CZE already exists: Node[74]
Node for team ITA already exists: Node[21]
Created relationship CZE->ITA with date=1996-06-14 and goalDifference=1: Relationship[3584]
Created relationship ITA->CZE with date=1996-06-14 and goalDifference=1: Relationship[3585]
Processing entry 1793 of 4135
1996-06-14 PRT:TUR 1
Node for team PRT already exists: Node[38]
Node for team TUR already exists: Node[29]
Created relationship PRT->TUR with date=1996-06-14 and goalDifference=1: Relationship[3586]
Created relationship TUR->PRT with date=1996-06-14 and goalDifference=1: Relationship[3587]
Processing entry 1794 of 4135
1996-06-15 ENG:SCO 2
Node for team ENG already exists: Node[27]
Node for team SCO already exists: Node[28]
Created relationship ENG->SCO with date=1996-06-15 and goalDifference=2: Relationship[3588]
Created relationship SCO->ENG with date=1996-06-15 and goalDifference=2: Relationship[3589]
Processing entry 1795 of 4135
1996-06-15 FRA:ESP 0
Node for team FRA already exists: Node[0]
Node for team ESP already exists: Node[18]
Created relationship FRA->ESP with date=1996-06-15 and goalDifference=0: Relationship[3590]
Created relationship ESP->FRA with date=1996-06-15 and goalDifference=0: Relationship[3591]
Processing entry 1796 of 4135
1996-06-15 SCO:ENG -2
Node for team SCO already exists: Node[28]
Node for team ENG already exists: Node[27]
Created relationship SCO->ENG with date=1996-06-15 and goalDifference=-2: Relationship[3592]
Created relationship ENG->SCO with date=1996-06-15 and goalDifference=-2: Relationship[3593]
Processing entry 1797 of 4135
1996-06-16 DEU:RUS 3
Node for team DEU already exists: Node[17]
Node for team RUS already exists: Node[70]
Created relationship DEU->RUS with date=1996-06-16 and goalDifference=3: Relationship[3594]
Created relationship RUS->DEU with date=1996-06-16 and goalDifference=3: Relationship[3595]
Processing entry 1798 of 4135
1996-06-16 HRV:DNK 3
Node for team HRV already exists: Node[73]
Node for team DNK already exists: Node[39]
Created relationship HRV->DNK with date=1996-06-16 and goalDifference=3: Relationship[3596]
Created relationship DNK->HRV with date=1996-06-16 and goalDifference=3: Relationship[3597]
Processing entry 1799 of 4135
1996-06-16 RUS:DEU -3
Node for team RUS already exists: Node[70]
Node for team DEU already exists: Node[17]
Created relationship RUS->DEU with date=1996-06-16 and goalDifference=-3: Relationship[3598]
Created relationship DEU->RUS with date=1996-06-16 and goalDifference=-3: Relationship[3599]
Processing entry 1800 of 4135
1996-06-18 ENG:NLD 3
Node for team ENG already exists: Node[27]
Node for team NLD already exists: Node[15]
Created relationship ENG->NLD with date=1996-06-18 and goalDifference=3: Relationship[3600]
Created relationship NLD->ENG with date=1996-06-18 and goalDifference=3: Relationship[3601]
Processing entry 1801 of 4135
1996-06-18 ESP:ROU 1
Node for team ESP already exists: Node[18]
Node for team ROU already exists: Node[4]
Created relationship ESP->ROU with date=1996-06-18 and goalDifference=1: Relationship[3602]
Created relationship ROU->ESP with date=1996-06-18 and goalDifference=1: Relationship[3603]
Processing entry 1802 of 4135
1996-06-18 FRA:BGR 2
Node for team FRA already exists: Node[0]
Node for team BGR already exists: Node[36]
Created relationship FRA->BGR with date=1996-06-18 and goalDifference=2: Relationship[3604]
Created relationship BGR->FRA with date=1996-06-18 and goalDifference=2: Relationship[3605]
Processing entry 1803 of 4135
1996-06-18 NLD:ENG -3
Node for team NLD already exists: Node[15]
Node for team ENG already exists: Node[27]
Created relationship NLD->ENG with date=1996-06-18 and goalDifference=-3: Relationship[3606]
Created relationship ENG->NLD with date=1996-06-18 and goalDifference=-3: Relationship[3607]
Processing entry 1804 of 4135
1996-06-18 ROU:ESP -1
Node for team ROU already exists: Node[4]
Node for team ESP already exists: Node[18]
Created relationship ROU->ESP with date=1996-06-18 and goalDifference=-1: Relationship[3608]
Created relationship ESP->ROU with date=1996-06-18 and goalDifference=-1: Relationship[3609]
Processing entry 1805 of 4135
1996-06-18 SCO:CHE 1
Node for team SCO already exists: Node[28]
Node for team CHE already exists: Node[14]
Created relationship SCO->CHE with date=1996-06-18 and goalDifference=1: Relationship[3610]
Created relationship CHE->SCO with date=1996-06-18 and goalDifference=1: Relationship[3611]
Processing entry 1806 of 4135
1996-06-19 CZE:RUS 0
Node for team CZE already exists: Node[74]
Node for team RUS already exists: Node[70]
Created relationship CZE->RUS with date=1996-06-19 and goalDifference=0: Relationship[3612]
Created relationship RUS->CZE with date=1996-06-19 and goalDifference=0: Relationship[3613]
Processing entry 1807 of 4135
1996-06-19 DNK:TUR 3
Node for team DNK already exists: Node[39]
Node for team TUR already exists: Node[29]
Created relationship DNK->TUR with date=1996-06-19 and goalDifference=3: Relationship[3614]
Created relationship TUR->DNK with date=1996-06-19 and goalDifference=3: Relationship[3615]
Processing entry 1808 of 4135
1996-06-19 HRV:PRT -3
Node for team HRV already exists: Node[73]
Node for team PRT already exists: Node[38]
Created relationship HRV->PRT with date=1996-06-19 and goalDifference=-3: Relationship[3616]
Created relationship PRT->HRV with date=1996-06-19 and goalDifference=-3: Relationship[3617]
Processing entry 1809 of 4135
1996-06-19 ITA:DEU 0
Node for team ITA already exists: Node[21]
Node for team DEU already exists: Node[17]
Created relationship ITA->DEU with date=1996-06-19 and goalDifference=0: Relationship[3618]
Created relationship DEU->ITA with date=1996-06-19 and goalDifference=0: Relationship[3619]
Processing entry 1810 of 4135
1996-06-19 PRT:HRV 3
Node for team PRT already exists: Node[38]
Node for team HRV already exists: Node[73]
Created relationship PRT->HRV with date=1996-06-19 and goalDifference=3: Relationship[3620]
Created relationship HRV->PRT with date=1996-06-19 and goalDifference=3: Relationship[3621]
Processing entry 1811 of 4135
1996-06-19 RUS:CZE 0
Node for team RUS already exists: Node[70]
Node for team CZE already exists: Node[74]
Created relationship RUS->CZE with date=1996-06-19 and goalDifference=0: Relationship[3622]
Created relationship CZE->RUS with date=1996-06-19 and goalDifference=0: Relationship[3623]
Processing entry 1812 of 4135
1996-06-19 TUR:DNK -3
Node for team TUR already exists: Node[29]
Node for team DNK already exists: Node[39]
Created relationship TUR->DNK with date=1996-06-19 and goalDifference=-3: Relationship[3624]
Created relationship DNK->TUR with date=1996-06-19 and goalDifference=-3: Relationship[3625]
Processing entry 1813 of 4135
1996-06-22 ENG:ESP 0
Node for team ENG already exists: Node[27]
Node for team ESP already exists: Node[18]
Created relationship ENG->ESP with date=1996-06-22 and goalDifference=0: Relationship[3626]
Created relationship ESP->ENG with date=1996-06-22 and goalDifference=0: Relationship[3627]
Processing entry 1814 of 4135
1996-06-22 ESP:ENG 0
Node for team ESP already exists: Node[18]
Node for team ENG already exists: Node[27]
Created relationship ESP->ENG with date=1996-06-22 and goalDifference=0: Relationship[3628]
Created relationship ENG->ESP with date=1996-06-22 and goalDifference=0: Relationship[3629]
Processing entry 1815 of 4135
1996-06-22 FRA:NLD 0
Node for team FRA already exists: Node[0]
Node for team NLD already exists: Node[15]
Created relationship FRA->NLD with date=1996-06-22 and goalDifference=0: Relationship[3630]
Created relationship NLD->FRA with date=1996-06-22 and goalDifference=0: Relationship[3631]
Processing entry 1816 of 4135
1996-06-23 CZE:PRT 1
Node for team CZE already exists: Node[74]
Node for team PRT already exists: Node[38]
Created relationship CZE->PRT with date=1996-06-23 and goalDifference=1: Relationship[3632]
Created relationship PRT->CZE with date=1996-06-23 and goalDifference=1: Relationship[3633]
Processing entry 1817 of 4135
1996-06-23 DEU:HRV 1
Node for team DEU already exists: Node[17]
Node for team HRV already exists: Node[73]
Created relationship DEU->HRV with date=1996-06-23 and goalDifference=1: Relationship[3634]
Created relationship HRV->DEU with date=1996-06-23 and goalDifference=1: Relationship[3635]
Processing entry 1818 of 4135
1996-06-26 CZE:FRA 0
Node for team CZE already exists: Node[74]
Node for team FRA already exists: Node[0]
Created relationship CZE->FRA with date=1996-06-26 and goalDifference=0: Relationship[3636]
Created relationship FRA->CZE with date=1996-06-26 and goalDifference=0: Relationship[3637]
Processing entry 1819 of 4135
1996-06-26 DEU:ENG 0
Node for team DEU already exists: Node[17]
Node for team ENG already exists: Node[27]
Created relationship DEU->ENG with date=1996-06-26 and goalDifference=0: Relationship[3638]
Created relationship ENG->DEU with date=1996-06-26 and goalDifference=0: Relationship[3639]
Processing entry 1820 of 4135
1996-06-26 ENG:DEU 0
Node for team ENG already exists: Node[27]
Node for team DEU already exists: Node[17]
Created relationship ENG->DEU with date=1996-06-26 and goalDifference=0: Relationship[3640]
Created relationship DEU->ENG with date=1996-06-26 and goalDifference=0: Relationship[3641]
Processing entry 1821 of 4135
1996-06-30 DEU:CZE 1
Node for team DEU already exists: Node[17]
Node for team CZE already exists: Node[74]
Created relationship DEU->CZE with date=1996-06-30 and goalDifference=1: Relationship[3642]
Created relationship CZE->DEU with date=1996-06-30 and goalDifference=1: Relationship[3643]
Processing entry 1822 of 4135
1996-10-27 TAH:AUS -6
Node for team TAH already exists: Node[88]
Node for team AUS already exists: Node[52]
Created relationship TAH->AUS with date=1996-10-27 and goalDifference=-6: Relationship[3644]
Created relationship AUS->TAH with date=1996-10-27 and goalDifference=-6: Relationship[3645]
Processing entry 1823 of 4135
1996-11-01 AUS:TAH 5
Node for team AUS already exists: Node[52]
Node for team TAH already exists: Node[88]
Created relationship AUS->TAH with date=1996-11-01 and goalDifference=5: Relationship[3646]
Created relationship TAH->AUS with date=1996-11-01 and goalDifference=5: Relationship[3647]
Processing entry 1824 of 4135
1997-12-12 MEX:AUS -2
Node for team MEX already exists: Node[1]
Node for team AUS already exists: Node[52]
Created relationship MEX->AUS with date=1997-12-12 and goalDifference=-2: Relationship[3648]
Created relationship AUS->MEX with date=1997-12-12 and goalDifference=-2: Relationship[3649]
Processing entry 1825 of 4135
1997-12-14 AUS:BRA 0
Node for team AUS already exists: Node[52]
Node for team BRA already exists: Node[7]
Created relationship AUS->BRA with date=1997-12-14 and goalDifference=0: Relationship[3650]
Created relationship BRA->AUS with date=1997-12-14 and goalDifference=0: Relationship[3651]
Processing entry 1826 of 4135
1997-12-16 BRA:MEX 1
Node for team BRA already exists: Node[7]
Node for team MEX already exists: Node[1]
Created relationship BRA->MEX with date=1997-12-16 and goalDifference=1: Relationship[3652]
Created relationship MEX->BRA with date=1997-12-16 and goalDifference=1: Relationship[3653]
Processing entry 1827 of 4135
1997-12-19 BRA:CZE 2
Node for team BRA already exists: Node[7]
Node for team CZE already exists: Node[74]
Created relationship BRA->CZE with date=1997-12-19 and goalDifference=2: Relationship[3654]
Created relationship CZE->BRA with date=1997-12-19 and goalDifference=2: Relationship[3655]
Processing entry 1828 of 4135
1997-12-19 URY:AUS -1
Node for team URY already exists: Node[12]
Node for team AUS already exists: Node[52]
Created relationship URY->AUS with date=1997-12-19 and goalDifference=-1: Relationship[3656]
Created relationship AUS->URY with date=1997-12-19 and goalDifference=-1: Relationship[3657]
Processing entry 1829 of 4135
1997-12-21 BRA:AUS 6
Node for team BRA already exists: Node[7]
Node for team AUS already exists: Node[52]
Created relationship BRA->AUS with date=1997-12-21 and goalDifference=6: Relationship[3658]
Created relationship AUS->BRA with date=1997-12-21 and goalDifference=6: Relationship[3659]
Processing entry 1830 of 4135
1997-12-21 CZE:URY 1
Node for team CZE already exists: Node[74]
Node for team URY already exists: Node[12]
Created relationship CZE->URY with date=1997-12-21 and goalDifference=1: Relationship[3660]
Created relationship URY->CZE with date=1997-12-21 and goalDifference=1: Relationship[3661]
Processing entry 1831 of 4135
1998-02-17 MAR:EGY 1
Node for team MAR already exists: Node[50]
Node for team EGY already exists: Node[20]
Created relationship MAR->EGY with date=1998-02-17 and goalDifference=1: Relationship[3662]
Created relationship EGY->MAR with date=1998-02-17 and goalDifference=1: Relationship[3663]
Processing entry 1832 of 4135
1998-02-28 ZAF:EGY -2
Created new node for team ZAF: Node[89]
Node for team EGY already exists: Node[20]
Created relationship ZAF->EGY with date=1998-02-28 and goalDifference=-2: Relationship[3664]
Created relationship EGY->ZAF with date=1998-02-28 and goalDifference=-2: Relationship[3665]
Processing entry 1833 of 4135
1998-06-04 EST:FRO 5
Node for team EST already exists: Node[72]
Node for team FRO already exists: Node[66]
Created relationship EST->FRO with date=1998-06-04 and goalDifference=5: Relationship[3666]
Created relationship FRO->EST with date=1998-06-04 and goalDifference=5: Relationship[3667]
Processing entry 1834 of 4135
1998-06-10 BRA:SCO 1
Node for team BRA already exists: Node[7]
Node for team SCO already exists: Node[28]
Created relationship BRA->SCO with date=1998-06-10 and goalDifference=1: Relationship[3668]
Created relationship SCO->BRA with date=1998-06-10 and goalDifference=1: Relationship[3669]
Processing entry 1835 of 4135
1998-06-10 MAR:NOR 0
Node for team MAR already exists: Node[50]
Node for team NOR already exists: Node[26]
Created relationship MAR->NOR with date=1998-06-10 and goalDifference=0: Relationship[3670]
Created relationship NOR->MAR with date=1998-06-10 and goalDifference=0: Relationship[3671]
Processing entry 1836 of 4135
1998-06-11 CMR:AUT 0
Node for team CMR already exists: Node[56]
Node for team AUT already exists: Node[13]
Created relationship CMR->AUT with date=1998-06-11 and goalDifference=0: Relationship[3672]
Created relationship AUT->CMR with date=1998-06-11 and goalDifference=0: Relationship[3673]
Processing entry 1837 of 4135
1998-06-11 ITA:CHL 0
Node for team ITA already exists: Node[21]
Node for team CHL already exists: Node[9]
Created relationship ITA->CHL with date=1998-06-11 and goalDifference=0: Relationship[3674]
Created relationship CHL->ITA with date=1998-06-11 and goalDifference=0: Relationship[3675]
Processing entry 1838 of 4135
1998-06-12 FRA:ZAF 3
Node for team FRA already exists: Node[0]
Node for team ZAF already exists: Node[89]
Created relationship FRA->ZAF with date=1998-06-12 and goalDifference=3: Relationship[3676]
Created relationship ZAF->FRA with date=1998-06-12 and goalDifference=3: Relationship[3677]
Processing entry 1839 of 4135
1998-06-12 PRY:BGR 0
Node for team PRY already exists: Node[10]
Node for team BGR already exists: Node[36]
Created relationship PRY->BGR with date=1998-06-12 and goalDifference=0: Relationship[3678]
Created relationship BGR->PRY with date=1998-06-12 and goalDifference=0: Relationship[3679]
Processing entry 1840 of 4135
1998-06-12 SAU:DNK -1
Node for team SAU already exists: Node[68]
Node for team DNK already exists: Node[39]
Created relationship SAU->DNK with date=1998-06-12 and goalDifference=-1: Relationship[3680]
Created relationship DNK->SAU with date=1998-06-12 and goalDifference=-1: Relationship[3681]
Processing entry 1841 of 4135
1998-06-13 ESP:NGA -1
Node for team ESP already exists: Node[18]
Node for team NGA already exists: Node[71]
Created relationship ESP->NGA with date=1998-06-13 and goalDifference=-1: Relationship[3682]
Created relationship NGA->ESP with date=1998-06-13 and goalDifference=-1: Relationship[3683]
Processing entry 1842 of 4135
1998-06-13 KOR:MEX -2
Node for team KOR already exists: Node[30]
Node for team MEX already exists: Node[1]
Created relationship KOR->MEX with date=1998-06-13 and goalDifference=-2: Relationship[3684]
Created relationship MEX->KOR with date=1998-06-13 and goalDifference=-2: Relationship[3685]
Processing entry 1843 of 4135
1998-06-13 NLD:BEL 0
Node for team NLD already exists: Node[15]
Node for team BEL already exists: Node[3]
Created relationship NLD->BEL with date=1998-06-13 and goalDifference=0: Relationship[3686]
Created relationship BEL->NLD with date=1998-06-13 and goalDifference=0: Relationship[3687]
Processing entry 1844 of 4135
1998-06-14 ARG:JPN 1
Node for team ARG already exists: Node[8]
Node for team JPN already exists: Node[86]
Created relationship ARG->JPN with date=1998-06-14 and goalDifference=1: Relationship[3688]
Created relationship JPN->ARG with date=1998-06-14 and goalDifference=1: Relationship[3689]
Processing entry 1845 of 4135
1998-06-14 JAM:HRV -2
Created new node for team JAM: Node[90]
Node for team HRV already exists: Node[73]
Created relationship JAM->HRV with date=1998-06-14 and goalDifference=-2: Relationship[3690]
Created relationship HRV->JAM with date=1998-06-14 and goalDifference=-2: Relationship[3691]
Processing entry 1846 of 4135
1998-06-14 YUG:IRN 1
Node for team YUG already exists: Node[6]
Node for team IRN already exists: Node[55]
Created relationship YUG->IRN with date=1998-06-14 and goalDifference=1: Relationship[3692]
Created relationship IRN->YUG with date=1998-06-14 and goalDifference=1: Relationship[3693]
Processing entry 1847 of 4135
1998-06-15 DEU:USA 2
Node for team DEU already exists: Node[17]
Node for team USA already exists: Node[2]
Created relationship DEU->USA with date=1998-06-15 and goalDifference=2: Relationship[3694]
Created relationship USA->DEU with date=1998-06-15 and goalDifference=2: Relationship[3695]
Processing entry 1848 of 4135
1998-06-15 ENG:TUN 2
Node for team ENG already exists: Node[27]
Node for team TUN already exists: Node[54]
Created relationship ENG->TUN with date=1998-06-15 and goalDifference=2: Relationship[3696]
Created relationship TUN->ENG with date=1998-06-15 and goalDifference=2: Relationship[3697]
Processing entry 1849 of 4135
1998-06-15 ROU:COL 1
Node for team ROU already exists: Node[4]
Node for team COL already exists: Node[40]
Created relationship ROU->COL with date=1998-06-15 and goalDifference=1: Relationship[3698]
Created relationship COL->ROU with date=1998-06-15 and goalDifference=1: Relationship[3699]
Processing entry 1850 of 4135
1998-06-16 BRA:MAR 3
Node for team BRA already exists: Node[7]
Node for team MAR already exists: Node[50]
Created relationship BRA->MAR with date=1998-06-16 and goalDifference=3: Relationship[3700]
Created relationship MAR->BRA with date=1998-06-16 and goalDifference=3: Relationship[3701]
Processing entry 1851 of 4135
1998-06-16 SCO:NOR 0
Node for team SCO already exists: Node[28]
Node for team NOR already exists: Node[26]
Created relationship SCO->NOR with date=1998-06-16 and goalDifference=0: Relationship[3702]
Created relationship NOR->SCO with date=1998-06-16 and goalDifference=0: Relationship[3703]
Processing entry 1852 of 4135
1998-06-17 CHL:AUT 0
Node for team CHL already exists: Node[9]
Node for team AUT already exists: Node[13]
Created relationship CHL->AUT with date=1998-06-17 and goalDifference=0: Relationship[3704]
Created relationship AUT->CHL with date=1998-06-17 and goalDifference=0: Relationship[3705]
Processing entry 1853 of 4135
1998-06-17 ITA:CMR 3
Node for team ITA already exists: Node[21]
Node for team CMR already exists: Node[56]
Created relationship ITA->CMR with date=1998-06-17 and goalDifference=3: Relationship[3706]
Created relationship CMR->ITA with date=1998-06-17 and goalDifference=3: Relationship[3707]
Processing entry 1854 of 4135
1998-06-18 FRA:SAU 4
Node for team FRA already exists: Node[0]
Node for team SAU already exists: Node[68]
Created relationship FRA->SAU with date=1998-06-18 and goalDifference=4: Relationship[3708]
Created relationship SAU->FRA with date=1998-06-18 and goalDifference=4: Relationship[3709]
Processing entry 1855 of 4135
1998-06-18 ZAF:DNK 0
Node for team ZAF already exists: Node[89]
Node for team DNK already exists: Node[39]
Created relationship ZAF->DNK with date=1998-06-18 and goalDifference=0: Relationship[3710]
Created relationship DNK->ZAF with date=1998-06-18 and goalDifference=0: Relationship[3711]
Processing entry 1856 of 4135
1998-06-19 ESP:PRY 0
Node for team ESP already exists: Node[18]
Node for team PRY already exists: Node[10]
Created relationship ESP->PRY with date=1998-06-19 and goalDifference=0: Relationship[3712]
Created relationship PRY->ESP with date=1998-06-19 and goalDifference=0: Relationship[3713]
Processing entry 1857 of 4135
1998-06-19 NGA:BGR 1
Node for team NGA already exists: Node[71]
Node for team BGR already exists: Node[36]
Created relationship NGA->BGR with date=1998-06-19 and goalDifference=1: Relationship[3714]
Created relationship BGR->NGA with date=1998-06-19 and goalDifference=1: Relationship[3715]
Processing entry 1858 of 4135
1998-06-20 BEL:MEX 0
Node for team BEL already exists: Node[3]
Node for team MEX already exists: Node[1]
Created relationship BEL->MEX with date=1998-06-20 and goalDifference=0: Relationship[3716]
Created relationship MEX->BEL with date=1998-06-20 and goalDifference=0: Relationship[3717]
Processing entry 1859 of 4135
1998-06-20 JPN:HRV -1
Node for team JPN already exists: Node[86]
Node for team HRV already exists: Node[73]
Created relationship JPN->HRV with date=1998-06-20 and goalDifference=-1: Relationship[3718]
Created relationship HRV->JPN with date=1998-06-20 and goalDifference=-1: Relationship[3719]
Processing entry 1860 of 4135
1998-06-20 NLD:KOR 5
Node for team NLD already exists: Node[15]
Node for team KOR already exists: Node[30]
Created relationship NLD->KOR with date=1998-06-20 and goalDifference=5: Relationship[3720]
Created relationship KOR->NLD with date=1998-06-20 and goalDifference=5: Relationship[3721]
Processing entry 1861 of 4135
1998-06-21 ARG:JAM 5
Node for team ARG already exists: Node[8]
Node for team JAM already exists: Node[90]
Created relationship ARG->JAM with date=1998-06-21 and goalDifference=5: Relationship[3722]
Created relationship JAM->ARG with date=1998-06-21 and goalDifference=5: Relationship[3723]
Processing entry 1862 of 4135
1998-06-21 DEU:YUG 0
Node for team DEU already exists: Node[17]
Node for team YUG already exists: Node[6]
Created relationship DEU->YUG with date=1998-06-21 and goalDifference=0: Relationship[3724]
Created relationship YUG->DEU with date=1998-06-21 and goalDifference=0: Relationship[3725]
Processing entry 1863 of 4135
1998-06-21 USA:IRN -1
Node for team USA already exists: Node[2]
Node for team IRN already exists: Node[55]
Created relationship USA->IRN with date=1998-06-21 and goalDifference=-1: Relationship[3726]
Created relationship IRN->USA with date=1998-06-21 and goalDifference=-1: Relationship[3727]
Processing entry 1864 of 4135
1998-06-22 COL:TUN 1
Node for team COL already exists: Node[40]
Node for team TUN already exists: Node[54]
Created relationship COL->TUN with date=1998-06-22 and goalDifference=1: Relationship[3728]
Created relationship TUN->COL with date=1998-06-22 and goalDifference=1: Relationship[3729]
Processing entry 1865 of 4135
1998-06-22 ROU:ENG 1
Node for team ROU already exists: Node[4]
Node for team ENG already exists: Node[27]
Created relationship ROU->ENG with date=1998-06-22 and goalDifference=1: Relationship[3730]
Created relationship ENG->ROU with date=1998-06-22 and goalDifference=1: Relationship[3731]
Processing entry 1866 of 4135
1998-06-23 BRA:NOR -1
Node for team BRA already exists: Node[7]
Node for team NOR already exists: Node[26]
Created relationship BRA->NOR with date=1998-06-23 and goalDifference=-1: Relationship[3732]
Created relationship NOR->BRA with date=1998-06-23 and goalDifference=-1: Relationship[3733]
Processing entry 1867 of 4135
1998-06-23 CHL:CMR 0
Node for team CHL already exists: Node[9]
Node for team CMR already exists: Node[56]
Created relationship CHL->CMR with date=1998-06-23 and goalDifference=0: Relationship[3734]
Created relationship CMR->CHL with date=1998-06-23 and goalDifference=0: Relationship[3735]
Processing entry 1868 of 4135
1998-06-23 ITA:AUT 1
Node for team ITA already exists: Node[21]
Node for team AUT already exists: Node[13]
Created relationship ITA->AUT with date=1998-06-23 and goalDifference=1: Relationship[3736]
Created relationship AUT->ITA with date=1998-06-23 and goalDifference=1: Relationship[3737]
Processing entry 1869 of 4135
1998-06-23 SCO:MAR -3
Node for team SCO already exists: Node[28]
Node for team MAR already exists: Node[50]
Created relationship SCO->MAR with date=1998-06-23 and goalDifference=-3: Relationship[3738]
Created relationship MAR->SCO with date=1998-06-23 and goalDifference=-3: Relationship[3739]
Processing entry 1870 of 4135
1998-06-24 ESP:BGR 5
Node for team ESP already exists: Node[18]
Node for team BGR already exists: Node[36]
Created relationship ESP->BGR with date=1998-06-24 and goalDifference=5: Relationship[3740]
Created relationship BGR->ESP with date=1998-06-24 and goalDifference=5: Relationship[3741]
Processing entry 1871 of 4135
1998-06-24 FRA:DNK 1
Node for team FRA already exists: Node[0]
Node for team DNK already exists: Node[39]
Created relationship FRA->DNK with date=1998-06-24 and goalDifference=1: Relationship[3742]
Created relationship DNK->FRA with date=1998-06-24 and goalDifference=1: Relationship[3743]
Processing entry 1872 of 4135
1998-06-24 NGA:PRY -2
Node for team NGA already exists: Node[71]
Node for team PRY already exists: Node[10]
Created relationship NGA->PRY with date=1998-06-24 and goalDifference=-2: Relationship[3744]
Created relationship PRY->NGA with date=1998-06-24 and goalDifference=-2: Relationship[3745]
Processing entry 1873 of 4135
1998-06-24 ZAF:SAU 0
Node for team ZAF already exists: Node[89]
Node for team SAU already exists: Node[68]
Created relationship ZAF->SAU with date=1998-06-24 and goalDifference=0: Relationship[3746]
Created relationship SAU->ZAF with date=1998-06-24 and goalDifference=0: Relationship[3747]
Processing entry 1874 of 4135
1998-06-25 BEL:KOR 0
Node for team BEL already exists: Node[3]
Node for team KOR already exists: Node[30]
Created relationship BEL->KOR with date=1998-06-25 and goalDifference=0: Relationship[3748]
Created relationship KOR->BEL with date=1998-06-25 and goalDifference=0: Relationship[3749]
Processing entry 1875 of 4135
1998-06-25 DEU:IRN 2
Node for team DEU already exists: Node[17]
Node for team IRN already exists: Node[55]
Created relationship DEU->IRN with date=1998-06-25 and goalDifference=2: Relationship[3750]
Created relationship IRN->DEU with date=1998-06-25 and goalDifference=2: Relationship[3751]
Processing entry 1876 of 4135
1998-06-25 NLD:MEX 0
Node for team NLD already exists: Node[15]
Node for team MEX already exists: Node[1]
Created relationship NLD->MEX with date=1998-06-25 and goalDifference=0: Relationship[3752]
Created relationship MEX->NLD with date=1998-06-25 and goalDifference=0: Relationship[3753]
Processing entry 1877 of 4135
1998-06-25 USA:YUG -1
Node for team USA already exists: Node[2]
Node for team YUG already exists: Node[6]
Created relationship USA->YUG with date=1998-06-25 and goalDifference=-1: Relationship[3754]
Created relationship YUG->USA with date=1998-06-25 and goalDifference=-1: Relationship[3755]
Processing entry 1878 of 4135
1998-06-26 ARG:HRV 1
Node for team ARG already exists: Node[8]
Node for team HRV already exists: Node[73]
Created relationship ARG->HRV with date=1998-06-26 and goalDifference=1: Relationship[3756]
Created relationship HRV->ARG with date=1998-06-26 and goalDifference=1: Relationship[3757]
Processing entry 1879 of 4135
1998-06-26 COL:ENG -2
Node for team COL already exists: Node[40]
Node for team ENG already exists: Node[27]
Created relationship COL->ENG with date=1998-06-26 and goalDifference=-2: Relationship[3758]
Created relationship ENG->COL with date=1998-06-26 and goalDifference=-2: Relationship[3759]
Processing entry 1880 of 4135
1998-06-26 JPN:JAM -1
Node for team JPN already exists: Node[86]
Node for team JAM already exists: Node[90]
Created relationship JPN->JAM with date=1998-06-26 and goalDifference=-1: Relationship[3760]
Created relationship JAM->JPN with date=1998-06-26 and goalDifference=-1: Relationship[3761]
Processing entry 1881 of 4135
1998-06-26 ROU:TUN 0
Node for team ROU already exists: Node[4]
Node for team TUN already exists: Node[54]
Created relationship ROU->TUN with date=1998-06-26 and goalDifference=0: Relationship[3762]
Created relationship TUN->ROU with date=1998-06-26 and goalDifference=0: Relationship[3763]
Processing entry 1882 of 4135
1998-06-27 BRA:CHL 3
Node for team BRA already exists: Node[7]
Node for team CHL already exists: Node[9]
Created relationship BRA->CHL with date=1998-06-27 and goalDifference=3: Relationship[3764]
Created relationship CHL->BRA with date=1998-06-27 and goalDifference=3: Relationship[3765]
Processing entry 1883 of 4135
1998-06-27 ITA:NOR 1
Node for team ITA already exists: Node[21]
Node for team NOR already exists: Node[26]
Created relationship ITA->NOR with date=1998-06-27 and goalDifference=1: Relationship[3766]
Created relationship NOR->ITA with date=1998-06-27 and goalDifference=1: Relationship[3767]
Processing entry 1884 of 4135
1998-06-28 FRA:PRY 1
Node for team FRA already exists: Node[0]
Node for team PRY already exists: Node[10]
Created relationship FRA->PRY with date=1998-06-28 and goalDifference=1: Relationship[3768]
Created relationship PRY->FRA with date=1998-06-28 and goalDifference=1: Relationship[3769]
Processing entry 1885 of 4135
1998-06-28 NGA:DNK -3
Node for team NGA already exists: Node[71]
Node for team DNK already exists: Node[39]
Created relationship NGA->DNK with date=1998-06-28 and goalDifference=-3: Relationship[3770]
Created relationship DNK->NGA with date=1998-06-28 and goalDifference=-3: Relationship[3771]
Processing entry 1886 of 4135
1998-06-29 DEU:MEX 1
Node for team DEU already exists: Node[17]
Node for team MEX already exists: Node[1]
Created relationship DEU->MEX with date=1998-06-29 and goalDifference=1: Relationship[3772]
Created relationship MEX->DEU with date=1998-06-29 and goalDifference=1: Relationship[3773]
Processing entry 1887 of 4135
1998-06-29 NLD:YUG 1
Node for team NLD already exists: Node[15]
Node for team YUG already exists: Node[6]
Created relationship NLD->YUG with date=1998-06-29 and goalDifference=1: Relationship[3774]
Created relationship YUG->NLD with date=1998-06-29 and goalDifference=1: Relationship[3775]
Processing entry 1888 of 4135
1998-06-30 ARG:ENG 0
Node for team ARG already exists: Node[8]
Node for team ENG already exists: Node[27]
Created relationship ARG->ENG with date=1998-06-30 and goalDifference=0: Relationship[3776]
Created relationship ENG->ARG with date=1998-06-30 and goalDifference=0: Relationship[3777]
Processing entry 1889 of 4135
1998-06-30 ROU:HRV -1
Node for team ROU already exists: Node[4]
Node for team HRV already exists: Node[73]
Created relationship ROU->HRV with date=1998-06-30 and goalDifference=-1: Relationship[3778]
Created relationship HRV->ROU with date=1998-06-30 and goalDifference=-1: Relationship[3779]
Processing entry 1890 of 4135
1998-07-03 BRA:DNK 1
Node for team BRA already exists: Node[7]
Node for team DNK already exists: Node[39]
Created relationship BRA->DNK with date=1998-07-03 and goalDifference=1: Relationship[3780]
Created relationship DNK->BRA with date=1998-07-03 and goalDifference=1: Relationship[3781]
Processing entry 1891 of 4135
1998-07-03 FRA:ITA 1
Node for team FRA already exists: Node[0]
Node for team ITA already exists: Node[21]
Created relationship FRA->ITA with date=1998-07-03 and goalDifference=1: Relationship[3782]
Created relationship ITA->FRA with date=1998-07-03 and goalDifference=1: Relationship[3783]
Processing entry 1892 of 4135
1998-07-03 ITA:FRA 0
Node for team ITA already exists: Node[21]
Node for team FRA already exists: Node[0]
Created relationship ITA->FRA with date=1998-07-03 and goalDifference=0: Relationship[3784]
Created relationship FRA->ITA with date=1998-07-03 and goalDifference=0: Relationship[3785]
Processing entry 1893 of 4135
1998-07-04 DEU:HRV -3
Node for team DEU already exists: Node[17]
Node for team HRV already exists: Node[73]
Created relationship DEU->HRV with date=1998-07-04 and goalDifference=-3: Relationship[3786]
Created relationship HRV->DEU with date=1998-07-04 and goalDifference=-3: Relationship[3787]
Processing entry 1894 of 4135
1998-07-04 NLD:ARG 1
Node for team NLD already exists: Node[15]
Node for team ARG already exists: Node[8]
Created relationship NLD->ARG with date=1998-07-04 and goalDifference=1: Relationship[3788]
Created relationship ARG->NLD with date=1998-07-04 and goalDifference=1: Relationship[3789]
Processing entry 1895 of 4135
1998-07-07 BRA:NLD 0
Node for team BRA already exists: Node[7]
Node for team NLD already exists: Node[15]
Created relationship BRA->NLD with date=1998-07-07 and goalDifference=0: Relationship[3790]
Created relationship NLD->BRA with date=1998-07-07 and goalDifference=0: Relationship[3791]
Processing entry 1896 of 4135
1998-07-08 FRA:HRV 1
Node for team FRA already exists: Node[0]
Node for team HRV already exists: Node[73]
Created relationship FRA->HRV with date=1998-07-08 and goalDifference=1: Relationship[3792]
Created relationship HRV->FRA with date=1998-07-08 and goalDifference=1: Relationship[3793]
Processing entry 1897 of 4135
1998-07-11 NLD:HRV -1
Node for team NLD already exists: Node[15]
Node for team HRV already exists: Node[73]
Created relationship NLD->HRV with date=1998-07-11 and goalDifference=-1: Relationship[3794]
Created relationship HRV->NLD with date=1998-07-11 and goalDifference=-1: Relationship[3795]
Processing entry 1898 of 4135
1998-07-12 BRA:FRA -3
Node for team BRA already exists: Node[7]
Node for team FRA already exists: Node[0]
Created relationship BRA->FRA with date=1998-07-12 and goalDifference=-3: Relationship[3796]
Created relationship FRA->BRA with date=1998-07-12 and goalDifference=-3: Relationship[3797]
Processing entry 1899 of 4135
1998-08-19 BIH:FRO 1
Created new node for team BIH: Node[91]
Node for team FRO already exists: Node[66]
Created relationship BIH->FRO with date=1998-08-19 and goalDifference=1: Relationship[3798]
Created relationship FRO->BIH with date=1998-08-19 and goalDifference=1: Relationship[3799]
Processing entry 1900 of 4135
1998-09-02 ROU:LIE 7
Node for team ROU already exists: Node[4]
Node for team LIE already exists: Node[69]
Created relationship ROU->LIE with date=1998-09-02 and goalDifference=7: Relationship[3800]
Created relationship LIE->ROU with date=1998-09-02 and goalDifference=7: Relationship[3801]
Processing entry 1901 of 4135
1998-09-05 ARM:AND 2
Node for team ARM already exists: Node[75]
Created new node for team AND: Node[92]
Created relationship ARM->AND with date=1998-09-05 and goalDifference=2: Relationship[3802]
Created relationship AND->ARM with date=1998-09-05 and goalDifference=2: Relationship[3803]
Processing entry 1902 of 4135
1998-09-05 AUT:ISR 0
Node for team AUT already exists: Node[13]
Node for team ISR already exists: Node[48]
Created relationship AUT->ISR with date=1998-09-05 and goalDifference=0: Relationship[3804]
Created relationship ISR->AUT with date=1998-09-05 and goalDifference=0: Relationship[3805]
Processing entry 1903 of 4135
1998-09-05 BIH:EST 0
Node for team BIH already exists: Node[91]
Node for team EST already exists: Node[72]
Created relationship BIH->EST with date=1998-09-05 and goalDifference=0: Relationship[3806]
Created relationship EST->BIH with date=1998-09-05 and goalDifference=0: Relationship[3807]
Processing entry 1904 of 4135
1998-09-05 BLR:DNK 0
Node for team BLR already exists: Node[80]
Node for team DNK already exists: Node[39]
Created relationship BLR->DNK with date=1998-09-05 and goalDifference=0: Relationship[3808]
Created relationship DNK->BLR with date=1998-09-05 and goalDifference=0: Relationship[3809]
Processing entry 1905 of 4135
1998-09-05 CYP:ESP 1
Node for team CYP already exists: Node[47]
Node for team ESP already exists: Node[18]
Created relationship CYP->ESP with date=1998-09-05 and goalDifference=1: Relationship[3810]
Created relationship ESP->CYP with date=1998-09-05 and goalDifference=1: Relationship[3811]
Processing entry 1906 of 4135
1998-09-05 FIN:MDA 1
Node for team FIN already exists: Node[46]
Node for team MDA already exists: Node[77]
Created relationship FIN->MDA with date=1998-09-05 and goalDifference=1: Relationship[3812]
Created relationship MDA->FIN with date=1998-09-05 and goalDifference=1: Relationship[3813]
Processing entry 1907 of 4135
1998-09-05 GEO:ALB 1
Node for team GEO already exists: Node[76]
Node for team ALB already exists: Node[41]
Created relationship GEO->ALB with date=1998-09-05 and goalDifference=1: Relationship[3814]
Created relationship ALB->GEO with date=1998-09-05 and goalDifference=1: Relationship[3815]
Processing entry 1908 of 4135
1998-09-05 IRL:HRV 2
Node for team IRL already exists: Node[35]
Node for team HRV already exists: Node[73]
Created relationship IRL->HRV with date=1998-09-05 and goalDifference=2: Relationship[3816]
Created relationship HRV->IRL with date=1998-09-05 and goalDifference=2: Relationship[3817]
Processing entry 1909 of 4135
1998-09-05 ISL:FRA 0
Node for team ISL already exists: Node[43]
Node for team FRA already exists: Node[0]
Created relationship ISL->FRA with date=1998-09-05 and goalDifference=0: Relationship[3818]
Created relationship FRA->ISL with date=1998-09-05 and goalDifference=0: Relationship[3819]
Processing entry 1910 of 4135
1998-09-05 LTU:SCO 0
Node for team LTU already exists: Node[85]
Node for team SCO already exists: Node[28]
Created relationship LTU->SCO with date=1998-09-05 and goalDifference=0: Relationship[3820]
Created relationship SCO->LTU with date=1998-09-05 and goalDifference=0: Relationship[3821]
Processing entry 1911 of 4135
1998-09-05 SVK:AZE 3
Node for team SVK already exists: Node[82]
Node for team AZE already exists: Node[81]
Created relationship SVK->AZE with date=1998-09-05 and goalDifference=3: Relationship[3822]
Created relationship AZE->SVK with date=1998-09-05 and goalDifference=3: Relationship[3823]
Processing entry 1912 of 4135
1998-09-05 SWE:ENG 1
Node for team SWE already exists: Node[22]
Node for team ENG already exists: Node[27]
Created relationship SWE->ENG with date=1998-09-05 and goalDifference=1: Relationship[3824]
Created relationship ENG->SWE with date=1998-09-05 and goalDifference=1: Relationship[3825]
Processing entry 1913 of 4135
1998-09-05 TUR:NIR 3
Node for team TUR already exists: Node[29]
Node for team NIR already exists: Node[32]
Created relationship TUR->NIR with date=1998-09-05 and goalDifference=3: Relationship[3826]
Created relationship NIR->TUR with date=1998-09-05 and goalDifference=3: Relationship[3827]
Processing entry 1914 of 4135
1998-09-05 UKR:RUS 1
Node for team UKR already exists: Node[84]
Node for team RUS already exists: Node[70]
Created relationship UKR->RUS with date=1998-09-05 and goalDifference=1: Relationship[3828]
Created relationship RUS->UKR with date=1998-09-05 and goalDifference=1: Relationship[3829]
Processing entry 1915 of 4135
1998-09-05 WAL:ITA -2
Node for team WAL already exists: Node[31]
Node for team ITA already exists: Node[21]
Created relationship WAL->ITA with date=1998-09-05 and goalDifference=-2: Relationship[3830]
Created relationship ITA->WAL with date=1998-09-05 and goalDifference=-2: Relationship[3831]
Processing entry 1916 of 4135
1998-09-06 BGR:POL -3
Node for team BGR already exists: Node[36]
Node for team POL already exists: Node[23]
Created relationship BGR->POL with date=1998-09-06 and goalDifference=-3: Relationship[3832]
Created relationship POL->BGR with date=1998-09-06 and goalDifference=-3: Relationship[3833]
Processing entry 1917 of 4135
1998-09-06 FRO:CZE -1
Node for team FRO already exists: Node[66]
Node for team CZE already exists: Node[74]
Created relationship FRO->CZE with date=1998-09-06 and goalDifference=-1: Relationship[3834]
Created relationship CZE->FRO with date=1998-09-06 and goalDifference=-1: Relationship[3835]
Processing entry 1918 of 4135
1998-09-06 GRC:SVN 0
Node for team GRC already exists: Node[34]
Node for team SVN already exists: Node[83]
Created relationship GRC->SVN with date=1998-09-06 and goalDifference=0: Relationship[3836]
Created relationship SVN->GRC with date=1998-09-06 and goalDifference=0: Relationship[3837]
Processing entry 1919 of 4135
1998-09-06 HUN:PRT -1
Node for team HUN already exists: Node[19]
Node for team PRT already exists: Node[38]
Created relationship HUN->PRT with date=1998-09-06 and goalDifference=-1: Relationship[3838]
Created relationship PRT->HUN with date=1998-09-06 and goalDifference=-1: Relationship[3839]
Processing entry 1920 of 4135
1998-09-06 MKD:MLT 4
Node for team MKD already exists: Node[79]
Node for team MLT already exists: Node[42]
Created relationship MKD->MLT with date=1998-09-06 and goalDifference=4: Relationship[3840]
Created relationship MLT->MKD with date=1998-09-06 and goalDifference=4: Relationship[3841]
Processing entry 1921 of 4135
1998-09-06 NOR:LVA -2
Node for team NOR already exists: Node[26]
Node for team LVA already exists: Node[78]
Created relationship NOR->LVA with date=1998-09-06 and goalDifference=-2: Relationship[3842]
Created relationship LVA->NOR with date=1998-09-06 and goalDifference=-2: Relationship[3843]
Processing entry 1922 of 4135
1998-09-25 AUS:FJI 2
Node for team AUS already exists: Node[52]
Created new node for team FJI: Node[93]
Created relationship AUS->FJI with date=1998-09-25 and goalDifference=2: Relationship[3844]
Created relationship FJI->AUS with date=1998-09-25 and goalDifference=2: Relationship[3845]
Processing entry 1923 of 4135
1998-09-25 NZL:TAH 1
Node for team NZL already exists: Node[57]
Node for team TAH already exists: Node[88]
Created relationship NZL->TAH with date=1998-09-25 and goalDifference=1: Relationship[3846]
Created relationship TAH->NZL with date=1998-09-25 and goalDifference=1: Relationship[3847]
Processing entry 1924 of 4135
1998-09-28 AUS:COK 16
Node for team AUS already exists: Node[52]
Created new node for team COK: Node[94]
Created relationship AUS->COK with date=1998-09-28 and goalDifference=16: Relationship[3848]
Created relationship COK->AUS with date=1998-09-28 and goalDifference=16: Relationship[3849]
Processing entry 1925 of 4135
1998-09-28 NZL:VUT 7
Node for team NZL already exists: Node[57]
Created new node for team VUT: Node[95]
Created relationship NZL->VUT with date=1998-09-28 and goalDifference=7: Relationship[3850]
Created relationship VUT->NZL with date=1998-09-28 and goalDifference=7: Relationship[3851]
Processing entry 1926 of 4135
1998-09-30 FJI:COK 3
Node for team FJI already exists: Node[93]
Node for team COK already exists: Node[94]
Created relationship FJI->COK with date=1998-09-30 and goalDifference=3: Relationship[3852]
Created relationship COK->FJI with date=1998-09-30 and goalDifference=3: Relationship[3853]
Processing entry 1927 of 4135
1998-09-30 TAH:VUT 4
Node for team TAH already exists: Node[88]
Node for team VUT already exists: Node[95]
Created relationship TAH->VUT with date=1998-09-30 and goalDifference=4: Relationship[3854]
Created relationship VUT->TAH with date=1998-09-30 and goalDifference=4: Relationship[3855]
Processing entry 1928 of 4135
1998-10-02 AUS:TAH 3
Node for team AUS already exists: Node[52]
Node for team TAH already exists: Node[88]
Created relationship AUS->TAH with date=1998-10-02 and goalDifference=3: Relationship[3856]
Created relationship TAH->AUS with date=1998-10-02 and goalDifference=3: Relationship[3857]
Processing entry 1929 of 4135
1998-10-02 NZL:FJI 1
Node for team NZL already exists: Node[57]
Node for team FJI already exists: Node[93]
Created relationship NZL->FJI with date=1998-10-02 and goalDifference=1: Relationship[3858]
Created relationship FJI->NZL with date=1998-10-02 and goalDifference=1: Relationship[3859]
Processing entry 1930 of 4135
1998-10-04 FJI:TAH 2
Node for team FJI already exists: Node[93]
Node for team TAH already exists: Node[88]
Created relationship FJI->TAH with date=1998-10-04 and goalDifference=2: Relationship[3860]
Created relationship TAH->FJI with date=1998-10-04 and goalDifference=2: Relationship[3861]
Processing entry 1931 of 4135
1998-10-04 NZL:AUS 1
Node for team NZL already exists: Node[57]
Node for team AUS already exists: Node[52]
Created relationship NZL->AUS with date=1998-10-04 and goalDifference=1: Relationship[3862]
Created relationship AUS->NZL with date=1998-10-04 and goalDifference=1: Relationship[3863]
Processing entry 1932 of 4135
1998-10-10 AND:UKR -2
Node for team AND already exists: Node[92]
Node for team UKR already exists: Node[84]
Created relationship AND->UKR with date=1998-10-10 and goalDifference=-2: Relationship[3864]
Created relationship UKR->AND with date=1998-10-10 and goalDifference=-2: Relationship[3865]
Processing entry 1933 of 4135
1998-10-10 ARM:ISL 0
Node for team ARM already exists: Node[75]
Node for team ISL already exists: Node[43]
Created relationship ARM->ISL with date=1998-10-10 and goalDifference=0: Relationship[3866]
Created relationship ISL->ARM with date=1998-10-10 and goalDifference=0: Relationship[3867]
Processing entry 1934 of 4135
1998-10-10 AZE:HUN -4
Node for team AZE already exists: Node[81]
Node for team HUN already exists: Node[19]
Created relationship AZE->HUN with date=1998-10-10 and goalDifference=-4: Relationship[3868]
Created relationship HUN->AZE with date=1998-10-10 and goalDifference=-4: Relationship[3869]
Processing entry 1935 of 4135
1998-10-10 BIH:CZE -2
Node for team BIH already exists: Node[91]
Node for team CZE already exists: Node[74]
Created relationship BIH->CZE with date=1998-10-10 and goalDifference=-2: Relationship[3870]
Created relationship CZE->BIH with date=1998-10-10 and goalDifference=-2: Relationship[3871]
Processing entry 1936 of 4135
1998-10-10 CYP:AUT -3
Node for team CYP already exists: Node[47]
Node for team AUT already exists: Node[13]
Created relationship CYP->AUT with date=1998-10-10 and goalDifference=-3: Relationship[3872]
Created relationship AUT->CYP with date=1998-10-10 and goalDifference=-3: Relationship[3873]
Processing entry 1937 of 4135
1998-10-10 DNK:WAL -1
Node for team DNK already exists: Node[39]
Node for team WAL already exists: Node[31]
Created relationship DNK->WAL with date=1998-10-10 and goalDifference=-1: Relationship[3874]
Created relationship WAL->DNK with date=1998-10-10 and goalDifference=-1: Relationship[3875]
Processing entry 1938 of 4135
1998-10-10 ENG:BGR 0
Node for team ENG already exists: Node[27]
Node for team BGR already exists: Node[36]
Created relationship ENG->BGR with date=1998-10-10 and goalDifference=0: Relationship[3876]
Created relationship BGR->ENG with date=1998-10-10 and goalDifference=0: Relationship[3877]
Processing entry 1939 of 4135
1998-10-10 ITA:CHE 2
Node for team ITA already exists: Node[21]
Node for team CHE already exists: Node[14]
Created relationship ITA->CHE with date=1998-10-10 and goalDifference=2: Relationship[3878]
Created relationship CHE->ITA with date=1998-10-10 and goalDifference=2: Relationship[3879]
Processing entry 1940 of 4135
1998-10-10 LIE:SVK -4
Node for team LIE already exists: Node[69]
Node for team SVK already exists: Node[82]
Created relationship LIE->SVK with date=1998-10-10 and goalDifference=-4: Relationship[3880]
Created relationship SVK->LIE with date=1998-10-10 and goalDifference=-4: Relationship[3881]
Processing entry 1941 of 4135
1998-10-10 LTU:FRO 0
Node for team LTU already exists: Node[85]
Node for team FRO already exists: Node[66]
Created relationship LTU->FRO with date=1998-10-10 and goalDifference=0: Relationship[3882]
Created relationship FRO->LTU with date=1998-10-10 and goalDifference=0: Relationship[3883]
Processing entry 1942 of 4135
1998-10-10 LVA:GEO 1
Node for team LVA already exists: Node[78]
Node for team GEO already exists: Node[76]
Created relationship LVA->GEO with date=1998-10-10 and goalDifference=1: Relationship[3884]
Created relationship GEO->LVA with date=1998-10-10 and goalDifference=1: Relationship[3885]
Processing entry 1943 of 4135
1998-10-10 MLT:HRV -3
Node for team MLT already exists: Node[42]
Node for team HRV already exists: Node[73]
Created relationship MLT->HRV with date=1998-10-10 and goalDifference=-3: Relationship[3886]
Created relationship HRV->MLT with date=1998-10-10 and goalDifference=-3: Relationship[3887]
Processing entry 1944 of 4135
1998-10-10 NIR:FIN 1
Node for team NIR already exists: Node[32]
Node for team FIN already exists: Node[46]
Created relationship NIR->FIN with date=1998-10-10 and goalDifference=1: Relationship[3888]
Created relationship FIN->NIR with date=1998-10-10 and goalDifference=1: Relationship[3889]
Processing entry 1945 of 4135
1998-10-10 POL:LUX 3
Node for team POL already exists: Node[23]
Node for team LUX already exists: Node[44]
Created relationship POL->LUX with date=1998-10-10 and goalDifference=3: Relationship[3890]
Created relationship LUX->POL with date=1998-10-10 and goalDifference=3: Relationship[3891]
Processing entry 1946 of 4135
1998-10-10 PRT:ROU -1
Node for team PRT already exists: Node[38]
Node for team ROU already exists: Node[4]
Created relationship PRT->ROU with date=1998-10-10 and goalDifference=-1: Relationship[3892]
Created relationship ROU->PRT with date=1998-10-10 and goalDifference=-1: Relationship[3893]
Processing entry 1947 of 4135
1998-10-10 RUS:FRA -1
Node for team RUS already exists: Node[70]
Node for team FRA already exists: Node[0]
Created relationship RUS->FRA with date=1998-10-10 and goalDifference=-1: Relationship[3894]
Created relationship FRA->RUS with date=1998-10-10 and goalDifference=-1: Relationship[3895]
Processing entry 1948 of 4135
1998-10-10 SCO:EST 1
Node for team SCO already exists: Node[28]
Node for team EST already exists: Node[72]
Created relationship SCO->EST with date=1998-10-10 and goalDifference=1: Relationship[3896]
Created relationship EST->SCO with date=1998-10-10 and goalDifference=1: Relationship[3897]
Processing entry 1949 of 4135
1998-10-10 SMR:ISR -5
Node for team SMR already exists: Node[67]
Node for team ISR already exists: Node[48]
Created relationship SMR->ISR with date=1998-10-10 and goalDifference=-5: Relationship[3898]
Created relationship ISR->SMR with date=1998-10-10 and goalDifference=-5: Relationship[3899]
Processing entry 1950 of 4135
1998-10-10 SVN:NOR -1
Node for team SVN already exists: Node[83]
Node for team NOR already exists: Node[26]
Created relationship SVN->NOR with date=1998-10-10 and goalDifference=-1: Relationship[3900]
Created relationship NOR->SVN with date=1998-10-10 and goalDifference=-1: Relationship[3901]
Processing entry 1951 of 4135
1998-10-10 TUR:DEU 1
Node for team TUR already exists: Node[29]
Node for team DEU already exists: Node[17]
Created relationship TUR->DEU with date=1998-10-10 and goalDifference=1: Relationship[3902]
Created relationship DEU->TUR with date=1998-10-10 and goalDifference=1: Relationship[3903]
Processing entry 1952 of 4135
1998-10-14 BGR:SWE -1
Node for team BGR already exists: Node[36]
Node for team SWE already exists: Node[22]
Created relationship BGR->SWE with date=1998-10-14 and goalDifference=-1: Relationship[3904]
Created relationship SWE->BGR with date=1998-10-14 and goalDifference=-1: Relationship[3905]
Processing entry 1953 of 4135
1998-10-14 CHE:DNK 0
Node for team CHE already exists: Node[14]
Node for team DNK already exists: Node[39]
Created relationship CHE->DNK with date=1998-10-14 and goalDifference=0: Relationship[3906]
Created relationship DNK->CHE with date=1998-10-14 and goalDifference=0: Relationship[3907]
Processing entry 1954 of 4135
1998-10-14 CZE:EST 3
Node for team CZE already exists: Node[74]
Node for team EST already exists: Node[72]
Created relationship CZE->EST with date=1998-10-14 and goalDifference=3: Relationship[3908]
Created relationship EST->CZE with date=1998-10-14 and goalDifference=3: Relationship[3909]
Processing entry 1955 of 4135
1998-10-14 FRA:AND 2
Node for team FRA already exists: Node[0]
Node for team AND already exists: Node[92]
Created relationship FRA->AND with date=1998-10-14 and goalDifference=2: Relationship[3910]
Created relationship AND->FRA with date=1998-10-14 and goalDifference=2: Relationship[3911]
Processing entry 1956 of 4135
1998-10-14 GRC:GEO 3
Node for team GRC already exists: Node[34]
Node for team GEO already exists: Node[76]
Created relationship GRC->GEO with date=1998-10-14 and goalDifference=3: Relationship[3912]
Created relationship GEO->GRC with date=1998-10-14 and goalDifference=3: Relationship[3913]
Processing entry 1957 of 4135
1998-10-14 HRV:MKD 1
Node for team HRV already exists: Node[73]
Node for team MKD already exists: Node[79]
Created relationship HRV->MKD with date=1998-10-14 and goalDifference=1: Relationship[3914]
Created relationship MKD->HRV with date=1998-10-14 and goalDifference=1: Relationship[3915]
Processing entry 1958 of 4135
1998-10-14 HUN:ROU 0
Node for team HUN already exists: Node[19]
Node for team ROU already exists: Node[4]
Created relationship HUN->ROU with date=1998-10-14 and goalDifference=0: Relationship[3916]
Created relationship ROU->HUN with date=1998-10-14 and goalDifference=0: Relationship[3917]
Processing entry 1959 of 4135
1998-10-14 IRL:MLT 5
Node for team IRL already exists: Node[35]
Node for team MLT already exists: Node[42]
Created relationship IRL->MLT with date=1998-10-14 and goalDifference=5: Relationship[3918]
Created relationship MLT->IRL with date=1998-10-14 and goalDifference=5: Relationship[3919]
Processing entry 1960 of 4135
1998-10-14 ISL:RUS 1
Node for team ISL already exists: Node[43]
Node for team RUS already exists: Node[70]
Created relationship ISL->RUS with date=1998-10-14 and goalDifference=1: Relationship[3920]
Created relationship RUS->ISL with date=1998-10-14 and goalDifference=1: Relationship[3921]
Processing entry 1961 of 4135
1998-10-14 ISR:ESP -1
Node for team ISR already exists: Node[48]
Node for team ESP already exists: Node[18]
Created relationship ISR->ESP with date=1998-10-14 and goalDifference=-1: Relationship[3922]
Created relationship ESP->ISR with date=1998-10-14 and goalDifference=-1: Relationship[3923]
Processing entry 1962 of 4135
1998-10-14 LIE:AZE 1
Node for team LIE already exists: Node[69]
Node for team AZE already exists: Node[81]
Created relationship LIE->AZE with date=1998-10-14 and goalDifference=1: Relationship[3924]
Created relationship AZE->LIE with date=1998-10-14 and goalDifference=1: Relationship[3925]
Processing entry 1963 of 4135
1998-10-14 LTU:BIH 2
Node for team LTU already exists: Node[85]
Node for team BIH already exists: Node[91]
Created relationship LTU->BIH with date=1998-10-14 and goalDifference=2: Relationship[3926]
Created relationship BIH->LTU with date=1998-10-14 and goalDifference=2: Relationship[3927]
Processing entry 1964 of 4135
1998-10-14 LUX:ENG -3
Node for team LUX already exists: Node[44]
Node for team ENG already exists: Node[27]
Created relationship LUX->ENG with date=1998-10-14 and goalDifference=-3: Relationship[3928]
Created relationship ENG->LUX with date=1998-10-14 and goalDifference=-3: Relationship[3929]
Processing entry 1965 of 4135
1998-10-14 MDA:DEU -2
Node for team MDA already exists: Node[77]
Node for team DEU already exists: Node[17]
Created relationship MDA->DEU with date=1998-10-14 and goalDifference=-2: Relationship[3930]
Created relationship DEU->MDA with date=1998-10-14 and goalDifference=-2: Relationship[3931]
Processing entry 1966 of 4135
1998-10-14 NOR:ALB 0
Node for team NOR already exists: Node[26]
Node for team ALB already exists: Node[41]
Created relationship NOR->ALB with date=1998-10-14 and goalDifference=0: Relationship[3932]
Created relationship ALB->NOR with date=1998-10-14 and goalDifference=0: Relationship[3933]
Processing entry 1967 of 4135
1998-10-14 SCO:FRO 1
Node for team SCO already exists: Node[28]
Node for team FRO already exists: Node[66]
Created relationship SCO->FRO with date=1998-10-14 and goalDifference=1: Relationship[3934]
Created relationship FRO->SCO with date=1998-10-14 and goalDifference=1: Relationship[3935]
Processing entry 1968 of 4135
1998-10-14 SMR:AUT -3
Node for team SMR already exists: Node[67]
Node for team AUT already exists: Node[13]
Created relationship SMR->AUT with date=1998-10-14 and goalDifference=-3: Relationship[3936]
Created relationship AUT->SMR with date=1998-10-14 and goalDifference=-3: Relationship[3937]
Processing entry 1969 of 4135
1998-10-14 SVK:PRT -3
Node for team SVK already exists: Node[82]
Node for team PRT already exists: Node[38]
Created relationship SVK->PRT with date=1998-10-14 and goalDifference=-3: Relationship[3938]
Created relationship PRT->SVK with date=1998-10-14 and goalDifference=-3: Relationship[3939]
Processing entry 1970 of 4135
1998-10-14 SVN:LVA 1
Node for team SVN already exists: Node[83]
Node for team LVA already exists: Node[78]
Created relationship SVN->LVA with date=1998-10-14 and goalDifference=1: Relationship[3940]
Created relationship LVA->SVN with date=1998-10-14 and goalDifference=1: Relationship[3941]
Processing entry 1971 of 4135
1998-10-14 TUR:FIN -2
Node for team TUR already exists: Node[29]
Node for team FIN already exists: Node[46]
Created relationship TUR->FIN with date=1998-10-14 and goalDifference=-2: Relationship[3942]
Created relationship FIN->TUR with date=1998-10-14 and goalDifference=-2: Relationship[3943]
Processing entry 1972 of 4135
1998-10-14 UKR:ARM 2
Node for team UKR already exists: Node[84]
Node for team ARM already exists: Node[75]
Created relationship UKR->ARM with date=1998-10-14 and goalDifference=2: Relationship[3944]
Created relationship ARM->UKR with date=1998-10-14 and goalDifference=2: Relationship[3945]
Processing entry 1973 of 4135
1998-10-14 WAL:BLR 2
Node for team WAL already exists: Node[31]
Node for team BLR already exists: Node[80]
Created relationship WAL->BLR with date=1998-10-14 and goalDifference=2: Relationship[3946]
Created relationship BLR->WAL with date=1998-10-14 and goalDifference=2: Relationship[3947]
Processing entry 1974 of 4135
1998-11-18 ALB:GRC 0
Node for team ALB already exists: Node[41]
Node for team GRC already exists: Node[34]
Created relationship ALB->GRC with date=1998-11-18 and goalDifference=0: Relationship[3948]
Created relationship GRC->ALB with date=1998-11-18 and goalDifference=0: Relationship[3949]
Processing entry 1975 of 4135
1998-11-18 MLT:MKD -1
Node for team MLT already exists: Node[42]
Node for team MKD already exists: Node[79]
Created relationship MLT->MKD with date=1998-11-18 and goalDifference=-1: Relationship[3950]
Created relationship MKD->MLT with date=1998-11-18 and goalDifference=-1: Relationship[3951]
Processing entry 1976 of 4135
1998-11-18 NIR:MDA 0
Node for team NIR already exists: Node[32]
Node for team MDA already exists: Node[77]
Created relationship NIR->MDA with date=1998-11-18 and goalDifference=0: Relationship[3952]
Created relationship MDA->NIR with date=1998-11-18 and goalDifference=0: Relationship[3953]
Processing entry 1977 of 4135
1998-11-18 SMR:CYP -1
Node for team SMR already exists: Node[67]
Node for team CYP already exists: Node[47]
Created relationship SMR->CYP with date=1998-11-18 and goalDifference=-1: Relationship[3954]
Created relationship CYP->SMR with date=1998-11-18 and goalDifference=-1: Relationship[3955]
Processing entry 1978 of 4135
1998-11-18 YUG:IRL 1
Node for team YUG already exists: Node[6]
Node for team IRL already exists: Node[35]
Created relationship YUG->IRL with date=1998-11-18 and goalDifference=1: Relationship[3956]
Created relationship IRL->YUG with date=1998-11-18 and goalDifference=1: Relationship[3957]
Processing entry 1979 of 4135
1999-02-10 CYP:SMR 4
Node for team CYP already exists: Node[47]
Node for team SMR already exists: Node[67]
Created relationship CYP->SMR with date=1999-02-10 and goalDifference=4: Relationship[3958]
Created relationship SMR->CYP with date=1999-02-10 and goalDifference=4: Relationship[3959]
Processing entry 1980 of 4135
1999-02-10 MLT:YUG -3
Node for team MLT already exists: Node[42]
Node for team YUG already exists: Node[6]
Created relationship MLT->YUG with date=1999-02-10 and goalDifference=-3: Relationship[3960]
Created relationship YUG->MLT with date=1999-02-10 and goalDifference=-3: Relationship[3961]
Processing entry 1981 of 4135
1999-03-26 PRT:AZE 7
Node for team PRT already exists: Node[38]
Node for team AZE already exists: Node[81]
Created relationship PRT->AZE with date=1999-03-26 and goalDifference=7: Relationship[3962]
Created relationship AZE->PRT with date=1999-03-26 and goalDifference=7: Relationship[3963]
Processing entry 1982 of 4135
1999-03-27 AND:ISL -2
Node for team AND already exists: Node[92]
Node for team ISL already exists: Node[43]
Created relationship AND->ISL with date=1999-03-27 and goalDifference=-2: Relationship[3964]
Created relationship ISL->AND with date=1999-03-27 and goalDifference=-2: Relationship[3965]
Processing entry 1983 of 4135
1999-03-27 ARM:RUS -3
Node for team ARM already exists: Node[75]
Node for team RUS already exists: Node[70]
Created relationship ARM->RUS with date=1999-03-27 and goalDifference=-3: Relationship[3966]
Created relationship RUS->ARM with date=1999-03-27 and goalDifference=-3: Relationship[3967]
Processing entry 1984 of 4135
1999-03-27 BLR:CHE -1
Node for team BLR already exists: Node[80]
Node for team CHE already exists: Node[14]
Created relationship BLR->CHE with date=1999-03-27 and goalDifference=-1: Relationship[3968]
Created relationship CHE->BLR with date=1999-03-27 and goalDifference=-1: Relationship[3969]
Processing entry 1985 of 4135
1999-03-27 CZE:LTU 2
Node for team CZE already exists: Node[74]
Node for team LTU already exists: Node[85]
Created relationship CZE->LTU with date=1999-03-27 and goalDifference=2: Relationship[3970]
Created relationship LTU->CZE with date=1999-03-27 and goalDifference=2: Relationship[3971]
Processing entry 1986 of 4135
1999-03-27 DNK:ITA -1
Node for team DNK already exists: Node[39]
Node for team ITA already exists: Node[21]
Created relationship DNK->ITA with date=1999-03-27 and goalDifference=-1: Relationship[3972]
Created relationship ITA->DNK with date=1999-03-27 and goalDifference=-1: Relationship[3973]
Processing entry 1987 of 4135
1999-03-27 ENG:POL 2
Node for team ENG already exists: Node[27]
Node for team POL already exists: Node[23]
Created relationship ENG->POL with date=1999-03-27 and goalDifference=2: Relationship[3974]
Created relationship POL->ENG with date=1999-03-27 and goalDifference=2: Relationship[3975]
Processing entry 1988 of 4135
1999-03-27 ESP:AUT 9
Node for team ESP already exists: Node[18]
Node for team AUT already exists: Node[13]
Created relationship ESP->AUT with date=1999-03-27 and goalDifference=9: Relationship[3976]
Created relationship AUT->ESP with date=1999-03-27 and goalDifference=9: Relationship[3977]
Processing entry 1989 of 4135
1999-03-27 FRA:UKR 0
Node for team FRA already exists: Node[0]
Node for team UKR already exists: Node[84]
Created relationship FRA->UKR with date=1999-03-27 and goalDifference=0: Relationship[3978]
Created relationship UKR->FRA with date=1999-03-27 and goalDifference=0: Relationship[3979]
Processing entry 1990 of 4135
1999-03-27 GEO:SVN 0
Node for team GEO already exists: Node[76]
Node for team SVN already exists: Node[83]
Created relationship GEO->SVN with date=1999-03-27 and goalDifference=0: Relationship[3980]
Created relationship SVN->GEO with date=1999-03-27 and goalDifference=0: Relationship[3981]
Processing entry 1991 of 4135
1999-03-27 GRC:NOR -2
Node for team GRC already exists: Node[34]
Node for team NOR already exists: Node[26]
Created relationship GRC->NOR with date=1999-03-27 and goalDifference=-2: Relationship[3982]
Created relationship NOR->GRC with date=1999-03-27 and goalDifference=-2: Relationship[3983]
Processing entry 1992 of 4135
1999-03-27 HUN:LIE 5
Node for team HUN already exists: Node[19]
Node for team LIE already exists: Node[69]
Created relationship HUN->LIE with date=1999-03-27 and goalDifference=5: Relationship[3984]
Created relationship LIE->HUN with date=1999-03-27 and goalDifference=5: Relationship[3985]
Processing entry 1993 of 4135
1999-03-27 NIR:DEU -3
Node for team NIR already exists: Node[32]
Node for team DEU already exists: Node[17]
Created relationship NIR->DEU with date=1999-03-27 and goalDifference=-3: Relationship[3986]
Created relationship DEU->NIR with date=1999-03-27 and goalDifference=-3: Relationship[3987]
Processing entry 1994 of 4135
1999-03-27 ROU:SVK 0
Node for team ROU already exists: Node[4]
Node for team SVK already exists: Node[82]
Created relationship ROU->SVK with date=1999-03-27 and goalDifference=0: Relationship[3988]
Created relationship SVK->ROU with date=1999-03-27 and goalDifference=0: Relationship[3989]
Processing entry 1995 of 4135
1999-03-27 SWE:LUX 2
Node for team SWE already exists: Node[22]
Node for team LUX already exists: Node[44]
Created relationship SWE->LUX with date=1999-03-27 and goalDifference=2: Relationship[3990]
Created relationship LUX->SWE with date=1999-03-27 and goalDifference=2: Relationship[3991]
Processing entry 1996 of 4135
1999-03-27 TUR:MDA 2
Node for team TUR already exists: Node[29]
Node for team MDA already exists: Node[77]
Created relationship TUR->MDA with date=1999-03-27 and goalDifference=2: Relationship[3992]
Created relationship MDA->TUR with date=1999-03-27 and goalDifference=2: Relationship[3993]
Processing entry 1997 of 4135
1999-03-28 ISR:CYP 3
Node for team ISR already exists: Node[48]
Node for team CYP already exists: Node[47]
Created relationship ISR->CYP with date=1999-03-28 and goalDifference=3: Relationship[3994]
Created relationship CYP->ISR with date=1999-03-28 and goalDifference=3: Relationship[3995]
Processing entry 1998 of 4135
1999-03-31 AZE:ROU -1
Node for team AZE already exists: Node[81]
Node for team ROU already exists: Node[4]
Created relationship AZE->ROU with date=1999-03-31 and goalDifference=-1: Relationship[3996]
Created relationship ROU->AZE with date=1999-03-31 and goalDifference=-1: Relationship[3997]
Processing entry 1999 of 4135
1999-03-31 CHE:WAL 2
Node for team CHE already exists: Node[14]
Node for team WAL already exists: Node[31]
Created relationship CHE->WAL with date=1999-03-31 and goalDifference=2: Relationship[3998]
Created relationship WAL->CHE with date=1999-03-31 and goalDifference=2: Relationship[3999]
Processing entry 2000 of 4135
1999-03-31 DEU:FIN 2
Node for team DEU already exists: Node[17]
Node for team FIN already exists: Node[46]
Created relationship DEU->FIN with date=1999-03-31 and goalDifference=2: Relationship[4000]
Created relationship FIN->DEU with date=1999-03-31 and goalDifference=2: Relationship[4001]
Processing entry 2001 of 4135
1999-03-31 FRA:ARM 2
Node for team FRA already exists: Node[0]
Node for team ARM already exists: Node[75]
Created relationship FRA->ARM with date=1999-03-31 and goalDifference=2: Relationship[4002]
Created relationship ARM->FRA with date=1999-03-31 and goalDifference=2: Relationship[4003]
Processing entry 2002 of 4135
1999-03-31 ITA:BLR 0
Node for team ITA already exists: Node[21]
Node for team BLR already exists: Node[80]
Created relationship ITA->BLR with date=1999-03-31 and goalDifference=0: Relationship[4004]
Created relationship BLR->ITA with date=1999-03-31 and goalDifference=0: Relationship[4005]
Processing entry 2003 of 4135
1999-03-31 LIE:PRT -5
Node for team LIE already exists: Node[69]
Node for team PRT already exists: Node[38]
Created relationship LIE->PRT with date=1999-03-31 and goalDifference=-5: Relationship[4006]
Created relationship PRT->LIE with date=1999-03-31 and goalDifference=-5: Relationship[4007]
Processing entry 2004 of 4135
1999-03-31 LTU:EST -1
Node for team LTU already exists: Node[85]
Node for team EST already exists: Node[72]
Created relationship LTU->EST with date=1999-03-31 and goalDifference=-1: Relationship[4008]
Created relationship EST->LTU with date=1999-03-31 and goalDifference=-1: Relationship[4009]
Processing entry 2005 of 4135
1999-03-31 LUX:BGR -2
Node for team LUX already exists: Node[44]
Node for team BGR already exists: Node[36]
Created relationship LUX->BGR with date=1999-03-31 and goalDifference=-2: Relationship[4010]
Created relationship BGR->LUX with date=1999-03-31 and goalDifference=-2: Relationship[4011]
Processing entry 2006 of 4135
1999-03-31 LVA:GRC 0
Node for team LVA already exists: Node[78]
Node for team GRC already exists: Node[34]
Created relationship LVA->GRC with date=1999-03-31 and goalDifference=0: Relationship[4012]
Created relationship GRC->LVA with date=1999-03-31 and goalDifference=0: Relationship[4013]
Processing entry 2007 of 4135
1999-03-31 MDA:NIR 0
Node for team MDA already exists: Node[77]
Node for team NIR already exists: Node[32]
Created relationship MDA->NIR with date=1999-03-31 and goalDifference=0: Relationship[4014]
Created relationship NIR->MDA with date=1999-03-31 and goalDifference=0: Relationship[4015]
Processing entry 2008 of 4135
1999-03-31 POL:SWE -1
Node for team POL already exists: Node[23]
Node for team SWE already exists: Node[22]
Created relationship POL->SWE with date=1999-03-31 and goalDifference=-1: Relationship[4016]
Created relationship SWE->POL with date=1999-03-31 and goalDifference=-1: Relationship[4017]
Processing entry 2009 of 4135
1999-03-31 RUS:AND 5
Node for team RUS already exists: Node[70]
Node for team AND already exists: Node[92]
Created relationship RUS->AND with date=1999-03-31 and goalDifference=5: Relationship[4018]
Created relationship AND->RUS with date=1999-03-31 and goalDifference=5: Relationship[4019]
Processing entry 2010 of 4135
1999-03-31 SCO:CZE -1
Node for team SCO already exists: Node[28]
Node for team CZE already exists: Node[74]
Created relationship SCO->CZE with date=1999-03-31 and goalDifference=-1: Relationship[4020]
Created relationship CZE->SCO with date=1999-03-31 and goalDifference=-1: Relationship[4021]
Processing entry 2011 of 4135
1999-03-31 SMR:ESP -6
Node for team SMR already exists: Node[67]
Node for team ESP already exists: Node[18]
Created relationship SMR->ESP with date=1999-03-31 and goalDifference=-6: Relationship[4022]
Created relationship ESP->SMR with date=1999-03-31 and goalDifference=-6: Relationship[4023]
Processing entry 2012 of 4135
1999-03-31 SVK:HUN 0
Node for team SVK already exists: Node[82]
Node for team HUN already exists: Node[19]
Created relationship SVK->HUN with date=1999-03-31 and goalDifference=0: Relationship[4024]
Created relationship HUN->SVK with date=1999-03-31 and goalDifference=0: Relationship[4025]
Processing entry 2013 of 4135
1999-03-31 UKR:ISL 0
Node for team UKR already exists: Node[84]
Node for team ISL already exists: Node[43]
Created relationship UKR->ISL with date=1999-03-31 and goalDifference=0: Relationship[4026]
Created relationship ISL->UKR with date=1999-03-31 and goalDifference=0: Relationship[4027]
Processing entry 2014 of 4135
1999-04-28 AUT:SMR 7
Node for team AUT already exists: Node[13]
Node for team SMR already exists: Node[67]
Created relationship AUT->SMR with date=1999-04-28 and goalDifference=7: Relationship[4028]
Created relationship SMR->AUT with date=1999-04-28 and goalDifference=7: Relationship[4029]
Processing entry 2015 of 4135
1999-04-28 GEO:NOR -3
Node for team GEO already exists: Node[76]
Node for team NOR already exists: Node[26]
Created relationship GEO->NOR with date=1999-04-28 and goalDifference=-3: Relationship[4030]
Created relationship NOR->GEO with date=1999-04-28 and goalDifference=-3: Relationship[4031]
Processing entry 2016 of 4135
1999-04-28 LVA:ALB 0
Node for team LVA already exists: Node[78]
Node for team ALB already exists: Node[41]
Created relationship LVA->ALB with date=1999-04-28 and goalDifference=0: Relationship[4032]
Created relationship ALB->LVA with date=1999-04-28 and goalDifference=0: Relationship[4033]
Processing entry 2017 of 4135
1999-05-30 NOR:GEO 1
Node for team NOR already exists: Node[26]
Node for team GEO already exists: Node[76]
Created relationship NOR->GEO with date=1999-05-30 and goalDifference=1: Relationship[4034]
Created relationship GEO->NOR with date=1999-05-30 and goalDifference=1: Relationship[4035]
Processing entry 2018 of 4135
1999-06-04 DEU:MDA 5
Node for team DEU already exists: Node[17]
Node for team MDA already exists: Node[77]
Created relationship DEU->MDA with date=1999-06-04 and goalDifference=5: Relationship[4036]
Created relationship MDA->DEU with date=1999-06-04 and goalDifference=5: Relationship[4037]
Processing entry 2019 of 4135
1999-06-04 POL:BGR 2
Node for team POL already exists: Node[23]
Node for team BGR already exists: Node[36]
Created relationship POL->BGR with date=1999-06-04 and goalDifference=2: Relationship[4038]
Created relationship BGR->POL with date=1999-06-04 and goalDifference=2: Relationship[4039]
Processing entry 2020 of 4135
1999-06-05 ALB:NOR -1
Node for team ALB already exists: Node[41]
Node for team NOR already exists: Node[26]
Created relationship ALB->NOR with date=1999-06-05 and goalDifference=-1: Relationship[4040]
Created relationship NOR->ALB with date=1999-06-05 and goalDifference=-1: Relationship[4041]
Processing entry 2021 of 4135
1999-06-05 AZE:LIE 4
Node for team AZE already exists: Node[81]
Node for team LIE already exists: Node[69]
Created relationship AZE->LIE with date=1999-06-05 and goalDifference=4: Relationship[4042]
Created relationship LIE->AZE with date=1999-06-05 and goalDifference=4: Relationship[4043]
Processing entry 2022 of 4135
1999-06-05 BIH:LTU 2
Node for team BIH already exists: Node[91]
Node for team LTU already exists: Node[85]
Created relationship BIH->LTU with date=1999-06-05 and goalDifference=2: Relationship[4044]
Created relationship LTU->BIH with date=1999-06-05 and goalDifference=2: Relationship[4045]
Processing entry 2023 of 4135
1999-06-05 DNK:BLR 1
Node for team DNK already exists: Node[39]
Node for team BLR already exists: Node[80]
Created relationship DNK->BLR with date=1999-06-05 and goalDifference=1: Relationship[4046]
Created relationship BLR->DNK with date=1999-06-05 and goalDifference=1: Relationship[4047]
Processing entry 2024 of 4135
1999-06-05 ENG:SWE 0
Node for team ENG already exists: Node[27]
Node for team SWE already exists: Node[22]
Created relationship ENG->SWE with date=1999-06-05 and goalDifference=0: Relationship[4048]
Created relationship SWE->ENG with date=1999-06-05 and goalDifference=0: Relationship[4049]
Processing entry 2025 of 4135
1999-06-05 ESP:SMR 9
Node for team ESP already exists: Node[18]
Node for team SMR already exists: Node[67]
Created relationship ESP->SMR with date=1999-06-05 and goalDifference=9: Relationship[4050]
Created relationship SMR->ESP with date=1999-06-05 and goalDifference=9: Relationship[4051]
Processing entry 2026 of 4135
1999-06-05 EST:CZE -2
Node for team EST already exists: Node[72]
Node for team CZE already exists: Node[74]
Created relationship EST->CZE with date=1999-06-05 and goalDifference=-2: Relationship[4052]
Created relationship CZE->EST with date=1999-06-05 and goalDifference=-2: Relationship[4053]
Processing entry 2027 of 4135
1999-06-05 FIN:TUR -2
Node for team FIN already exists: Node[46]
Node for team TUR already exists: Node[29]
Created relationship FIN->TUR with date=1999-06-05 and goalDifference=-2: Relationship[4054]
Created relationship TUR->FIN with date=1999-06-05 and goalDifference=-2: Relationship[4055]
Processing entry 2028 of 4135
1999-06-05 FRA:RUS -1
Node for team FRA already exists: Node[0]
Node for team RUS already exists: Node[70]
Created relationship FRA->RUS with date=1999-06-05 and goalDifference=-1: Relationship[4056]
Created relationship RUS->FRA with date=1999-06-05 and goalDifference=-1: Relationship[4057]
Processing entry 2029 of 4135
1999-06-05 FRO:SCO 0
Node for team FRO already exists: Node[66]
Node for team SCO already exists: Node[28]
Created relationship FRO->SCO with date=1999-06-05 and goalDifference=0: Relationship[4058]
Created relationship SCO->FRO with date=1999-06-05 and goalDifference=0: Relationship[4059]
Processing entry 2030 of 4135
1999-06-05 GEO:GRC -1
Node for team GEO already exists: Node[76]
Node for team GRC already exists: Node[34]
Created relationship GEO->GRC with date=1999-06-05 and goalDifference=-1: Relationship[4060]
Created relationship GRC->GEO with date=1999-06-05 and goalDifference=-1: Relationship[4061]
Processing entry 2031 of 4135
1999-06-05 ISL:ARM 2
Node for team ISL already exists: Node[43]
Node for team ARM already exists: Node[75]
Created relationship ISL->ARM with date=1999-06-05 and goalDifference=2: Relationship[4062]
Created relationship ARM->ISL with date=1999-06-05 and goalDifference=2: Relationship[4063]
Processing entry 2032 of 4135
1999-06-05 ITA:WAL 4
Node for team ITA already exists: Node[21]
Node for team WAL already exists: Node[31]
Created relationship ITA->WAL with date=1999-06-05 and goalDifference=4: Relationship[4064]
Created relationship WAL->ITA with date=1999-06-05 and goalDifference=4: Relationship[4065]
Processing entry 2033 of 4135
1999-06-05 LVA:SVN -1
Node for team LVA already exists: Node[78]
Node for team SVN already exists: Node[83]
Created relationship LVA->SVN with date=1999-06-05 and goalDifference=-1: Relationship[4066]
Created relationship SVN->LVA with date=1999-06-05 and goalDifference=-1: Relationship[4067]
Processing entry 2034 of 4135
1999-06-05 MKD:HRV 0
Node for team MKD already exists: Node[79]
Node for team HRV already exists: Node[73]
Created relationship MKD->HRV with date=1999-06-05 and goalDifference=0: Relationship[4068]
Created relationship HRV->MKD with date=1999-06-05 and goalDifference=0: Relationship[4069]
Processing entry 2035 of 4135
1999-06-05 PRT:SVK 1
Node for team PRT already exists: Node[38]
Node for team SVK already exists: Node[82]
Created relationship PRT->SVK with date=1999-06-05 and goalDifference=1: Relationship[4070]
Created relationship SVK->PRT with date=1999-06-05 and goalDifference=1: Relationship[4071]
Processing entry 2036 of 4135
1999-06-05 ROU:HUN 2
Node for team ROU already exists: Node[4]
Node for team HUN already exists: Node[19]
Created relationship ROU->HUN with date=1999-06-05 and goalDifference=2: Relationship[4072]
Created relationship HUN->ROU with date=1999-06-05 and goalDifference=2: Relationship[4073]
Processing entry 2037 of 4135
1999-06-05 UKR:AND 4
Node for team UKR already exists: Node[84]
Node for team AND already exists: Node[92]
Created relationship UKR->AND with date=1999-06-05 and goalDifference=4: Relationship[4074]
Created relationship AND->UKR with date=1999-06-05 and goalDifference=4: Relationship[4075]
Processing entry 2038 of 4135
1999-06-06 ISR:AUT 5
Node for team ISR already exists: Node[48]
Node for team AUT already exists: Node[13]
Created relationship ISR->AUT with date=1999-06-06 and goalDifference=5: Relationship[4076]
Created relationship AUT->ISR with date=1999-06-06 and goalDifference=5: Relationship[4077]
Processing entry 2039 of 4135
1999-06-08 YUG:MLT 3
Node for team YUG already exists: Node[6]
Node for team MLT already exists: Node[42]
Created relationship YUG->MLT with date=1999-06-08 and goalDifference=3: Relationship[4078]
Created relationship MLT->YUG with date=1999-06-08 and goalDifference=3: Relationship[4079]
Processing entry 2040 of 4135
1999-06-09 ALB:SVN -1
Node for team ALB already exists: Node[41]
Node for team SVN already exists: Node[83]
Created relationship ALB->SVN with date=1999-06-09 and goalDifference=-1: Relationship[4080]
Created relationship SVN->ALB with date=1999-06-09 and goalDifference=-1: Relationship[4081]
Processing entry 2041 of 4135
1999-06-09 AND:FRA -1
Node for team AND already exists: Node[92]
Node for team FRA already exists: Node[0]
Created relationship AND->FRA with date=1999-06-09 and goalDifference=-1: Relationship[4082]
Created relationship FRA->AND with date=1999-06-09 and goalDifference=-1: Relationship[4083]
Processing entry 2042 of 4135
1999-06-09 ARM:UKR 0
Node for team ARM already exists: Node[75]
Node for team UKR already exists: Node[84]
Created relationship ARM->UKR with date=1999-06-09 and goalDifference=0: Relationship[4084]
Created relationship UKR->ARM with date=1999-06-09 and goalDifference=0: Relationship[4085]
Processing entry 2043 of 4135
1999-06-09 BGR:ENG 0
Node for team BGR already exists: Node[36]
Node for team ENG already exists: Node[27]
Created relationship BGR->ENG with date=1999-06-09 and goalDifference=0: Relationship[4086]
Created relationship ENG->BGR with date=1999-06-09 and goalDifference=0: Relationship[4087]
Processing entry 2044 of 4135
1999-06-09 CHE:ITA 0
Node for team CHE already exists: Node[14]
Node for team ITA already exists: Node[21]
Created relationship CHE->ITA with date=1999-06-09 and goalDifference=0: Relationship[4088]
Created relationship ITA->CHE with date=1999-06-09 and goalDifference=0: Relationship[4089]
Processing entry 2045 of 4135
1999-06-09 CZE:SCO 1
Node for team CZE already exists: Node[74]
Node for team SCO already exists: Node[28]
Created relationship CZE->SCO with date=1999-06-09 and goalDifference=1: Relationship[4090]
Created relationship SCO->CZE with date=1999-06-09 and goalDifference=1: Relationship[4091]
Processing entry 2046 of 4135
1999-06-09 EST:LTU -1
Node for team EST already exists: Node[72]
Node for team LTU already exists: Node[85]
Created relationship EST->LTU with date=1999-06-09 and goalDifference=-1: Relationship[4092]
Created relationship LTU->EST with date=1999-06-09 and goalDifference=-1: Relationship[4093]
Processing entry 2047 of 4135
1999-06-09 FRO:BIH 0
Node for team FRO already exists: Node[66]
Node for team BIH already exists: Node[91]
Created relationship FRO->BIH with date=1999-06-09 and goalDifference=0: Relationship[4094]
Created relationship BIH->FRO with date=1999-06-09 and goalDifference=0: Relationship[4095]
Processing entry 2048 of 4135
1999-06-09 GRC:LVA -1
Node for team GRC already exists: Node[34]
Node for team LVA already exists: Node[78]
Created relationship GRC->LVA with date=1999-06-09 and goalDifference=-1: Relationship[4096]
Created relationship LVA->GRC with date=1999-06-09 and goalDifference=-1: Relationship[4097]
Processing entry 2049 of 4135
1999-06-09 HUN:SVK -1
Node for team HUN already exists: Node[19]
Node for team SVK already exists: Node[82]
Created relationship HUN->SVK with date=1999-06-09 and goalDifference=-1: Relationship[4098]
Created relationship SVK->HUN with date=1999-06-09 and goalDifference=-1: Relationship[4099]
Processing entry 2050 of 4135
1999-06-09 IRL:MKD 1
Node for team IRL already exists: Node[35]
Node for team MKD already exists: Node[79]
Created relationship IRL->MKD with date=1999-06-09 and goalDifference=1: Relationship[4100]
Created relationship MKD->IRL with date=1999-06-09 and goalDifference=1: Relationship[4101]
Processing entry 2051 of 4135
1999-06-09 LUX:POL -1
Node for team LUX already exists: Node[44]
Node for team POL already exists: Node[23]
Created relationship LUX->POL with date=1999-06-09 and goalDifference=-1: Relationship[4102]
Created relationship POL->LUX with date=1999-06-09 and goalDifference=-1: Relationship[4103]
Processing entry 2052 of 4135
1999-06-09 MDA:FIN 0
Node for team MDA already exists: Node[77]
Node for team FIN already exists: Node[46]
Created relationship MDA->FIN with date=1999-06-09 and goalDifference=0: Relationship[4104]
Created relationship FIN->MDA with date=1999-06-09 and goalDifference=0: Relationship[4105]
Processing entry 2053 of 4135
1999-06-09 PRT:LIE 8
Node for team PRT already exists: Node[38]
Node for team LIE already exists: Node[69]
Created relationship PRT->LIE with date=1999-06-09 and goalDifference=8: Relationship[4106]
Created relationship LIE->PRT with date=1999-06-09 and goalDifference=8: Relationship[4107]
Processing entry 2054 of 4135
1999-06-09 ROU:AZE 4
Node for team ROU already exists: Node[4]
Node for team AZE already exists: Node[81]
Created relationship ROU->AZE with date=1999-06-09 and goalDifference=4: Relationship[4108]
Created relationship AZE->ROU with date=1999-06-09 and goalDifference=4: Relationship[4109]
Processing entry 2055 of 4135
1999-06-09 RUS:ISL 1
Node for team RUS already exists: Node[70]
Node for team ISL already exists: Node[43]
Created relationship RUS->ISL with date=1999-06-09 and goalDifference=1: Relationship[4110]
Created relationship ISL->RUS with date=1999-06-09 and goalDifference=1: Relationship[4111]
Processing entry 2056 of 4135
1999-06-09 WAL:DNK -2
Node for team WAL already exists: Node[31]
Node for team DNK already exists: Node[39]
Created relationship WAL->DNK with date=1999-06-09 and goalDifference=-2: Relationship[4112]
Created relationship DNK->WAL with date=1999-06-09 and goalDifference=-2: Relationship[4113]
Processing entry 2057 of 4135
1999-07-24 BRA:DEU 4
Node for team BRA already exists: Node[7]
Node for team DEU already exists: Node[17]
Created relationship BRA->DEU with date=1999-07-24 and goalDifference=4: Relationship[4114]
Created relationship DEU->BRA with date=1999-07-24 and goalDifference=4: Relationship[4115]
Processing entry 2058 of 4135
1999-07-24 NZL:USA -1
Node for team NZL already exists: Node[57]
Node for team USA already exists: Node[2]
Created relationship NZL->USA with date=1999-07-24 and goalDifference=-1: Relationship[4116]
Created relationship USA->NZL with date=1999-07-24 and goalDifference=-1: Relationship[4117]
Processing entry 2059 of 4135
1999-07-25 BOL:EGY 0
Node for team BOL already exists: Node[11]
Node for team EGY already exists: Node[20]
Created relationship BOL->EGY with date=1999-07-25 and goalDifference=0: Relationship[4118]
Created relationship EGY->BOL with date=1999-07-25 and goalDifference=0: Relationship[4119]
Processing entry 2060 of 4135
1999-07-25 MEX:SAU 4
Node for team MEX already exists: Node[1]
Node for team SAU already exists: Node[68]
Created relationship MEX->SAU with date=1999-07-25 and goalDifference=4: Relationship[4120]
Created relationship SAU->MEX with date=1999-07-25 and goalDifference=4: Relationship[4121]
Processing entry 2061 of 4135
1999-07-28 BRA:USA 1
Node for team BRA already exists: Node[7]
Node for team USA already exists: Node[2]
Created relationship BRA->USA with date=1999-07-28 and goalDifference=1: Relationship[4122]
Created relationship USA->BRA with date=1999-07-28 and goalDifference=1: Relationship[4123]
Processing entry 2062 of 4135
1999-07-28 DEU:NZL 2
Node for team DEU already exists: Node[17]
Node for team NZL already exists: Node[57]
Created relationship DEU->NZL with date=1999-07-28 and goalDifference=2: Relationship[4124]
Created relationship NZL->DEU with date=1999-07-28 and goalDifference=2: Relationship[4125]
Processing entry 2063 of 4135
1999-07-28 MEX:EGY 0
Node for team MEX already exists: Node[1]
Node for team EGY already exists: Node[20]
Created relationship MEX->EGY with date=1999-07-28 and goalDifference=0: Relationship[4126]
Created relationship EGY->MEX with date=1999-07-28 and goalDifference=0: Relationship[4127]
Processing entry 2064 of 4135
1999-07-28 SAU:BOL 0
Node for team SAU already exists: Node[68]
Node for team BOL already exists: Node[11]
Created relationship SAU->BOL with date=1999-07-28 and goalDifference=0: Relationship[4128]
Created relationship BOL->SAU with date=1999-07-28 and goalDifference=0: Relationship[4129]
Processing entry 2065 of 4135
1999-07-29 BOL:MEX -1
Node for team BOL already exists: Node[11]
Node for team MEX already exists: Node[1]
Created relationship BOL->MEX with date=1999-07-29 and goalDifference=-1: Relationship[4130]
Created relationship MEX->BOL with date=1999-07-29 and goalDifference=-1: Relationship[4131]
Processing entry 2066 of 4135
1999-07-29 NZL:BRA -2
Node for team NZL already exists: Node[57]
Node for team BRA already exists: Node[7]
Created relationship NZL->BRA with date=1999-07-29 and goalDifference=-2: Relationship[4132]
Created relationship BRA->NZL with date=1999-07-29 and goalDifference=-2: Relationship[4133]
Processing entry 2067 of 4135
1999-07-30 EGY:SAU -4
Node for team EGY already exists: Node[20]
Node for team SAU already exists: Node[68]
Created relationship EGY->SAU with date=1999-07-30 and goalDifference=-4: Relationship[4134]
Created relationship SAU->EGY with date=1999-07-30 and goalDifference=-4: Relationship[4135]
Processing entry 2068 of 4135
1999-07-30 USA:DEU 2
Node for team USA already exists: Node[2]
Node for team DEU already exists: Node[17]
Created relationship USA->DEU with date=1999-07-30 and goalDifference=2: Relationship[4136]
Created relationship DEU->USA with date=1999-07-30 and goalDifference=2: Relationship[4137]
Processing entry 2069 of 4135
1999-08-01 BRA:SAU 6
Node for team BRA already exists: Node[7]
Node for team SAU already exists: Node[68]
Created relationship BRA->SAU with date=1999-08-01 and goalDifference=6: Relationship[4138]
Created relationship SAU->BRA with date=1999-08-01 and goalDifference=6: Relationship[4139]
Processing entry 2070 of 4135
1999-08-01 MEX:USA 1
Node for team MEX already exists: Node[1]
Node for team USA already exists: Node[2]
Created relationship MEX->USA with date=1999-08-01 and goalDifference=1: Relationship[4140]
Created relationship USA->MEX with date=1999-08-01 and goalDifference=1: Relationship[4141]
Processing entry 2071 of 4135
1999-08-04 USA:SAU 2
Node for team USA already exists: Node[2]
Node for team SAU already exists: Node[68]
Created relationship USA->SAU with date=1999-08-04 and goalDifference=2: Relationship[4142]
Created relationship SAU->USA with date=1999-08-04 and goalDifference=2: Relationship[4143]
Processing entry 2072 of 4135
1999-08-05 MEX:BRA 1
Node for team MEX already exists: Node[1]
Node for team BRA already exists: Node[7]
Created relationship MEX->BRA with date=1999-08-05 and goalDifference=1: Relationship[4144]
Created relationship BRA->MEX with date=1999-08-05 and goalDifference=1: Relationship[4145]
Processing entry 2073 of 4135
1999-08-18 SVN:ALB 2
Node for team SVN already exists: Node[83]
Node for team ALB already exists: Node[41]
Created relationship SVN->ALB with date=1999-08-18 and goalDifference=2: Relationship[4146]
Created relationship ALB->SVN with date=1999-08-18 and goalDifference=2: Relationship[4147]
Processing entry 2074 of 4135
1999-08-18 YUG:HRV 0
Node for team YUG already exists: Node[6]
Node for team HRV already exists: Node[73]
Created relationship YUG->HRV with date=1999-08-18 and goalDifference=0: Relationship[4148]
Created relationship HRV->YUG with date=1999-08-18 and goalDifference=0: Relationship[4149]
Processing entry 2075 of 4135
1999-08-21 HRV:MLT 1
Node for team HRV already exists: Node[73]
Node for team MLT already exists: Node[42]
Created relationship HRV->MLT with date=1999-08-21 and goalDifference=1: Relationship[4150]
Created relationship MLT->HRV with date=1999-08-21 and goalDifference=1: Relationship[4151]
Processing entry 2076 of 4135
1999-09-01 IRL:YUG 1
Node for team IRL already exists: Node[35]
Node for team YUG already exists: Node[6]
Created relationship IRL->YUG with date=1999-09-01 and goalDifference=1: Relationship[4152]
Created relationship YUG->IRL with date=1999-09-01 and goalDifference=1: Relationship[4153]
Processing entry 2077 of 4135
1999-09-04 ALB:LVA 0
Node for team ALB already exists: Node[41]
Node for team LVA already exists: Node[78]
Created relationship ALB->LVA with date=1999-09-04 and goalDifference=0: Relationship[4154]
Created relationship LVA->ALB with date=1999-09-04 and goalDifference=0: Relationship[4155]
Processing entry 2078 of 4135
1999-09-04 AUT:ESP -2
Node for team AUT already exists: Node[13]
Node for team ESP already exists: Node[18]
Created relationship AUT->ESP with date=1999-09-04 and goalDifference=-2: Relationship[4156]
Created relationship ESP->AUT with date=1999-09-04 and goalDifference=-2: Relationship[4157]
Processing entry 2079 of 4135
1999-09-04 AZE:PRT 0
Node for team AZE already exists: Node[81]
Node for team PRT already exists: Node[38]
Created relationship AZE->PRT with date=1999-09-04 and goalDifference=0: Relationship[4158]
Created relationship PRT->AZE with date=1999-09-04 and goalDifference=0: Relationship[4159]
Processing entry 2080 of 4135
1999-09-04 BIH:SCO -1
Node for team BIH already exists: Node[91]
Node for team SCO already exists: Node[28]
Created relationship BIH->SCO with date=1999-09-04 and goalDifference=-1: Relationship[4160]
Created relationship SCO->BIH with date=1999-09-04 and goalDifference=-1: Relationship[4161]
Processing entry 2081 of 4135
1999-09-04 BLR:WAL -1
Node for team BLR already exists: Node[80]
Node for team WAL already exists: Node[31]
Created relationship BLR->WAL with date=1999-09-04 and goalDifference=-1: Relationship[4162]
Created relationship WAL->BLR with date=1999-09-04 and goalDifference=-1: Relationship[4163]
Processing entry 2082 of 4135
1999-09-04 DNK:CHE 1
Node for team DNK already exists: Node[39]
Node for team CHE already exists: Node[14]
Created relationship DNK->CHE with date=1999-09-04 and goalDifference=1: Relationship[4164]
Created relationship CHE->DNK with date=1999-09-04 and goalDifference=1: Relationship[4165]
Processing entry 2083 of 4135
1999-09-04 ENG:LUX 6
Node for team ENG already exists: Node[27]
Node for team LUX already exists: Node[44]
Created relationship ENG->LUX with date=1999-09-04 and goalDifference=6: Relationship[4166]
Created relationship LUX->ENG with date=1999-09-04 and goalDifference=6: Relationship[4167]
Processing entry 2084 of 4135
1999-09-04 FIN:DEU -1
Node for team FIN already exists: Node[46]
Node for team DEU already exists: Node[17]
Created relationship FIN->DEU with date=1999-09-04 and goalDifference=-1: Relationship[4168]
Created relationship DEU->FIN with date=1999-09-04 and goalDifference=-1: Relationship[4169]
Processing entry 2085 of 4135
1999-09-04 FRO:EST -2
Node for team FRO already exists: Node[66]
Node for team EST already exists: Node[72]
Created relationship FRO->EST with date=1999-09-04 and goalDifference=-2: Relationship[4170]
Created relationship EST->FRO with date=1999-09-04 and goalDifference=-2: Relationship[4171]
Processing entry 2086 of 4135
1999-09-04 HRV:IRL 1
Node for team HRV already exists: Node[73]
Node for team IRL already exists: Node[35]
Created relationship HRV->IRL with date=1999-09-04 and goalDifference=1: Relationship[4172]
Created relationship IRL->HRV with date=1999-09-04 and goalDifference=1: Relationship[4173]
Processing entry 2087 of 4135
1999-09-04 ISL:AND 3
Node for team ISL already exists: Node[43]
Node for team AND already exists: Node[92]
Created relationship ISL->AND with date=1999-09-04 and goalDifference=3: Relationship[4174]
Created relationship AND->ISL with date=1999-09-04 and goalDifference=3: Relationship[4175]
Processing entry 2088 of 4135
1999-09-04 LIE:HUN 0
Node for team LIE already exists: Node[69]
Node for team HUN already exists: Node[19]
Created relationship LIE->HUN with date=1999-09-04 and goalDifference=0: Relationship[4176]
Created relationship HUN->LIE with date=1999-09-04 and goalDifference=0: Relationship[4177]
Processing entry 2089 of 4135
1999-09-04 LTU:CZE -4
Node for team LTU already exists: Node[85]
Node for team CZE already exists: Node[74]
Created relationship LTU->CZE with date=1999-09-04 and goalDifference=-4: Relationship[4178]
Created relationship CZE->LTU with date=1999-09-04 and goalDifference=-4: Relationship[4179]
Processing entry 2090 of 4135
1999-09-04 NIR:TUR -3
Node for team NIR already exists: Node[32]
Node for team TUR already exists: Node[29]
Created relationship NIR->TUR with date=1999-09-04 and goalDifference=-3: Relationship[4180]
Created relationship TUR->NIR with date=1999-09-04 and goalDifference=-3: Relationship[4181]
Processing entry 2091 of 4135
1999-09-04 NOR:GRC 1
Node for team NOR already exists: Node[26]
Node for team GRC already exists: Node[34]
Created relationship NOR->GRC with date=1999-09-04 and goalDifference=1: Relationship[4182]
Created relationship GRC->NOR with date=1999-09-04 and goalDifference=1: Relationship[4183]
Processing entry 2092 of 4135
1999-09-04 RUS:ARM 2
Node for team RUS already exists: Node[70]
Node for team ARM already exists: Node[75]
Created relationship RUS->ARM with date=1999-09-04 and goalDifference=2: Relationship[4184]
Created relationship ARM->RUS with date=1999-09-04 and goalDifference=2: Relationship[4185]
Processing entry 2093 of 4135
1999-09-04 SVK:ROU -4
Node for team SVK already exists: Node[82]
Node for team ROU already exists: Node[4]
Created relationship SVK->ROU with date=1999-09-04 and goalDifference=-4: Relationship[4186]
Created relationship ROU->SVK with date=1999-09-04 and goalDifference=-4: Relationship[4187]
Processing entry 2094 of 4135
1999-09-04 SVN:GEO 1
Node for team SVN already exists: Node[83]
Node for team GEO already exists: Node[76]
Created relationship SVN->GEO with date=1999-09-04 and goalDifference=1: Relationship[4188]
Created relationship GEO->SVN with date=1999-09-04 and goalDifference=1: Relationship[4189]
Processing entry 2095 of 4135
1999-09-04 SWE:BGR 1
Node for team SWE already exists: Node[22]
Node for team BGR already exists: Node[36]
Created relationship SWE->BGR with date=1999-09-04 and goalDifference=1: Relationship[4190]
Created relationship BGR->SWE with date=1999-09-04 and goalDifference=1: Relationship[4191]
Processing entry 2096 of 4135
1999-09-04 UKR:FRA 0
Node for team UKR already exists: Node[84]
Node for team FRA already exists: Node[0]
Created relationship UKR->FRA with date=1999-09-04 and goalDifference=0: Relationship[4192]
Created relationship FRA->UKR with date=1999-09-04 and goalDifference=0: Relationship[4193]
Processing entry 2097 of 4135
1999-09-05 CYP:ISR 1
Node for team CYP already exists: Node[47]
Node for team ISR already exists: Node[48]
Created relationship CYP->ISR with date=1999-09-05 and goalDifference=1: Relationship[4194]
Created relationship ISR->CYP with date=1999-09-05 and goalDifference=1: Relationship[4195]
Processing entry 2098 of 4135
1999-09-05 YUG:MKD 2
Node for team YUG already exists: Node[6]
Node for team MKD already exists: Node[79]
Created relationship YUG->MKD with date=1999-09-05 and goalDifference=2: Relationship[4196]
Created relationship MKD->YUG with date=1999-09-05 and goalDifference=2: Relationship[4197]
Processing entry 2099 of 4135
1999-09-08 AND:RUS -1
Node for team AND already exists: Node[92]
Node for team RUS already exists: Node[70]
Created relationship AND->RUS with date=1999-09-08 and goalDifference=-1: Relationship[4198]
Created relationship RUS->AND with date=1999-09-08 and goalDifference=-1: Relationship[4199]
Processing entry 2100 of 4135
1999-09-08 ARM:FRA -1
Node for team ARM already exists: Node[75]
Node for team FRA already exists: Node[0]
Created relationship ARM->FRA with date=1999-09-08 and goalDifference=-1: Relationship[4200]
Created relationship FRA->ARM with date=1999-09-08 and goalDifference=-1: Relationship[4201]
Processing entry 2101 of 4135
1999-09-08 CHE:BLR 2
Node for team CHE already exists: Node[14]
Node for team BLR already exists: Node[80]
Created relationship CHE->BLR with date=1999-09-08 and goalDifference=2: Relationship[4202]
Created relationship BLR->CHE with date=1999-09-08 and goalDifference=2: Relationship[4203]
Processing entry 2102 of 4135
1999-09-08 CZE:BIH 3
Node for team CZE already exists: Node[74]
Node for team BIH already exists: Node[91]
Created relationship CZE->BIH with date=1999-09-08 and goalDifference=3: Relationship[4204]
Created relationship BIH->CZE with date=1999-09-08 and goalDifference=3: Relationship[4205]
Processing entry 2103 of 4135
1999-09-08 DEU:NIR 4
Node for team DEU already exists: Node[17]
Node for team NIR already exists: Node[32]
Created relationship DEU->NIR with date=1999-09-08 and goalDifference=4: Relationship[4206]
Created relationship NIR->DEU with date=1999-09-08 and goalDifference=4: Relationship[4207]
Processing entry 2104 of 4135
1999-09-08 ESP:CYP 8
Node for team ESP already exists: Node[18]
Node for team CYP already exists: Node[47]
Created relationship ESP->CYP with date=1999-09-08 and goalDifference=8: Relationship[4208]
Created relationship CYP->ESP with date=1999-09-08 and goalDifference=8: Relationship[4209]
Processing entry 2105 of 4135
1999-09-08 EST:SCO 0
Node for team EST already exists: Node[72]
Node for team SCO already exists: Node[28]
Created relationship EST->SCO with date=1999-09-08 and goalDifference=0: Relationship[4210]
Created relationship SCO->EST with date=1999-09-08 and goalDifference=0: Relationship[4211]
Processing entry 2106 of 4135
1999-09-08 FRO:LTU -1
Node for team FRO already exists: Node[66]
Node for team LTU already exists: Node[85]
Created relationship FRO->LTU with date=1999-09-08 and goalDifference=-1: Relationship[4212]
Created relationship LTU->FRO with date=1999-09-08 and goalDifference=-1: Relationship[4213]
Processing entry 2107 of 4135
1999-09-08 GEO:LVA 0
Node for team GEO already exists: Node[76]
Node for team LVA already exists: Node[78]
Created relationship GEO->LVA with date=1999-09-08 and goalDifference=0: Relationship[4214]
Created relationship LVA->GEO with date=1999-09-08 and goalDifference=0: Relationship[4215]
Processing entry 2108 of 4135
1999-09-08 HUN:AZE 3
Node for team HUN already exists: Node[19]
Node for team AZE already exists: Node[81]
Created relationship HUN->AZE with date=1999-09-08 and goalDifference=3: Relationship[4216]
Created relationship AZE->HUN with date=1999-09-08 and goalDifference=3: Relationship[4217]
Processing entry 2109 of 4135
1999-09-08 ISL:UKR -1
Node for team ISL already exists: Node[43]
Node for team UKR already exists: Node[84]
Created relationship ISL->UKR with date=1999-09-08 and goalDifference=-1: Relationship[4218]
Created relationship UKR->ISL with date=1999-09-08 and goalDifference=-1: Relationship[4219]
Processing entry 2110 of 4135
1999-09-08 ISR:SMR 8
Node for team ISR already exists: Node[48]
Node for team SMR already exists: Node[67]
Created relationship ISR->SMR with date=1999-09-08 and goalDifference=8: Relationship[4220]
Created relationship SMR->ISR with date=1999-09-08 and goalDifference=8: Relationship[4221]
Processing entry 2111 of 4135
1999-09-08 ITA:DNK -1
Node for team ITA already exists: Node[21]
Node for team DNK already exists: Node[39]
Created relationship ITA->DNK with date=1999-09-08 and goalDifference=-1: Relationship[4222]
Created relationship DNK->ITA with date=1999-09-08 and goalDifference=-1: Relationship[4223]
Processing entry 2112 of 4135
1999-09-08 LUX:SWE -1
Node for team LUX already exists: Node[44]
Node for team SWE already exists: Node[22]
Created relationship LUX->SWE with date=1999-09-08 and goalDifference=-1: Relationship[4224]
Created relationship SWE->LUX with date=1999-09-08 and goalDifference=-1: Relationship[4225]
Processing entry 2113 of 4135
1999-09-08 MDA:TUR 0
Node for team MDA already exists: Node[77]
Node for team TUR already exists: Node[29]
Created relationship MDA->TUR with date=1999-09-08 and goalDifference=0: Relationship[4226]
Created relationship TUR->MDA with date=1999-09-08 and goalDifference=0: Relationship[4227]
Processing entry 2114 of 4135
1999-09-08 MKD:YUG -2
Node for team MKD already exists: Node[79]
Node for team YUG already exists: Node[6]
Created relationship MKD->YUG with date=1999-09-08 and goalDifference=-2: Relationship[4228]
Created relationship YUG->MKD with date=1999-09-08 and goalDifference=-2: Relationship[4229]
Processing entry 2115 of 4135
1999-09-08 MLT:IRL -1
Node for team MLT already exists: Node[42]
Node for team IRL already exists: Node[35]
Created relationship MLT->IRL with date=1999-09-08 and goalDifference=-1: Relationship[4230]
Created relationship IRL->MLT with date=1999-09-08 and goalDifference=-1: Relationship[4231]
Processing entry 2116 of 4135
1999-09-08 NOR:SVN 4
Node for team NOR already exists: Node[26]
Node for team SVN already exists: Node[83]
Created relationship NOR->SVN with date=1999-09-08 and goalDifference=4: Relationship[4232]
Created relationship SVN->NOR with date=1999-09-08 and goalDifference=4: Relationship[4233]
Processing entry 2117 of 4135
1999-09-08 POL:ENG 0
Node for team POL already exists: Node[23]
Node for team ENG already exists: Node[27]
Created relationship POL->ENG with date=1999-09-08 and goalDifference=0: Relationship[4234]
Created relationship ENG->POL with date=1999-09-08 and goalDifference=0: Relationship[4235]
Processing entry 2118 of 4135
1999-09-08 ROU:PRT 0
Node for team ROU already exists: Node[4]
Node for team PRT already exists: Node[38]
Created relationship ROU->PRT with date=1999-09-08 and goalDifference=0: Relationship[4236]
Created relationship PRT->ROU with date=1999-09-08 and goalDifference=0: Relationship[4237]
Processing entry 2119 of 4135
1999-09-08 SVK:LIE 2
Node for team SVK already exists: Node[82]
Node for team LIE already exists: Node[69]
Created relationship SVK->LIE with date=1999-09-08 and goalDifference=2: Relationship[4238]
Created relationship LIE->SVK with date=1999-09-08 and goalDifference=2: Relationship[4239]
Processing entry 2120 of 4135
1999-10-05 SCO:BIH 1
Node for team SCO already exists: Node[28]
Node for team BIH already exists: Node[91]
Created relationship SCO->BIH with date=1999-10-05 and goalDifference=1: Relationship[4240]
Created relationship BIH->SCO with date=1999-10-05 and goalDifference=1: Relationship[4241]
Processing entry 2121 of 4135
1999-10-06 GRC:ALB 2
Node for team GRC already exists: Node[34]
Node for team ALB already exists: Node[41]
Created relationship GRC->ALB with date=1999-10-06 and goalDifference=2: Relationship[4242]
Created relationship ALB->GRC with date=1999-10-06 and goalDifference=2: Relationship[4243]
Processing entry 2122 of 4135
1999-10-09 AND:ARM -3
Node for team AND already exists: Node[92]
Node for team ARM already exists: Node[75]
Created relationship AND->ARM with date=1999-10-09 and goalDifference=-3: Relationship[4244]
Created relationship ARM->AND with date=1999-10-09 and goalDifference=-3: Relationship[4245]
Processing entry 2123 of 4135
1999-10-09 AZE:SVK -1
Node for team AZE already exists: Node[81]
Node for team SVK already exists: Node[82]
Created relationship AZE->SVK with date=1999-10-09 and goalDifference=-1: Relationship[4246]
Created relationship SVK->AZE with date=1999-10-09 and goalDifference=-1: Relationship[4247]
Processing entry 2124 of 4135
1999-10-09 BLR:ITA 0
Node for team BLR already exists: Node[80]
Node for team ITA already exists: Node[21]
Created relationship BLR->ITA with date=1999-10-09 and goalDifference=0: Relationship[4248]
Created relationship ITA->BLR with date=1999-10-09 and goalDifference=0: Relationship[4249]
Processing entry 2125 of 4135
1999-10-09 CZE:FRO 2
Node for team CZE already exists: Node[74]
Node for team FRO already exists: Node[66]
Created relationship CZE->FRO with date=1999-10-09 and goalDifference=2: Relationship[4250]
Created relationship FRO->CZE with date=1999-10-09 and goalDifference=2: Relationship[4251]
Processing entry 2126 of 4135
1999-10-09 DEU:TUR 0
Node for team DEU already exists: Node[17]
Node for team TUR already exists: Node[29]
Created relationship DEU->TUR with date=1999-10-09 and goalDifference=0: Relationship[4252]
Created relationship TUR->DEU with date=1999-10-09 and goalDifference=0: Relationship[4253]
Processing entry 2127 of 4135
1999-10-09 EST:BIH -3
Node for team EST already exists: Node[72]
Node for team BIH already exists: Node[91]
Created relationship EST->BIH with date=1999-10-09 and goalDifference=-3: Relationship[4254]
Created relationship BIH->EST with date=1999-10-09 and goalDifference=-3: Relationship[4255]
Processing entry 2128 of 4135
1999-10-09 FIN:NIR 3
Node for team FIN already exists: Node[46]
Node for team NIR already exists: Node[32]
Created relationship FIN->NIR with date=1999-10-09 and goalDifference=3: Relationship[4256]
Created relationship NIR->FIN with date=1999-10-09 and goalDifference=3: Relationship[4257]
Processing entry 2129 of 4135
1999-10-09 FRA:ISL 1
Node for team FRA already exists: Node[0]
Node for team ISL already exists: Node[43]
Created relationship FRA->ISL with date=1999-10-09 and goalDifference=1: Relationship[4258]
Created relationship ISL->FRA with date=1999-10-09 and goalDifference=1: Relationship[4259]
Processing entry 2130 of 4135
1999-10-09 HRV:YUG 0
Node for team HRV already exists: Node[73]
Node for team YUG already exists: Node[6]
Created relationship HRV->YUG with date=1999-10-09 and goalDifference=0: Relationship[4260]
Created relationship YUG->HRV with date=1999-10-09 and goalDifference=0: Relationship[4261]
Processing entry 2131 of 4135
1999-10-09 LIE:ROU -3
Node for team LIE already exists: Node[69]
Node for team ROU already exists: Node[4]
Created relationship LIE->ROU with date=1999-10-09 and goalDifference=-3: Relationship[4262]
Created relationship ROU->LIE with date=1999-10-09 and goalDifference=-3: Relationship[4263]
Processing entry 2132 of 4135
1999-10-09 MKD:IRL 0
Node for team MKD already exists: Node[79]
Node for team IRL already exists: Node[35]
Created relationship MKD->IRL with date=1999-10-09 and goalDifference=0: Relationship[4264]
Created relationship IRL->MKD with date=1999-10-09 and goalDifference=0: Relationship[4265]
Processing entry 2133 of 4135
1999-10-09 PRT:HUN 3
Node for team PRT already exists: Node[38]
Node for team HUN already exists: Node[19]
Created relationship PRT->HUN with date=1999-10-09 and goalDifference=3: Relationship[4266]
Created relationship HUN->PRT with date=1999-10-09 and goalDifference=3: Relationship[4267]
Processing entry 2134 of 4135
1999-10-09 RUS:UKR 0
Node for team RUS already exists: Node[70]
Node for team UKR already exists: Node[84]
Created relationship RUS->UKR with date=1999-10-09 and goalDifference=0: Relationship[4268]
Created relationship UKR->RUS with date=1999-10-09 and goalDifference=0: Relationship[4269]
Processing entry 2135 of 4135
1999-10-09 SCO:LTU 3
Node for team SCO already exists: Node[28]
Node for team LTU already exists: Node[85]
Created relationship SCO->LTU with date=1999-10-09 and goalDifference=3: Relationship[4270]
Created relationship LTU->SCO with date=1999-10-09 and goalDifference=3: Relationship[4271]
Processing entry 2136 of 4135
1999-10-09 SWE:POL 2
Node for team SWE already exists: Node[22]
Node for team POL already exists: Node[23]
Created relationship SWE->POL with date=1999-10-09 and goalDifference=2: Relationship[4272]
Created relationship POL->SWE with date=1999-10-09 and goalDifference=2: Relationship[4273]
Processing entry 2137 of 4135
1999-10-10 ALB:GEO 1
Node for team ALB already exists: Node[41]
Node for team GEO already exists: Node[76]
Created relationship ALB->GEO with date=1999-10-10 and goalDifference=1: Relationship[4274]
Created relationship GEO->ALB with date=1999-10-10 and goalDifference=1: Relationship[4275]
Processing entry 2138 of 4135
1999-10-10 AUT:CYP 2
Node for team AUT already exists: Node[13]
Node for team CYP already exists: Node[47]
Created relationship AUT->CYP with date=1999-10-10 and goalDifference=2: Relationship[4276]
Created relationship CYP->AUT with date=1999-10-10 and goalDifference=2: Relationship[4277]
Processing entry 2139 of 4135
1999-10-10 BGR:LUX 3
Node for team BGR already exists: Node[36]
Node for team LUX already exists: Node[44]
Created relationship BGR->LUX with date=1999-10-10 and goalDifference=3: Relationship[4278]
Created relationship LUX->BGR with date=1999-10-10 and goalDifference=3: Relationship[4279]
Processing entry 2140 of 4135
1999-10-10 ESP:ISR 3
Node for team ESP already exists: Node[18]
Node for team ISR already exists: Node[48]
Created relationship ESP->ISR with date=1999-10-10 and goalDifference=3: Relationship[4280]
Created relationship ISR->ESP with date=1999-10-10 and goalDifference=3: Relationship[4281]
Processing entry 2141 of 4135
1999-10-10 SVN:GRC -3
Node for team SVN already exists: Node[83]
Node for team GRC already exists: Node[34]
Created relationship SVN->GRC with date=1999-10-10 and goalDifference=-3: Relationship[4282]
Created relationship GRC->SVN with date=1999-10-10 and goalDifference=-3: Relationship[4283]
Processing entry 2142 of 4135
1999-10-10 WAL:CHE -2
Node for team WAL already exists: Node[31]
Node for team CHE already exists: Node[14]
Created relationship WAL->CHE with date=1999-10-10 and goalDifference=-2: Relationship[4284]
Created relationship CHE->WAL with date=1999-10-10 and goalDifference=-2: Relationship[4285]
Processing entry 2143 of 4135
1999-11-13 IRL:TUR 0
Node for team IRL already exists: Node[35]
Node for team TUR already exists: Node[29]
Created relationship IRL->TUR with date=1999-11-13 and goalDifference=0: Relationship[4286]
Created relationship TUR->IRL with date=1999-11-13 and goalDifference=0: Relationship[4287]
Processing entry 2144 of 4135
1999-11-13 ISR:DNK -5
Node for team ISR already exists: Node[48]
Node for team DNK already exists: Node[39]
Created relationship ISR->DNK with date=1999-11-13 and goalDifference=-5: Relationship[4288]
Created relationship DNK->ISR with date=1999-11-13 and goalDifference=-5: Relationship[4289]
Processing entry 2145 of 4135
1999-11-13 SCO:ENG -2
Node for team SCO already exists: Node[28]
Node for team ENG already exists: Node[27]
Created relationship SCO->ENG with date=1999-11-13 and goalDifference=-2: Relationship[4290]
Created relationship ENG->SCO with date=1999-11-13 and goalDifference=-2: Relationship[4291]
Processing entry 2146 of 4135
1999-11-13 SVN:UKR 1
Node for team SVN already exists: Node[83]
Node for team UKR already exists: Node[84]
Created relationship SVN->UKR with date=1999-11-13 and goalDifference=1: Relationship[4292]
Created relationship UKR->SVN with date=1999-11-13 and goalDifference=1: Relationship[4293]
Processing entry 2147 of 4135
1999-11-17 DNK:ISR 3
Node for team DNK already exists: Node[39]
Node for team ISR already exists: Node[48]
Created relationship DNK->ISR with date=1999-11-17 and goalDifference=3: Relationship[4294]
Created relationship ISR->DNK with date=1999-11-17 and goalDifference=3: Relationship[4295]
Processing entry 2148 of 4135
1999-11-17 ENG:SCO -1
Node for team ENG already exists: Node[27]
Node for team SCO already exists: Node[28]
Created relationship ENG->SCO with date=1999-11-17 and goalDifference=-1: Relationship[4296]
Created relationship SCO->ENG with date=1999-11-17 and goalDifference=-1: Relationship[4297]
Processing entry 2149 of 4135
1999-11-17 TUR:IRL 0
Node for team TUR already exists: Node[29]
Node for team IRL already exists: Node[35]
Created relationship TUR->IRL with date=1999-11-17 and goalDifference=0: Relationship[4298]
Created relationship IRL->TUR with date=1999-11-17 and goalDifference=0: Relationship[4299]
Processing entry 2150 of 4135
1999-11-17 UKR:SVN 0
Node for team UKR already exists: Node[84]
Node for team SVN already exists: Node[83]
Created relationship UKR->SVN with date=1999-11-17 and goalDifference=0: Relationship[4300]
Created relationship SVN->UKR with date=1999-11-17 and goalDifference=0: Relationship[4301]
Processing entry 2151 of 4135
1999-12-12 LVA:NOR -1
Node for team LVA already exists: Node[78]
Node for team NOR already exists: Node[26]
Created relationship LVA->NOR with date=1999-12-12 and goalDifference=-1: Relationship[4302]
Created relationship NOR->LVA with date=1999-12-12 and goalDifference=-1: Relationship[4303]
Processing entry 2152 of 4135
2000-02-13 NGA:CMR -1
Node for team NGA already exists: Node[71]
Node for team CMR already exists: Node[56]
Created relationship NGA->CMR with date=2000-02-13 and goalDifference=-1: Relationship[4304]
Created relationship CMR->NGA with date=2000-02-13 and goalDifference=-1: Relationship[4305]
Processing entry 2153 of 4135
2000-06-10 BEL:SWE 1
Node for team BEL already exists: Node[3]
Node for team SWE already exists: Node[22]
Created relationship BEL->SWE with date=2000-06-10 and goalDifference=1: Relationship[4306]
Created relationship SWE->BEL with date=2000-06-10 and goalDifference=1: Relationship[4307]
Processing entry 2154 of 4135
2000-06-11 FRA:DNK 3
Node for team FRA already exists: Node[0]
Node for team DNK already exists: Node[39]
Created relationship FRA->DNK with date=2000-06-11 and goalDifference=3: Relationship[4308]
Created relationship DNK->FRA with date=2000-06-11 and goalDifference=3: Relationship[4309]
Processing entry 2155 of 4135
2000-06-11 NLD:CZE 1
Node for team NLD already exists: Node[15]
Node for team CZE already exists: Node[74]
Created relationship NLD->CZE with date=2000-06-11 and goalDifference=1: Relationship[4310]
Created relationship CZE->NLD with date=2000-06-11 and goalDifference=1: Relationship[4311]
Processing entry 2156 of 4135
2000-06-11 TUR:ITA -1
Node for team TUR already exists: Node[29]
Node for team ITA already exists: Node[21]
Created relationship TUR->ITA with date=2000-06-11 and goalDifference=-1: Relationship[4312]
Created relationship ITA->TUR with date=2000-06-11 and goalDifference=-1: Relationship[4313]
Processing entry 2157 of 4135
2000-06-12 DEU:ROU 0
Node for team DEU already exists: Node[17]
Node for team ROU already exists: Node[4]
Created relationship DEU->ROU with date=2000-06-12 and goalDifference=0: Relationship[4314]
Created relationship ROU->DEU with date=2000-06-12 and goalDifference=0: Relationship[4315]
Processing entry 2158 of 4135
2000-06-12 PRT:ENG 1
Node for team PRT already exists: Node[38]
Node for team ENG already exists: Node[27]
Created relationship PRT->ENG with date=2000-06-12 and goalDifference=1: Relationship[4316]
Created relationship ENG->PRT with date=2000-06-12 and goalDifference=1: Relationship[4317]
Processing entry 2159 of 4135
2000-06-13 ESP:NOR -1
Node for team ESP already exists: Node[18]
Node for team NOR already exists: Node[26]
Created relationship ESP->NOR with date=2000-06-13 and goalDifference=-1: Relationship[4318]
Created relationship NOR->ESP with date=2000-06-13 and goalDifference=-1: Relationship[4319]
Processing entry 2160 of 4135
2000-06-13 YUG:SVN 0
Node for team YUG already exists: Node[6]
Node for team SVN already exists: Node[83]
Created relationship YUG->SVN with date=2000-06-13 and goalDifference=0: Relationship[4320]
Created relationship SVN->YUG with date=2000-06-13 and goalDifference=0: Relationship[4321]
Processing entry 2161 of 4135
2000-06-14 ITA:BEL 2
Node for team ITA already exists: Node[21]
Node for team BEL already exists: Node[3]
Created relationship ITA->BEL with date=2000-06-14 and goalDifference=2: Relationship[4322]
Created relationship BEL->ITA with date=2000-06-14 and goalDifference=2: Relationship[4323]
Processing entry 2162 of 4135
2000-06-15 SWE:TUR 0
Node for team SWE already exists: Node[22]
Node for team TUR already exists: Node[29]
Created relationship SWE->TUR with date=2000-06-15 and goalDifference=0: Relationship[4324]
Created relationship TUR->SWE with date=2000-06-15 and goalDifference=0: Relationship[4325]
Processing entry 2163 of 4135
2000-06-16 CZE:FRA -1
Node for team CZE already exists: Node[74]
Node for team FRA already exists: Node[0]
Created relationship CZE->FRA with date=2000-06-16 and goalDifference=-1: Relationship[4326]
Created relationship FRA->CZE with date=2000-06-16 and goalDifference=-1: Relationship[4327]
Processing entry 2164 of 4135
2000-06-16 DNK:NLD -3
Node for team DNK already exists: Node[39]
Node for team NLD already exists: Node[15]
Created relationship DNK->NLD with date=2000-06-16 and goalDifference=-3: Relationship[4328]
Created relationship NLD->DNK with date=2000-06-16 and goalDifference=-3: Relationship[4329]
Processing entry 2165 of 4135
2000-06-17 ENG:DEU 1
Node for team ENG already exists: Node[27]
Node for team DEU already exists: Node[17]
Created relationship ENG->DEU with date=2000-06-17 and goalDifference=1: Relationship[4330]
Created relationship DEU->ENG with date=2000-06-17 and goalDifference=1: Relationship[4331]
Processing entry 2166 of 4135
2000-06-17 ROU:PRT -1
Node for team ROU already exists: Node[4]
Node for team PRT already exists: Node[38]
Created relationship ROU->PRT with date=2000-06-17 and goalDifference=-1: Relationship[4332]
Created relationship PRT->ROU with date=2000-06-17 and goalDifference=-1: Relationship[4333]
Processing entry 2167 of 4135
2000-06-18 NOR:YUG -1
Node for team NOR already exists: Node[26]
Node for team YUG already exists: Node[6]
Created relationship NOR->YUG with date=2000-06-18 and goalDifference=-1: Relationship[4334]
Created relationship YUG->NOR with date=2000-06-18 and goalDifference=-1: Relationship[4335]
Processing entry 2168 of 4135
2000-06-18 SVN:ESP -1
Node for team SVN already exists: Node[83]
Node for team ESP already exists: Node[18]
Created relationship SVN->ESP with date=2000-06-18 and goalDifference=-1: Relationship[4336]
Created relationship ESP->SVN with date=2000-06-18 and goalDifference=-1: Relationship[4337]
Processing entry 2169 of 4135
2000-06-19 AUS:COK 17
Node for team AUS already exists: Node[52]
Node for team COK already exists: Node[94]
Created relationship AUS->COK with date=2000-06-19 and goalDifference=17: Relationship[4338]
Created relationship COK->AUS with date=2000-06-19 and goalDifference=17: Relationship[4339]
Processing entry 2170 of 4135
2000-06-19 ITA:SWE 1
Node for team ITA already exists: Node[21]
Node for team SWE already exists: Node[22]
Created relationship ITA->SWE with date=2000-06-19 and goalDifference=1: Relationship[4340]
Created relationship SWE->ITA with date=2000-06-19 and goalDifference=1: Relationship[4341]
Processing entry 2171 of 4135
2000-06-19 TAH:NZL -2
Node for team TAH already exists: Node[88]
Node for team NZL already exists: Node[57]
Created relationship TAH->NZL with date=2000-06-19 and goalDifference=-2: Relationship[4342]
Created relationship NZL->TAH with date=2000-06-19 and goalDifference=-2: Relationship[4343]
Processing entry 2172 of 4135
2000-06-19 TUR:BEL 2
Node for team TUR already exists: Node[29]
Node for team BEL already exists: Node[3]
Created relationship TUR->BEL with date=2000-06-19 and goalDifference=2: Relationship[4344]
Created relationship BEL->TUR with date=2000-06-19 and goalDifference=2: Relationship[4345]
Processing entry 2173 of 4135
2000-06-20 DNK:CZE -2
Node for team DNK already exists: Node[39]
Node for team CZE already exists: Node[74]
Created relationship DNK->CZE with date=2000-06-20 and goalDifference=-2: Relationship[4346]
Created relationship CZE->DNK with date=2000-06-20 and goalDifference=-2: Relationship[4347]
Processing entry 2174 of 4135
2000-06-20 ENG:ROU -1
Node for team ENG already exists: Node[27]
Node for team ROU already exists: Node[4]
Created relationship ENG->ROU with date=2000-06-20 and goalDifference=-1: Relationship[4348]
Created relationship ROU->ENG with date=2000-06-20 and goalDifference=-1: Relationship[4349]
Processing entry 2175 of 4135
2000-06-20 FRA:NLD -1
Node for team FRA already exists: Node[0]
Node for team NLD already exists: Node[15]
Created relationship FRA->NLD with date=2000-06-20 and goalDifference=-1: Relationship[4350]
Created relationship NLD->FRA with date=2000-06-20 and goalDifference=-1: Relationship[4351]
Processing entry 2176 of 4135
2000-06-20 PRT:DEU 3
Node for team PRT already exists: Node[38]
Node for team DEU already exists: Node[17]
Created relationship PRT->DEU with date=2000-06-20 and goalDifference=3: Relationship[4352]
Created relationship DEU->PRT with date=2000-06-20 and goalDifference=3: Relationship[4353]
Processing entry 2177 of 4135
2000-06-20 SVN:NOR 0
Node for team SVN already exists: Node[83]
Node for team NOR already exists: Node[26]
Created relationship SVN->NOR with date=2000-06-20 and goalDifference=0: Relationship[4354]
Created relationship NOR->SVN with date=2000-06-20 and goalDifference=0: Relationship[4355]
Processing entry 2178 of 4135
2000-06-20 YUG:ESP -1
Node for team YUG already exists: Node[6]
Node for team ESP already exists: Node[18]
Created relationship YUG->ESP with date=2000-06-20 and goalDifference=-1: Relationship[4356]
Created relationship ESP->YUG with date=2000-06-20 and goalDifference=-1: Relationship[4357]
Processing entry 2179 of 4135
2000-06-21 DNK:CZE -2
Node for team DNK already exists: Node[39]
Node for team CZE already exists: Node[74]
Created relationship DNK->CZE with date=2000-06-21 and goalDifference=-2: Relationship[4358]
Created relationship CZE->DNK with date=2000-06-21 and goalDifference=-2: Relationship[4359]
Processing entry 2180 of 4135
2000-06-21 FRA:NLD -1
Node for team FRA already exists: Node[0]
Node for team NLD already exists: Node[15]
Created relationship FRA->NLD with date=2000-06-21 and goalDifference=-1: Relationship[4360]
Created relationship NLD->FRA with date=2000-06-21 and goalDifference=-1: Relationship[4361]
Processing entry 2181 of 4135
2000-06-21 NZL:VUT 2
Node for team NZL already exists: Node[57]
Node for team VUT already exists: Node[95]
Created relationship NZL->VUT with date=2000-06-21 and goalDifference=2: Relationship[4362]
Created relationship VUT->NZL with date=2000-06-21 and goalDifference=2: Relationship[4363]
Processing entry 2182 of 4135
2000-06-21 SLB:COK 4
Node for team SLB already exists: Node[87]
Node for team COK already exists: Node[94]
Created relationship SLB->COK with date=2000-06-21 and goalDifference=4: Relationship[4364]
Created relationship COK->SLB with date=2000-06-21 and goalDifference=4: Relationship[4365]
Processing entry 2183 of 4135
2000-06-21 SVN:NOR 0
Node for team SVN already exists: Node[83]
Node for team NOR already exists: Node[26]
Created relationship SVN->NOR with date=2000-06-21 and goalDifference=0: Relationship[4366]
Created relationship NOR->SVN with date=2000-06-21 and goalDifference=0: Relationship[4367]
Processing entry 2184 of 4135
2000-06-21 YUG:ESP -1
Node for team YUG already exists: Node[6]
Node for team ESP already exists: Node[18]
Created relationship YUG->ESP with date=2000-06-21 and goalDifference=-1: Relationship[4368]
Created relationship ESP->YUG with date=2000-06-21 and goalDifference=-1: Relationship[4369]
Processing entry 2185 of 4135
2000-06-23 AUS:SLB 6
Node for team AUS already exists: Node[52]
Node for team SLB already exists: Node[87]
Created relationship AUS->SLB with date=2000-06-23 and goalDifference=6: Relationship[4370]
Created relationship SLB->AUS with date=2000-06-23 and goalDifference=6: Relationship[4371]
Processing entry 2186 of 4135
2000-06-23 TAH:VUT -1
Node for team TAH already exists: Node[88]
Node for team VUT already exists: Node[95]
Created relationship TAH->VUT with date=2000-06-23 and goalDifference=-1: Relationship[4372]
Created relationship VUT->TAH with date=2000-06-23 and goalDifference=-1: Relationship[4373]
Processing entry 2187 of 4135
2000-06-24 ITA:ROU 2
Node for team ITA already exists: Node[21]
Node for team ROU already exists: Node[4]
Created relationship ITA->ROU with date=2000-06-24 and goalDifference=2: Relationship[4374]
Created relationship ROU->ITA with date=2000-06-24 and goalDifference=2: Relationship[4375]
Processing entry 2188 of 4135
2000-06-24 TUR:PRT -2
Node for team TUR already exists: Node[29]
Node for team PRT already exists: Node[38]
Created relationship TUR->PRT with date=2000-06-24 and goalDifference=-2: Relationship[4376]
Created relationship PRT->TUR with date=2000-06-24 and goalDifference=-2: Relationship[4377]
Processing entry 2189 of 4135
2000-06-25 AUS:VUT 1
Node for team AUS already exists: Node[52]
Node for team VUT already exists: Node[95]
Created relationship AUS->VUT with date=2000-06-25 and goalDifference=1: Relationship[4378]
Created relationship VUT->AUS with date=2000-06-25 and goalDifference=1: Relationship[4379]
Processing entry 2190 of 4135
2000-06-25 ESP:FRA -1
Node for team ESP already exists: Node[18]
Node for team FRA already exists: Node[0]
Created relationship ESP->FRA with date=2000-06-25 and goalDifference=-1: Relationship[4380]
Created relationship FRA->ESP with date=2000-06-25 and goalDifference=-1: Relationship[4381]
Processing entry 2191 of 4135
2000-06-25 NLD:YUG 5
Node for team NLD already exists: Node[15]
Node for team YUG already exists: Node[6]
Created relationship NLD->YUG with date=2000-06-25 and goalDifference=5: Relationship[4382]
Created relationship YUG->NLD with date=2000-06-25 and goalDifference=5: Relationship[4383]
Processing entry 2192 of 4135
2000-06-25 NZL:SLB 2
Node for team NZL already exists: Node[57]
Node for team SLB already exists: Node[87]
Created relationship NZL->SLB with date=2000-06-25 and goalDifference=2: Relationship[4384]
Created relationship SLB->NZL with date=2000-06-25 and goalDifference=2: Relationship[4385]
Processing entry 2193 of 4135
2000-06-25 YUG:NLD -5
Node for team YUG already exists: Node[6]
Node for team NLD already exists: Node[15]
Created relationship YUG->NLD with date=2000-06-25 and goalDifference=-5: Relationship[4386]
Created relationship NLD->YUG with date=2000-06-25 and goalDifference=-5: Relationship[4387]
Processing entry 2194 of 4135
2000-06-28 AUS:NZL 2
Node for team AUS already exists: Node[52]
Node for team NZL already exists: Node[57]
Created relationship AUS->NZL with date=2000-06-28 and goalDifference=2: Relationship[4388]
Created relationship NZL->AUS with date=2000-06-28 and goalDifference=2: Relationship[4389]
Processing entry 2195 of 4135
2000-06-28 FRA:PRT 1
Node for team FRA already exists: Node[0]
Node for team PRT already exists: Node[38]
Created relationship FRA->PRT with date=2000-06-28 and goalDifference=1: Relationship[4390]
Created relationship PRT->FRA with date=2000-06-28 and goalDifference=1: Relationship[4391]
Processing entry 2196 of 4135
2000-06-28 PRT:FRA -1
Node for team PRT already exists: Node[38]
Node for team FRA already exists: Node[0]
Created relationship PRT->FRA with date=2000-06-28 and goalDifference=-1: Relationship[4392]
Created relationship FRA->PRT with date=2000-06-28 and goalDifference=-1: Relationship[4393]
Processing entry 2197 of 4135
2000-06-28 SLB:VUT 1
Node for team SLB already exists: Node[87]
Node for team VUT already exists: Node[95]
Created relationship SLB->VUT with date=2000-06-28 and goalDifference=1: Relationship[4394]
Created relationship VUT->SLB with date=2000-06-28 and goalDifference=1: Relationship[4395]
Processing entry 2198 of 4135
2000-06-29 ITA:NLD 0
Node for team ITA already exists: Node[21]
Node for team NLD already exists: Node[15]
Created relationship ITA->NLD with date=2000-06-29 and goalDifference=0: Relationship[4396]
Created relationship NLD->ITA with date=2000-06-29 and goalDifference=0: Relationship[4397]
Processing entry 2199 of 4135
2000-06-29 NLD:ITA 0
Node for team NLD already exists: Node[15]
Node for team ITA already exists: Node[21]
Created relationship NLD->ITA with date=2000-06-29 and goalDifference=0: Relationship[4398]
Created relationship ITA->NLD with date=2000-06-29 and goalDifference=0: Relationship[4399]
Processing entry 2200 of 4135
2000-07-02 FRA:ITA 1
Node for team FRA already exists: Node[0]
Node for team ITA already exists: Node[21]
Created relationship FRA->ITA with date=2000-07-02 and goalDifference=1: Relationship[4400]
Created relationship ITA->FRA with date=2000-07-02 and goalDifference=1: Relationship[4401]
Processing entry 2201 of 4135
2001-05-30 KOR:FRA -5
Node for team KOR already exists: Node[30]
Node for team FRA already exists: Node[0]
Created relationship KOR->FRA with date=2001-05-30 and goalDifference=-5: Relationship[4402]
Created relationship FRA->KOR with date=2001-05-30 and goalDifference=-5: Relationship[4403]
Processing entry 2202 of 4135
2001-05-30 MEX:AUS -2
Node for team MEX already exists: Node[1]
Node for team AUS already exists: Node[52]
Created relationship MEX->AUS with date=2001-05-30 and goalDifference=-2: Relationship[4404]
Created relationship AUS->MEX with date=2001-05-30 and goalDifference=-2: Relationship[4405]
Processing entry 2203 of 4135
2001-05-31 BRA:CMR 2
Node for team BRA already exists: Node[7]
Node for team CMR already exists: Node[56]
Created relationship BRA->CMR with date=2001-05-31 and goalDifference=2: Relationship[4406]
Created relationship CMR->BRA with date=2001-05-31 and goalDifference=2: Relationship[4407]
Processing entry 2204 of 4135
2001-05-31 JPN:CAN 3
Node for team JPN already exists: Node[86]
Node for team CAN already exists: Node[61]
Created relationship JPN->CAN with date=2001-05-31 and goalDifference=3: Relationship[4408]
Created relationship CAN->JPN with date=2001-05-31 and goalDifference=3: Relationship[4409]
Processing entry 2205 of 4135
2001-06-01 FRA:AUS -1
Node for team FRA already exists: Node[0]
Node for team AUS already exists: Node[52]
Created relationship FRA->AUS with date=2001-06-01 and goalDifference=-1: Relationship[4410]
Created relationship AUS->FRA with date=2001-06-01 and goalDifference=-1: Relationship[4411]
Processing entry 2206 of 4135
2001-06-01 KOR:MEX 1
Node for team KOR already exists: Node[30]
Node for team MEX already exists: Node[1]
Created relationship KOR->MEX with date=2001-06-01 and goalDifference=1: Relationship[4412]
Created relationship MEX->KOR with date=2001-06-01 and goalDifference=1: Relationship[4413]
Processing entry 2207 of 4135
2001-06-02 BRA:CAN 0
Node for team BRA already exists: Node[7]
Node for team CAN already exists: Node[61]
Created relationship BRA->CAN with date=2001-06-02 and goalDifference=0: Relationship[4414]
Created relationship CAN->BRA with date=2001-06-02 and goalDifference=0: Relationship[4415]
Processing entry 2208 of 4135
2001-06-02 JPN:CMR 2
Node for team JPN already exists: Node[86]
Node for team CMR already exists: Node[56]
Created relationship JPN->CMR with date=2001-06-02 and goalDifference=2: Relationship[4416]
Created relationship CMR->JPN with date=2001-06-02 and goalDifference=2: Relationship[4417]
Processing entry 2209 of 4135
2001-06-03 FRA:MEX 4
Node for team FRA already exists: Node[0]
Node for team MEX already exists: Node[1]
Created relationship FRA->MEX with date=2001-06-03 and goalDifference=4: Relationship[4418]
Created relationship MEX->FRA with date=2001-06-03 and goalDifference=4: Relationship[4419]
Processing entry 2210 of 4135
2001-06-03 KOR:AUS 1
Node for team KOR already exists: Node[30]
Node for team AUS already exists: Node[52]
Created relationship KOR->AUS with date=2001-06-03 and goalDifference=1: Relationship[4420]
Created relationship AUS->KOR with date=2001-06-03 and goalDifference=1: Relationship[4421]
Processing entry 2211 of 4135
2001-06-04 CMR:CAN 2
Node for team CMR already exists: Node[56]
Node for team CAN already exists: Node[61]
Created relationship CMR->CAN with date=2001-06-04 and goalDifference=2: Relationship[4422]
Created relationship CAN->CMR with date=2001-06-04 and goalDifference=2: Relationship[4423]
Processing entry 2212 of 4135
2001-06-04 JPN:BRA 0
Node for team JPN already exists: Node[86]
Node for team BRA already exists: Node[7]
Created relationship JPN->BRA with date=2001-06-04 and goalDifference=0: Relationship[4424]
Created relationship BRA->JPN with date=2001-06-04 and goalDifference=0: Relationship[4425]
Processing entry 2213 of 4135
2001-06-07 FRA:BRA 1
Node for team FRA already exists: Node[0]
Node for team BRA already exists: Node[7]
Created relationship FRA->BRA with date=2001-06-07 and goalDifference=1: Relationship[4426]
Created relationship BRA->FRA with date=2001-06-07 and goalDifference=1: Relationship[4427]
Processing entry 2214 of 4135
2001-06-07 JPN:AUS 1
Node for team JPN already exists: Node[86]
Node for team AUS already exists: Node[52]
Created relationship JPN->AUS with date=2001-06-07 and goalDifference=1: Relationship[4428]
Created relationship AUS->JPN with date=2001-06-07 and goalDifference=1: Relationship[4429]
Processing entry 2215 of 4135
2001-06-09 BRA:AUS -1
Node for team BRA already exists: Node[7]
Node for team AUS already exists: Node[52]
Created relationship BRA->AUS with date=2001-06-09 and goalDifference=-1: Relationship[4430]
Created relationship AUS->BRA with date=2001-06-09 and goalDifference=-1: Relationship[4431]
Processing entry 2216 of 4135
2001-06-10 JPN:FRA -1
Node for team JPN already exists: Node[86]
Node for team FRA already exists: Node[0]
Created relationship JPN->FRA with date=2001-06-10 and goalDifference=-1: Relationship[4432]
Created relationship FRA->JPN with date=2001-06-10 and goalDifference=-1: Relationship[4433]
Processing entry 2217 of 4135
2001-07-14 BOL:URY -1
Node for team BOL already exists: Node[11]
Node for team URY already exists: Node[12]
Created relationship BOL->URY with date=2001-07-14 and goalDifference=-1: Relationship[4434]
Created relationship URY->BOL with date=2001-07-14 and goalDifference=-1: Relationship[4435]
Processing entry 2218 of 4135
2001-07-14 HND:CRI -1
Node for team HND already exists: Node[59]
Node for team CRI already exists: Node[64]
Created relationship HND->CRI with date=2001-07-14 and goalDifference=-1: Relationship[4436]
Created relationship CRI->HND with date=2001-07-14 and goalDifference=-1: Relationship[4437]
Processing entry 2219 of 4135
2001-07-17 URY:CRI 0
Node for team URY already exists: Node[12]
Node for team CRI already exists: Node[64]
Created relationship URY->CRI with date=2001-07-17 and goalDifference=0: Relationship[4438]
Created relationship CRI->URY with date=2001-07-17 and goalDifference=0: Relationship[4439]
Processing entry 2220 of 4135
2001-07-20 BOL:CRI -4
Node for team BOL already exists: Node[11]
Node for team CRI already exists: Node[64]
Created relationship BOL->CRI with date=2001-07-20 and goalDifference=-4: Relationship[4440]
Created relationship CRI->BOL with date=2001-07-20 and goalDifference=-4: Relationship[4441]
Processing entry 2221 of 4135
2001-07-23 URY:CRI 1
Node for team URY already exists: Node[12]
Node for team CRI already exists: Node[64]
Created relationship URY->CRI with date=2001-07-23 and goalDifference=1: Relationship[4442]
Created relationship CRI->URY with date=2001-07-23 and goalDifference=1: Relationship[4443]
Processing entry 2222 of 4135
2001-07-26 MEX:URY 1
Node for team MEX already exists: Node[1]
Node for team URY already exists: Node[12]
Created relationship MEX->URY with date=2001-07-26 and goalDifference=1: Relationship[4444]
Created relationship URY->MEX with date=2001-07-26 and goalDifference=1: Relationship[4445]
Processing entry 2223 of 4135
2001-07-28 URY:HND 0
Node for team URY already exists: Node[12]
Node for team HND already exists: Node[59]
Created relationship URY->HND with date=2001-07-28 and goalDifference=0: Relationship[4446]
Created relationship HND->URY with date=2001-07-28 and goalDifference=0: Relationship[4447]
Processing entry 2224 of 4135
2001-07-29 COL:MEX 1
Node for team COL already exists: Node[40]
Node for team MEX already exists: Node[1]
Created relationship COL->MEX with date=2001-07-29 and goalDifference=1: Relationship[4448]
Created relationship MEX->COL with date=2001-07-29 and goalDifference=1: Relationship[4449]
Processing entry 2225 of 4135
2002-01-20 EGY:SEN -1
Node for team EGY already exists: Node[20]
Created new node for team SEN: Node[96]
Created relationship EGY->SEN with date=2002-01-20 and goalDifference=-1: Relationship[4450]
Created relationship SEN->EGY with date=2002-01-20 and goalDifference=-1: Relationship[4451]
Processing entry 2226 of 4135
2002-01-25 EGY:TUN 1
Node for team EGY already exists: Node[20]
Node for team TUN already exists: Node[54]
Created relationship EGY->TUN with date=2002-01-25 and goalDifference=1: Relationship[4452]
Created relationship TUN->EGY with date=2002-01-25 and goalDifference=1: Relationship[4453]
Processing entry 2227 of 4135
2002-01-31 EGY:ZMB 1
Node for team EGY already exists: Node[20]
Created new node for team ZMB: Node[97]
Created relationship EGY->ZMB with date=2002-01-31 and goalDifference=1: Relationship[4454]
Created relationship ZMB->EGY with date=2002-01-31 and goalDifference=1: Relationship[4455]
Processing entry 2228 of 4135
2002-02-04 CMR:EGY 1
Node for team CMR already exists: Node[56]
Node for team EGY already exists: Node[20]
Created relationship CMR->EGY with date=2002-02-04 and goalDifference=1: Relationship[4456]
Created relationship EGY->CMR with date=2002-02-04 and goalDifference=1: Relationship[4457]
Processing entry 2229 of 4135
2002-02-10 SEN:CMR -1
Node for team SEN already exists: Node[96]
Node for team CMR already exists: Node[56]
Created relationship SEN->CMR with date=2002-02-10 and goalDifference=-1: Relationship[4458]
Created relationship CMR->SEN with date=2002-02-10 and goalDifference=-1: Relationship[4459]
Processing entry 2230 of 4135
2002-05-31 FRA:SEN -1
Node for team FRA already exists: Node[0]
Node for team SEN already exists: Node[96]
Created relationship FRA->SEN with date=2002-05-31 and goalDifference=-1: Relationship[4460]
Created relationship SEN->FRA with date=2002-05-31 and goalDifference=-1: Relationship[4461]
Processing entry 2231 of 4135
2002-06-01 DEU:SAU 8
Node for team DEU already exists: Node[17]
Node for team SAU already exists: Node[68]
Created relationship DEU->SAU with date=2002-06-01 and goalDifference=8: Relationship[4462]
Created relationship SAU->DEU with date=2002-06-01 and goalDifference=8: Relationship[4463]
Processing entry 2232 of 4135
2002-06-01 IRL:CMR 0
Node for team IRL already exists: Node[35]
Node for team CMR already exists: Node[56]
Created relationship IRL->CMR with date=2002-06-01 and goalDifference=0: Relationship[4464]
Created relationship CMR->IRL with date=2002-06-01 and goalDifference=0: Relationship[4465]
Processing entry 2233 of 4135
2002-06-01 URY:DNK -1
Node for team URY already exists: Node[12]
Node for team DNK already exists: Node[39]
Created relationship URY->DNK with date=2002-06-01 and goalDifference=-1: Relationship[4466]
Created relationship DNK->URY with date=2002-06-01 and goalDifference=-1: Relationship[4467]
Processing entry 2234 of 4135
2002-06-02 ARG:NGA 1
Node for team ARG already exists: Node[8]
Node for team NGA already exists: Node[71]
Created relationship ARG->NGA with date=2002-06-02 and goalDifference=1: Relationship[4468]
Created relationship NGA->ARG with date=2002-06-02 and goalDifference=1: Relationship[4469]
Processing entry 2235 of 4135
2002-06-02 ENG:SWE 0
Node for team ENG already exists: Node[27]
Node for team SWE already exists: Node[22]
Created relationship ENG->SWE with date=2002-06-02 and goalDifference=0: Relationship[4470]
Created relationship SWE->ENG with date=2002-06-02 and goalDifference=0: Relationship[4471]
Processing entry 2236 of 4135
2002-06-02 ESP:SVN 2
Node for team ESP already exists: Node[18]
Node for team SVN already exists: Node[83]
Created relationship ESP->SVN with date=2002-06-02 and goalDifference=2: Relationship[4472]
Created relationship SVN->ESP with date=2002-06-02 and goalDifference=2: Relationship[4473]
Processing entry 2237 of 4135
2002-06-02 PRY:ZAF 0
Node for team PRY already exists: Node[10]
Node for team ZAF already exists: Node[89]
Created relationship PRY->ZAF with date=2002-06-02 and goalDifference=0: Relationship[4474]
Created relationship ZAF->PRY with date=2002-06-02 and goalDifference=0: Relationship[4475]
Processing entry 2238 of 4135
2002-06-03 BRA:TUR 1
Node for team BRA already exists: Node[7]
Node for team TUR already exists: Node[29]
Created relationship BRA->TUR with date=2002-06-03 and goalDifference=1: Relationship[4476]
Created relationship TUR->BRA with date=2002-06-03 and goalDifference=1: Relationship[4477]
Processing entry 2239 of 4135
2002-06-03 HRV:MEX -1
Node for team HRV already exists: Node[73]
Node for team MEX already exists: Node[1]
Created relationship HRV->MEX with date=2002-06-03 and goalDifference=-1: Relationship[4478]
Created relationship MEX->HRV with date=2002-06-03 and goalDifference=-1: Relationship[4479]
Processing entry 2240 of 4135
2002-06-03 ITA:ECU 2
Node for team ITA already exists: Node[21]
Created new node for team ECU: Node[98]
Created relationship ITA->ECU with date=2002-06-03 and goalDifference=2: Relationship[4480]
Created relationship ECU->ITA with date=2002-06-03 and goalDifference=2: Relationship[4481]
Processing entry 2241 of 4135
2002-06-04 CHN:CRI -2
Created new node for team CHN: Node[99]
Node for team CRI already exists: Node[64]
Created relationship CHN->CRI with date=2002-06-04 and goalDifference=-2: Relationship[4482]
Created relationship CRI->CHN with date=2002-06-04 and goalDifference=-2: Relationship[4483]
Processing entry 2242 of 4135
2002-06-04 JPN:BEL 0
Node for team JPN already exists: Node[86]
Node for team BEL already exists: Node[3]
Created relationship JPN->BEL with date=2002-06-04 and goalDifference=0: Relationship[4484]
Created relationship BEL->JPN with date=2002-06-04 and goalDifference=0: Relationship[4485]
Processing entry 2243 of 4135
2002-06-04 KOR:POL 2
Node for team KOR already exists: Node[30]
Node for team POL already exists: Node[23]
Created relationship KOR->POL with date=2002-06-04 and goalDifference=2: Relationship[4486]
Created relationship POL->KOR with date=2002-06-04 and goalDifference=2: Relationship[4487]
Processing entry 2244 of 4135
2002-06-05 DEU:IRL 0
Node for team DEU already exists: Node[17]
Node for team IRL already exists: Node[35]
Created relationship DEU->IRL with date=2002-06-05 and goalDifference=0: Relationship[4488]
Created relationship IRL->DEU with date=2002-06-05 and goalDifference=0: Relationship[4489]
Processing entry 2245 of 4135
2002-06-05 RUS:TUN 2
Node for team RUS already exists: Node[70]
Node for team TUN already exists: Node[54]
Created relationship RUS->TUN with date=2002-06-05 and goalDifference=2: Relationship[4490]
Created relationship TUN->RUS with date=2002-06-05 and goalDifference=2: Relationship[4491]
Processing entry 2246 of 4135
2002-06-05 USA:PRT 1
Node for team USA already exists: Node[2]
Node for team PRT already exists: Node[38]
Created relationship USA->PRT with date=2002-06-05 and goalDifference=1: Relationship[4492]
Created relationship PRT->USA with date=2002-06-05 and goalDifference=1: Relationship[4493]
Processing entry 2247 of 4135
2002-06-06 CMR:SAU 1
Node for team CMR already exists: Node[56]
Node for team SAU already exists: Node[68]
Created relationship CMR->SAU with date=2002-06-06 and goalDifference=1: Relationship[4494]
Created relationship SAU->CMR with date=2002-06-06 and goalDifference=1: Relationship[4495]
Processing entry 2248 of 4135
2002-06-06 DNK:SEN 0
Node for team DNK already exists: Node[39]
Node for team SEN already exists: Node[96]
Created relationship DNK->SEN with date=2002-06-06 and goalDifference=0: Relationship[4496]
Created relationship SEN->DNK with date=2002-06-06 and goalDifference=0: Relationship[4497]
Processing entry 2249 of 4135
2002-06-06 FRA:URY 0
Node for team FRA already exists: Node[0]
Node for team URY already exists: Node[12]
Created relationship FRA->URY with date=2002-06-06 and goalDifference=0: Relationship[4498]
Created relationship URY->FRA with date=2002-06-06 and goalDifference=0: Relationship[4499]
Processing entry 2250 of 4135
2002-06-07 ARG:ENG -1
Node for team ARG already exists: Node[8]
Node for team ENG already exists: Node[27]
Created relationship ARG->ENG with date=2002-06-07 and goalDifference=-1: Relationship[4500]
Created relationship ENG->ARG with date=2002-06-07 and goalDifference=-1: Relationship[4501]
Processing entry 2251 of 4135
2002-06-07 ESP:PRY 2
Node for team ESP already exists: Node[18]
Node for team PRY already exists: Node[10]
Created relationship ESP->PRY with date=2002-06-07 and goalDifference=2: Relationship[4502]
Created relationship PRY->ESP with date=2002-06-07 and goalDifference=2: Relationship[4503]
Processing entry 2252 of 4135
2002-06-07 SWE:NGA 1
Node for team SWE already exists: Node[22]
Node for team NGA already exists: Node[71]
Created relationship SWE->NGA with date=2002-06-07 and goalDifference=1: Relationship[4504]
Created relationship NGA->SWE with date=2002-06-07 and goalDifference=1: Relationship[4505]
Processing entry 2253 of 4135
2002-06-08 BRA:CHN 4
Node for team BRA already exists: Node[7]
Node for team CHN already exists: Node[99]
Created relationship BRA->CHN with date=2002-06-08 and goalDifference=4: Relationship[4506]
Created relationship CHN->BRA with date=2002-06-08 and goalDifference=4: Relationship[4507]
Processing entry 2254 of 4135
2002-06-08 ITA:HRV -1
Node for team ITA already exists: Node[21]
Node for team HRV already exists: Node[73]
Created relationship ITA->HRV with date=2002-06-08 and goalDifference=-1: Relationship[4508]
Created relationship HRV->ITA with date=2002-06-08 and goalDifference=-1: Relationship[4509]
Processing entry 2255 of 4135
2002-06-08 ZAF:SVN 1
Node for team ZAF already exists: Node[89]
Node for team SVN already exists: Node[83]
Created relationship ZAF->SVN with date=2002-06-08 and goalDifference=1: Relationship[4510]
Created relationship SVN->ZAF with date=2002-06-08 and goalDifference=1: Relationship[4511]
Processing entry 2256 of 4135
2002-06-09 CRI:TUR 0
Node for team CRI already exists: Node[64]
Node for team TUR already exists: Node[29]
Created relationship CRI->TUR with date=2002-06-09 and goalDifference=0: Relationship[4512]
Created relationship TUR->CRI with date=2002-06-09 and goalDifference=0: Relationship[4513]
Processing entry 2257 of 4135
2002-06-09 JPN:RUS 1
Node for team JPN already exists: Node[86]
Node for team RUS already exists: Node[70]
Created relationship JPN->RUS with date=2002-06-09 and goalDifference=1: Relationship[4514]
Created relationship RUS->JPN with date=2002-06-09 and goalDifference=1: Relationship[4515]
Processing entry 2258 of 4135
2002-06-09 MEX:ECU 1
Node for team MEX already exists: Node[1]
Node for team ECU already exists: Node[98]
Created relationship MEX->ECU with date=2002-06-09 and goalDifference=1: Relationship[4516]
Created relationship ECU->MEX with date=2002-06-09 and goalDifference=1: Relationship[4517]
Processing entry 2259 of 4135
2002-06-10 KOR:USA 0
Node for team KOR already exists: Node[30]
Node for team USA already exists: Node[2]
Created relationship KOR->USA with date=2002-06-10 and goalDifference=0: Relationship[4518]
Created relationship USA->KOR with date=2002-06-10 and goalDifference=0: Relationship[4519]
Processing entry 2260 of 4135
2002-06-10 PRT:POL 4
Node for team PRT already exists: Node[38]
Node for team POL already exists: Node[23]
Created relationship PRT->POL with date=2002-06-10 and goalDifference=4: Relationship[4520]
Created relationship POL->PRT with date=2002-06-10 and goalDifference=4: Relationship[4521]
Processing entry 2261 of 4135
2002-06-10 TUN:BEL 0
Node for team TUN already exists: Node[54]
Node for team BEL already exists: Node[3]
Created relationship TUN->BEL with date=2002-06-10 and goalDifference=0: Relationship[4522]
Created relationship BEL->TUN with date=2002-06-10 and goalDifference=0: Relationship[4523]
Processing entry 2262 of 4135
2002-06-11 CMR:DEU -2
Node for team CMR already exists: Node[56]
Node for team DEU already exists: Node[17]
Created relationship CMR->DEU with date=2002-06-11 and goalDifference=-2: Relationship[4524]
Created relationship DEU->CMR with date=2002-06-11 and goalDifference=-2: Relationship[4525]
Processing entry 2263 of 4135
2002-06-11 DNK:FRA 2
Node for team DNK already exists: Node[39]
Node for team FRA already exists: Node[0]
Created relationship DNK->FRA with date=2002-06-11 and goalDifference=2: Relationship[4526]
Created relationship FRA->DNK with date=2002-06-11 and goalDifference=2: Relationship[4527]
Processing entry 2264 of 4135
2002-06-11 SAU:IRL -3
Node for team SAU already exists: Node[68]
Node for team IRL already exists: Node[35]
Created relationship SAU->IRL with date=2002-06-11 and goalDifference=-3: Relationship[4528]
Created relationship IRL->SAU with date=2002-06-11 and goalDifference=-3: Relationship[4529]
Processing entry 2265 of 4135
2002-06-11 SEN:URY 0
Node for team SEN already exists: Node[96]
Node for team URY already exists: Node[12]
Created relationship SEN->URY with date=2002-06-11 and goalDifference=0: Relationship[4530]
Created relationship URY->SEN with date=2002-06-11 and goalDifference=0: Relationship[4531]
Processing entry 2266 of 4135
2002-06-12 NGA:ENG 0
Node for team NGA already exists: Node[71]
Node for team ENG already exists: Node[27]
Created relationship NGA->ENG with date=2002-06-12 and goalDifference=0: Relationship[4532]
Created relationship ENG->NGA with date=2002-06-12 and goalDifference=0: Relationship[4533]
Processing entry 2267 of 4135
2002-06-12 SVN:PRY -2
Node for team SVN already exists: Node[83]
Node for team PRY already exists: Node[10]
Created relationship SVN->PRY with date=2002-06-12 and goalDifference=-2: Relationship[4534]
Created relationship PRY->SVN with date=2002-06-12 and goalDifference=-2: Relationship[4535]
Processing entry 2268 of 4135
2002-06-12 SWE:ARG 0
Node for team SWE already exists: Node[22]
Node for team ARG already exists: Node[8]
Created relationship SWE->ARG with date=2002-06-12 and goalDifference=0: Relationship[4536]
Created relationship ARG->SWE with date=2002-06-12 and goalDifference=0: Relationship[4537]
Processing entry 2269 of 4135
2002-06-12 ZAF:ESP -1
Node for team ZAF already exists: Node[89]
Node for team ESP already exists: Node[18]
Created relationship ZAF->ESP with date=2002-06-12 and goalDifference=-1: Relationship[4538]
Created relationship ESP->ZAF with date=2002-06-12 and goalDifference=-1: Relationship[4539]
Processing entry 2270 of 4135
2002-06-13 CRI:BRA -3
Node for team CRI already exists: Node[64]
Node for team BRA already exists: Node[7]
Created relationship CRI->BRA with date=2002-06-13 and goalDifference=-3: Relationship[4540]
Created relationship BRA->CRI with date=2002-06-13 and goalDifference=-3: Relationship[4541]
Processing entry 2271 of 4135
2002-06-13 ECU:HRV 1
Node for team ECU already exists: Node[98]
Node for team HRV already exists: Node[73]
Created relationship ECU->HRV with date=2002-06-13 and goalDifference=1: Relationship[4542]
Created relationship HRV->ECU with date=2002-06-13 and goalDifference=1: Relationship[4543]
Processing entry 2272 of 4135
2002-06-13 MEX:ITA 0
Node for team MEX already exists: Node[1]
Node for team ITA already exists: Node[21]
Created relationship MEX->ITA with date=2002-06-13 and goalDifference=0: Relationship[4544]
Created relationship ITA->MEX with date=2002-06-13 and goalDifference=0: Relationship[4545]
Processing entry 2273 of 4135
2002-06-13 TUR:CHN 3
Node for team TUR already exists: Node[29]
Node for team CHN already exists: Node[99]
Created relationship TUR->CHN with date=2002-06-13 and goalDifference=3: Relationship[4546]
Created relationship CHN->TUR with date=2002-06-13 and goalDifference=3: Relationship[4547]
Processing entry 2274 of 4135
2002-06-14 BEL:RUS 1
Node for team BEL already exists: Node[3]
Node for team RUS already exists: Node[70]
Created relationship BEL->RUS with date=2002-06-14 and goalDifference=1: Relationship[4548]
Created relationship RUS->BEL with date=2002-06-14 and goalDifference=1: Relationship[4549]
Processing entry 2275 of 4135
2002-06-14 POL:USA 2
Node for team POL already exists: Node[23]
Node for team USA already exists: Node[2]
Created relationship POL->USA with date=2002-06-14 and goalDifference=2: Relationship[4550]
Created relationship USA->POL with date=2002-06-14 and goalDifference=2: Relationship[4551]
Processing entry 2276 of 4135
2002-06-14 PRT:KOR -1
Node for team PRT already exists: Node[38]
Node for team KOR already exists: Node[30]
Created relationship PRT->KOR with date=2002-06-14 and goalDifference=-1: Relationship[4552]
Created relationship KOR->PRT with date=2002-06-14 and goalDifference=-1: Relationship[4553]
Processing entry 2277 of 4135
2002-06-14 TUN:JPN -2
Node for team TUN already exists: Node[54]
Node for team JPN already exists: Node[86]
Created relationship TUN->JPN with date=2002-06-14 and goalDifference=-2: Relationship[4554]
Created relationship JPN->TUN with date=2002-06-14 and goalDifference=-2: Relationship[4555]
Processing entry 2278 of 4135
2002-06-15 DEU:PRY 1
Node for team DEU already exists: Node[17]
Node for team PRY already exists: Node[10]
Created relationship DEU->PRY with date=2002-06-15 and goalDifference=1: Relationship[4556]
Created relationship PRY->DEU with date=2002-06-15 and goalDifference=1: Relationship[4557]
Processing entry 2279 of 4135
2002-06-15 DNK:ENG -3
Node for team DNK already exists: Node[39]
Node for team ENG already exists: Node[27]
Created relationship DNK->ENG with date=2002-06-15 and goalDifference=-3: Relationship[4558]
Created relationship ENG->DNK with date=2002-06-15 and goalDifference=-3: Relationship[4559]
Processing entry 2280 of 4135
2002-06-16 ESP:IRL 0
Node for team ESP already exists: Node[18]
Node for team IRL already exists: Node[35]
Created relationship ESP->IRL with date=2002-06-16 and goalDifference=0: Relationship[4560]
Created relationship IRL->ESP with date=2002-06-16 and goalDifference=0: Relationship[4561]
Processing entry 2281 of 4135
2002-06-16 SWE:SEN -1
Node for team SWE already exists: Node[22]
Node for team SEN already exists: Node[96]
Created relationship SWE->SEN with date=2002-06-16 and goalDifference=-1: Relationship[4562]
Created relationship SEN->SWE with date=2002-06-16 and goalDifference=-1: Relationship[4563]
Processing entry 2282 of 4135
2002-06-17 BRA:BEL 2
Node for team BRA already exists: Node[7]
Node for team BEL already exists: Node[3]
Created relationship BRA->BEL with date=2002-06-17 and goalDifference=2: Relationship[4564]
Created relationship BEL->BRA with date=2002-06-17 and goalDifference=2: Relationship[4565]
Processing entry 2283 of 4135
2002-06-17 MEX:USA -2
Node for team MEX already exists: Node[1]
Node for team USA already exists: Node[2]
Created relationship MEX->USA with date=2002-06-17 and goalDifference=-2: Relationship[4566]
Created relationship USA->MEX with date=2002-06-17 and goalDifference=-2: Relationship[4567]
Processing entry 2284 of 4135
2002-06-18 JPN:TUR -1
Node for team JPN already exists: Node[86]
Node for team TUR already exists: Node[29]
Created relationship JPN->TUR with date=2002-06-18 and goalDifference=-1: Relationship[4568]
Created relationship TUR->JPN with date=2002-06-18 and goalDifference=-1: Relationship[4569]
Processing entry 2285 of 4135
2002-06-18 KOR:ITA 1
Node for team KOR already exists: Node[30]
Node for team ITA already exists: Node[21]
Created relationship KOR->ITA with date=2002-06-18 and goalDifference=1: Relationship[4570]
Created relationship ITA->KOR with date=2002-06-18 and goalDifference=1: Relationship[4571]
Processing entry 2286 of 4135
2002-06-21 DEU:USA 1
Node for team DEU already exists: Node[17]
Node for team USA already exists: Node[2]
Created relationship DEU->USA with date=2002-06-21 and goalDifference=1: Relationship[4572]
Created relationship USA->DEU with date=2002-06-21 and goalDifference=1: Relationship[4573]
Processing entry 2287 of 4135
2002-06-21 ENG:BRA -1
Node for team ENG already exists: Node[27]
Node for team BRA already exists: Node[7]
Created relationship ENG->BRA with date=2002-06-21 and goalDifference=-1: Relationship[4574]
Created relationship BRA->ENG with date=2002-06-21 and goalDifference=-1: Relationship[4575]
Processing entry 2288 of 4135
2002-06-22 ESP:KOR 0
Node for team ESP already exists: Node[18]
Node for team KOR already exists: Node[30]
Created relationship ESP->KOR with date=2002-06-22 and goalDifference=0: Relationship[4576]
Created relationship KOR->ESP with date=2002-06-22 and goalDifference=0: Relationship[4577]
Processing entry 2289 of 4135
2002-06-22 SEN:TUR -1
Node for team SEN already exists: Node[96]
Node for team TUR already exists: Node[29]
Created relationship SEN->TUR with date=2002-06-22 and goalDifference=-1: Relationship[4578]
Created relationship TUR->SEN with date=2002-06-22 and goalDifference=-1: Relationship[4579]
Processing entry 2290 of 4135
2002-06-25 DEU:KOR 1
Node for team DEU already exists: Node[17]
Node for team KOR already exists: Node[30]
Created relationship DEU->KOR with date=2002-06-25 and goalDifference=1: Relationship[4580]
Created relationship KOR->DEU with date=2002-06-25 and goalDifference=1: Relationship[4581]
Processing entry 2291 of 4135
2002-06-26 BRA:TUR 1
Node for team BRA already exists: Node[7]
Node for team TUR already exists: Node[29]
Created relationship BRA->TUR with date=2002-06-26 and goalDifference=1: Relationship[4582]
Created relationship TUR->BRA with date=2002-06-26 and goalDifference=1: Relationship[4583]
Processing entry 2292 of 4135
2002-06-29 KOR:TUR -1
Node for team KOR already exists: Node[30]
Node for team TUR already exists: Node[29]
Created relationship KOR->TUR with date=2002-06-29 and goalDifference=-1: Relationship[4584]
Created relationship TUR->KOR with date=2002-06-29 and goalDifference=-1: Relationship[4585]
Processing entry 2293 of 4135
2002-06-29 TUR:KOR 1
Node for team TUR already exists: Node[29]
Node for team KOR already exists: Node[30]
Created relationship TUR->KOR with date=2002-06-29 and goalDifference=1: Relationship[4586]
Created relationship KOR->TUR with date=2002-06-29 and goalDifference=1: Relationship[4587]
Processing entry 2294 of 4135
2002-06-30 DEU:BRA -2
Node for team DEU already exists: Node[17]
Node for team BRA already exists: Node[7]
Created relationship DEU->BRA with date=2002-06-30 and goalDifference=-2: Relationship[4588]
Created relationship BRA->DEU with date=2002-06-30 and goalDifference=-2: Relationship[4589]
Processing entry 2295 of 4135
2002-07-05 NZL:TAH 4
Node for team NZL already exists: Node[57]
Node for team TAH already exists: Node[88]
Created relationship NZL->TAH with date=2002-07-05 and goalDifference=4: Relationship[4590]
Created relationship TAH->NZL with date=2002-07-05 and goalDifference=4: Relationship[4591]
Processing entry 2296 of 4135
2002-07-05 PNG:SLB 0
Created new node for team PNG: Node[100]
Node for team SLB already exists: Node[87]
Created relationship PNG->SLB with date=2002-07-05 and goalDifference=0: Relationship[4592]
Created relationship SLB->PNG with date=2002-07-05 and goalDifference=0: Relationship[4593]
Processing entry 2297 of 4135
2002-07-06 AUS:VUT 2
Node for team AUS already exists: Node[52]
Node for team VUT already exists: Node[95]
Created relationship AUS->VUT with date=2002-07-06 and goalDifference=2: Relationship[4594]
Created relationship VUT->AUS with date=2002-07-06 and goalDifference=2: Relationship[4595]
Processing entry 2298 of 4135
2002-07-06 FJI:NCL 1
Node for team FJI already exists: Node[93]
Created new node for team NCL: Node[101]
Created relationship FJI->NCL with date=2002-07-06 and goalDifference=1: Relationship[4596]
Created relationship NCL->FJI with date=2002-07-06 and goalDifference=1: Relationship[4597]
Processing entry 2299 of 4135
2002-07-07 NZL:PNG 8
Node for team NZL already exists: Node[57]
Node for team PNG already exists: Node[100]
Created relationship NZL->PNG with date=2002-07-07 and goalDifference=8: Relationship[4598]
Created relationship PNG->NZL with date=2002-07-07 and goalDifference=8: Relationship[4599]
Processing entry 2300 of 4135
2002-07-07 TAH:SLB 1
Node for team TAH already exists: Node[88]
Node for team SLB already exists: Node[87]
Created relationship TAH->SLB with date=2002-07-07 and goalDifference=1: Relationship[4600]
Created relationship SLB->TAH with date=2002-07-07 and goalDifference=1: Relationship[4601]
Processing entry 2301 of 4135
2002-07-08 AUS:NCL 11
Node for team AUS already exists: Node[52]
Node for team NCL already exists: Node[101]
Created relationship AUS->NCL with date=2002-07-08 and goalDifference=11: Relationship[4602]
Created relationship NCL->AUS with date=2002-07-08 and goalDifference=11: Relationship[4603]
Processing entry 2302 of 4135
2002-07-08 VUT:FJI 1
Node for team VUT already exists: Node[95]
Node for team FJI already exists: Node[93]
Created relationship VUT->FJI with date=2002-07-08 and goalDifference=1: Relationship[4604]
Created relationship FJI->VUT with date=2002-07-08 and goalDifference=1: Relationship[4605]
Processing entry 2303 of 4135
2002-07-09 NZL:SLB 5
Node for team NZL already exists: Node[57]
Node for team SLB already exists: Node[87]
Created relationship NZL->SLB with date=2002-07-09 and goalDifference=5: Relationship[4606]
Created relationship SLB->NZL with date=2002-07-09 and goalDifference=5: Relationship[4607]
Processing entry 2304 of 4135
2002-07-09 TAH:PNG 2
Node for team TAH already exists: Node[88]
Node for team PNG already exists: Node[100]
Created relationship TAH->PNG with date=2002-07-09 and goalDifference=2: Relationship[4608]
Created relationship PNG->TAH with date=2002-07-09 and goalDifference=2: Relationship[4609]
Processing entry 2305 of 4135
2002-07-10 AUS:FJI 8
Node for team AUS already exists: Node[52]
Node for team FJI already exists: Node[93]
Created relationship AUS->FJI with date=2002-07-10 and goalDifference=8: Relationship[4610]
Created relationship FJI->AUS with date=2002-07-10 and goalDifference=8: Relationship[4611]
Processing entry 2306 of 4135
2002-07-10 VUT:NCL 1
Node for team VUT already exists: Node[95]
Node for team NCL already exists: Node[101]
Created relationship VUT->NCL with date=2002-07-10 and goalDifference=1: Relationship[4612]
Created relationship NCL->VUT with date=2002-07-10 and goalDifference=1: Relationship[4613]
Processing entry 2307 of 4135
2002-07-12 AUS:TAH 1
Node for team AUS already exists: Node[52]
Node for team TAH already exists: Node[88]
Created relationship AUS->TAH with date=2002-07-12 and goalDifference=1: Relationship[4614]
Created relationship TAH->AUS with date=2002-07-12 and goalDifference=1: Relationship[4615]
Processing entry 2308 of 4135
2002-07-12 NZL:VUT 3
Node for team NZL already exists: Node[57]
Node for team VUT already exists: Node[95]
Created relationship NZL->VUT with date=2002-07-12 and goalDifference=3: Relationship[4616]
Created relationship VUT->NZL with date=2002-07-12 and goalDifference=3: Relationship[4617]
Processing entry 2309 of 4135
2002-07-14 NZL:AUS 1
Node for team NZL already exists: Node[57]
Node for team AUS already exists: Node[52]
Created relationship NZL->AUS with date=2002-07-14 and goalDifference=1: Relationship[4618]
Created relationship AUS->NZL with date=2002-07-14 and goalDifference=1: Relationship[4619]
Processing entry 2310 of 4135
2002-07-14 TAH:VUT 1
Node for team TAH already exists: Node[88]
Node for team VUT already exists: Node[95]
Created relationship TAH->VUT with date=2002-07-14 and goalDifference=1: Relationship[4620]
Created relationship VUT->TAH with date=2002-07-14 and goalDifference=1: Relationship[4621]
Processing entry 2311 of 4135
2002-09-07 ARM:UKR 0
Node for team ARM already exists: Node[75]
Node for team UKR already exists: Node[84]
Created relationship ARM->UKR with date=2002-09-07 and goalDifference=0: Relationship[4622]
Created relationship UKR->ARM with date=2002-09-07 and goalDifference=0: Relationship[4623]
Processing entry 2312 of 4135
2002-09-07 AUT:MDA 2
Node for team AUT already exists: Node[13]
Node for team MDA already exists: Node[77]
Created relationship AUT->MDA with date=2002-09-07 and goalDifference=2: Relationship[4624]
Created relationship MDA->AUT with date=2002-09-07 and goalDifference=2: Relationship[4625]
Processing entry 2313 of 4135
2002-09-07 AZE:ITA -2
Node for team AZE already exists: Node[81]
Node for team ITA already exists: Node[21]
Created relationship AZE->ITA with date=2002-09-07 and goalDifference=-2: Relationship[4626]
Created relationship ITA->AZE with date=2002-09-07 and goalDifference=-2: Relationship[4627]
Processing entry 2314 of 4135
2002-09-07 BEL:BGR -2
Node for team BEL already exists: Node[3]
Node for team BGR already exists: Node[36]
Created relationship BEL->BGR with date=2002-09-07 and goalDifference=-2: Relationship[4628]
Created relationship BGR->BEL with date=2002-09-07 and goalDifference=-2: Relationship[4629]
Processing entry 2315 of 4135
2002-09-07 BIH:ROU -3
Node for team BIH already exists: Node[91]
Node for team ROU already exists: Node[4]
Created relationship BIH->ROU with date=2002-09-07 and goalDifference=-3: Relationship[4630]
Created relationship ROU->BIH with date=2002-09-07 and goalDifference=-3: Relationship[4631]
Processing entry 2316 of 4135
2002-09-07 CYP:FRA -1
Node for team CYP already exists: Node[47]
Node for team FRA already exists: Node[0]
Created relationship CYP->FRA with date=2002-09-07 and goalDifference=-1: Relationship[4632]
Created relationship FRA->CYP with date=2002-09-07 and goalDifference=-1: Relationship[4633]
Processing entry 2317 of 4135
2002-09-07 FIN:WAL -2
Node for team FIN already exists: Node[46]
Node for team WAL already exists: Node[31]
Created relationship FIN->WAL with date=2002-09-07 and goalDifference=-2: Relationship[4634]
Created relationship WAL->FIN with date=2002-09-07 and goalDifference=-2: Relationship[4635]
Processing entry 2318 of 4135
2002-09-07 FRO:SCO 0
Node for team FRO already exists: Node[66]
Node for team SCO already exists: Node[28]
Created relationship FRO->SCO with date=2002-09-07 and goalDifference=0: Relationship[4636]
Created relationship SCO->FRO with date=2002-09-07 and goalDifference=0: Relationship[4637]
Processing entry 2319 of 4135
2002-09-07 GRC:ESP -2
Node for team GRC already exists: Node[34]
Node for team ESP already exists: Node[18]
Created relationship GRC->ESP with date=2002-09-07 and goalDifference=-2: Relationship[4638]
Created relationship ESP->GRC with date=2002-09-07 and goalDifference=-2: Relationship[4639]
Processing entry 2320 of 4135
2002-09-07 HRV:EST 0
Node for team HRV already exists: Node[73]
Node for team EST already exists: Node[72]
Created relationship HRV->EST with date=2002-09-07 and goalDifference=0: Relationship[4640]
Created relationship EST->HRV with date=2002-09-07 and goalDifference=0: Relationship[4641]
Processing entry 2321 of 4135
2002-09-07 LTU:DEU -2
Node for team LTU already exists: Node[85]
Node for team DEU already exists: Node[17]
Created relationship LTU->DEU with date=2002-09-07 and goalDifference=-2: Relationship[4642]
Created relationship DEU->LTU with date=2002-09-07 and goalDifference=-2: Relationship[4643]
Processing entry 2322 of 4135
2002-09-07 LVA:SWE 0
Node for team LVA already exists: Node[78]
Node for team SWE already exists: Node[22]
Created relationship LVA->SWE with date=2002-09-07 and goalDifference=0: Relationship[4644]
Created relationship SWE->LVA with date=2002-09-07 and goalDifference=0: Relationship[4645]
Processing entry 2323 of 4135
2002-09-07 NLD:BLR 3
Node for team NLD already exists: Node[15]
Node for team BLR already exists: Node[80]
Created relationship NLD->BLR with date=2002-09-07 and goalDifference=3: Relationship[4646]
Created relationship BLR->NLD with date=2002-09-07 and goalDifference=3: Relationship[4647]
Processing entry 2324 of 4135
2002-09-07 NOR:DNK 0
Node for team NOR already exists: Node[26]
Node for team DNK already exists: Node[39]
Created relationship NOR->DNK with date=2002-09-07 and goalDifference=0: Relationship[4648]
Created relationship DNK->NOR with date=2002-09-07 and goalDifference=0: Relationship[4649]
Processing entry 2325 of 4135
2002-09-07 RUS:IRL 2
Node for team RUS already exists: Node[70]
Node for team IRL already exists: Node[35]
Created relationship RUS->IRL with date=2002-09-07 and goalDifference=2: Relationship[4650]
Created relationship IRL->RUS with date=2002-09-07 and goalDifference=2: Relationship[4651]
Processing entry 2326 of 4135
2002-09-07 SMR:POL -2
Node for team SMR already exists: Node[67]
Node for team POL already exists: Node[23]
Created relationship SMR->POL with date=2002-09-07 and goalDifference=-2: Relationship[4652]
Created relationship POL->SMR with date=2002-09-07 and goalDifference=-2: Relationship[4653]
Processing entry 2327 of 4135
2002-09-07 SVN:MLT 3
Node for team SVN already exists: Node[83]
Node for team MLT already exists: Node[42]
Created relationship SVN->MLT with date=2002-09-07 and goalDifference=3: Relationship[4654]
Created relationship MLT->SVN with date=2002-09-07 and goalDifference=3: Relationship[4655]
Processing entry 2328 of 4135
2002-09-07 TUR:SVK 3
Node for team TUR already exists: Node[29]
Node for team SVK already exists: Node[82]
Created relationship TUR->SVK with date=2002-09-07 and goalDifference=3: Relationship[4656]
Created relationship SVK->TUR with date=2002-09-07 and goalDifference=3: Relationship[4657]
Processing entry 2329 of 4135
2002-09-08 CHE:GEO 3
Node for team CHE already exists: Node[14]
Node for team GEO already exists: Node[76]
Created relationship CHE->GEO with date=2002-09-08 and goalDifference=3: Relationship[4658]
Created relationship GEO->CHE with date=2002-09-08 and goalDifference=3: Relationship[4659]
Processing entry 2330 of 4135
2002-09-08 LIE:MKD 0
Node for team LIE already exists: Node[69]
Node for team MKD already exists: Node[79]
Created relationship LIE->MKD with date=2002-09-08 and goalDifference=0: Relationship[4660]
Created relationship MKD->LIE with date=2002-09-08 and goalDifference=0: Relationship[4661]
Processing entry 2331 of 4135
2002-10-12 ALB:CHE 0
Node for team ALB already exists: Node[41]
Node for team CHE already exists: Node[14]
Created relationship ALB->CHE with date=2002-10-12 and goalDifference=0: Relationship[4662]
Created relationship CHE->ALB with date=2002-10-12 and goalDifference=0: Relationship[4663]
Processing entry 2332 of 4135
2002-10-12 AND:BEL -1
Node for team AND already exists: Node[92]
Node for team BEL already exists: Node[3]
Created relationship AND->BEL with date=2002-10-12 and goalDifference=-1: Relationship[4664]
Created relationship BEL->AND with date=2002-10-12 and goalDifference=-1: Relationship[4665]
Processing entry 2333 of 4135
2002-10-12 BGR:HRV 2
Node for team BGR already exists: Node[36]
Node for team HRV already exists: Node[73]
Created relationship BGR->HRV with date=2002-10-12 and goalDifference=2: Relationship[4666]
Created relationship HRV->BGR with date=2002-10-12 and goalDifference=2: Relationship[4667]
Processing entry 2334 of 4135
2002-10-12 BLR:AUT -2
Node for team BLR already exists: Node[80]
Node for team AUT already exists: Node[13]
Created relationship BLR->AUT with date=2002-10-12 and goalDifference=-2: Relationship[4668]
Created relationship AUT->BLR with date=2002-10-12 and goalDifference=-2: Relationship[4669]
Processing entry 2335 of 4135
2002-10-12 DNK:LUX 2
Node for team DNK already exists: Node[39]
Node for team LUX already exists: Node[44]
Created relationship DNK->LUX with date=2002-10-12 and goalDifference=2: Relationship[4670]
Created relationship LUX->DNK with date=2002-10-12 and goalDifference=2: Relationship[4671]
Processing entry 2336 of 4135
2002-10-12 ESP:NIR 3
Node for team ESP already exists: Node[18]
Node for team NIR already exists: Node[32]
Created relationship ESP->NIR with date=2002-10-12 and goalDifference=3: Relationship[4672]
Created relationship NIR->ESP with date=2002-10-12 and goalDifference=3: Relationship[4673]
Processing entry 2337 of 4135
2002-10-12 FIN:AZE 3
Node for team FIN already exists: Node[46]
Node for team AZE already exists: Node[81]
Created relationship FIN->AZE with date=2002-10-12 and goalDifference=3: Relationship[4674]
Created relationship AZE->FIN with date=2002-10-12 and goalDifference=3: Relationship[4675]
Processing entry 2338 of 4135
2002-10-12 FRA:SVN 5
Node for team FRA already exists: Node[0]
Node for team SVN already exists: Node[83]
Created relationship FRA->SVN with date=2002-10-12 and goalDifference=5: Relationship[4676]
Created relationship SVN->FRA with date=2002-10-12 and goalDifference=5: Relationship[4677]
Processing entry 2339 of 4135
2002-10-12 ISL:SCO -2
Node for team ISL already exists: Node[43]
Node for team SCO already exists: Node[28]
Created relationship ISL->SCO with date=2002-10-12 and goalDifference=-2: Relationship[4678]
Created relationship SCO->ISL with date=2002-10-12 and goalDifference=-2: Relationship[4679]
Processing entry 2340 of 4135
2002-10-12 ITA:YUG 0
Node for team ITA already exists: Node[21]
Node for team YUG already exists: Node[6]
Created relationship ITA->YUG with date=2002-10-12 and goalDifference=0: Relationship[4680]
Created relationship YUG->ITA with date=2002-10-12 and goalDifference=0: Relationship[4681]
Processing entry 2341 of 4135
2002-10-12 LTU:FRO 2
Node for team LTU already exists: Node[85]
Node for team FRO already exists: Node[66]
Created relationship LTU->FRO with date=2002-10-12 and goalDifference=2: Relationship[4682]
Created relationship FRO->LTU with date=2002-10-12 and goalDifference=2: Relationship[4683]
Processing entry 2342 of 4135
2002-10-12 MDA:CZE -2
Node for team MDA already exists: Node[77]
Node for team CZE already exists: Node[74]
Created relationship MDA->CZE with date=2002-10-12 and goalDifference=-2: Relationship[4684]
Created relationship CZE->MDA with date=2002-10-12 and goalDifference=-2: Relationship[4685]
Processing entry 2343 of 4135
2002-10-12 MKD:TUR -1
Node for team MKD already exists: Node[79]
Node for team TUR already exists: Node[29]
Created relationship MKD->TUR with date=2002-10-12 and goalDifference=-1: Relationship[4686]
Created relationship TUR->MKD with date=2002-10-12 and goalDifference=-1: Relationship[4687]
Processing entry 2344 of 4135
2002-10-12 MLT:ISR -2
Node for team MLT already exists: Node[42]
Node for team ISR already exists: Node[48]
Created relationship MLT->ISR with date=2002-10-12 and goalDifference=-2: Relationship[4688]
Created relationship ISR->MLT with date=2002-10-12 and goalDifference=-2: Relationship[4689]
Processing entry 2345 of 4135
2002-10-12 POL:LVA -1
Node for team POL already exists: Node[23]
Node for team LVA already exists: Node[78]
Created relationship POL->LVA with date=2002-10-12 and goalDifference=-1: Relationship[4690]
Created relationship LVA->POL with date=2002-10-12 and goalDifference=-1: Relationship[4691]
Processing entry 2346 of 4135
2002-10-12 ROU:NOR -1
Node for team ROU already exists: Node[4]
Node for team NOR already exists: Node[26]
Created relationship ROU->NOR with date=2002-10-12 and goalDifference=-1: Relationship[4692]
Created relationship NOR->ROU with date=2002-10-12 and goalDifference=-1: Relationship[4693]
Processing entry 2347 of 4135
2002-10-12 SVK:ENG -1
Node for team SVK already exists: Node[82]
Node for team ENG already exists: Node[27]
Created relationship SVK->ENG with date=2002-10-12 and goalDifference=-1: Relationship[4694]
Created relationship ENG->SVK with date=2002-10-12 and goalDifference=-1: Relationship[4695]
Processing entry 2348 of 4135
2002-10-12 SWE:HUN 0
Node for team SWE already exists: Node[22]
Node for team HUN already exists: Node[19]
Created relationship SWE->HUN with date=2002-10-12 and goalDifference=0: Relationship[4696]
Created relationship HUN->SWE with date=2002-10-12 and goalDifference=0: Relationship[4697]
Processing entry 2349 of 4135
2002-10-12 UKR:GRC 2
Node for team UKR already exists: Node[84]
Node for team GRC already exists: Node[34]
Created relationship UKR->GRC with date=2002-10-12 and goalDifference=2: Relationship[4698]
Created relationship GRC->UKR with date=2002-10-12 and goalDifference=2: Relationship[4699]
Processing entry 2350 of 4135
2002-10-16 AUT:NLD -3
Node for team AUT already exists: Node[13]
Node for team NLD already exists: Node[15]
Created relationship AUT->NLD with date=2002-10-16 and goalDifference=-3: Relationship[4700]
Created relationship NLD->AUT with date=2002-10-16 and goalDifference=-3: Relationship[4701]
Processing entry 2351 of 4135
2002-10-16 BGR:AND 1
Node for team BGR already exists: Node[36]
Node for team AND already exists: Node[92]
Created relationship BGR->AND with date=2002-10-16 and goalDifference=1: Relationship[4702]
Created relationship AND->BGR with date=2002-10-16 and goalDifference=1: Relationship[4703]
Processing entry 2352 of 4135
2002-10-16 CZE:BLR 2
Node for team CZE already exists: Node[74]
Node for team BLR already exists: Node[80]
Created relationship CZE->BLR with date=2002-10-16 and goalDifference=2: Relationship[4704]
Created relationship BLR->CZE with date=2002-10-16 and goalDifference=2: Relationship[4705]
Processing entry 2353 of 4135
2002-10-16 DEU:FRO 1
Node for team DEU already exists: Node[17]
Node for team FRO already exists: Node[66]
Created relationship DEU->FRO with date=2002-10-16 and goalDifference=1: Relationship[4706]
Created relationship FRO->DEU with date=2002-10-16 and goalDifference=1: Relationship[4707]
Processing entry 2354 of 4135
2002-10-16 ENG:MKD 0
Node for team ENG already exists: Node[27]
Node for team MKD already exists: Node[79]
Created relationship ENG->MKD with date=2002-10-16 and goalDifference=0: Relationship[4708]
Created relationship MKD->ENG with date=2002-10-16 and goalDifference=0: Relationship[4709]
Processing entry 2355 of 4135
2002-10-16 EST:BEL -1
Node for team EST already exists: Node[72]
Node for team BEL already exists: Node[3]
Created relationship EST->BEL with date=2002-10-16 and goalDifference=-1: Relationship[4710]
Created relationship BEL->EST with date=2002-10-16 and goalDifference=-1: Relationship[4711]
Processing entry 2356 of 4135
2002-10-16 GRC:ARM 2
Node for team GRC already exists: Node[34]
Node for team ARM already exists: Node[75]
Created relationship GRC->ARM with date=2002-10-16 and goalDifference=2: Relationship[4712]
Created relationship ARM->GRC with date=2002-10-16 and goalDifference=2: Relationship[4713]
Processing entry 2357 of 4135
2002-10-16 HUN:SMR 3
Node for team HUN already exists: Node[19]
Node for team SMR already exists: Node[67]
Created relationship HUN->SMR with date=2002-10-16 and goalDifference=3: Relationship[4714]
Created relationship SMR->HUN with date=2002-10-16 and goalDifference=3: Relationship[4715]
Processing entry 2358 of 4135
2002-10-16 IRL:CHE -1
Node for team IRL already exists: Node[35]
Node for team CHE already exists: Node[14]
Created relationship IRL->CHE with date=2002-10-16 and goalDifference=-1: Relationship[4716]
Created relationship CHE->IRL with date=2002-10-16 and goalDifference=-1: Relationship[4717]
Processing entry 2359 of 4135
2002-10-16 ISL:LTU 3
Node for team ISL already exists: Node[43]
Node for team LTU already exists: Node[85]
Created relationship ISL->LTU with date=2002-10-16 and goalDifference=3: Relationship[4718]
Created relationship LTU->ISL with date=2002-10-16 and goalDifference=3: Relationship[4719]
Processing entry 2360 of 4135
2002-10-16 LUX:ROU -7
Node for team LUX already exists: Node[44]
Node for team ROU already exists: Node[4]
Created relationship LUX->ROU with date=2002-10-16 and goalDifference=-7: Relationship[4720]
Created relationship ROU->LUX with date=2002-10-16 and goalDifference=-7: Relationship[4721]
Processing entry 2361 of 4135
2002-10-16 MLT:FRA -4
Node for team MLT already exists: Node[42]
Node for team FRA already exists: Node[0]
Created relationship MLT->FRA with date=2002-10-16 and goalDifference=-4: Relationship[4722]
Created relationship FRA->MLT with date=2002-10-16 and goalDifference=-4: Relationship[4723]
Processing entry 2362 of 4135
2002-10-16 NIR:UKR 0
Node for team NIR already exists: Node[32]
Node for team UKR already exists: Node[84]
Created relationship NIR->UKR with date=2002-10-16 and goalDifference=0: Relationship[4724]
Created relationship UKR->NIR with date=2002-10-16 and goalDifference=0: Relationship[4725]
Processing entry 2363 of 4135
2002-10-16 NOR:BIH 2
Node for team NOR already exists: Node[26]
Node for team BIH already exists: Node[91]
Created relationship NOR->BIH with date=2002-10-16 and goalDifference=2: Relationship[4726]
Created relationship BIH->NOR with date=2002-10-16 and goalDifference=2: Relationship[4727]
Processing entry 2364 of 4135
2002-10-16 RUS:ALB 3
Node for team RUS already exists: Node[70]
Node for team ALB already exists: Node[41]
Created relationship RUS->ALB with date=2002-10-16 and goalDifference=3: Relationship[4728]
Created relationship ALB->RUS with date=2002-10-16 and goalDifference=3: Relationship[4729]
Processing entry 2365 of 4135
2002-10-16 TUR:LIE 5
Node for team TUR already exists: Node[29]
Node for team LIE already exists: Node[69]
Created relationship TUR->LIE with date=2002-10-16 and goalDifference=5: Relationship[4730]
Created relationship LIE->TUR with date=2002-10-16 and goalDifference=5: Relationship[4731]
Processing entry 2366 of 4135
2002-10-16 WAL:ITA 1
Node for team WAL already exists: Node[31]
Node for team ITA already exists: Node[21]
Created relationship WAL->ITA with date=2002-10-16 and goalDifference=1: Relationship[4732]
Created relationship ITA->WAL with date=2002-10-16 and goalDifference=1: Relationship[4733]
Processing entry 2367 of 4135
2002-10-16 YUG:FIN 2
Node for team YUG already exists: Node[6]
Node for team FIN already exists: Node[46]
Created relationship YUG->FIN with date=2002-10-16 and goalDifference=2: Relationship[4734]
Created relationship FIN->YUG with date=2002-10-16 and goalDifference=2: Relationship[4735]
Processing entry 2368 of 4135
2002-11-20 AZE:WAL -2
Node for team AZE already exists: Node[81]
Node for team WAL already exists: Node[31]
Created relationship AZE->WAL with date=2002-11-20 and goalDifference=-2: Relationship[4736]
Created relationship WAL->AZE with date=2002-11-20 and goalDifference=-2: Relationship[4737]
Processing entry 2369 of 4135
2002-11-20 CYP:MLT 1
Node for team CYP already exists: Node[47]
Node for team MLT already exists: Node[42]
Created relationship CYP->MLT with date=2002-11-20 and goalDifference=1: Relationship[4738]
Created relationship MLT->CYP with date=2002-11-20 and goalDifference=1: Relationship[4739]
Processing entry 2370 of 4135
2002-11-20 SMR:LVA -1
Node for team SMR already exists: Node[67]
Node for team LVA already exists: Node[78]
Created relationship SMR->LVA with date=2002-11-20 and goalDifference=-1: Relationship[4740]
Created relationship LVA->SMR with date=2002-11-20 and goalDifference=-1: Relationship[4741]
Processing entry 2371 of 4135
2003-02-12 SCG:AZE 0
Created new node for team SCG: Node[102]
Node for team AZE already exists: Node[81]
Created relationship SCG->AZE with date=2003-02-12 and goalDifference=0: Relationship[4742]
Created relationship AZE->SCG with date=2003-02-12 and goalDifference=0: Relationship[4743]
Processing entry 2372 of 4135
2003-03-29 ALB:RUS 2
Node for team ALB already exists: Node[41]
Node for team RUS already exists: Node[70]
Created relationship ALB->RUS with date=2003-03-29 and goalDifference=2: Relationship[4744]
Created relationship RUS->ALB with date=2003-03-29 and goalDifference=2: Relationship[4745]
Processing entry 2373 of 4135
2003-03-29 ARM:NIR 1
Node for team ARM already exists: Node[75]
Node for team NIR already exists: Node[32]
Created relationship ARM->NIR with date=2003-03-29 and goalDifference=1: Relationship[4746]
Created relationship NIR->ARM with date=2003-03-29 and goalDifference=1: Relationship[4747]
Processing entry 2374 of 4135
2003-03-29 BIH:LUX 2
Node for team BIH already exists: Node[91]
Node for team LUX already exists: Node[44]
Created relationship BIH->LUX with date=2003-03-29 and goalDifference=2: Relationship[4748]
Created relationship LUX->BIH with date=2003-03-29 and goalDifference=2: Relationship[4749]
Processing entry 2375 of 4135
2003-03-29 BLR:MDA 1
Node for team BLR already exists: Node[80]
Node for team MDA already exists: Node[77]
Created relationship BLR->MDA with date=2003-03-29 and goalDifference=1: Relationship[4750]
Created relationship MDA->BLR with date=2003-03-29 and goalDifference=1: Relationship[4751]
Processing entry 2376 of 4135
2003-03-29 CYP:ISR 0
Node for team CYP already exists: Node[47]
Node for team ISR already exists: Node[48]
Created relationship CYP->ISR with date=2003-03-29 and goalDifference=0: Relationship[4752]
Created relationship ISR->CYP with date=2003-03-29 and goalDifference=0: Relationship[4753]
Processing entry 2377 of 4135
2003-03-29 DEU:LTU 0
Node for team DEU already exists: Node[17]
Node for team LTU already exists: Node[85]
Created relationship DEU->LTU with date=2003-03-29 and goalDifference=0: Relationship[4754]
Created relationship LTU->DEU with date=2003-03-29 and goalDifference=0: Relationship[4755]
Processing entry 2378 of 4135
2003-03-29 FRA:MLT 6
Node for team FRA already exists: Node[0]
Node for team MLT already exists: Node[42]
Created relationship FRA->MLT with date=2003-03-29 and goalDifference=6: Relationship[4756]
Created relationship MLT->FRA with date=2003-03-29 and goalDifference=6: Relationship[4757]
Processing entry 2379 of 4135
2003-03-29 GEO:IRL -1
Node for team GEO already exists: Node[76]
Node for team IRL already exists: Node[35]
Created relationship GEO->IRL with date=2003-03-29 and goalDifference=-1: Relationship[4758]
Created relationship IRL->GEO with date=2003-03-29 and goalDifference=-1: Relationship[4759]
Processing entry 2380 of 4135
2003-03-29 HRV:BEL 4
Node for team HRV already exists: Node[73]
Node for team BEL already exists: Node[3]
Created relationship HRV->BEL with date=2003-03-29 and goalDifference=4: Relationship[4760]
Created relationship BEL->HRV with date=2003-03-29 and goalDifference=4: Relationship[4761]
Processing entry 2381 of 4135
2003-03-29 ITA:FIN 2
Node for team ITA already exists: Node[21]
Node for team FIN already exists: Node[46]
Created relationship ITA->FIN with date=2003-03-29 and goalDifference=2: Relationship[4762]
Created relationship FIN->ITA with date=2003-03-29 and goalDifference=2: Relationship[4763]
Processing entry 2382 of 4135
2003-03-29 LIE:ENG -2
Node for team LIE already exists: Node[69]
Node for team ENG already exists: Node[27]
Created relationship LIE->ENG with date=2003-03-29 and goalDifference=-2: Relationship[4764]
Created relationship ENG->LIE with date=2003-03-29 and goalDifference=-2: Relationship[4765]
Processing entry 2383 of 4135
2003-03-29 MKD:SVK -2
Node for team MKD already exists: Node[79]
Node for team SVK already exists: Node[82]
Created relationship MKD->SVK with date=2003-03-29 and goalDifference=-2: Relationship[4766]
Created relationship SVK->MKD with date=2003-03-29 and goalDifference=-2: Relationship[4767]
Processing entry 2384 of 4135
2003-03-29 NLD:CZE 0
Node for team NLD already exists: Node[15]
Node for team CZE already exists: Node[74]
Created relationship NLD->CZE with date=2003-03-29 and goalDifference=0: Relationship[4768]
Created relationship CZE->NLD with date=2003-03-29 and goalDifference=0: Relationship[4769]
Processing entry 2385 of 4135
2003-03-29 POL:HUN 0
Node for team POL already exists: Node[23]
Node for team HUN already exists: Node[19]
Created relationship POL->HUN with date=2003-03-29 and goalDifference=0: Relationship[4770]
Created relationship HUN->POL with date=2003-03-29 and goalDifference=0: Relationship[4771]
Processing entry 2386 of 4135
2003-03-29 ROU:DNK -3
Node for team ROU already exists: Node[4]
Node for team DNK already exists: Node[39]
Created relationship ROU->DNK with date=2003-03-29 and goalDifference=-3: Relationship[4772]
Created relationship DNK->ROU with date=2003-03-29 and goalDifference=-3: Relationship[4773]
Processing entry 2387 of 4135
2003-03-29 SCO:ISL 1
Node for team SCO already exists: Node[28]
Node for team ISL already exists: Node[43]
Created relationship SCO->ISL with date=2003-03-29 and goalDifference=1: Relationship[4774]
Created relationship ISL->SCO with date=2003-03-29 and goalDifference=1: Relationship[4775]
Processing entry 2388 of 4135
2003-03-29 UKR:ESP 0
Node for team UKR already exists: Node[84]
Node for team ESP already exists: Node[18]
Created relationship UKR->ESP with date=2003-03-29 and goalDifference=0: Relationship[4776]
Created relationship ESP->UKR with date=2003-03-29 and goalDifference=0: Relationship[4777]
Processing entry 2389 of 4135
2003-03-29 WAL:AZE 4
Node for team WAL already exists: Node[31]
Node for team AZE already exists: Node[81]
Created relationship WAL->AZE with date=2003-03-29 and goalDifference=4: Relationship[4778]
Created relationship AZE->WAL with date=2003-03-29 and goalDifference=4: Relationship[4779]
Processing entry 2390 of 4135
2003-04-02 ALB:IRL 0
Node for team ALB already exists: Node[41]
Node for team IRL already exists: Node[35]
Created relationship ALB->IRL with date=2003-04-02 and goalDifference=0: Relationship[4780]
Created relationship IRL->ALB with date=2003-04-02 and goalDifference=0: Relationship[4781]
Processing entry 2391 of 4135
2003-04-02 CZE:AUT 4
Node for team CZE already exists: Node[74]
Node for team AUT already exists: Node[13]
Created relationship CZE->AUT with date=2003-04-02 and goalDifference=4: Relationship[4782]
Created relationship AUT->CZE with date=2003-04-02 and goalDifference=4: Relationship[4783]
Processing entry 2392 of 4135
2003-04-02 DNK:BIH -2
Node for team DNK already exists: Node[39]
Node for team BIH already exists: Node[91]
Created relationship DNK->BIH with date=2003-04-02 and goalDifference=-2: Relationship[4784]
Created relationship BIH->DNK with date=2003-04-02 and goalDifference=-2: Relationship[4785]
Processing entry 2393 of 4135
2003-04-02 ENG:TUR 2
Node for team ENG already exists: Node[27]
Node for team TUR already exists: Node[29]
Created relationship ENG->TUR with date=2003-04-02 and goalDifference=2: Relationship[4786]
Created relationship TUR->ENG with date=2003-04-02 and goalDifference=2: Relationship[4787]
Processing entry 2394 of 4135
2003-04-02 ESP:ARM 3
Node for team ESP already exists: Node[18]
Node for team ARM already exists: Node[75]
Created relationship ESP->ARM with date=2003-04-02 and goalDifference=3: Relationship[4788]
Created relationship ARM->ESP with date=2003-04-02 and goalDifference=3: Relationship[4789]
Processing entry 2395 of 4135
2003-04-02 EST:BGR 0
Node for team EST already exists: Node[72]
Node for team BGR already exists: Node[36]
Created relationship EST->BGR with date=2003-04-02 and goalDifference=0: Relationship[4790]
Created relationship BGR->EST with date=2003-04-02 and goalDifference=0: Relationship[4791]
Processing entry 2396 of 4135
2003-04-02 GEO:CHE 0
Node for team GEO already exists: Node[76]
Node for team CHE already exists: Node[14]
Created relationship GEO->CHE with date=2003-04-02 and goalDifference=0: Relationship[4792]
Created relationship CHE->GEO with date=2003-04-02 and goalDifference=0: Relationship[4793]
Processing entry 2397 of 4135
2003-04-02 HRV:AND 2
Node for team HRV already exists: Node[73]
Node for team AND already exists: Node[92]
Created relationship HRV->AND with date=2003-04-02 and goalDifference=2: Relationship[4794]
Created relationship AND->HRV with date=2003-04-02 and goalDifference=2: Relationship[4795]
Processing entry 2398 of 4135
2003-04-02 HUN:SWE -1
Node for team HUN already exists: Node[19]
Node for team SWE already exists: Node[22]
Created relationship HUN->SWE with date=2003-04-02 and goalDifference=-1: Relationship[4796]
Created relationship SWE->HUN with date=2003-04-02 and goalDifference=-1: Relationship[4797]
Processing entry 2399 of 4135
2003-04-02 ISR:FRA -1
Node for team ISR already exists: Node[48]
Node for team FRA already exists: Node[0]
Created relationship ISR->FRA with date=2003-04-02 and goalDifference=-1: Relationship[4798]
Created relationship FRA->ISR with date=2003-04-02 and goalDifference=-1: Relationship[4799]
Processing entry 2400 of 4135
2003-04-02 LTU:SCO 1
Node for team LTU already exists: Node[85]
Node for team SCO already exists: Node[28]
Created relationship LTU->SCO with date=2003-04-02 and goalDifference=1: Relationship[4800]
Created relationship SCO->LTU with date=2003-04-02 and goalDifference=1: Relationship[4801]
Processing entry 2401 of 4135
2003-04-02 LUX:NOR -2
Node for team LUX already exists: Node[44]
Node for team NOR already exists: Node[26]
Created relationship LUX->NOR with date=2003-04-02 and goalDifference=-2: Relationship[4802]
Created relationship NOR->LUX with date=2003-04-02 and goalDifference=-2: Relationship[4803]
Processing entry 2402 of 4135
2003-04-02 MDA:NLD -1
Node for team MDA already exists: Node[77]
Node for team NLD already exists: Node[15]
Created relationship MDA->NLD with date=2003-04-02 and goalDifference=-1: Relationship[4804]
Created relationship NLD->MDA with date=2003-04-02 and goalDifference=-1: Relationship[4805]
Processing entry 2403 of 4135
2003-04-02 NIR:GRC -2
Node for team NIR already exists: Node[32]
Node for team GRC already exists: Node[34]
Created relationship NIR->GRC with date=2003-04-02 and goalDifference=-2: Relationship[4806]
Created relationship GRC->NIR with date=2003-04-02 and goalDifference=-2: Relationship[4807]
Processing entry 2404 of 4135
2003-04-02 POL:SMR 5
Node for team POL already exists: Node[23]
Node for team SMR already exists: Node[67]
Created relationship POL->SMR with date=2003-04-02 and goalDifference=5: Relationship[4808]
Created relationship SMR->POL with date=2003-04-02 and goalDifference=5: Relationship[4809]
Processing entry 2405 of 4135
2003-04-02 SVK:LIE 4
Node for team SVK already exists: Node[82]
Node for team LIE already exists: Node[69]
Created relationship SVK->LIE with date=2003-04-02 and goalDifference=4: Relationship[4810]
Created relationship LIE->SVK with date=2003-04-02 and goalDifference=4: Relationship[4811]
Processing entry 2406 of 4135
2003-04-02 SVN:CYP 3
Node for team SVN already exists: Node[83]
Node for team CYP already exists: Node[47]
Created relationship SVN->CYP with date=2003-04-02 and goalDifference=3: Relationship[4812]
Created relationship CYP->SVN with date=2003-04-02 and goalDifference=3: Relationship[4813]
Processing entry 2407 of 4135
2003-04-30 AND:EST -2
Node for team AND already exists: Node[92]
Node for team EST already exists: Node[72]
Created relationship AND->EST with date=2003-04-30 and goalDifference=-2: Relationship[4814]
Created relationship EST->AND with date=2003-04-30 and goalDifference=-2: Relationship[4815]
Processing entry 2408 of 4135
2003-04-30 GEO:RUS 1
Node for team GEO already exists: Node[76]
Node for team RUS already exists: Node[70]
Created relationship GEO->RUS with date=2003-04-30 and goalDifference=1: Relationship[4816]
Created relationship RUS->GEO with date=2003-04-30 and goalDifference=1: Relationship[4817]
Processing entry 2409 of 4135
2003-04-30 ISR:CYP 2
Node for team ISR already exists: Node[48]
Node for team CYP already exists: Node[47]
Created relationship ISR->CYP with date=2003-04-30 and goalDifference=2: Relationship[4818]
Created relationship CYP->ISR with date=2003-04-30 and goalDifference=2: Relationship[4819]
Processing entry 2410 of 4135
2003-04-30 LVA:SMR 3
Node for team LVA already exists: Node[78]
Node for team SMR already exists: Node[67]
Created relationship LVA->SMR with date=2003-04-30 and goalDifference=3: Relationship[4820]
Created relationship SMR->LVA with date=2003-04-30 and goalDifference=3: Relationship[4821]
Processing entry 2411 of 4135
2003-04-30 MLT:SVN -2
Node for team MLT already exists: Node[42]
Node for team SVN already exists: Node[83]
Created relationship MLT->SVN with date=2003-04-30 and goalDifference=-2: Relationship[4822]
Created relationship SVN->MLT with date=2003-04-30 and goalDifference=-2: Relationship[4823]
Processing entry 2412 of 4135
2003-06-07 BGR:BEL 0
Node for team BGR already exists: Node[36]
Node for team BEL already exists: Node[3]
Created relationship BGR->BEL with date=2003-06-07 and goalDifference=0: Relationship[4824]
Created relationship BEL->BGR with date=2003-06-07 and goalDifference=0: Relationship[4825]
Processing entry 2413 of 4135
2003-06-07 BLR:NLD -2
Node for team BLR already exists: Node[80]
Node for team NLD already exists: Node[15]
Created relationship BLR->NLD with date=2003-06-07 and goalDifference=-2: Relationship[4826]
Created relationship NLD->BLR with date=2003-06-07 and goalDifference=-2: Relationship[4827]
Processing entry 2414 of 4135
2003-06-07 CHE:RUS 0
Node for team CHE already exists: Node[14]
Node for team RUS already exists: Node[70]
Created relationship CHE->RUS with date=2003-06-07 and goalDifference=0: Relationship[4828]
Created relationship RUS->CHE with date=2003-06-07 and goalDifference=0: Relationship[4829]
Processing entry 2415 of 4135
2003-06-07 DNK:NOR 1
Node for team DNK already exists: Node[39]
Node for team NOR already exists: Node[26]
Created relationship DNK->NOR with date=2003-06-07 and goalDifference=1: Relationship[4830]
Created relationship NOR->DNK with date=2003-06-07 and goalDifference=1: Relationship[4831]
Processing entry 2416 of 4135
2003-06-07 ESP:GRC -1
Node for team ESP already exists: Node[18]
Node for team GRC already exists: Node[34]
Created relationship ESP->GRC with date=2003-06-07 and goalDifference=-1: Relationship[4832]
Created relationship GRC->ESP with date=2003-06-07 and goalDifference=-1: Relationship[4833]
Processing entry 2417 of 4135
2003-06-07 EST:AND 2
Node for team EST already exists: Node[72]
Node for team AND already exists: Node[92]
Created relationship EST->AND with date=2003-06-07 and goalDifference=2: Relationship[4834]
Created relationship AND->EST with date=2003-06-07 and goalDifference=2: Relationship[4835]
Processing entry 2418 of 4135
2003-06-07 FIN:SCG 3
Node for team FIN already exists: Node[46]
Node for team SCG already exists: Node[102]
Created relationship FIN->SCG with date=2003-06-07 and goalDifference=3: Relationship[4836]
Created relationship SCG->FIN with date=2003-06-07 and goalDifference=3: Relationship[4837]
Processing entry 2419 of 4135
2003-06-07 HUN:LVA 2
Node for team HUN already exists: Node[19]
Node for team LVA already exists: Node[78]
Created relationship HUN->LVA with date=2003-06-07 and goalDifference=2: Relationship[4838]
Created relationship LVA->HUN with date=2003-06-07 and goalDifference=2: Relationship[4839]
Processing entry 2420 of 4135
2003-06-07 IRL:ALB 1
Node for team IRL already exists: Node[35]
Node for team ALB already exists: Node[41]
Created relationship IRL->ALB with date=2003-06-07 and goalDifference=1: Relationship[4840]
Created relationship ALB->IRL with date=2003-06-07 and goalDifference=1: Relationship[4841]
Processing entry 2421 of 4135
2003-06-07 ISL:FRO 1
Node for team ISL already exists: Node[43]
Node for team FRO already exists: Node[66]
Created relationship ISL->FRO with date=2003-06-07 and goalDifference=1: Relationship[4842]
Created relationship FRO->ISL with date=2003-06-07 and goalDifference=1: Relationship[4843]
Processing entry 2422 of 4135
2003-06-07 ISR:SVN 0
Node for team ISR already exists: Node[48]
Node for team SVN already exists: Node[83]
Created relationship ISR->SVN with date=2003-06-07 and goalDifference=0: Relationship[4844]
Created relationship SVN->ISR with date=2003-06-07 and goalDifference=0: Relationship[4845]
Processing entry 2423 of 4135
2003-06-07 MDA:AUT 1
Node for team MDA already exists: Node[77]
Node for team AUT already exists: Node[13]
Created relationship MDA->AUT with date=2003-06-07 and goalDifference=1: Relationship[4846]
Created relationship AUT->MDA with date=2003-06-07 and goalDifference=1: Relationship[4847]
Processing entry 2424 of 4135
2003-06-07 MKD:LIE 2
Node for team MKD already exists: Node[79]
Node for team LIE already exists: Node[69]
Created relationship MKD->LIE with date=2003-06-07 and goalDifference=2: Relationship[4848]
Created relationship LIE->MKD with date=2003-06-07 and goalDifference=2: Relationship[4849]
Processing entry 2425 of 4135
2003-06-07 MLT:CYP -1
Node for team MLT already exists: Node[42]
Node for team CYP already exists: Node[47]
Created relationship MLT->CYP with date=2003-06-07 and goalDifference=-1: Relationship[4850]
Created relationship CYP->MLT with date=2003-06-07 and goalDifference=-1: Relationship[4851]
Processing entry 2426 of 4135
2003-06-07 ROU:BIH 2
Node for team ROU already exists: Node[4]
Node for team BIH already exists: Node[91]
Created relationship ROU->BIH with date=2003-06-07 and goalDifference=2: Relationship[4852]
Created relationship BIH->ROU with date=2003-06-07 and goalDifference=2: Relationship[4853]
Processing entry 2427 of 4135
2003-06-07 SCO:DEU 0
Node for team SCO already exists: Node[28]
Node for team DEU already exists: Node[17]
Created relationship SCO->DEU with date=2003-06-07 and goalDifference=0: Relationship[4854]
Created relationship DEU->SCO with date=2003-06-07 and goalDifference=0: Relationship[4855]
Processing entry 2428 of 4135
2003-06-07 SMR:SWE -6
Node for team SMR already exists: Node[67]
Node for team SWE already exists: Node[22]
Created relationship SMR->SWE with date=2003-06-07 and goalDifference=-6: Relationship[4856]
Created relationship SWE->SMR with date=2003-06-07 and goalDifference=-6: Relationship[4857]
Processing entry 2429 of 4135
2003-06-07 SVK:TUR -1
Node for team SVK already exists: Node[82]
Node for team TUR already exists: Node[29]
Created relationship SVK->TUR with date=2003-06-07 and goalDifference=-1: Relationship[4858]
Created relationship TUR->SVK with date=2003-06-07 and goalDifference=-1: Relationship[4859]
Processing entry 2430 of 4135
2003-06-07 UKR:ARM 1
Node for team UKR already exists: Node[84]
Node for team ARM already exists: Node[75]
Created relationship UKR->ARM with date=2003-06-07 and goalDifference=1: Relationship[4860]
Created relationship ARM->UKR with date=2003-06-07 and goalDifference=1: Relationship[4861]
Processing entry 2431 of 4135
2003-06-11 AUT:BLR 5
Node for team AUT already exists: Node[13]
Node for team BLR already exists: Node[80]
Created relationship AUT->BLR with date=2003-06-11 and goalDifference=5: Relationship[4862]
Created relationship BLR->AUT with date=2003-06-11 and goalDifference=5: Relationship[4863]
Processing entry 2432 of 4135
2003-06-11 AZE:SCG 1
Node for team AZE already exists: Node[81]
Node for team SCG already exists: Node[102]
Created relationship AZE->SCG with date=2003-06-11 and goalDifference=1: Relationship[4864]
Created relationship SCG->AZE with date=2003-06-11 and goalDifference=1: Relationship[4865]
Processing entry 2433 of 4135
2003-06-11 BEL:AND 3
Node for team BEL already exists: Node[3]
Node for team AND already exists: Node[92]
Created relationship BEL->AND with date=2003-06-11 and goalDifference=3: Relationship[4866]
Created relationship AND->BEL with date=2003-06-11 and goalDifference=3: Relationship[4867]
Processing entry 2434 of 4135
2003-06-11 CHE:ALB 1
Node for team CHE already exists: Node[14]
Node for team ALB already exists: Node[41]
Created relationship CHE->ALB with date=2003-06-11 and goalDifference=1: Relationship[4868]
Created relationship ALB->CHE with date=2003-06-11 and goalDifference=1: Relationship[4869]
Processing entry 2435 of 4135
2003-06-11 CZE:MDA 5
Node for team CZE already exists: Node[74]
Node for team MDA already exists: Node[77]
Created relationship CZE->MDA with date=2003-06-11 and goalDifference=5: Relationship[4870]
Created relationship MDA->CZE with date=2003-06-11 and goalDifference=5: Relationship[4871]
Processing entry 2436 of 4135
2003-06-11 ENG:SVK 1
Node for team ENG already exists: Node[27]
Node for team SVK already exists: Node[82]
Created relationship ENG->SVK with date=2003-06-11 and goalDifference=1: Relationship[4872]
Created relationship SVK->ENG with date=2003-06-11 and goalDifference=1: Relationship[4873]
Processing entry 2437 of 4135
2003-06-11 EST:HRV -1
Node for team EST already exists: Node[72]
Node for team HRV already exists: Node[73]
Created relationship EST->HRV with date=2003-06-11 and goalDifference=-1: Relationship[4874]
Created relationship HRV->EST with date=2003-06-11 and goalDifference=-1: Relationship[4875]
Processing entry 2438 of 4135
2003-06-11 FIN:ITA -2
Node for team FIN already exists: Node[46]
Node for team ITA already exists: Node[21]
Created relationship FIN->ITA with date=2003-06-11 and goalDifference=-2: Relationship[4876]
Created relationship ITA->FIN with date=2003-06-11 and goalDifference=-2: Relationship[4877]
Processing entry 2439 of 4135
2003-06-11 FRO:DEU -2
Node for team FRO already exists: Node[66]
Node for team DEU already exists: Node[17]
Created relationship FRO->DEU with date=2003-06-11 and goalDifference=-2: Relationship[4878]
Created relationship DEU->FRO with date=2003-06-11 and goalDifference=-2: Relationship[4879]
Processing entry 2440 of 4135
2003-06-11 GRC:UKR 1
Node for team GRC already exists: Node[34]
Node for team UKR already exists: Node[84]
Created relationship GRC->UKR with date=2003-06-11 and goalDifference=1: Relationship[4880]
Created relationship UKR->GRC with date=2003-06-11 and goalDifference=1: Relationship[4881]
Processing entry 2441 of 4135
2003-06-11 IRL:GEO 2
Node for team IRL already exists: Node[35]
Node for team GEO already exists: Node[76]
Created relationship IRL->GEO with date=2003-06-11 and goalDifference=2: Relationship[4882]
Created relationship GEO->IRL with date=2003-06-11 and goalDifference=2: Relationship[4883]
Processing entry 2442 of 4135
2003-06-11 LTU:ISL -3
Node for team LTU already exists: Node[85]
Node for team ISL already exists: Node[43]
Created relationship LTU->ISL with date=2003-06-11 and goalDifference=-3: Relationship[4884]
Created relationship ISL->LTU with date=2003-06-11 and goalDifference=-3: Relationship[4885]
Processing entry 2443 of 4135
2003-06-11 LUX:DNK -2
Node for team LUX already exists: Node[44]
Node for team DNK already exists: Node[39]
Created relationship LUX->DNK with date=2003-06-11 and goalDifference=-2: Relationship[4886]
Created relationship DNK->LUX with date=2003-06-11 and goalDifference=-2: Relationship[4887]
Processing entry 2444 of 4135
2003-06-11 NIR:ESP 0
Node for team NIR already exists: Node[32]
Node for team ESP already exists: Node[18]
Created relationship NIR->ESP with date=2003-06-11 and goalDifference=0: Relationship[4888]
Created relationship ESP->NIR with date=2003-06-11 and goalDifference=0: Relationship[4889]
Processing entry 2445 of 4135
2003-06-11 NOR:ROU 0
Node for team NOR already exists: Node[26]
Node for team ROU already exists: Node[4]
Created relationship NOR->ROU with date=2003-06-11 and goalDifference=0: Relationship[4890]
Created relationship ROU->NOR with date=2003-06-11 and goalDifference=0: Relationship[4891]
Processing entry 2446 of 4135
2003-06-11 SMR:HUN -5
Node for team SMR already exists: Node[67]
Node for team HUN already exists: Node[19]
Created relationship SMR->HUN with date=2003-06-11 and goalDifference=-5: Relationship[4892]
Created relationship HUN->SMR with date=2003-06-11 and goalDifference=-5: Relationship[4893]
Processing entry 2447 of 4135
2003-06-11 SWE:POL 3
Node for team SWE already exists: Node[22]
Node for team POL already exists: Node[23]
Created relationship SWE->POL with date=2003-06-11 and goalDifference=3: Relationship[4894]
Created relationship POL->SWE with date=2003-06-11 and goalDifference=3: Relationship[4895]
Processing entry 2448 of 4135
2003-06-11 TUR:MKD 1
Node for team TUR already exists: Node[29]
Node for team MKD already exists: Node[79]
Created relationship TUR->MKD with date=2003-06-11 and goalDifference=1: Relationship[4896]
Created relationship MKD->TUR with date=2003-06-11 and goalDifference=1: Relationship[4897]
Processing entry 2449 of 4135
2003-06-18 FRA:COL 1
Node for team FRA already exists: Node[0]
Node for team COL already exists: Node[40]
Created relationship FRA->COL with date=2003-06-18 and goalDifference=1: Relationship[4898]
Created relationship COL->FRA with date=2003-06-18 and goalDifference=1: Relationship[4899]
Processing entry 2450 of 4135
2003-06-18 NZL:JPN -3
Node for team NZL already exists: Node[57]
Node for team JPN already exists: Node[86]
Created relationship NZL->JPN with date=2003-06-18 and goalDifference=-3: Relationship[4900]
Created relationship JPN->NZL with date=2003-06-18 and goalDifference=-3: Relationship[4901]
Processing entry 2451 of 4135
2003-06-19 BRA:CMR -1
Node for team BRA already exists: Node[7]
Node for team CMR already exists: Node[56]
Created relationship BRA->CMR with date=2003-06-19 and goalDifference=-1: Relationship[4902]
Created relationship CMR->BRA with date=2003-06-19 and goalDifference=-1: Relationship[4903]
Processing entry 2452 of 4135
2003-06-19 TUR:USA 1
Node for team TUR already exists: Node[29]
Node for team USA already exists: Node[2]
Created relationship TUR->USA with date=2003-06-19 and goalDifference=1: Relationship[4904]
Created relationship USA->TUR with date=2003-06-19 and goalDifference=1: Relationship[4905]
Processing entry 2453 of 4135
2003-06-20 COL:NZL 2
Node for team COL already exists: Node[40]
Node for team NZL already exists: Node[57]
Created relationship COL->NZL with date=2003-06-20 and goalDifference=2: Relationship[4906]
Created relationship NZL->COL with date=2003-06-20 and goalDifference=2: Relationship[4907]
Processing entry 2454 of 4135
2003-06-20 FRA:JPN 1
Node for team FRA already exists: Node[0]
Node for team JPN already exists: Node[86]
Created relationship FRA->JPN with date=2003-06-20 and goalDifference=1: Relationship[4908]
Created relationship JPN->FRA with date=2003-06-20 and goalDifference=1: Relationship[4909]
Processing entry 2455 of 4135
2003-06-21 BRA:USA 1
Node for team BRA already exists: Node[7]
Node for team USA already exists: Node[2]
Created relationship BRA->USA with date=2003-06-21 and goalDifference=1: Relationship[4910]
Created relationship USA->BRA with date=2003-06-21 and goalDifference=1: Relationship[4911]
Processing entry 2456 of 4135
2003-06-21 CMR:TUR 1
Node for team CMR already exists: Node[56]
Node for team TUR already exists: Node[29]
Created relationship CMR->TUR with date=2003-06-21 and goalDifference=1: Relationship[4912]
Created relationship TUR->CMR with date=2003-06-21 and goalDifference=1: Relationship[4913]
Processing entry 2457 of 4135
2003-06-22 FRA:NZL 5
Node for team FRA already exists: Node[0]
Node for team NZL already exists: Node[57]
Created relationship FRA->NZL with date=2003-06-22 and goalDifference=5: Relationship[4914]
Created relationship NZL->FRA with date=2003-06-22 and goalDifference=5: Relationship[4915]
Processing entry 2458 of 4135
2003-06-22 JPN:COL -1
Node for team JPN already exists: Node[86]
Node for team COL already exists: Node[40]
Created relationship JPN->COL with date=2003-06-22 and goalDifference=-1: Relationship[4916]
Created relationship COL->JPN with date=2003-06-22 and goalDifference=-1: Relationship[4917]
Processing entry 2459 of 4135
2003-06-23 BRA:TUR 0
Node for team BRA already exists: Node[7]
Node for team TUR already exists: Node[29]
Created relationship BRA->TUR with date=2003-06-23 and goalDifference=0: Relationship[4918]
Created relationship TUR->BRA with date=2003-06-23 and goalDifference=0: Relationship[4919]
Processing entry 2460 of 4135
2003-06-23 USA:CMR 0
Node for team USA already exists: Node[2]
Node for team CMR already exists: Node[56]
Created relationship USA->CMR with date=2003-06-23 and goalDifference=0: Relationship[4920]
Created relationship CMR->USA with date=2003-06-23 and goalDifference=0: Relationship[4921]
Processing entry 2461 of 4135
2003-06-26 CMR:COL 1
Node for team CMR already exists: Node[56]
Node for team COL already exists: Node[40]
Created relationship CMR->COL with date=2003-06-26 and goalDifference=1: Relationship[4922]
Created relationship COL->CMR with date=2003-06-26 and goalDifference=1: Relationship[4923]
Processing entry 2462 of 4135
2003-06-26 FRA:TUR 1
Node for team FRA already exists: Node[0]
Node for team TUR already exists: Node[29]
Created relationship FRA->TUR with date=2003-06-26 and goalDifference=1: Relationship[4924]
Created relationship TUR->FRA with date=2003-06-26 and goalDifference=1: Relationship[4925]
Processing entry 2463 of 4135
2003-06-28 COL:TUR -1
Node for team COL already exists: Node[40]
Node for team TUR already exists: Node[29]
Created relationship COL->TUR with date=2003-06-28 and goalDifference=-1: Relationship[4926]
Created relationship TUR->COL with date=2003-06-28 and goalDifference=-1: Relationship[4927]
Processing entry 2464 of 4135
2003-06-29 CMR:FRA -1
Node for team CMR already exists: Node[56]
Node for team FRA already exists: Node[0]
Created relationship CMR->FRA with date=2003-06-29 and goalDifference=-1: Relationship[4928]
Created relationship FRA->CMR with date=2003-06-29 and goalDifference=-1: Relationship[4929]
Processing entry 2465 of 4135
2003-07-13 MEX:BRA 1
Node for team MEX already exists: Node[1]
Node for team BRA already exists: Node[7]
Created relationship MEX->BRA with date=2003-07-13 and goalDifference=1: Relationship[4930]
Created relationship BRA->MEX with date=2003-07-13 and goalDifference=1: Relationship[4931]
Processing entry 2466 of 4135
2003-07-27 MEX:BRA 1
Node for team MEX already exists: Node[1]
Node for team BRA already exists: Node[7]
Created relationship MEX->BRA with date=2003-07-27 and goalDifference=1: Relationship[4932]
Created relationship BRA->MEX with date=2003-07-27 and goalDifference=1: Relationship[4933]
Processing entry 2467 of 4135
2003-08-20 FRO:ISL -1
Node for team FRO already exists: Node[66]
Node for team ISL already exists: Node[43]
Created relationship FRO->ISL with date=2003-08-20 and goalDifference=-1: Relationship[4934]
Created relationship ISL->FRO with date=2003-08-20 and goalDifference=-1: Relationship[4935]
Processing entry 2468 of 4135
2003-08-20 SCG:WAL 1
Node for team SCG already exists: Node[102]
Node for team WAL already exists: Node[31]
Created relationship SCG->WAL with date=2003-08-20 and goalDifference=1: Relationship[4936]
Created relationship WAL->SCG with date=2003-08-20 and goalDifference=1: Relationship[4937]
Processing entry 2469 of 4135
2003-09-06 AND:HRV -3
Node for team AND already exists: Node[92]
Node for team HRV already exists: Node[73]
Created relationship AND->HRV with date=2003-09-06 and goalDifference=-3: Relationship[4938]
Created relationship HRV->AND with date=2003-09-06 and goalDifference=-3: Relationship[4939]
Processing entry 2470 of 4135
2003-09-06 ARM:GRC -1
Node for team ARM already exists: Node[75]
Node for team GRC already exists: Node[34]
Created relationship ARM->GRC with date=2003-09-06 and goalDifference=-1: Relationship[4940]
Created relationship GRC->ARM with date=2003-09-06 and goalDifference=-1: Relationship[4941]
Processing entry 2471 of 4135
2003-09-06 AZE:FIN -1
Node for team AZE already exists: Node[81]
Node for team FIN already exists: Node[46]
Created relationship AZE->FIN with date=2003-09-06 and goalDifference=-1: Relationship[4942]
Created relationship FIN->AZE with date=2003-09-06 and goalDifference=-1: Relationship[4943]
Processing entry 2472 of 4135
2003-09-06 BGR:EST 2
Node for team BGR already exists: Node[36]
Node for team EST already exists: Node[72]
Created relationship BGR->EST with date=2003-09-06 and goalDifference=2: Relationship[4944]
Created relationship EST->BGR with date=2003-09-06 and goalDifference=2: Relationship[4945]
Processing entry 2473 of 4135
2003-09-06 BIH:NOR 1
Node for team BIH already exists: Node[91]
Node for team NOR already exists: Node[26]
Created relationship BIH->NOR with date=2003-09-06 and goalDifference=1: Relationship[4946]
Created relationship NOR->BIH with date=2003-09-06 and goalDifference=1: Relationship[4947]
Processing entry 2474 of 4135
2003-09-06 BLR:CZE -2
Node for team BLR already exists: Node[80]
Node for team CZE already exists: Node[74]
Created relationship BLR->CZE with date=2003-09-06 and goalDifference=-2: Relationship[4948]
Created relationship CZE->BLR with date=2003-09-06 and goalDifference=-2: Relationship[4949]
Processing entry 2475 of 4135
2003-09-06 FRA:CYP 5
Node for team FRA already exists: Node[0]
Node for team CYP already exists: Node[47]
Created relationship FRA->CYP with date=2003-09-06 and goalDifference=5: Relationship[4950]
Created relationship CYP->FRA with date=2003-09-06 and goalDifference=5: Relationship[4951]
Processing entry 2476 of 4135
2003-09-06 GEO:ALB 3
Node for team GEO already exists: Node[76]
Node for team ALB already exists: Node[41]
Created relationship GEO->ALB with date=2003-09-06 and goalDifference=3: Relationship[4952]
Created relationship ALB->GEO with date=2003-09-06 and goalDifference=3: Relationship[4953]
Processing entry 2477 of 4135
2003-09-06 IRL:RUS 0
Node for team IRL already exists: Node[35]
Node for team RUS already exists: Node[70]
Created relationship IRL->RUS with date=2003-09-06 and goalDifference=0: Relationship[4954]
Created relationship RUS->IRL with date=2003-09-06 and goalDifference=0: Relationship[4955]
Processing entry 2478 of 4135
2003-09-06 ISL:DEU 0
Node for team ISL already exists: Node[43]
Node for team DEU already exists: Node[17]
Created relationship ISL->DEU with date=2003-09-06 and goalDifference=0: Relationship[4956]
Created relationship DEU->ISL with date=2003-09-06 and goalDifference=0: Relationship[4957]
Processing entry 2479 of 4135
2003-09-06 ITA:WAL 4
Node for team ITA already exists: Node[21]
Node for team WAL already exists: Node[31]
Created relationship ITA->WAL with date=2003-09-06 and goalDifference=4: Relationship[4958]
Created relationship WAL->ITA with date=2003-09-06 and goalDifference=4: Relationship[4959]
Processing entry 2480 of 4135
2003-09-06 LIE:TUR -3
Node for team LIE already exists: Node[69]
Node for team TUR already exists: Node[29]
Created relationship LIE->TUR with date=2003-09-06 and goalDifference=-3: Relationship[4960]
Created relationship TUR->LIE with date=2003-09-06 and goalDifference=-3: Relationship[4961]
Processing entry 2481 of 4135
2003-09-06 LVA:POL -2
Node for team LVA already exists: Node[78]
Node for team POL already exists: Node[23]
Created relationship LVA->POL with date=2003-09-06 and goalDifference=-2: Relationship[4962]
Created relationship POL->LVA with date=2003-09-06 and goalDifference=-2: Relationship[4963]
Processing entry 2482 of 4135
2003-09-06 MKD:ENG -1
Node for team MKD already exists: Node[79]
Node for team ENG already exists: Node[27]
Created relationship MKD->ENG with date=2003-09-06 and goalDifference=-1: Relationship[4964]
Created relationship ENG->MKD with date=2003-09-06 and goalDifference=-1: Relationship[4965]
Processing entry 2483 of 4135
2003-09-06 NLD:AUT 2
Node for team NLD already exists: Node[15]
Node for team AUT already exists: Node[13]
Created relationship NLD->AUT with date=2003-09-06 and goalDifference=2: Relationship[4966]
Created relationship AUT->NLD with date=2003-09-06 and goalDifference=2: Relationship[4967]
Processing entry 2484 of 4135
2003-09-06 ROU:LUX 4
Node for team ROU already exists: Node[4]
Node for team LUX already exists: Node[44]
Created relationship ROU->LUX with date=2003-09-06 and goalDifference=4: Relationship[4968]
Created relationship LUX->ROU with date=2003-09-06 and goalDifference=4: Relationship[4969]
Processing entry 2485 of 4135
2003-09-06 SCO:FRO 2
Node for team SCO already exists: Node[28]
Node for team FRO already exists: Node[66]
Created relationship SCO->FRO with date=2003-09-06 and goalDifference=2: Relationship[4970]
Created relationship FRO->SCO with date=2003-09-06 and goalDifference=2: Relationship[4971]
Processing entry 2486 of 4135
2003-09-06 SVN:ISR 2
Node for team SVN already exists: Node[83]
Node for team ISR already exists: Node[48]
Created relationship SVN->ISR with date=2003-09-06 and goalDifference=2: Relationship[4972]
Created relationship ISR->SVN with date=2003-09-06 and goalDifference=2: Relationship[4973]
Processing entry 2487 of 4135
2003-09-06 SWE:SMR 5
Node for team SWE already exists: Node[22]
Node for team SMR already exists: Node[67]
Created relationship SWE->SMR with date=2003-09-06 and goalDifference=5: Relationship[4974]
Created relationship SMR->SWE with date=2003-09-06 and goalDifference=5: Relationship[4975]
Processing entry 2488 of 4135
2003-09-06 UKR:NIR 0
Node for team UKR already exists: Node[84]
Node for team NIR already exists: Node[32]
Created relationship UKR->NIR with date=2003-09-06 and goalDifference=0: Relationship[4976]
Created relationship NIR->UKR with date=2003-09-06 and goalDifference=0: Relationship[4977]
Processing entry 2489 of 4135
2003-09-10 ALB:GEO 2
Node for team ALB already exists: Node[41]
Node for team GEO already exists: Node[76]
Created relationship ALB->GEO with date=2003-09-10 and goalDifference=2: Relationship[4978]
Created relationship GEO->ALB with date=2003-09-10 and goalDifference=2: Relationship[4979]
Processing entry 2490 of 4135
2003-09-10 AND:BGR -3
Node for team AND already exists: Node[92]
Node for team BGR already exists: Node[36]
Created relationship AND->BGR with date=2003-09-10 and goalDifference=-3: Relationship[4980]
Created relationship BGR->AND with date=2003-09-10 and goalDifference=-3: Relationship[4981]
Processing entry 2491 of 4135
2003-09-10 BEL:HRV 1
Node for team BEL already exists: Node[3]
Node for team HRV already exists: Node[73]
Created relationship BEL->HRV with date=2003-09-10 and goalDifference=1: Relationship[4982]
Created relationship HRV->BEL with date=2003-09-10 and goalDifference=1: Relationship[4983]
Processing entry 2492 of 4135
2003-09-10 CZE:NLD 2
Node for team CZE already exists: Node[74]
Node for team NLD already exists: Node[15]
Created relationship CZE->NLD with date=2003-09-10 and goalDifference=2: Relationship[4984]
Created relationship NLD->CZE with date=2003-09-10 and goalDifference=2: Relationship[4985]
Processing entry 2493 of 4135
2003-09-10 DEU:SCO 1
Node for team DEU already exists: Node[17]
Node for team SCO already exists: Node[28]
Created relationship DEU->SCO with date=2003-09-10 and goalDifference=1: Relationship[4986]
Created relationship SCO->DEU with date=2003-09-10 and goalDifference=1: Relationship[4987]
Processing entry 2494 of 4135
2003-09-10 DNK:ROU 0
Node for team DNK already exists: Node[39]
Node for team ROU already exists: Node[4]
Created relationship DNK->ROU with date=2003-09-10 and goalDifference=0: Relationship[4988]
Created relationship ROU->DNK with date=2003-09-10 and goalDifference=0: Relationship[4989]
Processing entry 2495 of 4135
2003-09-10 ENG:LIE 2
Node for team ENG already exists: Node[27]
Node for team LIE already exists: Node[69]
Created relationship ENG->LIE with date=2003-09-10 and goalDifference=2: Relationship[4990]
Created relationship LIE->ENG with date=2003-09-10 and goalDifference=2: Relationship[4991]
Processing entry 2496 of 4135
2003-09-10 ESP:UKR 1
Node for team ESP already exists: Node[18]
Node for team UKR already exists: Node[84]
Created relationship ESP->UKR with date=2003-09-10 and goalDifference=1: Relationship[4992]
Created relationship UKR->ESP with date=2003-09-10 and goalDifference=1: Relationship[4993]
Processing entry 2497 of 4135
2003-09-10 FRO:LTU -2
Node for team FRO already exists: Node[66]
Node for team LTU already exists: Node[85]
Created relationship FRO->LTU with date=2003-09-10 and goalDifference=-2: Relationship[4994]
Created relationship LTU->FRO with date=2003-09-10 and goalDifference=-2: Relationship[4995]
Processing entry 2498 of 4135
2003-09-10 ISR:MLT 0
Node for team ISR already exists: Node[48]
Node for team MLT already exists: Node[42]
Created relationship ISR->MLT with date=2003-09-10 and goalDifference=0: Relationship[4996]
Created relationship MLT->ISR with date=2003-09-10 and goalDifference=0: Relationship[4997]
Processing entry 2499 of 4135
2003-09-10 LUX:BIH -1
Node for team LUX already exists: Node[44]
Node for team BIH already exists: Node[91]
Created relationship LUX->BIH with date=2003-09-10 and goalDifference=-1: Relationship[4998]
Created relationship BIH->LUX with date=2003-09-10 and goalDifference=-1: Relationship[4999]
Processing entry 2500 of 4135
2003-09-10 LVA:HUN 2
Node for team LVA already exists: Node[78]
Node for team HUN already exists: Node[19]
Created relationship LVA->HUN with date=2003-09-10 and goalDifference=2: Relationship[5000]
Created relationship HUN->LVA with date=2003-09-10 and goalDifference=2: Relationship[5001]
Processing entry 2501 of 4135
2003-09-10 MDA:BLR 1
Node for team MDA already exists: Node[77]
Node for team BLR already exists: Node[80]
Created relationship MDA->BLR with date=2003-09-10 and goalDifference=1: Relationship[5002]
Created relationship BLR->MDA with date=2003-09-10 and goalDifference=1: Relationship[5003]
Processing entry 2502 of 4135
2003-09-10 NIR:ARM -1
Node for team NIR already exists: Node[32]
Node for team ARM already exists: Node[75]
Created relationship NIR->ARM with date=2003-09-10 and goalDifference=-1: Relationship[5004]
Created relationship ARM->NIR with date=2003-09-10 and goalDifference=-1: Relationship[5005]
Processing entry 2503 of 4135
2003-09-10 POL:SWE -2
Node for team POL already exists: Node[23]
Node for team SWE already exists: Node[22]
Created relationship POL->SWE with date=2003-09-10 and goalDifference=-2: Relationship[5006]
Created relationship SWE->POL with date=2003-09-10 and goalDifference=-2: Relationship[5007]
Processing entry 2504 of 4135
2003-09-10 RUS:CHE 3
Node for team RUS already exists: Node[70]
Node for team CHE already exists: Node[14]
Created relationship RUS->CHE with date=2003-09-10 and goalDifference=3: Relationship[5008]
Created relationship CHE->RUS with date=2003-09-10 and goalDifference=3: Relationship[5009]
Processing entry 2505 of 4135
2003-09-10 SCG:ITA 0
Node for team SCG already exists: Node[102]
Node for team ITA already exists: Node[21]
Created relationship SCG->ITA with date=2003-09-10 and goalDifference=0: Relationship[5010]
Created relationship ITA->SCG with date=2003-09-10 and goalDifference=0: Relationship[5011]
Processing entry 2506 of 4135
2003-09-10 SVK:MKD 0
Node for team SVK already exists: Node[82]
Node for team MKD already exists: Node[79]
Created relationship SVK->MKD with date=2003-09-10 and goalDifference=0: Relationship[5012]
Created relationship MKD->SVK with date=2003-09-10 and goalDifference=0: Relationship[5013]
Processing entry 2507 of 4135
2003-09-10 SVN:FRA -2
Node for team SVN already exists: Node[83]
Node for team FRA already exists: Node[0]
Created relationship SVN->FRA with date=2003-09-10 and goalDifference=-2: Relationship[5014]
Created relationship FRA->SVN with date=2003-09-10 and goalDifference=-2: Relationship[5015]
Processing entry 2508 of 4135
2003-09-10 WAL:FIN 0
Node for team WAL already exists: Node[31]
Node for team FIN already exists: Node[46]
Created relationship WAL->FIN with date=2003-09-10 and goalDifference=0: Relationship[5016]
Created relationship FIN->WAL with date=2003-09-10 and goalDifference=0: Relationship[5017]
Processing entry 2509 of 4135
2003-10-11 ARM:ESP -4
Node for team ARM already exists: Node[75]
Node for team ESP already exists: Node[18]
Created relationship ARM->ESP with date=2003-10-11 and goalDifference=-4: Relationship[5018]
Created relationship ESP->ARM with date=2003-10-11 and goalDifference=-4: Relationship[5019]
Processing entry 2510 of 4135
2003-10-11 AUT:CZE -1
Node for team AUT already exists: Node[13]
Node for team CZE already exists: Node[74]
Created relationship AUT->CZE with date=2003-10-11 and goalDifference=-1: Relationship[5020]
Created relationship CZE->AUT with date=2003-10-11 and goalDifference=-1: Relationship[5021]
Processing entry 2511 of 4135
2003-10-11 BEL:EST 2
Node for team BEL already exists: Node[3]
Node for team EST already exists: Node[72]
Created relationship BEL->EST with date=2003-10-11 and goalDifference=2: Relationship[5022]
Created relationship EST->BEL with date=2003-10-11 and goalDifference=2: Relationship[5023]
Processing entry 2512 of 4135
2003-10-11 BIH:DNK 0
Node for team BIH already exists: Node[91]
Node for team DNK already exists: Node[39]
Created relationship BIH->DNK with date=2003-10-11 and goalDifference=0: Relationship[5024]
Created relationship DNK->BIH with date=2003-10-11 and goalDifference=0: Relationship[5025]
Processing entry 2513 of 4135
2003-10-11 CHE:IRL 2
Node for team CHE already exists: Node[14]
Node for team IRL already exists: Node[35]
Created relationship CHE->IRL with date=2003-10-11 and goalDifference=2: Relationship[5026]
Created relationship IRL->CHE with date=2003-10-11 and goalDifference=2: Relationship[5027]
Processing entry 2514 of 4135
2003-10-11 CYP:SVN 0
Node for team CYP already exists: Node[47]
Node for team SVN already exists: Node[83]
Created relationship CYP->SVN with date=2003-10-11 and goalDifference=0: Relationship[5028]
Created relationship SVN->CYP with date=2003-10-11 and goalDifference=0: Relationship[5029]
Processing entry 2515 of 4135
2003-10-11 DEU:ISL 3
Node for team DEU already exists: Node[17]
Node for team ISL already exists: Node[43]
Created relationship DEU->ISL with date=2003-10-11 and goalDifference=3: Relationship[5030]
Created relationship ISL->DEU with date=2003-10-11 and goalDifference=3: Relationship[5031]
Processing entry 2516 of 4135
2003-10-11 FRA:ISR 3
Node for team FRA already exists: Node[0]
Node for team ISR already exists: Node[48]
Created relationship FRA->ISR with date=2003-10-11 and goalDifference=3: Relationship[5032]
Created relationship ISR->FRA with date=2003-10-11 and goalDifference=3: Relationship[5033]
Processing entry 2517 of 4135
2003-10-11 GRC:NIR 1
Node for team GRC already exists: Node[34]
Node for team NIR already exists: Node[32]
Created relationship GRC->NIR with date=2003-10-11 and goalDifference=1: Relationship[5034]
Created relationship NIR->GRC with date=2003-10-11 and goalDifference=1: Relationship[5035]
Processing entry 2518 of 4135
2003-10-11 HRV:BGR 1
Node for team HRV already exists: Node[73]
Node for team BGR already exists: Node[36]
Created relationship HRV->BGR with date=2003-10-11 and goalDifference=1: Relationship[5036]
Created relationship BGR->HRV with date=2003-10-11 and goalDifference=1: Relationship[5037]
Processing entry 2519 of 4135
2003-10-11 HUN:POL -1
Node for team HUN already exists: Node[19]
Node for team POL already exists: Node[23]
Created relationship HUN->POL with date=2003-10-11 and goalDifference=-1: Relationship[5038]
Created relationship POL->HUN with date=2003-10-11 and goalDifference=-1: Relationship[5039]
Processing entry 2520 of 4135
2003-10-11 ITA:AZE 4
Node for team ITA already exists: Node[21]
Node for team AZE already exists: Node[81]
Created relationship ITA->AZE with date=2003-10-11 and goalDifference=4: Relationship[5040]
Created relationship AZE->ITA with date=2003-10-11 and goalDifference=4: Relationship[5041]
Processing entry 2521 of 4135
2003-10-11 LIE:SVK -2
Node for team LIE already exists: Node[69]
Node for team SVK already exists: Node[82]
Created relationship LIE->SVK with date=2003-10-11 and goalDifference=-2: Relationship[5042]
Created relationship SVK->LIE with date=2003-10-11 and goalDifference=-2: Relationship[5043]
Processing entry 2522 of 4135
2003-10-11 NLD:MDA 5
Node for team NLD already exists: Node[15]
Node for team MDA already exists: Node[77]
Created relationship NLD->MDA with date=2003-10-11 and goalDifference=5: Relationship[5044]
Created relationship MDA->NLD with date=2003-10-11 and goalDifference=5: Relationship[5045]
Processing entry 2523 of 4135
2003-10-11 NOR:LUX 1
Node for team NOR already exists: Node[26]
Node for team LUX already exists: Node[44]
Created relationship NOR->LUX with date=2003-10-11 and goalDifference=1: Relationship[5046]
Created relationship LUX->NOR with date=2003-10-11 and goalDifference=1: Relationship[5047]
Processing entry 2524 of 4135
2003-10-11 RUS:GEO 2
Node for team RUS already exists: Node[70]
Node for team GEO already exists: Node[76]
Created relationship RUS->GEO with date=2003-10-11 and goalDifference=2: Relationship[5048]
Created relationship GEO->RUS with date=2003-10-11 and goalDifference=2: Relationship[5049]
Processing entry 2525 of 4135
2003-10-11 SCO:LTU 1
Node for team SCO already exists: Node[28]
Node for team LTU already exists: Node[85]
Created relationship SCO->LTU with date=2003-10-11 and goalDifference=1: Relationship[5050]
Created relationship LTU->SCO with date=2003-10-11 and goalDifference=1: Relationship[5051]
Processing entry 2526 of 4135
2003-10-11 SWE:LVA -1
Node for team SWE already exists: Node[22]
Node for team LVA already exists: Node[78]
Created relationship SWE->LVA with date=2003-10-11 and goalDifference=-1: Relationship[5052]
Created relationship LVA->SWE with date=2003-10-11 and goalDifference=-1: Relationship[5053]
Processing entry 2527 of 4135
2003-10-11 TUR:ENG 0
Node for team TUR already exists: Node[29]
Node for team ENG already exists: Node[27]
Created relationship TUR->ENG with date=2003-10-11 and goalDifference=0: Relationship[5054]
Created relationship ENG->TUR with date=2003-10-11 and goalDifference=0: Relationship[5055]
Processing entry 2528 of 4135
2003-10-11 WAL:SCG -1
Node for team WAL already exists: Node[31]
Node for team SCG already exists: Node[102]
Created relationship WAL->SCG with date=2003-10-11 and goalDifference=-1: Relationship[5056]
Created relationship SCG->WAL with date=2003-10-11 and goalDifference=-1: Relationship[5057]
Processing entry 2529 of 4135
2003-11-15 ESP:NOR 1
Node for team ESP already exists: Node[18]
Node for team NOR already exists: Node[26]
Created relationship ESP->NOR with date=2003-11-15 and goalDifference=1: Relationship[5058]
Created relationship NOR->ESP with date=2003-11-15 and goalDifference=1: Relationship[5059]
Processing entry 2530 of 4135
2003-11-15 HRV:SVN 0
Node for team HRV already exists: Node[73]
Node for team SVN already exists: Node[83]
Created relationship HRV->SVN with date=2003-11-15 and goalDifference=0: Relationship[5060]
Created relationship SVN->HRV with date=2003-11-15 and goalDifference=0: Relationship[5061]
Processing entry 2531 of 4135
2003-11-15 LVA:TUR 1
Node for team LVA already exists: Node[78]
Node for team TUR already exists: Node[29]
Created relationship LVA->TUR with date=2003-11-15 and goalDifference=1: Relationship[5062]
Created relationship TUR->LVA with date=2003-11-15 and goalDifference=1: Relationship[5063]
Processing entry 2532 of 4135
2003-11-15 RUS:WAL 0
Node for team RUS already exists: Node[70]
Node for team WAL already exists: Node[31]
Created relationship RUS->WAL with date=2003-11-15 and goalDifference=0: Relationship[5064]
Created relationship WAL->RUS with date=2003-11-15 and goalDifference=0: Relationship[5065]
Processing entry 2533 of 4135
2003-11-15 SCO:NLD 1
Node for team SCO already exists: Node[28]
Node for team NLD already exists: Node[15]
Created relationship SCO->NLD with date=2003-11-15 and goalDifference=1: Relationship[5066]
Created relationship NLD->SCO with date=2003-11-15 and goalDifference=1: Relationship[5067]
Processing entry 2534 of 4135
2003-11-19 NLD:SCO 6
Node for team NLD already exists: Node[15]
Node for team SCO already exists: Node[28]
Created relationship NLD->SCO with date=2003-11-19 and goalDifference=6: Relationship[5068]
Created relationship SCO->NLD with date=2003-11-19 and goalDifference=6: Relationship[5069]
Processing entry 2535 of 4135
2003-11-19 NOR:ESP -3
Node for team NOR already exists: Node[26]
Node for team ESP already exists: Node[18]
Created relationship NOR->ESP with date=2003-11-19 and goalDifference=-3: Relationship[5070]
Created relationship ESP->NOR with date=2003-11-19 and goalDifference=-3: Relationship[5071]
Processing entry 2536 of 4135
2003-11-19 SVN:HRV -1
Node for team SVN already exists: Node[83]
Node for team HRV already exists: Node[73]
Created relationship SVN->HRV with date=2003-11-19 and goalDifference=-1: Relationship[5072]
Created relationship HRV->SVN with date=2003-11-19 and goalDifference=-1: Relationship[5073]
Processing entry 2537 of 4135
2003-11-19 TUR:LVA 0
Node for team TUR already exists: Node[29]
Node for team LVA already exists: Node[78]
Created relationship TUR->LVA with date=2003-11-19 and goalDifference=0: Relationship[5074]
Created relationship LVA->TUR with date=2003-11-19 and goalDifference=0: Relationship[5075]
Processing entry 2538 of 4135
2003-11-19 WAL:RUS -1
Node for team WAL already exists: Node[31]
Node for team RUS already exists: Node[70]
Created relationship WAL->RUS with date=2003-11-19 and goalDifference=-1: Relationship[5076]
Created relationship RUS->WAL with date=2003-11-19 and goalDifference=-1: Relationship[5077]
Processing entry 2539 of 4135
2003-12-10 JPN:KOR 0
Node for team JPN already exists: Node[86]
Node for team KOR already exists: Node[30]
Created relationship JPN->KOR with date=2003-12-10 and goalDifference=0: Relationship[5078]
Created relationship KOR->JPN with date=2003-12-10 and goalDifference=0: Relationship[5079]
Processing entry 2540 of 4135
2004-01-24 TUN:RWA 1
Node for team TUN already exists: Node[54]
Created new node for team RWA: Node[103]
Created relationship TUN->RWA with date=2004-01-24 and goalDifference=1: Relationship[5080]
Created relationship RWA->TUN with date=2004-01-24 and goalDifference=1: Relationship[5081]
Processing entry 2541 of 4135
2004-01-25 CMR:DZA 0
Node for team CMR already exists: Node[56]
Node for team DZA already exists: Node[58]
Created relationship CMR->DZA with date=2004-01-25 and goalDifference=0: Relationship[5082]
Created relationship DZA->CMR with date=2004-01-25 and goalDifference=0: Relationship[5083]
Processing entry 2542 of 4135
2004-01-25 COD:GIN -1
Node for team COD already exists: Node[51]
Created new node for team GIN: Node[104]
Created relationship COD->GIN with date=2004-01-25 and goalDifference=-1: Relationship[5084]
Created relationship GIN->COD with date=2004-01-25 and goalDifference=-1: Relationship[5085]
Processing entry 2543 of 4135
2004-01-25 ZWE:EGY -1
Created new node for team ZWE: Node[105]
Node for team EGY already exists: Node[20]
Created relationship ZWE->EGY with date=2004-01-25 and goalDifference=-1: Relationship[5086]
Created relationship EGY->ZWE with date=2004-01-25 and goalDifference=-1: Relationship[5087]
Processing entry 2544 of 4135
2004-01-26 KEN:MLI -2
Created new node for team KEN: Node[106]
Created new node for team MLI: Node[107]
Created relationship KEN->MLI with date=2004-01-26 and goalDifference=-2: Relationship[5088]
Created relationship MLI->KEN with date=2004-01-26 and goalDifference=-2: Relationship[5089]
Processing entry 2545 of 4135
2004-01-26 SEN:BFA 0
Node for team SEN already exists: Node[96]
Created new node for team BFA: Node[108]
Created relationship SEN->BFA with date=2004-01-26 and goalDifference=0: Relationship[5090]
Created relationship BFA->SEN with date=2004-01-26 and goalDifference=0: Relationship[5091]
Processing entry 2546 of 4135
2004-01-27 NGA:MAR -1
Node for team NGA already exists: Node[71]
Node for team MAR already exists: Node[50]
Created relationship NGA->MAR with date=2004-01-27 and goalDifference=-1: Relationship[5092]
Created relationship MAR->NGA with date=2004-01-27 and goalDifference=-1: Relationship[5093]
Processing entry 2547 of 4135
2004-01-27 ZAF:BEN 2
Node for team ZAF already exists: Node[89]
Created new node for team BEN: Node[109]
Created relationship ZAF->BEN with date=2004-01-27 and goalDifference=2: Relationship[5094]
Created relationship BEN->ZAF with date=2004-01-27 and goalDifference=2: Relationship[5095]
Processing entry 2548 of 4135
2004-01-28 RWA:GIN 0
Node for team RWA already exists: Node[103]
Node for team GIN already exists: Node[104]
Created relationship RWA->GIN with date=2004-01-28 and goalDifference=0: Relationship[5096]
Created relationship GIN->RWA with date=2004-01-28 and goalDifference=0: Relationship[5097]
Processing entry 2549 of 4135
2004-01-28 TUN:COD 3
Node for team TUN already exists: Node[54]
Node for team COD already exists: Node[51]
Created relationship TUN->COD with date=2004-01-28 and goalDifference=3: Relationship[5098]
Created relationship COD->TUN with date=2004-01-28 and goalDifference=3: Relationship[5099]
Processing entry 2550 of 4135
2004-01-29 CMR:ZWE 2
Node for team CMR already exists: Node[56]
Node for team ZWE already exists: Node[105]
Created relationship CMR->ZWE with date=2004-01-29 and goalDifference=2: Relationship[5100]
Created relationship ZWE->CMR with date=2004-01-29 and goalDifference=2: Relationship[5101]
Processing entry 2551 of 4135
2004-01-29 DZA:EGY 1
Node for team DZA already exists: Node[58]
Node for team EGY already exists: Node[20]
Created relationship DZA->EGY with date=2004-01-29 and goalDifference=1: Relationship[5102]
Created relationship EGY->DZA with date=2004-01-29 and goalDifference=1: Relationship[5103]
Processing entry 2552 of 4135
2004-01-30 BFA:MLI -2
Node for team BFA already exists: Node[108]
Node for team MLI already exists: Node[107]
Created relationship BFA->MLI with date=2004-01-30 and goalDifference=-2: Relationship[5104]
Created relationship MLI->BFA with date=2004-01-30 and goalDifference=-2: Relationship[5105]
Processing entry 2553 of 4135
2004-01-30 SEN:KEN 3
Node for team SEN already exists: Node[96]
Node for team KEN already exists: Node[106]
Created relationship SEN->KEN with date=2004-01-30 and goalDifference=3: Relationship[5106]
Created relationship KEN->SEN with date=2004-01-30 and goalDifference=3: Relationship[5107]
Processing entry 2554 of 4135
2004-01-31 MAR:BEN 4
Node for team MAR already exists: Node[50]
Node for team BEN already exists: Node[109]
Created relationship MAR->BEN with date=2004-01-31 and goalDifference=4: Relationship[5108]
Created relationship BEN->MAR with date=2004-01-31 and goalDifference=4: Relationship[5109]
Processing entry 2555 of 4135
2004-01-31 NGA:ZAF 4
Node for team NGA already exists: Node[71]
Node for team ZAF already exists: Node[89]
Created relationship NGA->ZAF with date=2004-01-31 and goalDifference=4: Relationship[5110]
Created relationship ZAF->NGA with date=2004-01-31 and goalDifference=4: Relationship[5111]
Processing entry 2556 of 4135
2004-02-01 RWA:COD 1
Node for team RWA already exists: Node[103]
Node for team COD already exists: Node[51]
Created relationship RWA->COD with date=2004-02-01 and goalDifference=1: Relationship[5112]
Created relationship COD->RWA with date=2004-02-01 and goalDifference=1: Relationship[5113]
Processing entry 2557 of 4135
2004-02-01 TUN:GIN 0
Node for team TUN already exists: Node[54]
Node for team GIN already exists: Node[104]
Created relationship TUN->GIN with date=2004-02-01 and goalDifference=0: Relationship[5114]
Created relationship GIN->TUN with date=2004-02-01 and goalDifference=0: Relationship[5115]
Processing entry 2558 of 4135
2004-02-02 BFA:KEN -3
Node for team BFA already exists: Node[108]
Node for team KEN already exists: Node[106]
Created relationship BFA->KEN with date=2004-02-02 and goalDifference=-3: Relationship[5116]
Created relationship KEN->BFA with date=2004-02-02 and goalDifference=-3: Relationship[5117]
Processing entry 2559 of 4135
2004-02-02 SEN:MLI 0
Node for team SEN already exists: Node[96]
Node for team MLI already exists: Node[107]
Created relationship SEN->MLI with date=2004-02-02 and goalDifference=0: Relationship[5118]
Created relationship MLI->SEN with date=2004-02-02 and goalDifference=0: Relationship[5119]
Processing entry 2560 of 4135
2004-02-03 CMR:EGY 0
Node for team CMR already exists: Node[56]
Node for team EGY already exists: Node[20]
Created relationship CMR->EGY with date=2004-02-03 and goalDifference=0: Relationship[5120]
Created relationship EGY->CMR with date=2004-02-03 and goalDifference=0: Relationship[5121]
Processing entry 2561 of 4135
2004-02-03 DZA:ZWE -1
Node for team DZA already exists: Node[58]
Node for team ZWE already exists: Node[105]
Created relationship DZA->ZWE with date=2004-02-03 and goalDifference=-1: Relationship[5122]
Created relationship ZWE->DZA with date=2004-02-03 and goalDifference=-1: Relationship[5123]
Processing entry 2562 of 4135
2004-02-04 MAR:ZAF 0
Node for team MAR already exists: Node[50]
Node for team ZAF already exists: Node[89]
Created relationship MAR->ZAF with date=2004-02-04 and goalDifference=0: Relationship[5124]
Created relationship ZAF->MAR with date=2004-02-04 and goalDifference=0: Relationship[5125]
Processing entry 2563 of 4135
2004-02-04 NGA:BEN 1
Node for team NGA already exists: Node[71]
Node for team BEN already exists: Node[109]
Created relationship NGA->BEN with date=2004-02-04 and goalDifference=1: Relationship[5126]
Created relationship BEN->NGA with date=2004-02-04 and goalDifference=1: Relationship[5127]
Processing entry 2564 of 4135
2004-02-07 MLI:GIN 1
Node for team MLI already exists: Node[107]
Node for team GIN already exists: Node[104]
Created relationship MLI->GIN with date=2004-02-07 and goalDifference=1: Relationship[5128]
Created relationship GIN->MLI with date=2004-02-07 and goalDifference=1: Relationship[5129]
Processing entry 2565 of 4135
2004-02-07 TUN:SEN 1
Node for team TUN already exists: Node[54]
Node for team SEN already exists: Node[96]
Created relationship TUN->SEN with date=2004-02-07 and goalDifference=1: Relationship[5130]
Created relationship SEN->TUN with date=2004-02-07 and goalDifference=1: Relationship[5131]
Processing entry 2566 of 4135
2004-02-08 CMR:NGA -1
Node for team CMR already exists: Node[56]
Node for team NGA already exists: Node[71]
Created relationship CMR->NGA with date=2004-02-08 and goalDifference=-1: Relationship[5132]
Created relationship NGA->CMR with date=2004-02-08 and goalDifference=-1: Relationship[5133]
Processing entry 2567 of 4135
2004-02-08 MAR:DZA 2
Node for team MAR already exists: Node[50]
Node for team DZA already exists: Node[58]
Created relationship MAR->DZA with date=2004-02-08 and goalDifference=2: Relationship[5134]
Created relationship DZA->MAR with date=2004-02-08 and goalDifference=2: Relationship[5135]
Processing entry 2568 of 4135
2004-02-11 MAR:MLI 4
Node for team MAR already exists: Node[50]
Node for team MLI already exists: Node[107]
Created relationship MAR->MLI with date=2004-02-11 and goalDifference=4: Relationship[5136]
Created relationship MLI->MAR with date=2004-02-11 and goalDifference=4: Relationship[5137]
Processing entry 2569 of 4135
2004-02-11 TUN:NGA 0
Node for team TUN already exists: Node[54]
Node for team NGA already exists: Node[71]
Created relationship TUN->NGA with date=2004-02-11 and goalDifference=0: Relationship[5138]
Created relationship NGA->TUN with date=2004-02-11 and goalDifference=0: Relationship[5139]
Processing entry 2570 of 4135
2004-02-13 NGA:MLI 1
Node for team NGA already exists: Node[71]
Node for team MLI already exists: Node[107]
Created relationship NGA->MLI with date=2004-02-13 and goalDifference=1: Relationship[5140]
Created relationship MLI->NGA with date=2004-02-13 and goalDifference=1: Relationship[5141]
Processing entry 2571 of 4135
2004-02-14 TUN:MAR 1
Node for team TUN already exists: Node[54]
Node for team MAR already exists: Node[50]
Created relationship TUN->MAR with date=2004-02-14 and goalDifference=1: Relationship[5142]
Created relationship MAR->TUN with date=2004-02-14 and goalDifference=1: Relationship[5143]
Processing entry 2572 of 4135
2004-06-12 ESP:RUS 1
Node for team ESP already exists: Node[18]
Node for team RUS already exists: Node[70]
Created relationship ESP->RUS with date=2004-06-12 and goalDifference=1: Relationship[5144]
Created relationship RUS->ESP with date=2004-06-12 and goalDifference=1: Relationship[5145]
Processing entry 2573 of 4135
2004-06-12 PRT:GRC -1
Node for team PRT already exists: Node[38]
Node for team GRC already exists: Node[34]
Created relationship PRT->GRC with date=2004-06-12 and goalDifference=-1: Relationship[5146]
Created relationship GRC->PRT with date=2004-06-12 and goalDifference=-1: Relationship[5147]
Processing entry 2574 of 4135
2004-06-13 CHE:HRV 0
Node for team CHE already exists: Node[14]
Node for team HRV already exists: Node[73]
Created relationship CHE->HRV with date=2004-06-13 and goalDifference=0: Relationship[5148]
Created relationship HRV->CHE with date=2004-06-13 and goalDifference=0: Relationship[5149]
Processing entry 2575 of 4135
2004-06-13 FRA:ENG 1
Node for team FRA already exists: Node[0]
Node for team ENG already exists: Node[27]
Created relationship FRA->ENG with date=2004-06-13 and goalDifference=1: Relationship[5150]
Created relationship ENG->FRA with date=2004-06-13 and goalDifference=1: Relationship[5151]
Processing entry 2576 of 4135
2004-06-14 DNK:ITA 0
Node for team DNK already exists: Node[39]
Node for team ITA already exists: Node[21]
Created relationship DNK->ITA with date=2004-06-14 and goalDifference=0: Relationship[5152]
Created relationship ITA->DNK with date=2004-06-14 and goalDifference=0: Relationship[5153]
Processing entry 2577 of 4135
2004-06-14 SWE:BGR 5
Node for team SWE already exists: Node[22]
Node for team BGR already exists: Node[36]
Created relationship SWE->BGR with date=2004-06-14 and goalDifference=5: Relationship[5154]
Created relationship BGR->SWE with date=2004-06-14 and goalDifference=5: Relationship[5155]
Processing entry 2578 of 4135
2004-06-15 CZE:LVA 1
Node for team CZE already exists: Node[74]
Node for team LVA already exists: Node[78]
Created relationship CZE->LVA with date=2004-06-15 and goalDifference=1: Relationship[5156]
Created relationship LVA->CZE with date=2004-06-15 and goalDifference=1: Relationship[5157]
Processing entry 2579 of 4135
2004-06-15 DEU:NLD 0
Node for team DEU already exists: Node[17]
Node for team NLD already exists: Node[15]
Created relationship DEU->NLD with date=2004-06-15 and goalDifference=0: Relationship[5158]
Created relationship NLD->DEU with date=2004-06-15 and goalDifference=0: Relationship[5159]
Processing entry 2580 of 4135
2004-06-16 GRC:ESP 0
Node for team GRC already exists: Node[34]
Node for team ESP already exists: Node[18]
Created relationship GRC->ESP with date=2004-06-16 and goalDifference=0: Relationship[5160]
Created relationship ESP->GRC with date=2004-06-16 and goalDifference=0: Relationship[5161]
Processing entry 2581 of 4135
2004-06-16 RUS:PRT -2
Node for team RUS already exists: Node[70]
Node for team PRT already exists: Node[38]
Created relationship RUS->PRT with date=2004-06-16 and goalDifference=-2: Relationship[5162]
Created relationship PRT->RUS with date=2004-06-16 and goalDifference=-2: Relationship[5163]
Processing entry 2582 of 4135
2004-06-17 ENG:CHE 3
Node for team ENG already exists: Node[27]
Node for team CHE already exists: Node[14]
Created relationship ENG->CHE with date=2004-06-17 and goalDifference=3: Relationship[5164]
Created relationship CHE->ENG with date=2004-06-17 and goalDifference=3: Relationship[5165]
Processing entry 2583 of 4135
2004-06-17 HRV:FRA 0
Node for team HRV already exists: Node[73]
Node for team FRA already exists: Node[0]
Created relationship HRV->FRA with date=2004-06-17 and goalDifference=0: Relationship[5166]
Created relationship FRA->HRV with date=2004-06-17 and goalDifference=0: Relationship[5167]
Processing entry 2584 of 4135
2004-06-18 BGR:DNK -2
Node for team BGR already exists: Node[36]
Node for team DNK already exists: Node[39]
Created relationship BGR->DNK with date=2004-06-18 and goalDifference=-2: Relationship[5168]
Created relationship DNK->BGR with date=2004-06-18 and goalDifference=-2: Relationship[5169]
Processing entry 2585 of 4135
2004-06-18 ITA:SWE 0
Node for team ITA already exists: Node[21]
Node for team SWE already exists: Node[22]
Created relationship ITA->SWE with date=2004-06-18 and goalDifference=0: Relationship[5170]
Created relationship SWE->ITA with date=2004-06-18 and goalDifference=0: Relationship[5171]
Processing entry 2586 of 4135
2004-06-19 LVA:DEU 0
Node for team LVA already exists: Node[78]
Node for team DEU already exists: Node[17]
Created relationship LVA->DEU with date=2004-06-19 and goalDifference=0: Relationship[5172]
Created relationship DEU->LVA with date=2004-06-19 and goalDifference=0: Relationship[5173]
Processing entry 2587 of 4135
2004-06-19 NLD:CZE -1
Node for team NLD already exists: Node[15]
Node for team CZE already exists: Node[74]
Created relationship NLD->CZE with date=2004-06-19 and goalDifference=-1: Relationship[5174]
Created relationship CZE->NLD with date=2004-06-19 and goalDifference=-1: Relationship[5175]
Processing entry 2588 of 4135
2004-06-20 ESP:PRT -1
Node for team ESP already exists: Node[18]
Node for team PRT already exists: Node[38]
Created relationship ESP->PRT with date=2004-06-20 and goalDifference=-1: Relationship[5176]
Created relationship PRT->ESP with date=2004-06-20 and goalDifference=-1: Relationship[5177]
Processing entry 2589 of 4135
2004-06-20 RUS:GRC 1
Node for team RUS already exists: Node[70]
Node for team GRC already exists: Node[34]
Created relationship RUS->GRC with date=2004-06-20 and goalDifference=1: Relationship[5178]
Created relationship GRC->RUS with date=2004-06-20 and goalDifference=1: Relationship[5179]
Processing entry 2590 of 4135
2004-06-21 CHE:FRA -2
Node for team CHE already exists: Node[14]
Node for team FRA already exists: Node[0]
Created relationship CHE->FRA with date=2004-06-21 and goalDifference=-2: Relationship[5180]
Created relationship FRA->CHE with date=2004-06-21 and goalDifference=-2: Relationship[5181]
Processing entry 2591 of 4135
2004-06-21 HRV:ENG -2
Node for team HRV already exists: Node[73]
Node for team ENG already exists: Node[27]
Created relationship HRV->ENG with date=2004-06-21 and goalDifference=-2: Relationship[5182]
Created relationship ENG->HRV with date=2004-06-21 and goalDifference=-2: Relationship[5183]
Processing entry 2592 of 4135
2004-06-22 DNK:SWE 0
Node for team DNK already exists: Node[39]
Node for team SWE already exists: Node[22]
Created relationship DNK->SWE with date=2004-06-22 and goalDifference=0: Relationship[5184]
Created relationship SWE->DNK with date=2004-06-22 and goalDifference=0: Relationship[5185]
Processing entry 2593 of 4135
2004-06-22 ITA:BGR 1
Node for team ITA already exists: Node[21]
Node for team BGR already exists: Node[36]
Created relationship ITA->BGR with date=2004-06-22 and goalDifference=1: Relationship[5186]
Created relationship BGR->ITA with date=2004-06-22 and goalDifference=1: Relationship[5187]
Processing entry 2594 of 4135
2004-06-23 DEU:CZE -1
Node for team DEU already exists: Node[17]
Node for team CZE already exists: Node[74]
Created relationship DEU->CZE with date=2004-06-23 and goalDifference=-1: Relationship[5188]
Created relationship CZE->DEU with date=2004-06-23 and goalDifference=-1: Relationship[5189]
Processing entry 2595 of 4135
2004-06-23 NLD:LVA 3
Node for team NLD already exists: Node[15]
Node for team LVA already exists: Node[78]
Created relationship NLD->LVA with date=2004-06-23 and goalDifference=3: Relationship[5190]
Created relationship LVA->NLD with date=2004-06-23 and goalDifference=3: Relationship[5191]
Processing entry 2596 of 4135
2004-06-24 PRT:ENG 0
Node for team PRT already exists: Node[38]
Node for team ENG already exists: Node[27]
Created relationship PRT->ENG with date=2004-06-24 and goalDifference=0: Relationship[5192]
Created relationship ENG->PRT with date=2004-06-24 and goalDifference=0: Relationship[5193]
Processing entry 2597 of 4135
2004-06-25 FRA:GRC -1
Node for team FRA already exists: Node[0]
Node for team GRC already exists: Node[34]
Created relationship FRA->GRC with date=2004-06-25 and goalDifference=-1: Relationship[5194]
Created relationship GRC->FRA with date=2004-06-25 and goalDifference=-1: Relationship[5195]
Processing entry 2598 of 4135
2004-06-26 SWE:NLD 0
Node for team SWE already exists: Node[22]
Node for team NLD already exists: Node[15]
Created relationship SWE->NLD with date=2004-06-26 and goalDifference=0: Relationship[5196]
Created relationship NLD->SWE with date=2004-06-26 and goalDifference=0: Relationship[5197]
Processing entry 2599 of 4135
2004-06-27 CZE:DNK 3
Node for team CZE already exists: Node[74]
Node for team DNK already exists: Node[39]
Created relationship CZE->DNK with date=2004-06-27 and goalDifference=3: Relationship[5198]
Created relationship DNK->CZE with date=2004-06-27 and goalDifference=3: Relationship[5199]
Processing entry 2600 of 4135
2004-06-30 PRT:NLD 1
Node for team PRT already exists: Node[38]
Node for team NLD already exists: Node[15]
Created relationship PRT->NLD with date=2004-06-30 and goalDifference=1: Relationship[5200]
Created relationship NLD->PRT with date=2004-06-30 and goalDifference=1: Relationship[5201]
Processing entry 2601 of 4135
2004-07-01 GRC:CZE 1
Node for team GRC already exists: Node[34]
Node for team CZE already exists: Node[74]
Created relationship GRC->CZE with date=2004-07-01 and goalDifference=1: Relationship[5202]
Created relationship CZE->GRC with date=2004-07-01 and goalDifference=1: Relationship[5203]
Processing entry 2602 of 4135
2004-07-04 PRT:GRC -1
Node for team PRT already exists: Node[38]
Node for team GRC already exists: Node[34]
Created relationship PRT->GRC with date=2004-07-04 and goalDifference=-1: Relationship[5204]
Created relationship GRC->PRT with date=2004-07-04 and goalDifference=-1: Relationship[5205]
Processing entry 2603 of 4135
2004-07-06 PER:BOL 0
Node for team PER already exists: Node[5]
Node for team BOL already exists: Node[11]
Created relationship PER->BOL with date=2004-07-06 and goalDifference=0: Relationship[5206]
Created relationship BOL->PER with date=2004-07-06 and goalDifference=0: Relationship[5207]
Processing entry 2604 of 4135
2004-07-06 VEN:COL -1
Created new node for team VEN: Node[110]
Node for team COL already exists: Node[40]
Created relationship VEN->COL with date=2004-07-06 and goalDifference=-1: Relationship[5208]
Created relationship COL->VEN with date=2004-07-06 and goalDifference=-1: Relationship[5209]
Processing entry 2605 of 4135
2004-07-07 ARG:ECU 5
Node for team ARG already exists: Node[8]
Node for team ECU already exists: Node[98]
Created relationship ARG->ECU with date=2004-07-07 and goalDifference=5: Relationship[5210]
Created relationship ECU->ARG with date=2004-07-07 and goalDifference=5: Relationship[5211]
Processing entry 2606 of 4135
2004-07-07 MEX:URY 0
Node for team MEX already exists: Node[1]
Node for team URY already exists: Node[12]
Created relationship MEX->URY with date=2004-07-07 and goalDifference=0: Relationship[5212]
Created relationship URY->MEX with date=2004-07-07 and goalDifference=0: Relationship[5213]
Processing entry 2607 of 4135
2004-07-08 BRA:CHL 1
Node for team BRA already exists: Node[7]
Node for team CHL already exists: Node[9]
Created relationship BRA->CHL with date=2004-07-08 and goalDifference=1: Relationship[5214]
Created relationship CHL->BRA with date=2004-07-08 and goalDifference=1: Relationship[5215]
Processing entry 2608 of 4135
2004-07-08 CRI:PRY -1
Node for team CRI already exists: Node[64]
Node for team PRY already exists: Node[10]
Created relationship CRI->PRY with date=2004-07-08 and goalDifference=-1: Relationship[5216]
Created relationship PRY->CRI with date=2004-07-08 and goalDifference=-1: Relationship[5217]
Processing entry 2609 of 4135
2004-07-09 COL:BOL 1
Node for team COL already exists: Node[40]
Node for team BOL already exists: Node[11]
Created relationship COL->BOL with date=2004-07-09 and goalDifference=1: Relationship[5218]
Created relationship BOL->COL with date=2004-07-09 and goalDifference=1: Relationship[5219]
Processing entry 2610 of 4135
2004-07-09 PER:VEN 2
Node for team PER already exists: Node[5]
Node for team VEN already exists: Node[110]
Created relationship PER->VEN with date=2004-07-09 and goalDifference=2: Relationship[5220]
Created relationship VEN->PER with date=2004-07-09 and goalDifference=2: Relationship[5221]
Processing entry 2611 of 4135
2004-07-10 ARG:MEX -1
Node for team ARG already exists: Node[8]
Node for team MEX already exists: Node[1]
Created relationship ARG->MEX with date=2004-07-10 and goalDifference=-1: Relationship[5222]
Created relationship MEX->ARG with date=2004-07-10 and goalDifference=-1: Relationship[5223]
Processing entry 2612 of 4135
2004-07-10 URY:ECU 1
Node for team URY already exists: Node[12]
Node for team ECU already exists: Node[98]
Created relationship URY->ECU with date=2004-07-10 and goalDifference=1: Relationship[5224]
Created relationship ECU->URY with date=2004-07-10 and goalDifference=1: Relationship[5225]
Processing entry 2613 of 4135
2004-07-11 BRA:CRI 3
Node for team BRA already exists: Node[7]
Node for team CRI already exists: Node[64]
Created relationship BRA->CRI with date=2004-07-11 and goalDifference=3: Relationship[5226]
Created relationship CRI->BRA with date=2004-07-11 and goalDifference=3: Relationship[5227]
Processing entry 2614 of 4135
2004-07-11 PRY:CHL 0
Node for team PRY already exists: Node[10]
Node for team CHL already exists: Node[9]
Created relationship PRY->CHL with date=2004-07-11 and goalDifference=0: Relationship[5228]
Created relationship CHL->PRY with date=2004-07-11 and goalDifference=0: Relationship[5229]
Processing entry 2615 of 4135
2004-07-12 PER:COL 0
Node for team PER already exists: Node[5]
Node for team COL already exists: Node[40]
Created relationship PER->COL with date=2004-07-12 and goalDifference=0: Relationship[5230]
Created relationship COL->PER with date=2004-07-12 and goalDifference=0: Relationship[5231]
Processing entry 2616 of 4135
2004-07-12 VEN:BOL 0
Node for team VEN already exists: Node[110]
Node for team BOL already exists: Node[11]
Created relationship VEN->BOL with date=2004-07-12 and goalDifference=0: Relationship[5232]
Created relationship BOL->VEN with date=2004-07-12 and goalDifference=0: Relationship[5233]
Processing entry 2617 of 4135
2004-07-13 ARG:URY 2
Node for team ARG already exists: Node[8]
Node for team URY already exists: Node[12]
Created relationship ARG->URY with date=2004-07-13 and goalDifference=2: Relationship[5234]
Created relationship URY->ARG with date=2004-07-13 and goalDifference=2: Relationship[5235]
Processing entry 2618 of 4135
2004-07-13 MEX:ECU 1
Node for team MEX already exists: Node[1]
Node for team ECU already exists: Node[98]
Created relationship MEX->ECU with date=2004-07-13 and goalDifference=1: Relationship[5236]
Created relationship ECU->MEX with date=2004-07-13 and goalDifference=1: Relationship[5237]
Processing entry 2619 of 4135
2004-07-14 BRA:PRY -1
Node for team BRA already exists: Node[7]
Node for team PRY already exists: Node[10]
Created relationship BRA->PRY with date=2004-07-14 and goalDifference=-1: Relationship[5238]
Created relationship PRY->BRA with date=2004-07-14 and goalDifference=-1: Relationship[5239]
Processing entry 2620 of 4135
2004-07-14 CRI:CHL 1
Node for team CRI already exists: Node[64]
Node for team CHL already exists: Node[9]
Created relationship CRI->CHL with date=2004-07-14 and goalDifference=1: Relationship[5240]
Created relationship CHL->CRI with date=2004-07-14 and goalDifference=1: Relationship[5241]
Processing entry 2621 of 4135
2004-07-17 COL:CRI 2
Node for team COL already exists: Node[40]
Node for team CRI already exists: Node[64]
Created relationship COL->CRI with date=2004-07-17 and goalDifference=2: Relationship[5242]
Created relationship CRI->COL with date=2004-07-17 and goalDifference=2: Relationship[5243]
Processing entry 2622 of 4135
2004-07-17 PER:ARG -1
Node for team PER already exists: Node[5]
Node for team ARG already exists: Node[8]
Created relationship PER->ARG with date=2004-07-17 and goalDifference=-1: Relationship[5244]
Created relationship ARG->PER with date=2004-07-17 and goalDifference=-1: Relationship[5245]
Processing entry 2623 of 4135
2004-07-18 MEX:BRA -4
Node for team MEX already exists: Node[1]
Node for team BRA already exists: Node[7]
Created relationship MEX->BRA with date=2004-07-18 and goalDifference=-4: Relationship[5246]
Created relationship BRA->MEX with date=2004-07-18 and goalDifference=-4: Relationship[5247]
Processing entry 2624 of 4135
2004-07-18 PRY:URY -2
Node for team PRY already exists: Node[10]
Node for team URY already exists: Node[12]
Created relationship PRY->URY with date=2004-07-18 and goalDifference=-2: Relationship[5248]
Created relationship URY->PRY with date=2004-07-18 and goalDifference=-2: Relationship[5249]
Processing entry 2625 of 4135
2004-07-20 ARG:COL 3
Node for team ARG already exists: Node[8]
Node for team COL already exists: Node[40]
Created relationship ARG->COL with date=2004-07-20 and goalDifference=3: Relationship[5250]
Created relationship COL->ARG with date=2004-07-20 and goalDifference=3: Relationship[5251]
Processing entry 2626 of 4135
2004-07-21 URY:BRA 0
Node for team URY already exists: Node[12]
Node for team BRA already exists: Node[7]
Created relationship URY->BRA with date=2004-07-21 and goalDifference=0: Relationship[5252]
Created relationship BRA->URY with date=2004-07-21 and goalDifference=0: Relationship[5253]
Processing entry 2627 of 4135
2004-07-24 COL:URY -1
Node for team COL already exists: Node[40]
Node for team URY already exists: Node[12]
Created relationship COL->URY with date=2004-07-24 and goalDifference=-1: Relationship[5254]
Created relationship URY->COL with date=2004-07-24 and goalDifference=-1: Relationship[5255]
Processing entry 2628 of 4135
2004-07-25 ARG:BRA 0
Node for team ARG already exists: Node[8]
Node for team BRA already exists: Node[7]
Created relationship ARG->BRA with date=2004-07-25 and goalDifference=0: Relationship[5256]
Created relationship BRA->ARG with date=2004-07-25 and goalDifference=0: Relationship[5257]
Processing entry 2629 of 4135
2004-08-07 CHN:JPN -2
Node for team CHN already exists: Node[99]
Node for team JPN already exists: Node[86]
Created relationship CHN->JPN with date=2004-08-07 and goalDifference=-2: Relationship[5258]
Created relationship JPN->CHN with date=2004-08-07 and goalDifference=-2: Relationship[5259]
Processing entry 2630 of 4135
2005-02-23 PAN:CRI -1
Created new node for team PAN: Node[111]
Node for team CRI already exists: Node[64]
Created relationship PAN->CRI with date=2005-02-23 and goalDifference=-1: Relationship[5260]
Created relationship CRI->PAN with date=2005-02-23 and goalDifference=-1: Relationship[5261]
Processing entry 2631 of 4135
2005-02-27 HND:CRI -1
Node for team HND already exists: Node[59]
Node for team CRI already exists: Node[64]
Created relationship HND->CRI with date=2005-02-27 and goalDifference=-1: Relationship[5262]
Created relationship CRI->HND with date=2005-02-27 and goalDifference=-1: Relationship[5263]
Processing entry 2632 of 4135
2005-07-07 CAN:CRI -1
Node for team CAN already exists: Node[61]
Node for team CRI already exists: Node[64]
Created relationship CAN->CRI with date=2005-07-07 and goalDifference=-1: Relationship[5264]
Created relationship CRI->CAN with date=2005-07-07 and goalDifference=-1: Relationship[5265]
Processing entry 2633 of 4135
2005-07-12 USA:CRI 0
Node for team USA already exists: Node[2]
Node for team CRI already exists: Node[64]
Created relationship USA->CRI with date=2005-07-12 and goalDifference=0: Relationship[5266]
Created relationship CRI->USA with date=2005-07-12 and goalDifference=0: Relationship[5267]
Processing entry 2634 of 4135
2005-07-24 USA:PAN 2
Node for team USA already exists: Node[2]
Node for team PAN already exists: Node[111]
Created relationship USA->PAN with date=2005-07-24 and goalDifference=2: Relationship[5268]
Created relationship PAN->USA with date=2005-07-24 and goalDifference=2: Relationship[5269]
Processing entry 2635 of 4135
2005-08-07 KOR:JPN -1
Node for team KOR already exists: Node[30]
Node for team JPN already exists: Node[86]
Created relationship KOR->JPN with date=2005-08-07 and goalDifference=-1: Relationship[5270]
Created relationship JPN->KOR with date=2005-08-07 and goalDifference=-1: Relationship[5271]
Processing entry 2636 of 4135
2006-01-20 EGY:LBY 3
Node for team EGY already exists: Node[20]
Created new node for team LBY: Node[112]
Created relationship EGY->LBY with date=2006-01-20 and goalDifference=3: Relationship[5272]
Created relationship LBY->EGY with date=2006-01-20 and goalDifference=3: Relationship[5273]
Processing entry 2637 of 4135
2006-01-21 CMR:AGO 2
Node for team CMR already exists: Node[56]
Created new node for team AGO: Node[113]
Created relationship CMR->AGO with date=2006-01-21 and goalDifference=2: Relationship[5274]
Created relationship AGO->CMR with date=2006-01-21 and goalDifference=2: Relationship[5275]
Processing entry 2638 of 4135
2006-01-21 MAR:CIV -1
Node for team MAR already exists: Node[50]
Created new node for team CIV: Node[114]
Created relationship MAR->CIV with date=2006-01-21 and goalDifference=-1: Relationship[5276]
Created relationship CIV->MAR with date=2006-01-21 and goalDifference=-1: Relationship[5277]
Processing entry 2639 of 4135
2006-01-21 TGO:COD -2
Created new node for team TGO: Node[115]
Node for team COD already exists: Node[51]
Created relationship TGO->COD with date=2006-01-21 and goalDifference=-2: Relationship[5278]
Created relationship COD->TGO with date=2006-01-21 and goalDifference=-2: Relationship[5279]
Processing entry 2640 of 4135
2006-01-22 TUN:ZMB 3
Node for team TUN already exists: Node[54]
Node for team ZMB already exists: Node[97]
Created relationship TUN->ZMB with date=2006-01-22 and goalDifference=3: Relationship[5280]
Created relationship ZMB->TUN with date=2006-01-22 and goalDifference=3: Relationship[5281]
Processing entry 2641 of 4135
2006-01-22 ZAF:GIN -2
Node for team ZAF already exists: Node[89]
Node for team GIN already exists: Node[104]
Created relationship ZAF->GIN with date=2006-01-22 and goalDifference=-2: Relationship[5282]
Created relationship GIN->ZAF with date=2006-01-22 and goalDifference=-2: Relationship[5283]
Processing entry 2642 of 4135
2006-01-23 NGA:GHA 1
Node for team NGA already exists: Node[71]
Created new node for team GHA: Node[116]
Created relationship NGA->GHA with date=2006-01-23 and goalDifference=1: Relationship[5284]
Created relationship GHA->NGA with date=2006-01-23 and goalDifference=1: Relationship[5285]
Processing entry 2643 of 4135
2006-01-23 ZWE:SEN -2
Node for team ZWE already exists: Node[105]
Node for team SEN already exists: Node[96]
Created relationship ZWE->SEN with date=2006-01-23 and goalDifference=-2: Relationship[5286]
Created relationship SEN->ZWE with date=2006-01-23 and goalDifference=-2: Relationship[5287]
Processing entry 2644 of 4135
2006-01-24 EGY:MAR 0
Node for team EGY already exists: Node[20]
Node for team MAR already exists: Node[50]
Created relationship EGY->MAR with date=2006-01-24 and goalDifference=0: Relationship[5288]
Created relationship MAR->EGY with date=2006-01-24 and goalDifference=0: Relationship[5289]
Processing entry 2645 of 4135
2006-01-24 LBY:CIV -1
Node for team LBY already exists: Node[112]
Node for team CIV already exists: Node[114]
Created relationship LBY->CIV with date=2006-01-24 and goalDifference=-1: Relationship[5290]
Created relationship CIV->LBY with date=2006-01-24 and goalDifference=-1: Relationship[5291]
Processing entry 2646 of 4135
2006-01-25 AGO:COD 0
Node for team AGO already exists: Node[113]
Node for team COD already exists: Node[51]
Created relationship AGO->COD with date=2006-01-25 and goalDifference=0: Relationship[5292]
Created relationship COD->AGO with date=2006-01-25 and goalDifference=0: Relationship[5293]
Processing entry 2647 of 4135
2006-01-25 CMR:TGO 2
Node for team CMR already exists: Node[56]
Node for team TGO already exists: Node[115]
Created relationship CMR->TGO with date=2006-01-25 and goalDifference=2: Relationship[5294]
Created relationship TGO->CMR with date=2006-01-25 and goalDifference=2: Relationship[5295]
Processing entry 2648 of 4135
2006-01-26 TUN:ZAF 2
Node for team TUN already exists: Node[54]
Node for team ZAF already exists: Node[89]
Created relationship TUN->ZAF with date=2006-01-26 and goalDifference=2: Relationship[5296]
Created relationship ZAF->TUN with date=2006-01-26 and goalDifference=2: Relationship[5297]
Processing entry 2649 of 4135
2006-01-26 ZMB:GIN -1
Node for team ZMB already exists: Node[97]
Node for team GIN already exists: Node[104]
Created relationship ZMB->GIN with date=2006-01-26 and goalDifference=-1: Relationship[5298]
Created relationship GIN->ZMB with date=2006-01-26 and goalDifference=-1: Relationship[5299]
Processing entry 2650 of 4135
2006-01-27 GHA:SEN 1
Node for team GHA already exists: Node[116]
Node for team SEN already exists: Node[96]
Created relationship GHA->SEN with date=2006-01-27 and goalDifference=1: Relationship[5300]
Created relationship SEN->GHA with date=2006-01-27 and goalDifference=1: Relationship[5301]
Processing entry 2651 of 4135
2006-01-27 NGA:ZWE 2
Node for team NGA already exists: Node[71]
Node for team ZWE already exists: Node[105]
Created relationship NGA->ZWE with date=2006-01-27 and goalDifference=2: Relationship[5302]
Created relationship ZWE->NGA with date=2006-01-27 and goalDifference=2: Relationship[5303]
Processing entry 2652 of 4135
2006-01-28 EGY:CIV 2
Node for team EGY already exists: Node[20]
Node for team CIV already exists: Node[114]
Created relationship EGY->CIV with date=2006-01-28 and goalDifference=2: Relationship[5304]
Created relationship CIV->EGY with date=2006-01-28 and goalDifference=2: Relationship[5305]
Processing entry 2653 of 4135
2006-01-28 LBY:MAR 0
Node for team LBY already exists: Node[112]
Node for team MAR already exists: Node[50]
Created relationship LBY->MAR with date=2006-01-28 and goalDifference=0: Relationship[5306]
Created relationship MAR->LBY with date=2006-01-28 and goalDifference=0: Relationship[5307]
Processing entry 2654 of 4135
2006-01-29 AGO:TGO 1
Node for team AGO already exists: Node[113]
Node for team TGO already exists: Node[115]
Created relationship AGO->TGO with date=2006-01-29 and goalDifference=1: Relationship[5308]
Created relationship TGO->AGO with date=2006-01-29 and goalDifference=1: Relationship[5309]
Processing entry 2655 of 4135
2006-01-29 CMR:COD 2
Node for team CMR already exists: Node[56]
Node for team COD already exists: Node[51]
Created relationship CMR->COD with date=2006-01-29 and goalDifference=2: Relationship[5310]
Created relationship COD->CMR with date=2006-01-29 and goalDifference=2: Relationship[5311]
Processing entry 2656 of 4135
2006-01-30 TUN:GIN -3
Node for team TUN already exists: Node[54]
Node for team GIN already exists: Node[104]
Created relationship TUN->GIN with date=2006-01-30 and goalDifference=-3: Relationship[5312]
Created relationship GIN->TUN with date=2006-01-30 and goalDifference=-3: Relationship[5313]
Processing entry 2657 of 4135
2006-01-30 ZMB:ZAF 1
Node for team ZMB already exists: Node[97]
Node for team ZAF already exists: Node[89]
Created relationship ZMB->ZAF with date=2006-01-30 and goalDifference=1: Relationship[5314]
Created relationship ZAF->ZMB with date=2006-01-30 and goalDifference=1: Relationship[5315]
Processing entry 2658 of 4135
2006-01-31 GHA:ZWE -1
Node for team GHA already exists: Node[116]
Node for team ZWE already exists: Node[105]
Created relationship GHA->ZWE with date=2006-01-31 and goalDifference=-1: Relationship[5316]
Created relationship ZWE->GHA with date=2006-01-31 and goalDifference=-1: Relationship[5317]
Processing entry 2659 of 4135
2006-01-31 NGA:SEN 1
Node for team NGA already exists: Node[71]
Node for team SEN already exists: Node[96]
Created relationship NGA->SEN with date=2006-01-31 and goalDifference=1: Relationship[5318]
Created relationship SEN->NGA with date=2006-01-31 and goalDifference=1: Relationship[5319]
Processing entry 2660 of 4135
2006-02-03 EGY:COD 3
Node for team EGY already exists: Node[20]
Node for team COD already exists: Node[51]
Created relationship EGY->COD with date=2006-02-03 and goalDifference=3: Relationship[5320]
Created relationship COD->EGY with date=2006-02-03 and goalDifference=3: Relationship[5321]
Processing entry 2661 of 4135
2006-02-03 GIN:SEN -1
Node for team GIN already exists: Node[104]
Node for team SEN already exists: Node[96]
Created relationship GIN->SEN with date=2006-02-03 and goalDifference=-1: Relationship[5322]
Created relationship SEN->GIN with date=2006-02-03 and goalDifference=-1: Relationship[5323]
Processing entry 2662 of 4135
2006-02-04 CMR:CIV 0
Node for team CMR already exists: Node[56]
Node for team CIV already exists: Node[114]
Created relationship CMR->CIV with date=2006-02-04 and goalDifference=0: Relationship[5324]
Created relationship CIV->CMR with date=2006-02-04 and goalDifference=0: Relationship[5325]
Processing entry 2663 of 4135
2006-02-04 NGA:TUN 0
Node for team NGA already exists: Node[71]
Node for team TUN already exists: Node[54]
Created relationship NGA->TUN with date=2006-02-04 and goalDifference=0: Relationship[5326]
Created relationship TUN->NGA with date=2006-02-04 and goalDifference=0: Relationship[5327]
Processing entry 2664 of 4135
2006-02-07 EGY:SEN 1
Node for team EGY already exists: Node[20]
Node for team SEN already exists: Node[96]
Created relationship EGY->SEN with date=2006-02-07 and goalDifference=1: Relationship[5328]
Created relationship SEN->EGY with date=2006-02-07 and goalDifference=1: Relationship[5329]
Processing entry 2665 of 4135
2006-02-07 NGA:CIV -1
Node for team NGA already exists: Node[71]
Node for team CIV already exists: Node[114]
Created relationship NGA->CIV with date=2006-02-07 and goalDifference=-1: Relationship[5330]
Created relationship CIV->NGA with date=2006-02-07 and goalDifference=-1: Relationship[5331]
Processing entry 2666 of 4135
2006-02-09 SEN:NGA -1
Node for team SEN already exists: Node[96]
Node for team NGA already exists: Node[71]
Created relationship SEN->NGA with date=2006-02-09 and goalDifference=-1: Relationship[5332]
Created relationship NGA->SEN with date=2006-02-09 and goalDifference=-1: Relationship[5333]
Processing entry 2667 of 4135
2006-02-10 EGY:CIV 0
Node for team EGY already exists: Node[20]
Node for team CIV already exists: Node[114]
Created relationship EGY->CIV with date=2006-02-10 and goalDifference=0: Relationship[5334]
Created relationship CIV->EGY with date=2006-02-10 and goalDifference=0: Relationship[5335]
Processing entry 2668 of 4135
2006-06-09 DEU:CRI 2
Node for team DEU already exists: Node[17]
Node for team CRI already exists: Node[64]
Created relationship DEU->CRI with date=2006-06-09 and goalDifference=2: Relationship[5336]
Created relationship CRI->DEU with date=2006-06-09 and goalDifference=2: Relationship[5337]
Processing entry 2669 of 4135
2006-06-09 POL:ECU -2
Node for team POL already exists: Node[23]
Node for team ECU already exists: Node[98]
Created relationship POL->ECU with date=2006-06-09 and goalDifference=-2: Relationship[5338]
Created relationship ECU->POL with date=2006-06-09 and goalDifference=-2: Relationship[5339]
Processing entry 2670 of 4135
2006-06-10 ARG:CIV 1
Node for team ARG already exists: Node[8]
Node for team CIV already exists: Node[114]
Created relationship ARG->CIV with date=2006-06-10 and goalDifference=1: Relationship[5340]
Created relationship CIV->ARG with date=2006-06-10 and goalDifference=1: Relationship[5341]
Processing entry 2671 of 4135
2006-06-10 ENG:PRY 1
Node for team ENG already exists: Node[27]
Node for team PRY already exists: Node[10]
Created relationship ENG->PRY with date=2006-06-10 and goalDifference=1: Relationship[5342]
Created relationship PRY->ENG with date=2006-06-10 and goalDifference=1: Relationship[5343]
Processing entry 2672 of 4135
2006-06-10 TTO:SWE 0
Created new node for team TTO: Node[117]
Node for team SWE already exists: Node[22]
Created relationship TTO->SWE with date=2006-06-10 and goalDifference=0: Relationship[5344]
Created relationship SWE->TTO with date=2006-06-10 and goalDifference=0: Relationship[5345]
Processing entry 2673 of 4135
2006-06-11 AGO:PRT -1
Node for team AGO already exists: Node[113]
Node for team PRT already exists: Node[38]
Created relationship AGO->PRT with date=2006-06-11 and goalDifference=-1: Relationship[5346]
Created relationship PRT->AGO with date=2006-06-11 and goalDifference=-1: Relationship[5347]
Processing entry 2674 of 4135
2006-06-11 MEX:IRN 2
Node for team MEX already exists: Node[1]
Node for team IRN already exists: Node[55]
Created relationship MEX->IRN with date=2006-06-11 and goalDifference=2: Relationship[5348]
Created relationship IRN->MEX with date=2006-06-11 and goalDifference=2: Relationship[5349]
Processing entry 2675 of 4135
2006-06-11 SCG:NLD -1
Node for team SCG already exists: Node[102]
Node for team NLD already exists: Node[15]
Created relationship SCG->NLD with date=2006-06-11 and goalDifference=-1: Relationship[5350]
Created relationship NLD->SCG with date=2006-06-11 and goalDifference=-1: Relationship[5351]
Processing entry 2676 of 4135
2006-06-12 AUS:JPN 2
Node for team AUS already exists: Node[52]
Node for team JPN already exists: Node[86]
Created relationship AUS->JPN with date=2006-06-12 and goalDifference=2: Relationship[5352]
Created relationship JPN->AUS with date=2006-06-12 and goalDifference=2: Relationship[5353]
Processing entry 2677 of 4135
2006-06-12 ITA:GHA 2
Node for team ITA already exists: Node[21]
Node for team GHA already exists: Node[116]
Created relationship ITA->GHA with date=2006-06-12 and goalDifference=2: Relationship[5354]
Created relationship GHA->ITA with date=2006-06-12 and goalDifference=2: Relationship[5355]
Processing entry 2678 of 4135
2006-06-12 USA:CZE -3
Node for team USA already exists: Node[2]
Node for team CZE already exists: Node[74]
Created relationship USA->CZE with date=2006-06-12 and goalDifference=-3: Relationship[5356]
Created relationship CZE->USA with date=2006-06-12 and goalDifference=-3: Relationship[5357]
Processing entry 2679 of 4135
2006-06-13 BRA:HRV 1
Node for team BRA already exists: Node[7]
Node for team HRV already exists: Node[73]
Created relationship BRA->HRV with date=2006-06-13 and goalDifference=1: Relationship[5358]
Created relationship HRV->BRA with date=2006-06-13 and goalDifference=1: Relationship[5359]
Processing entry 2680 of 4135
2006-06-13 FRA:CHE 0
Node for team FRA already exists: Node[0]
Node for team CHE already exists: Node[14]
Created relationship FRA->CHE with date=2006-06-13 and goalDifference=0: Relationship[5360]
Created relationship CHE->FRA with date=2006-06-13 and goalDifference=0: Relationship[5361]
Processing entry 2681 of 4135
2006-06-13 KOR:TGO 1
Node for team KOR already exists: Node[30]
Node for team TGO already exists: Node[115]
Created relationship KOR->TGO with date=2006-06-13 and goalDifference=1: Relationship[5362]
Created relationship TGO->KOR with date=2006-06-13 and goalDifference=1: Relationship[5363]
Processing entry 2682 of 4135
2006-06-14 DEU:POL 1
Node for team DEU already exists: Node[17]
Node for team POL already exists: Node[23]
Created relationship DEU->POL with date=2006-06-14 and goalDifference=1: Relationship[5364]
Created relationship POL->DEU with date=2006-06-14 and goalDifference=1: Relationship[5365]
Processing entry 2683 of 4135
2006-06-14 ESP:UKR 4
Node for team ESP already exists: Node[18]
Node for team UKR already exists: Node[84]
Created relationship ESP->UKR with date=2006-06-14 and goalDifference=4: Relationship[5366]
Created relationship UKR->ESP with date=2006-06-14 and goalDifference=4: Relationship[5367]
Processing entry 2684 of 4135
2006-06-14 TUN:SAU 0
Node for team TUN already exists: Node[54]
Node for team SAU already exists: Node[68]
Created relationship TUN->SAU with date=2006-06-14 and goalDifference=0: Relationship[5368]
Created relationship SAU->TUN with date=2006-06-14 and goalDifference=0: Relationship[5369]
Processing entry 2685 of 4135
2006-06-15 ECU:CRI 3
Node for team ECU already exists: Node[98]
Node for team CRI already exists: Node[64]
Created relationship ECU->CRI with date=2006-06-15 and goalDifference=3: Relationship[5370]
Created relationship CRI->ECU with date=2006-06-15 and goalDifference=3: Relationship[5371]
Processing entry 2686 of 4135
2006-06-15 ENG:TTO 2
Node for team ENG already exists: Node[27]
Node for team TTO already exists: Node[117]
Created relationship ENG->TTO with date=2006-06-15 and goalDifference=2: Relationship[5372]
Created relationship TTO->ENG with date=2006-06-15 and goalDifference=2: Relationship[5373]
Processing entry 2687 of 4135
2006-06-15 SWE:PRY 1
Node for team SWE already exists: Node[22]
Node for team PRY already exists: Node[10]
Created relationship SWE->PRY with date=2006-06-15 and goalDifference=1: Relationship[5374]
Created relationship PRY->SWE with date=2006-06-15 and goalDifference=1: Relationship[5375]
Processing entry 2688 of 4135
2006-06-16 ARG:SCG 6
Node for team ARG already exists: Node[8]
Node for team SCG already exists: Node[102]
Created relationship ARG->SCG with date=2006-06-16 and goalDifference=6: Relationship[5376]
Created relationship SCG->ARG with date=2006-06-16 and goalDifference=6: Relationship[5377]
Processing entry 2689 of 4135
2006-06-16 MEX:AGO 0
Node for team MEX already exists: Node[1]
Node for team AGO already exists: Node[113]
Created relationship MEX->AGO with date=2006-06-16 and goalDifference=0: Relationship[5378]
Created relationship AGO->MEX with date=2006-06-16 and goalDifference=0: Relationship[5379]
Processing entry 2690 of 4135
2006-06-16 NLD:CIV 1
Node for team NLD already exists: Node[15]
Node for team CIV already exists: Node[114]
Created relationship NLD->CIV with date=2006-06-16 and goalDifference=1: Relationship[5380]
Created relationship CIV->NLD with date=2006-06-16 and goalDifference=1: Relationship[5381]
Processing entry 2691 of 4135
2006-06-17 CZE:GHA -2
Node for team CZE already exists: Node[74]
Node for team GHA already exists: Node[116]
Created relationship CZE->GHA with date=2006-06-17 and goalDifference=-2: Relationship[5382]
Created relationship GHA->CZE with date=2006-06-17 and goalDifference=-2: Relationship[5383]
Processing entry 2692 of 4135
2006-06-17 ITA:USA 0
Node for team ITA already exists: Node[21]
Node for team USA already exists: Node[2]
Created relationship ITA->USA with date=2006-06-17 and goalDifference=0: Relationship[5384]
Created relationship USA->ITA with date=2006-06-17 and goalDifference=0: Relationship[5385]
Processing entry 2693 of 4135
2006-06-17 PRT:IRN 2
Node for team PRT already exists: Node[38]
Node for team IRN already exists: Node[55]
Created relationship PRT->IRN with date=2006-06-17 and goalDifference=2: Relationship[5386]
Created relationship IRN->PRT with date=2006-06-17 and goalDifference=2: Relationship[5387]
Processing entry 2694 of 4135
2006-06-18 BRA:AUS 2
Node for team BRA already exists: Node[7]
Node for team AUS already exists: Node[52]
Created relationship BRA->AUS with date=2006-06-18 and goalDifference=2: Relationship[5388]
Created relationship AUS->BRA with date=2006-06-18 and goalDifference=2: Relationship[5389]
Processing entry 2695 of 4135
2006-06-18 FRA:KOR 0
Node for team FRA already exists: Node[0]
Node for team KOR already exists: Node[30]
Created relationship FRA->KOR with date=2006-06-18 and goalDifference=0: Relationship[5390]
Created relationship KOR->FRA with date=2006-06-18 and goalDifference=0: Relationship[5391]
Processing entry 2696 of 4135
2006-06-18 HRV:JPN 0
Node for team HRV already exists: Node[73]
Node for team JPN already exists: Node[86]
Created relationship HRV->JPN with date=2006-06-18 and goalDifference=0: Relationship[5392]
Created relationship JPN->HRV with date=2006-06-18 and goalDifference=0: Relationship[5393]
Processing entry 2697 of 4135
2006-06-18 JPN:HRV 0
Node for team JPN already exists: Node[86]
Node for team HRV already exists: Node[73]
Created relationship JPN->HRV with date=2006-06-18 and goalDifference=0: Relationship[5394]
Created relationship HRV->JPN with date=2006-06-18 and goalDifference=0: Relationship[5395]
Processing entry 2698 of 4135
2006-06-19 ESP:TUN 2
Node for team ESP already exists: Node[18]
Node for team TUN already exists: Node[54]
Created relationship ESP->TUN with date=2006-06-19 and goalDifference=2: Relationship[5396]
Created relationship TUN->ESP with date=2006-06-19 and goalDifference=2: Relationship[5397]
Processing entry 2699 of 4135
2006-06-19 SAU:UKR -4
Node for team SAU already exists: Node[68]
Node for team UKR already exists: Node[84]
Created relationship SAU->UKR with date=2006-06-19 and goalDifference=-4: Relationship[5398]
Created relationship UKR->SAU with date=2006-06-19 and goalDifference=-4: Relationship[5399]
Processing entry 2700 of 4135
2006-06-19 TGO:CHE -2
Node for team TGO already exists: Node[115]
Node for team CHE already exists: Node[14]
Created relationship TGO->CHE with date=2006-06-19 and goalDifference=-2: Relationship[5400]
Created relationship CHE->TGO with date=2006-06-19 and goalDifference=-2: Relationship[5401]
Processing entry 2701 of 4135
2006-06-20 CRI:POL -1
Node for team CRI already exists: Node[64]
Node for team POL already exists: Node[23]
Created relationship CRI->POL with date=2006-06-20 and goalDifference=-1: Relationship[5402]
Created relationship POL->CRI with date=2006-06-20 and goalDifference=-1: Relationship[5403]
Processing entry 2702 of 4135
2006-06-20 ECU:DEU -3
Node for team ECU already exists: Node[98]
Node for team DEU already exists: Node[17]
Created relationship ECU->DEU with date=2006-06-20 and goalDifference=-3: Relationship[5404]
Created relationship DEU->ECU with date=2006-06-20 and goalDifference=-3: Relationship[5405]
Processing entry 2703 of 4135
2006-06-20 PRY:TTO 2
Node for team PRY already exists: Node[10]
Node for team TTO already exists: Node[117]
Created relationship PRY->TTO with date=2006-06-20 and goalDifference=2: Relationship[5406]
Created relationship TTO->PRY with date=2006-06-20 and goalDifference=2: Relationship[5407]
Processing entry 2704 of 4135
2006-06-20 SWE:ENG 0
Node for team SWE already exists: Node[22]
Node for team ENG already exists: Node[27]
Created relationship SWE->ENG with date=2006-06-20 and goalDifference=0: Relationship[5408]
Created relationship ENG->SWE with date=2006-06-20 and goalDifference=0: Relationship[5409]
Processing entry 2705 of 4135
2006-06-21 CIV:SCG 1
Node for team CIV already exists: Node[114]
Node for team SCG already exists: Node[102]
Created relationship CIV->SCG with date=2006-06-21 and goalDifference=1: Relationship[5410]
Created relationship SCG->CIV with date=2006-06-21 and goalDifference=1: Relationship[5411]
Processing entry 2706 of 4135
2006-06-21 IRN:AGO 0
Node for team IRN already exists: Node[55]
Node for team AGO already exists: Node[113]
Created relationship IRN->AGO with date=2006-06-21 and goalDifference=0: Relationship[5412]
Created relationship AGO->IRN with date=2006-06-21 and goalDifference=0: Relationship[5413]
Processing entry 2707 of 4135
2006-06-21 NLD:ARG 0
Node for team NLD already exists: Node[15]
Node for team ARG already exists: Node[8]
Created relationship NLD->ARG with date=2006-06-21 and goalDifference=0: Relationship[5414]
Created relationship ARG->NLD with date=2006-06-21 and goalDifference=0: Relationship[5415]
Processing entry 2708 of 4135
2006-06-21 PRT:MEX 1
Node for team PRT already exists: Node[38]
Node for team MEX already exists: Node[1]
Created relationship PRT->MEX with date=2006-06-21 and goalDifference=1: Relationship[5416]
Created relationship MEX->PRT with date=2006-06-21 and goalDifference=1: Relationship[5417]
Processing entry 2709 of 4135
2006-06-22 CZE:ITA -2
Node for team CZE already exists: Node[74]
Node for team ITA already exists: Node[21]
Created relationship CZE->ITA with date=2006-06-22 and goalDifference=-2: Relationship[5418]
Created relationship ITA->CZE with date=2006-06-22 and goalDifference=-2: Relationship[5419]
Processing entry 2710 of 4135
2006-06-22 GHA:USA 1
Node for team GHA already exists: Node[116]
Node for team USA already exists: Node[2]
Created relationship GHA->USA with date=2006-06-22 and goalDifference=1: Relationship[5420]
Created relationship USA->GHA with date=2006-06-22 and goalDifference=1: Relationship[5421]
Processing entry 2711 of 4135
2006-06-22 HRV:AUS 0
Node for team HRV already exists: Node[73]
Node for team AUS already exists: Node[52]
Created relationship HRV->AUS with date=2006-06-22 and goalDifference=0: Relationship[5422]
Created relationship AUS->HRV with date=2006-06-22 and goalDifference=0: Relationship[5423]
Processing entry 2712 of 4135
2006-06-22 JPN:BRA -3
Node for team JPN already exists: Node[86]
Node for team BRA already exists: Node[7]
Created relationship JPN->BRA with date=2006-06-22 and goalDifference=-3: Relationship[5424]
Created relationship BRA->JPN with date=2006-06-22 and goalDifference=-3: Relationship[5425]
Processing entry 2713 of 4135
2006-06-23 CHE:KOR 2
Node for team CHE already exists: Node[14]
Node for team KOR already exists: Node[30]
Created relationship CHE->KOR with date=2006-06-23 and goalDifference=2: Relationship[5426]
Created relationship KOR->CHE with date=2006-06-23 and goalDifference=2: Relationship[5427]
Processing entry 2714 of 4135
2006-06-23 SAU:ESP -1
Node for team SAU already exists: Node[68]
Node for team ESP already exists: Node[18]
Created relationship SAU->ESP with date=2006-06-23 and goalDifference=-1: Relationship[5428]
Created relationship ESP->SAU with date=2006-06-23 and goalDifference=-1: Relationship[5429]
Processing entry 2715 of 4135
2006-06-23 TGO:FRA -2
Node for team TGO already exists: Node[115]
Node for team FRA already exists: Node[0]
Created relationship TGO->FRA with date=2006-06-23 and goalDifference=-2: Relationship[5430]
Created relationship FRA->TGO with date=2006-06-23 and goalDifference=-2: Relationship[5431]
Processing entry 2716 of 4135
2006-06-23 UKR:TUN 1
Node for team UKR already exists: Node[84]
Node for team TUN already exists: Node[54]
Created relationship UKR->TUN with date=2006-06-23 and goalDifference=1: Relationship[5432]
Created relationship TUN->UKR with date=2006-06-23 and goalDifference=1: Relationship[5433]
Processing entry 2717 of 4135
2006-06-24 ARG:MEX 1
Node for team ARG already exists: Node[8]
Node for team MEX already exists: Node[1]
Created relationship ARG->MEX with date=2006-06-24 and goalDifference=1: Relationship[5434]
Created relationship MEX->ARG with date=2006-06-24 and goalDifference=1: Relationship[5435]
Processing entry 2718 of 4135
2006-06-24 DEU:SWE 2
Node for team DEU already exists: Node[17]
Node for team SWE already exists: Node[22]
Created relationship DEU->SWE with date=2006-06-24 and goalDifference=2: Relationship[5436]
Created relationship SWE->DEU with date=2006-06-24 and goalDifference=2: Relationship[5437]
Processing entry 2719 of 4135
2006-06-25 ENG:ECU 1
Node for team ENG already exists: Node[27]
Node for team ECU already exists: Node[98]
Created relationship ENG->ECU with date=2006-06-25 and goalDifference=1: Relationship[5438]
Created relationship ECU->ENG with date=2006-06-25 and goalDifference=1: Relationship[5439]
Processing entry 2720 of 4135
2006-06-25 PRT:NLD 1
Node for team PRT already exists: Node[38]
Node for team NLD already exists: Node[15]
Created relationship PRT->NLD with date=2006-06-25 and goalDifference=1: Relationship[5440]
Created relationship NLD->PRT with date=2006-06-25 and goalDifference=1: Relationship[5441]
Processing entry 2721 of 4135
2006-06-26 CHE:UKR 0
Node for team CHE already exists: Node[14]
Node for team UKR already exists: Node[84]
Created relationship CHE->UKR with date=2006-06-26 and goalDifference=0: Relationship[5442]
Created relationship UKR->CHE with date=2006-06-26 and goalDifference=0: Relationship[5443]
Processing entry 2722 of 4135
2006-06-26 ITA:AUS 1
Node for team ITA already exists: Node[21]
Node for team AUS already exists: Node[52]
Created relationship ITA->AUS with date=2006-06-26 and goalDifference=1: Relationship[5444]
Created relationship AUS->ITA with date=2006-06-26 and goalDifference=1: Relationship[5445]
Processing entry 2723 of 4135
2006-06-27 BRA:GHA 3
Node for team BRA already exists: Node[7]
Node for team GHA already exists: Node[116]
Created relationship BRA->GHA with date=2006-06-27 and goalDifference=3: Relationship[5446]
Created relationship GHA->BRA with date=2006-06-27 and goalDifference=3: Relationship[5447]
Processing entry 2724 of 4135
2006-06-27 ESP:FRA -2
Node for team ESP already exists: Node[18]
Node for team FRA already exists: Node[0]
Created relationship ESP->FRA with date=2006-06-27 and goalDifference=-2: Relationship[5448]
Created relationship FRA->ESP with date=2006-06-27 and goalDifference=-2: Relationship[5449]
Processing entry 2725 of 4135
2006-06-30 DEU:ARG 0
Node for team DEU already exists: Node[17]
Node for team ARG already exists: Node[8]
Created relationship DEU->ARG with date=2006-06-30 and goalDifference=0: Relationship[5450]
Created relationship ARG->DEU with date=2006-06-30 and goalDifference=0: Relationship[5451]
Processing entry 2726 of 4135
2006-06-30 ITA:UKR 3
Node for team ITA already exists: Node[21]
Node for team UKR already exists: Node[84]
Created relationship ITA->UKR with date=2006-06-30 and goalDifference=3: Relationship[5452]
Created relationship UKR->ITA with date=2006-06-30 and goalDifference=3: Relationship[5453]
Processing entry 2727 of 4135
2006-07-01 BRA:FRA -1
Node for team BRA already exists: Node[7]
Node for team FRA already exists: Node[0]
Created relationship BRA->FRA with date=2006-07-01 and goalDifference=-1: Relationship[5454]
Created relationship FRA->BRA with date=2006-07-01 and goalDifference=-1: Relationship[5455]
Processing entry 2728 of 4135
2006-07-01 ENG:PRT 0
Node for team ENG already exists: Node[27]
Node for team PRT already exists: Node[38]
Created relationship ENG->PRT with date=2006-07-01 and goalDifference=0: Relationship[5456]
Created relationship PRT->ENG with date=2006-07-01 and goalDifference=0: Relationship[5457]
Processing entry 2729 of 4135
2006-07-01 FRA:BRA 1
Node for team FRA already exists: Node[0]
Node for team BRA already exists: Node[7]
Created relationship FRA->BRA with date=2006-07-01 and goalDifference=1: Relationship[5458]
Created relationship BRA->FRA with date=2006-07-01 and goalDifference=1: Relationship[5459]
Processing entry 2730 of 4135
2006-07-04 DEU:ITA -2
Node for team DEU already exists: Node[17]
Node for team ITA already exists: Node[21]
Created relationship DEU->ITA with date=2006-07-04 and goalDifference=-2: Relationship[5460]
Created relationship ITA->DEU with date=2006-07-04 and goalDifference=-2: Relationship[5461]
Processing entry 2731 of 4135
2006-07-05 FRA:PRT 1
Node for team FRA already exists: Node[0]
Node for team PRT already exists: Node[38]
Created relationship FRA->PRT with date=2006-07-05 and goalDifference=1: Relationship[5462]
Created relationship PRT->FRA with date=2006-07-05 and goalDifference=1: Relationship[5463]
Processing entry 2732 of 4135
2006-07-05 PRT:FRA -1
Node for team PRT already exists: Node[38]
Node for team FRA already exists: Node[0]
Created relationship PRT->FRA with date=2006-07-05 and goalDifference=-1: Relationship[5464]
Created relationship FRA->PRT with date=2006-07-05 and goalDifference=-1: Relationship[5465]
Processing entry 2733 of 4135
2006-07-08 DEU:PRT 2
Node for team DEU already exists: Node[17]
Node for team PRT already exists: Node[38]
Created relationship DEU->PRT with date=2006-07-08 and goalDifference=2: Relationship[5466]
Created relationship PRT->DEU with date=2006-07-08 and goalDifference=2: Relationship[5467]
Processing entry 2734 of 4135
2006-07-09 ITA:FRA 0
Node for team ITA already exists: Node[21]
Node for team FRA already exists: Node[0]
Created relationship ITA->FRA with date=2006-07-09 and goalDifference=0: Relationship[5468]
Created relationship FRA->ITA with date=2006-07-09 and goalDifference=0: Relationship[5469]
Processing entry 2735 of 4135
2006-08-16 BEL:KAZ 0
Node for team BEL already exists: Node[3]
Created new node for team KAZ: Node[118]
Created relationship BEL->KAZ with date=2006-08-16 and goalDifference=0: Relationship[5470]
Created relationship KAZ->BEL with date=2006-08-16 and goalDifference=0: Relationship[5471]
Processing entry 2736 of 4135
2006-08-16 EST:MKD -1
Node for team EST already exists: Node[72]
Node for team MKD already exists: Node[79]
Created relationship EST->MKD with date=2006-08-16 and goalDifference=-1: Relationship[5472]
Created relationship MKD->EST with date=2006-08-16 and goalDifference=-1: Relationship[5473]
Processing entry 2737 of 4135
2006-08-16 FRO:GEO -6
Node for team FRO already exists: Node[66]
Node for team GEO already exists: Node[76]
Created relationship FRO->GEO with date=2006-08-16 and goalDifference=-6: Relationship[5474]
Created relationship GEO->FRO with date=2006-08-16 and goalDifference=-6: Relationship[5475]
Processing entry 2738 of 4135
2006-09-02 BLR:ALB 0
Node for team BLR already exists: Node[80]
Node for team ALB already exists: Node[41]
Created relationship BLR->ALB with date=2006-09-02 and goalDifference=0: Relationship[5476]
Created relationship ALB->BLR with date=2006-09-02 and goalDifference=0: Relationship[5477]
Processing entry 2739 of 4135
2006-09-02 CZE:WAL 1
Node for team CZE already exists: Node[74]
Node for team WAL already exists: Node[31]
Created relationship CZE->WAL with date=2006-09-02 and goalDifference=1: Relationship[5478]
Created relationship WAL->CZE with date=2006-09-02 and goalDifference=1: Relationship[5479]
Processing entry 2740 of 4135
2006-09-02 DEU:IRL 1
Node for team DEU already exists: Node[17]
Node for team IRL already exists: Node[35]
Created relationship DEU->IRL with date=2006-09-02 and goalDifference=1: Relationship[5480]
Created relationship IRL->DEU with date=2006-09-02 and goalDifference=1: Relationship[5481]
Processing entry 2741 of 4135
2006-09-02 ENG:AND 5
Node for team ENG already exists: Node[27]
Node for team AND already exists: Node[92]
Created relationship ENG->AND with date=2006-09-02 and goalDifference=5: Relationship[5482]
Created relationship AND->ENG with date=2006-09-02 and goalDifference=5: Relationship[5483]
Processing entry 2742 of 4135
2006-09-02 ESP:LIE 4
Node for team ESP already exists: Node[18]
Node for team LIE already exists: Node[69]
Created relationship ESP->LIE with date=2006-09-02 and goalDifference=4: Relationship[5484]
Created relationship LIE->ESP with date=2006-09-02 and goalDifference=4: Relationship[5485]
Processing entry 2743 of 4135
2006-09-02 EST:ISR -1
Node for team EST already exists: Node[72]
Node for team ISR already exists: Node[48]
Created relationship EST->ISR with date=2006-09-02 and goalDifference=-1: Relationship[5486]
Created relationship ISR->EST with date=2006-09-02 and goalDifference=-1: Relationship[5487]
Processing entry 2744 of 4135
2006-09-02 GEO:FRA -3
Node for team GEO already exists: Node[76]
Node for team FRA already exists: Node[0]
Created relationship GEO->FRA with date=2006-09-02 and goalDifference=-3: Relationship[5488]
Created relationship FRA->GEO with date=2006-09-02 and goalDifference=-3: Relationship[5489]
Processing entry 2745 of 4135
2006-09-02 HUN:NOR -3
Node for team HUN already exists: Node[19]
Node for team NOR already exists: Node[26]
Created relationship HUN->NOR with date=2006-09-02 and goalDifference=-3: Relationship[5490]
Created relationship NOR->HUN with date=2006-09-02 and goalDifference=-3: Relationship[5491]
Processing entry 2746 of 4135
2006-09-02 ITA:LTU 0
Node for team ITA already exists: Node[21]
Node for team LTU already exists: Node[85]
Created relationship ITA->LTU with date=2006-09-02 and goalDifference=0: Relationship[5492]
Created relationship LTU->ITA with date=2006-09-02 and goalDifference=0: Relationship[5493]
Processing entry 2747 of 4135
2006-09-02 LUX:NLD -1
Node for team LUX already exists: Node[44]
Node for team NLD already exists: Node[15]
Created relationship LUX->NLD with date=2006-09-02 and goalDifference=-1: Relationship[5494]
Created relationship NLD->LUX with date=2006-09-02 and goalDifference=-1: Relationship[5495]
Processing entry 2748 of 4135
2006-09-02 LVA:SWE -1
Node for team LVA already exists: Node[78]
Node for team SWE already exists: Node[22]
Created relationship LVA->SWE with date=2006-09-02 and goalDifference=-1: Relationship[5496]
Created relationship SWE->LVA with date=2006-09-02 and goalDifference=-1: Relationship[5497]
Processing entry 2749 of 4135
2006-09-02 MDA:GRC -1
Node for team MDA already exists: Node[77]
Node for team GRC already exists: Node[34]
Created relationship MDA->GRC with date=2006-09-02 and goalDifference=-1: Relationship[5498]
Created relationship GRC->MDA with date=2006-09-02 and goalDifference=-1: Relationship[5499]
Processing entry 2750 of 4135
2006-09-02 MLT:BIH -3
Node for team MLT already exists: Node[42]
Node for team BIH already exists: Node[91]
Created relationship MLT->BIH with date=2006-09-02 and goalDifference=-3: Relationship[5500]
Created relationship BIH->MLT with date=2006-09-02 and goalDifference=-3: Relationship[5501]
Processing entry 2751 of 4135
2006-09-02 NIR:ISL -3
Node for team NIR already exists: Node[32]
Node for team ISL already exists: Node[43]
Created relationship NIR->ISL with date=2006-09-02 and goalDifference=-3: Relationship[5502]
Created relationship ISL->NIR with date=2006-09-02 and goalDifference=-3: Relationship[5503]
Processing entry 2752 of 4135
2006-09-02 POL:FIN -2
Node for team POL already exists: Node[23]
Node for team FIN already exists: Node[46]
Created relationship POL->FIN with date=2006-09-02 and goalDifference=-2: Relationship[5504]
Created relationship FIN->POL with date=2006-09-02 and goalDifference=-2: Relationship[5505]
Processing entry 2753 of 4135
2006-09-02 ROU:BGR 0
Node for team ROU already exists: Node[4]
Node for team BGR already exists: Node[36]
Created relationship ROU->BGR with date=2006-09-02 and goalDifference=0: Relationship[5506]
Created relationship BGR->ROU with date=2006-09-02 and goalDifference=0: Relationship[5507]
Processing entry 2754 of 4135
2006-09-02 SCG:AZE 1
Node for team SCG already exists: Node[102]
Node for team AZE already exists: Node[81]
Created relationship SCG->AZE with date=2006-09-02 and goalDifference=1: Relationship[5508]
Created relationship AZE->SCG with date=2006-09-02 and goalDifference=1: Relationship[5509]
Processing entry 2755 of 4135
2006-09-02 SCO:FRO 6
Node for team SCO already exists: Node[28]
Node for team FRO already exists: Node[66]
Created relationship SCO->FRO with date=2006-09-02 and goalDifference=6: Relationship[5510]
Created relationship FRO->SCO with date=2006-09-02 and goalDifference=6: Relationship[5511]
Processing entry 2756 of 4135
2006-09-02 SVK:CYP 5
Node for team SVK already exists: Node[82]
Node for team CYP already exists: Node[47]
Created relationship SVK->CYP with date=2006-09-02 and goalDifference=5: Relationship[5512]
Created relationship CYP->SVK with date=2006-09-02 and goalDifference=5: Relationship[5513]
Processing entry 2757 of 4135
2006-09-06 ALB:ROU -2
Node for team ALB already exists: Node[41]
Node for team ROU already exists: Node[4]
Created relationship ALB->ROU with date=2006-09-06 and goalDifference=-2: Relationship[5514]
Created relationship ROU->ALB with date=2006-09-06 and goalDifference=-2: Relationship[5515]
Processing entry 2758 of 4135
2006-09-06 ARM:BEL -1
Node for team ARM already exists: Node[75]
Node for team BEL already exists: Node[3]
Created relationship ARM->BEL with date=2006-09-06 and goalDifference=-1: Relationship[5516]
Created relationship BEL->ARM with date=2006-09-06 and goalDifference=-1: Relationship[5517]
Processing entry 2759 of 4135
2006-09-06 AZE:KAZ 0
Node for team AZE already exists: Node[81]
Node for team KAZ already exists: Node[118]
Created relationship AZE->KAZ with date=2006-09-06 and goalDifference=0: Relationship[5518]
Created relationship KAZ->AZE with date=2006-09-06 and goalDifference=0: Relationship[5519]
Processing entry 2760 of 4135
2006-09-06 BGR:SVN 3
Node for team BGR already exists: Node[36]
Node for team SVN already exists: Node[83]
Created relationship BGR->SVN with date=2006-09-06 and goalDifference=3: Relationship[5520]
Created relationship SVN->BGR with date=2006-09-06 and goalDifference=3: Relationship[5521]
Processing entry 2761 of 4135
2006-09-06 BIH:HUN -2
Node for team BIH already exists: Node[91]
Node for team HUN already exists: Node[19]
Created relationship BIH->HUN with date=2006-09-06 and goalDifference=-2: Relationship[5522]
Created relationship HUN->BIH with date=2006-09-06 and goalDifference=-2: Relationship[5523]
Processing entry 2762 of 4135
2006-09-06 FIN:PRT 0
Node for team FIN already exists: Node[46]
Node for team PRT already exists: Node[38]
Created relationship FIN->PRT with date=2006-09-06 and goalDifference=0: Relationship[5524]
Created relationship PRT->FIN with date=2006-09-06 and goalDifference=0: Relationship[5525]
Processing entry 2763 of 4135
2006-09-06 FRA:ITA 2
Node for team FRA already exists: Node[0]
Node for team ITA already exists: Node[21]
Created relationship FRA->ITA with date=2006-09-06 and goalDifference=2: Relationship[5526]
Created relationship ITA->FRA with date=2006-09-06 and goalDifference=2: Relationship[5527]
Processing entry 2764 of 4135
2006-09-06 ISL:DNK -2
Node for team ISL already exists: Node[43]
Node for team DNK already exists: Node[39]
Created relationship ISL->DNK with date=2006-09-06 and goalDifference=-2: Relationship[5528]
Created relationship DNK->ISL with date=2006-09-06 and goalDifference=-2: Relationship[5529]
Processing entry 2765 of 4135
2006-09-06 ISR:AND 3
Node for team ISR already exists: Node[48]
Node for team AND already exists: Node[92]
Created relationship ISR->AND with date=2006-09-06 and goalDifference=3: Relationship[5530]
Created relationship AND->ISR with date=2006-09-06 and goalDifference=3: Relationship[5531]
Processing entry 2766 of 4135
2006-09-06 LTU:SCO -1
Node for team LTU already exists: Node[85]
Node for team SCO already exists: Node[28]
Created relationship LTU->SCO with date=2006-09-06 and goalDifference=-1: Relationship[5532]
Created relationship SCO->LTU with date=2006-09-06 and goalDifference=-1: Relationship[5533]
Processing entry 2767 of 4135
2006-09-06 MKD:ENG -1
Node for team MKD already exists: Node[79]
Node for team ENG already exists: Node[27]
Created relationship MKD->ENG with date=2006-09-06 and goalDifference=-1: Relationship[5534]
Created relationship ENG->MKD with date=2006-09-06 and goalDifference=-1: Relationship[5535]
Processing entry 2768 of 4135
2006-09-06 NIR:ESP 1
Node for team NIR already exists: Node[32]
Node for team ESP already exists: Node[18]
Created relationship NIR->ESP with date=2006-09-06 and goalDifference=1: Relationship[5536]
Created relationship ESP->NIR with date=2006-09-06 and goalDifference=1: Relationship[5537]
Processing entry 2769 of 4135
2006-09-06 NLD:BLR 3
Node for team NLD already exists: Node[15]
Node for team BLR already exists: Node[80]
Created relationship NLD->BLR with date=2006-09-06 and goalDifference=3: Relationship[5538]
Created relationship BLR->NLD with date=2006-09-06 and goalDifference=3: Relationship[5539]
Processing entry 2770 of 4135
2006-09-06 NOR:MDA 2
Node for team NOR already exists: Node[26]
Node for team MDA already exists: Node[77]
Created relationship NOR->MDA with date=2006-09-06 and goalDifference=2: Relationship[5540]
Created relationship MDA->NOR with date=2006-09-06 and goalDifference=2: Relationship[5541]
Processing entry 2771 of 4135
2006-09-06 POL:SCG 0
Node for team POL already exists: Node[23]
Node for team SCG already exists: Node[102]
Created relationship POL->SCG with date=2006-09-06 and goalDifference=0: Relationship[5542]
Created relationship SCG->POL with date=2006-09-06 and goalDifference=0: Relationship[5543]
Processing entry 2772 of 4135
2006-09-06 RUS:HRV 0
Node for team RUS already exists: Node[70]
Node for team HRV already exists: Node[73]
Created relationship RUS->HRV with date=2006-09-06 and goalDifference=0: Relationship[5544]
Created relationship HRV->RUS with date=2006-09-06 and goalDifference=0: Relationship[5545]
Processing entry 2773 of 4135
2006-09-06 SMR:DEU -13
Node for team SMR already exists: Node[67]
Node for team DEU already exists: Node[17]
Created relationship SMR->DEU with date=2006-09-06 and goalDifference=-13: Relationship[5546]
Created relationship DEU->SMR with date=2006-09-06 and goalDifference=-13: Relationship[5547]
Processing entry 2774 of 4135
2006-09-06 SVK:CZE -3
Node for team SVK already exists: Node[82]
Node for team CZE already exists: Node[74]
Created relationship SVK->CZE with date=2006-09-06 and goalDifference=-3: Relationship[5548]
Created relationship CZE->SVK with date=2006-09-06 and goalDifference=-3: Relationship[5549]
Processing entry 2775 of 4135
2006-09-06 SWE:LIE 2
Node for team SWE already exists: Node[22]
Node for team LIE already exists: Node[69]
Created relationship SWE->LIE with date=2006-09-06 and goalDifference=2: Relationship[5550]
Created relationship LIE->SWE with date=2006-09-06 and goalDifference=2: Relationship[5551]
Processing entry 2776 of 4135
2006-09-06 TUR:MLT 2
Node for team TUR already exists: Node[29]
Node for team MLT already exists: Node[42]
Created relationship TUR->MLT with date=2006-09-06 and goalDifference=2: Relationship[5552]
Created relationship MLT->TUR with date=2006-09-06 and goalDifference=2: Relationship[5553]
Processing entry 2777 of 4135
2006-09-06 UKR:GEO 1
Node for team UKR already exists: Node[84]
Node for team GEO already exists: Node[76]
Created relationship UKR->GEO with date=2006-09-06 and goalDifference=1: Relationship[5554]
Created relationship GEO->UKR with date=2006-09-06 and goalDifference=1: Relationship[5555]
Processing entry 2778 of 4135
2006-10-07 ARM:FIN 0
Node for team ARM already exists: Node[75]
Node for team FIN already exists: Node[46]
Created relationship ARM->FIN with date=2006-10-07 and goalDifference=0: Relationship[5556]
Created relationship FIN->ARM with date=2006-10-07 and goalDifference=0: Relationship[5557]
Processing entry 2779 of 4135
2006-10-07 BGR:NLD 0
Node for team BGR already exists: Node[36]
Node for team NLD already exists: Node[15]
Created relationship BGR->NLD with date=2006-10-07 and goalDifference=0: Relationship[5558]
Created relationship NLD->BGR with date=2006-10-07 and goalDifference=0: Relationship[5559]
Processing entry 2780 of 4135
2006-10-07 CYP:IRL 3
Node for team CYP already exists: Node[47]
Node for team IRL already exists: Node[35]
Created relationship CYP->IRL with date=2006-10-07 and goalDifference=3: Relationship[5560]
Created relationship IRL->CYP with date=2006-10-07 and goalDifference=3: Relationship[5561]
Processing entry 2781 of 4135
2006-10-07 CZE:SMR 7
Node for team CZE already exists: Node[74]
Node for team SMR already exists: Node[67]
Created relationship CZE->SMR with date=2006-10-07 and goalDifference=7: Relationship[5562]
Created relationship SMR->CZE with date=2006-10-07 and goalDifference=7: Relationship[5563]
Processing entry 2782 of 4135
2006-10-07 DNK:NIR 0
Node for team DNK already exists: Node[39]
Node for team NIR already exists: Node[32]
Created relationship DNK->NIR with date=2006-10-07 and goalDifference=0: Relationship[5564]
Created relationship NIR->DNK with date=2006-10-07 and goalDifference=0: Relationship[5565]
Processing entry 2783 of 4135
2006-10-07 ENG:MKD 0
Node for team ENG already exists: Node[27]
Node for team MKD already exists: Node[79]
Created relationship ENG->MKD with date=2006-10-07 and goalDifference=0: Relationship[5566]
Created relationship MKD->ENG with date=2006-10-07 and goalDifference=0: Relationship[5567]
Processing entry 2784 of 4135
2006-10-07 FRO:LTU -1
Node for team FRO already exists: Node[66]
Node for team LTU already exists: Node[85]
Created relationship FRO->LTU with date=2006-10-07 and goalDifference=-1: Relationship[5568]
Created relationship LTU->FRO with date=2006-10-07 and goalDifference=-1: Relationship[5569]
Processing entry 2785 of 4135
2006-10-07 GRC:NOR 1
Node for team GRC already exists: Node[34]
Node for team NOR already exists: Node[26]
Created relationship GRC->NOR with date=2006-10-07 and goalDifference=1: Relationship[5570]
Created relationship NOR->GRC with date=2006-10-07 and goalDifference=1: Relationship[5571]
Processing entry 2786 of 4135
2006-10-07 HRV:AND 7
Node for team HRV already exists: Node[73]
Node for team AND already exists: Node[92]
Created relationship HRV->AND with date=2006-10-07 and goalDifference=7: Relationship[5572]
Created relationship AND->HRV with date=2006-10-07 and goalDifference=7: Relationship[5573]
Processing entry 2787 of 4135
2006-10-07 HUN:TUR -1
Node for team HUN already exists: Node[19]
Node for team TUR already exists: Node[29]
Created relationship HUN->TUR with date=2006-10-07 and goalDifference=-1: Relationship[5574]
Created relationship TUR->HUN with date=2006-10-07 and goalDifference=-1: Relationship[5575]
Processing entry 2788 of 4135
2006-10-07 ITA:UKR 2
Node for team ITA already exists: Node[21]
Node for team UKR already exists: Node[84]
Created relationship ITA->UKR with date=2006-10-07 and goalDifference=2: Relationship[5576]
Created relationship UKR->ITA with date=2006-10-07 and goalDifference=2: Relationship[5577]
Processing entry 2789 of 4135
2006-10-07 KAZ:POL -1
Node for team KAZ already exists: Node[118]
Node for team POL already exists: Node[23]
Created relationship KAZ->POL with date=2006-10-07 and goalDifference=-1: Relationship[5578]
Created relationship POL->KAZ with date=2006-10-07 and goalDifference=-1: Relationship[5579]
Processing entry 2790 of 4135
2006-10-07 LVA:ISL 4
Node for team LVA already exists: Node[78]
Node for team ISL already exists: Node[43]
Created relationship LVA->ISL with date=2006-10-07 and goalDifference=4: Relationship[5580]
Created relationship ISL->LVA with date=2006-10-07 and goalDifference=4: Relationship[5581]
Processing entry 2791 of 4135
2006-10-07 MDA:BIH 0
Node for team MDA already exists: Node[77]
Node for team BIH already exists: Node[91]
Created relationship MDA->BIH with date=2006-10-07 and goalDifference=0: Relationship[5582]
Created relationship BIH->MDA with date=2006-10-07 and goalDifference=0: Relationship[5583]
Processing entry 2792 of 4135
2006-10-07 PRT:AZE 3
Node for team PRT already exists: Node[38]
Node for team AZE already exists: Node[81]
Created relationship PRT->AZE with date=2006-10-07 and goalDifference=3: Relationship[5584]
Created relationship AZE->PRT with date=2006-10-07 and goalDifference=3: Relationship[5585]
Processing entry 2793 of 4135
2006-10-07 ROU:BLR 2
Node for team ROU already exists: Node[4]
Node for team BLR already exists: Node[80]
Created relationship ROU->BLR with date=2006-10-07 and goalDifference=2: Relationship[5586]
Created relationship BLR->ROU with date=2006-10-07 and goalDifference=2: Relationship[5587]
Processing entry 2794 of 4135
2006-10-07 RUS:ISR 0
Node for team RUS already exists: Node[70]
Node for team ISR already exists: Node[48]
Created relationship RUS->ISR with date=2006-10-07 and goalDifference=0: Relationship[5588]
Created relationship ISR->RUS with date=2006-10-07 and goalDifference=0: Relationship[5589]
Processing entry 2795 of 4135
2006-10-07 SCG:BEL 1
Node for team SCG already exists: Node[102]
Node for team BEL already exists: Node[3]
Created relationship SCG->BEL with date=2006-10-07 and goalDifference=1: Relationship[5590]
Created relationship BEL->SCG with date=2006-10-07 and goalDifference=1: Relationship[5591]
Processing entry 2796 of 4135
2006-10-07 SCO:FRA 1
Node for team SCO already exists: Node[28]
Node for team FRA already exists: Node[0]
Created relationship SCO->FRA with date=2006-10-07 and goalDifference=1: Relationship[5592]
Created relationship FRA->SCO with date=2006-10-07 and goalDifference=1: Relationship[5593]
Processing entry 2797 of 4135
2006-10-07 SVN:LUX 2
Node for team SVN already exists: Node[83]
Node for team LUX already exists: Node[44]
Created relationship SVN->LUX with date=2006-10-07 and goalDifference=2: Relationship[5594]
Created relationship LUX->SVN with date=2006-10-07 and goalDifference=2: Relationship[5595]
Processing entry 2798 of 4135
2006-10-07 SWE:ESP 2
Node for team SWE already exists: Node[22]
Node for team ESP already exists: Node[18]
Created relationship SWE->ESP with date=2006-10-07 and goalDifference=2: Relationship[5596]
Created relationship ESP->SWE with date=2006-10-07 and goalDifference=2: Relationship[5597]
Processing entry 2799 of 4135
2006-10-07 WAL:SVK -4
Node for team WAL already exists: Node[31]
Node for team SVK already exists: Node[82]
Created relationship WAL->SVK with date=2006-10-07 and goalDifference=-4: Relationship[5598]
Created relationship SVK->WAL with date=2006-10-07 and goalDifference=-4: Relationship[5599]
Processing entry 2800 of 4135
2006-10-11 AND:MKD -3
Node for team AND already exists: Node[92]
Node for team MKD already exists: Node[79]
Created relationship AND->MKD with date=2006-10-11 and goalDifference=-3: Relationship[5600]
Created relationship MKD->AND with date=2006-10-11 and goalDifference=-3: Relationship[5601]
Processing entry 2801 of 4135
2006-10-11 BEL:AZE 3
Node for team BEL already exists: Node[3]
Node for team AZE already exists: Node[81]
Created relationship BEL->AZE with date=2006-10-11 and goalDifference=3: Relationship[5602]
Created relationship AZE->BEL with date=2006-10-11 and goalDifference=3: Relationship[5603]
Processing entry 2802 of 4135
2006-10-11 BIH:GRC -4
Node for team BIH already exists: Node[91]
Node for team GRC already exists: Node[34]
Created relationship BIH->GRC with date=2006-10-11 and goalDifference=-4: Relationship[5604]
Created relationship GRC->BIH with date=2006-10-11 and goalDifference=-4: Relationship[5605]
Processing entry 2803 of 4135
2006-10-11 BLR:SVN 2
Node for team BLR already exists: Node[80]
Node for team SVN already exists: Node[83]
Created relationship BLR->SVN with date=2006-10-11 and goalDifference=2: Relationship[5606]
Created relationship SVN->BLR with date=2006-10-11 and goalDifference=2: Relationship[5607]
Processing entry 2804 of 4135
2006-10-11 FRA:FRO 5
Node for team FRA already exists: Node[0]
Node for team FRO already exists: Node[66]
Created relationship FRA->FRO with date=2006-10-11 and goalDifference=5: Relationship[5608]
Created relationship FRO->FRA with date=2006-10-11 and goalDifference=5: Relationship[5609]
Processing entry 2805 of 4135
2006-10-11 GEO:ITA -2
Node for team GEO already exists: Node[76]
Node for team ITA already exists: Node[21]
Created relationship GEO->ITA with date=2006-10-11 and goalDifference=-2: Relationship[5610]
Created relationship ITA->GEO with date=2006-10-11 and goalDifference=-2: Relationship[5611]
Processing entry 2806 of 4135
2006-10-11 HRV:ENG 2
Node for team HRV already exists: Node[73]
Node for team ENG already exists: Node[27]
Created relationship HRV->ENG with date=2006-10-11 and goalDifference=2: Relationship[5612]
Created relationship ENG->HRV with date=2006-10-11 and goalDifference=2: Relationship[5613]
Processing entry 2807 of 4135
2006-10-11 IRL:CZE 0
Node for team IRL already exists: Node[35]
Node for team CZE already exists: Node[74]
Created relationship IRL->CZE with date=2006-10-11 and goalDifference=0: Relationship[5614]
Created relationship CZE->IRL with date=2006-10-11 and goalDifference=0: Relationship[5615]
Processing entry 2808 of 4135
2006-10-11 ISL:SWE -1
Node for team ISL already exists: Node[43]
Node for team SWE already exists: Node[22]
Created relationship ISL->SWE with date=2006-10-11 and goalDifference=-1: Relationship[5616]
Created relationship SWE->ISL with date=2006-10-11 and goalDifference=-1: Relationship[5617]
Processing entry 2809 of 4135
2006-10-11 KAZ:FIN -2
Node for team KAZ already exists: Node[118]
Node for team FIN already exists: Node[46]
Created relationship KAZ->FIN with date=2006-10-11 and goalDifference=-2: Relationship[5618]
Created relationship FIN->KAZ with date=2006-10-11 and goalDifference=-2: Relationship[5619]
Processing entry 2810 of 4135
2006-10-11 LIE:DNK -4
Node for team LIE already exists: Node[69]
Node for team DNK already exists: Node[39]
Created relationship LIE->DNK with date=2006-10-11 and goalDifference=-4: Relationship[5620]
Created relationship DNK->LIE with date=2006-10-11 and goalDifference=-4: Relationship[5621]
Processing entry 2811 of 4135
2006-10-11 LUX:BGR -1
Node for team LUX already exists: Node[44]
Node for team BGR already exists: Node[36]
Created relationship LUX->BGR with date=2006-10-11 and goalDifference=-1: Relationship[5622]
Created relationship BGR->LUX with date=2006-10-11 and goalDifference=-1: Relationship[5623]
Processing entry 2812 of 4135
2006-10-11 MLT:HUN 1
Node for team MLT already exists: Node[42]
Node for team HUN already exists: Node[19]
Created relationship MLT->HUN with date=2006-10-11 and goalDifference=1: Relationship[5624]
Created relationship HUN->MLT with date=2006-10-11 and goalDifference=1: Relationship[5625]
Processing entry 2813 of 4135
2006-10-11 NIR:LVA 1
Node for team NIR already exists: Node[32]
Node for team LVA already exists: Node[78]
Created relationship NIR->LVA with date=2006-10-11 and goalDifference=1: Relationship[5626]
Created relationship LVA->NIR with date=2006-10-11 and goalDifference=1: Relationship[5627]
Processing entry 2814 of 4135
2006-10-11 NLD:ALB 1
Node for team NLD already exists: Node[15]
Node for team ALB already exists: Node[41]
Created relationship NLD->ALB with date=2006-10-11 and goalDifference=1: Relationship[5628]
Created relationship ALB->NLD with date=2006-10-11 and goalDifference=1: Relationship[5629]
Processing entry 2815 of 4135
2006-10-11 POL:PRT 1
Node for team POL already exists: Node[23]
Node for team PRT already exists: Node[38]
Created relationship POL->PRT with date=2006-10-11 and goalDifference=1: Relationship[5630]
Created relationship PRT->POL with date=2006-10-11 and goalDifference=1: Relationship[5631]
Processing entry 2816 of 4135
2006-10-11 RUS:EST 2
Node for team RUS already exists: Node[70]
Node for team EST already exists: Node[72]
Created relationship RUS->EST with date=2006-10-11 and goalDifference=2: Relationship[5632]
Created relationship EST->RUS with date=2006-10-11 and goalDifference=2: Relationship[5633]
Processing entry 2817 of 4135
2006-10-11 SCG:ARM 3
Node for team SCG already exists: Node[102]
Node for team ARM already exists: Node[75]
Created relationship SCG->ARM with date=2006-10-11 and goalDifference=3: Relationship[5634]
Created relationship ARM->SCG with date=2006-10-11 and goalDifference=3: Relationship[5635]
Processing entry 2818 of 4135
2006-10-11 SVK:DEU -3
Node for team SVK already exists: Node[82]
Node for team DEU already exists: Node[17]
Created relationship SVK->DEU with date=2006-10-11 and goalDifference=-3: Relationship[5636]
Created relationship DEU->SVK with date=2006-10-11 and goalDifference=-3: Relationship[5637]
Processing entry 2819 of 4135
2006-10-11 TUR:MDA 5
Node for team TUR already exists: Node[29]
Node for team MDA already exists: Node[77]
Created relationship TUR->MDA with date=2006-10-11 and goalDifference=5: Relationship[5638]
Created relationship MDA->TUR with date=2006-10-11 and goalDifference=5: Relationship[5639]
Processing entry 2820 of 4135
2006-10-11 UKR:SCO 2
Node for team UKR already exists: Node[84]
Node for team SCO already exists: Node[28]
Created relationship UKR->SCO with date=2006-10-11 and goalDifference=2: Relationship[5640]
Created relationship SCO->UKR with date=2006-10-11 and goalDifference=2: Relationship[5641]
Processing entry 2821 of 4135
2006-10-11 WAL:CYP 2
Node for team WAL already exists: Node[31]
Node for team CYP already exists: Node[47]
Created relationship WAL->CYP with date=2006-10-11 and goalDifference=2: Relationship[5642]
Created relationship CYP->WAL with date=2006-10-11 and goalDifference=2: Relationship[5643]
Processing entry 2822 of 4135
2006-11-15 BEL:POL -1
Node for team BEL already exists: Node[3]
Node for team POL already exists: Node[23]
Created relationship BEL->POL with date=2006-11-15 and goalDifference=-1: Relationship[5644]
Created relationship POL->BEL with date=2006-11-15 and goalDifference=-1: Relationship[5645]
Processing entry 2823 of 4135
2006-11-15 CYP:DEU 0
Node for team CYP already exists: Node[47]
Node for team DEU already exists: Node[17]
Created relationship CYP->DEU with date=2006-11-15 and goalDifference=0: Relationship[5646]
Created relationship DEU->CYP with date=2006-11-15 and goalDifference=0: Relationship[5647]
Processing entry 2824 of 4135
2006-11-15 FIN:ARM 1
Node for team FIN already exists: Node[46]
Node for team ARM already exists: Node[75]
Created relationship FIN->ARM with date=2006-11-15 and goalDifference=1: Relationship[5648]
Created relationship ARM->FIN with date=2006-11-15 and goalDifference=1: Relationship[5649]
Processing entry 2825 of 4135
2006-11-15 IRL:SMR 5
Node for team IRL already exists: Node[35]
Node for team SMR already exists: Node[67]
Created relationship IRL->SMR with date=2006-11-15 and goalDifference=5: Relationship[5650]
Created relationship SMR->IRL with date=2006-11-15 and goalDifference=5: Relationship[5651]
Processing entry 2826 of 4135
2006-11-15 ISR:HRV -1
Node for team ISR already exists: Node[48]
Node for team HRV already exists: Node[73]
Created relationship ISR->HRV with date=2006-11-15 and goalDifference=-1: Relationship[5652]
Created relationship HRV->ISR with date=2006-11-15 and goalDifference=-1: Relationship[5653]
Processing entry 2827 of 4135
2006-11-15 MKD:RUS -2
Node for team MKD already exists: Node[79]
Node for team RUS already exists: Node[70]
Created relationship MKD->RUS with date=2006-11-15 and goalDifference=-2: Relationship[5654]
Created relationship RUS->MKD with date=2006-11-15 and goalDifference=-2: Relationship[5655]
Processing entry 2828 of 4135
2006-11-15 PRT:KAZ 3
Node for team PRT already exists: Node[38]
Node for team KAZ already exists: Node[118]
Created relationship PRT->KAZ with date=2006-11-15 and goalDifference=3: Relationship[5656]
Created relationship KAZ->PRT with date=2006-11-15 and goalDifference=3: Relationship[5657]
Processing entry 2829 of 4135
2007-02-07 SMR:IRL -1
Node for team SMR already exists: Node[67]
Node for team IRL already exists: Node[35]
Created relationship SMR->IRL with date=2007-02-07 and goalDifference=-1: Relationship[5658]
Created relationship IRL->SMR with date=2007-02-07 and goalDifference=-1: Relationship[5659]
Processing entry 2830 of 4135
2007-02-08 GTM:NIC 1
Created new node for team GTM: Node[119]
Created new node for team NIC: Node[120]
Created relationship GTM->NIC with date=2007-02-08 and goalDifference=1: Relationship[5660]
Created relationship NIC->GTM with date=2007-02-08 and goalDifference=1: Relationship[5661]
Processing entry 2831 of 4135
2007-02-08 SLV:BLZ 1
Node for team SLV already exists: Node[49]
Created new node for team BLZ: Node[121]
Created relationship SLV->BLZ with date=2007-02-08 and goalDifference=1: Relationship[5662]
Created relationship BLZ->SLV with date=2007-02-08 and goalDifference=1: Relationship[5663]
Processing entry 2832 of 4135
2007-02-09 CRI:HND 2
Node for team CRI already exists: Node[64]
Node for team HND already exists: Node[59]
Created relationship CRI->HND with date=2007-02-09 and goalDifference=2: Relationship[5664]
Created relationship HND->CRI with date=2007-02-09 and goalDifference=2: Relationship[5665]
Processing entry 2833 of 4135
2007-02-10 BLZ:GTM -1
Node for team BLZ already exists: Node[121]
Node for team GTM already exists: Node[119]
Created relationship BLZ->GTM with date=2007-02-10 and goalDifference=-1: Relationship[5666]
Created relationship GTM->BLZ with date=2007-02-10 and goalDifference=-1: Relationship[5667]
Processing entry 2834 of 4135
2007-02-10 SLV:NIC 1
Node for team SLV already exists: Node[49]
Node for team NIC already exists: Node[120]
Created relationship SLV->NIC with date=2007-02-10 and goalDifference=1: Relationship[5668]
Created relationship NIC->SLV with date=2007-02-10 and goalDifference=1: Relationship[5669]
Processing entry 2835 of 4135
2007-02-11 HND:PAN 0
Node for team HND already exists: Node[59]
Node for team PAN already exists: Node[111]
Created relationship HND->PAN with date=2007-02-11 and goalDifference=0: Relationship[5670]
Created relationship PAN->HND with date=2007-02-11 and goalDifference=0: Relationship[5671]
Processing entry 2836 of 4135
2007-02-12 NIC:BLZ 2
Node for team NIC already exists: Node[120]
Node for team BLZ already exists: Node[121]
Created relationship NIC->BLZ with date=2007-02-12 and goalDifference=2: Relationship[5672]
Created relationship BLZ->NIC with date=2007-02-12 and goalDifference=2: Relationship[5673]
Processing entry 2837 of 4135
2007-02-12 SLV:GTM 0
Node for team SLV already exists: Node[49]
Node for team GTM already exists: Node[119]
Created relationship SLV->GTM with date=2007-02-12 and goalDifference=0: Relationship[5674]
Created relationship GTM->SLV with date=2007-02-12 and goalDifference=0: Relationship[5675]
Processing entry 2838 of 4135
2007-02-13 PAN:CRI 1
Node for team PAN already exists: Node[111]
Node for team CRI already exists: Node[64]
Created relationship PAN->CRI with date=2007-02-13 and goalDifference=1: Relationship[5676]
Created relationship CRI->PAN with date=2007-02-13 and goalDifference=1: Relationship[5677]
Processing entry 2839 of 4135
2007-02-15 NIC:HND -8
Node for team NIC already exists: Node[120]
Node for team HND already exists: Node[59]
Created relationship NIC->HND with date=2007-02-15 and goalDifference=-8: Relationship[5678]
Created relationship HND->NIC with date=2007-02-15 and goalDifference=-8: Relationship[5679]
Processing entry 2840 of 4135
2007-02-16 PAN:GTM 2
Node for team PAN already exists: Node[111]
Node for team GTM already exists: Node[119]
Created relationship PAN->GTM with date=2007-02-16 and goalDifference=2: Relationship[5680]
Created relationship GTM->PAN with date=2007-02-16 and goalDifference=2: Relationship[5681]
Processing entry 2841 of 4135
2007-02-16 SLV:CRI -2
Node for team SLV already exists: Node[49]
Node for team CRI already exists: Node[64]
Created relationship SLV->CRI with date=2007-02-16 and goalDifference=-2: Relationship[5682]
Created relationship CRI->SLV with date=2007-02-16 and goalDifference=-2: Relationship[5683]
Processing entry 2842 of 4135
2007-02-18 PAN:CRI 0
Node for team PAN already exists: Node[111]
Node for team CRI already exists: Node[64]
Created relationship PAN->CRI with date=2007-02-18 and goalDifference=0: Relationship[5684]
Created relationship CRI->PAN with date=2007-02-18 and goalDifference=0: Relationship[5685]
Processing entry 2843 of 4135
2007-02-18 SLV:GTM -1
Node for team SLV already exists: Node[49]
Node for team GTM already exists: Node[119]
Created relationship SLV->GTM with date=2007-02-18 and goalDifference=-1: Relationship[5686]
Created relationship GTM->SLV with date=2007-02-18 and goalDifference=-1: Relationship[5687]
Processing entry 2844 of 4135
2007-03-24 ALB:SVN 0
Node for team ALB already exists: Node[41]
Node for team SVN already exists: Node[83]
Created relationship ALB->SVN with date=2007-03-24 and goalDifference=0: Relationship[5688]
Created relationship SVN->ALB with date=2007-03-24 and goalDifference=0: Relationship[5689]
Processing entry 2845 of 4135
2007-03-24 CYP:SVK -2
Node for team CYP already exists: Node[47]
Node for team SVK already exists: Node[82]
Created relationship CYP->SVK with date=2007-03-24 and goalDifference=-2: Relationship[5690]
Created relationship SVK->CYP with date=2007-03-24 and goalDifference=-2: Relationship[5691]
Processing entry 2846 of 4135
2007-03-24 CZE:DEU -1
Node for team CZE already exists: Node[74]
Node for team DEU already exists: Node[17]
Created relationship CZE->DEU with date=2007-03-24 and goalDifference=-1: Relationship[5692]
Created relationship DEU->CZE with date=2007-03-24 and goalDifference=-1: Relationship[5693]
Processing entry 2847 of 4135
2007-03-24 ESP:DNK 1
Node for team ESP already exists: Node[18]
Node for team DNK already exists: Node[39]
Created relationship ESP->DNK with date=2007-03-24 and goalDifference=1: Relationship[5694]
Created relationship DNK->ESP with date=2007-03-24 and goalDifference=1: Relationship[5695]
Processing entry 2848 of 4135
2007-03-24 EST:RUS -2
Node for team EST already exists: Node[72]
Node for team RUS already exists: Node[70]
Created relationship EST->RUS with date=2007-03-24 and goalDifference=-2: Relationship[5696]
Created relationship RUS->EST with date=2007-03-24 and goalDifference=-2: Relationship[5697]
Processing entry 2849 of 4135
2007-03-24 FRO:UKR -2
Node for team FRO already exists: Node[66]
Node for team UKR already exists: Node[84]
Created relationship FRO->UKR with date=2007-03-24 and goalDifference=-2: Relationship[5698]
Created relationship UKR->FRO with date=2007-03-24 and goalDifference=-2: Relationship[5699]
Processing entry 2850 of 4135
2007-03-24 GRC:TUR -3
Node for team GRC already exists: Node[34]
Node for team TUR already exists: Node[29]
Created relationship GRC->TUR with date=2007-03-24 and goalDifference=-3: Relationship[5700]
Created relationship TUR->GRC with date=2007-03-24 and goalDifference=-3: Relationship[5701]
Processing entry 2851 of 4135
2007-03-24 HRV:MKD 1
Node for team HRV already exists: Node[73]
Node for team MKD already exists: Node[79]
Created relationship HRV->MKD with date=2007-03-24 and goalDifference=1: Relationship[5702]
Created relationship MKD->HRV with date=2007-03-24 and goalDifference=1: Relationship[5703]
Processing entry 2852 of 4135
2007-03-24 IRL:WAL 1
Node for team IRL already exists: Node[35]
Node for team WAL already exists: Node[31]
Created relationship IRL->WAL with date=2007-03-24 and goalDifference=1: Relationship[5704]
Created relationship WAL->IRL with date=2007-03-24 and goalDifference=1: Relationship[5705]
Processing entry 2853 of 4135
2007-03-24 ISR:ENG 0
Node for team ISR already exists: Node[48]
Node for team ENG already exists: Node[27]
Created relationship ISR->ENG with date=2007-03-24 and goalDifference=0: Relationship[5706]
Created relationship ENG->ISR with date=2007-03-24 and goalDifference=0: Relationship[5707]
Processing entry 2854 of 4135
2007-03-24 KAZ:SRB 1
Node for team KAZ already exists: Node[118]
Created new node for team SRB: Node[122]
Created relationship KAZ->SRB with date=2007-03-24 and goalDifference=1: Relationship[5708]
Created relationship SRB->KAZ with date=2007-03-24 and goalDifference=1: Relationship[5709]
Processing entry 2855 of 4135
2007-03-24 LIE:NIR -3
Node for team LIE already exists: Node[69]
Node for team NIR already exists: Node[32]
Created relationship LIE->NIR with date=2007-03-24 and goalDifference=-3: Relationship[5710]
Created relationship NIR->LIE with date=2007-03-24 and goalDifference=-3: Relationship[5711]
Processing entry 2856 of 4135
2007-03-24 LTU:FRA -1
Node for team LTU already exists: Node[85]
Node for team FRA already exists: Node[0]
Created relationship LTU->FRA with date=2007-03-24 and goalDifference=-1: Relationship[5712]
Created relationship FRA->LTU with date=2007-03-24 and goalDifference=-1: Relationship[5713]
Processing entry 2857 of 4135
2007-03-24 LUX:BLR -1
Node for team LUX already exists: Node[44]
Node for team BLR already exists: Node[80]
Created relationship LUX->BLR with date=2007-03-24 and goalDifference=-1: Relationship[5714]
Created relationship BLR->LUX with date=2007-03-24 and goalDifference=-1: Relationship[5715]
Processing entry 2858 of 4135
2007-03-24 MDA:MLT 0
Node for team MDA already exists: Node[77]
Node for team MLT already exists: Node[42]
Created relationship MDA->MLT with date=2007-03-24 and goalDifference=0: Relationship[5716]
Created relationship MLT->MDA with date=2007-03-24 and goalDifference=0: Relationship[5717]
Processing entry 2859 of 4135
2007-03-24 NLD:ROU 0
Node for team NLD already exists: Node[15]
Node for team ROU already exists: Node[4]
Created relationship NLD->ROU with date=2007-03-24 and goalDifference=0: Relationship[5718]
Created relationship ROU->NLD with date=2007-03-24 and goalDifference=0: Relationship[5719]
Processing entry 2860 of 4135
2007-03-24 NOR:BIH -1
Node for team NOR already exists: Node[26]
Node for team BIH already exists: Node[91]
Created relationship NOR->BIH with date=2007-03-24 and goalDifference=-1: Relationship[5720]
Created relationship BIH->NOR with date=2007-03-24 and goalDifference=-1: Relationship[5721]
Processing entry 2861 of 4135
2007-03-24 POL:AZE 5
Node for team POL already exists: Node[23]
Node for team AZE already exists: Node[81]
Created relationship POL->AZE with date=2007-03-24 and goalDifference=5: Relationship[5722]
Created relationship AZE->POL with date=2007-03-24 and goalDifference=5: Relationship[5723]
Processing entry 2862 of 4135
2007-03-24 PRT:BEL 4
Node for team PRT already exists: Node[38]
Node for team BEL already exists: Node[3]
Created relationship PRT->BEL with date=2007-03-24 and goalDifference=4: Relationship[5724]
Created relationship BEL->PRT with date=2007-03-24 and goalDifference=4: Relationship[5725]
Processing entry 2863 of 4135
2007-03-24 SCO:GEO 1
Node for team SCO already exists: Node[28]
Node for team GEO already exists: Node[76]
Created relationship SCO->GEO with date=2007-03-24 and goalDifference=1: Relationship[5726]
Created relationship GEO->SCO with date=2007-03-24 and goalDifference=1: Relationship[5727]
Processing entry 2864 of 4135
2007-03-28 AND:ENG -3
Node for team AND already exists: Node[92]
Node for team ENG already exists: Node[27]
Created relationship AND->ENG with date=2007-03-28 and goalDifference=-3: Relationship[5728]
Created relationship ENG->AND with date=2007-03-28 and goalDifference=-3: Relationship[5729]
Processing entry 2865 of 4135
2007-03-28 AZE:FIN 1
Node for team AZE already exists: Node[81]
Node for team FIN already exists: Node[46]
Created relationship AZE->FIN with date=2007-03-28 and goalDifference=1: Relationship[5730]
Created relationship FIN->AZE with date=2007-03-28 and goalDifference=1: Relationship[5731]
Processing entry 2866 of 4135
2007-03-28 BGR:ALB 0
Node for team BGR already exists: Node[36]
Node for team ALB already exists: Node[41]
Created relationship BGR->ALB with date=2007-03-28 and goalDifference=0: Relationship[5732]
Created relationship ALB->BGR with date=2007-03-28 and goalDifference=0: Relationship[5733]
Processing entry 2867 of 4135
2007-03-28 CZE:CYP 1
Node for team CZE already exists: Node[74]
Node for team CYP already exists: Node[47]
Created relationship CZE->CYP with date=2007-03-28 and goalDifference=1: Relationship[5734]
Created relationship CYP->CZE with date=2007-03-28 and goalDifference=1: Relationship[5735]
Processing entry 2868 of 4135
2007-03-28 ESP:ISL 1
Node for team ESP already exists: Node[18]
Node for team ISL already exists: Node[43]
Created relationship ESP->ISL with date=2007-03-28 and goalDifference=1: Relationship[5736]
Created relationship ISL->ESP with date=2007-03-28 and goalDifference=1: Relationship[5737]
Processing entry 2869 of 4135
2007-03-28 GEO:FRO 2
Node for team GEO already exists: Node[76]
Node for team FRO already exists: Node[66]
Created relationship GEO->FRO with date=2007-03-28 and goalDifference=2: Relationship[5738]
Created relationship FRO->GEO with date=2007-03-28 and goalDifference=2: Relationship[5739]
Processing entry 2870 of 4135
2007-03-28 HUN:MDA 2
Node for team HUN already exists: Node[19]
Node for team MDA already exists: Node[77]
Created relationship HUN->MDA with date=2007-03-28 and goalDifference=2: Relationship[5740]
Created relationship MDA->HUN with date=2007-03-28 and goalDifference=2: Relationship[5741]
Processing entry 2871 of 4135
2007-03-28 IRL:SVK 1
Node for team IRL already exists: Node[35]
Node for team SVK already exists: Node[82]
Created relationship IRL->SVK with date=2007-03-28 and goalDifference=1: Relationship[5742]
Created relationship SVK->IRL with date=2007-03-28 and goalDifference=1: Relationship[5743]
Processing entry 2872 of 4135
2007-03-28 ISR:EST 4
Node for team ISR already exists: Node[48]
Node for team EST already exists: Node[72]
Created relationship ISR->EST with date=2007-03-28 and goalDifference=4: Relationship[5744]
Created relationship EST->ISR with date=2007-03-28 and goalDifference=4: Relationship[5745]
Processing entry 2873 of 4135
2007-03-28 ITA:SCO 2
Node for team ITA already exists: Node[21]
Node for team SCO already exists: Node[28]
Created relationship ITA->SCO with date=2007-03-28 and goalDifference=2: Relationship[5746]
Created relationship SCO->ITA with date=2007-03-28 and goalDifference=2: Relationship[5747]
Processing entry 2874 of 4135
2007-03-28 LIE:LVA 1
Node for team LIE already exists: Node[69]
Node for team LVA already exists: Node[78]
Created relationship LIE->LVA with date=2007-03-28 and goalDifference=1: Relationship[5748]
Created relationship LVA->LIE with date=2007-03-28 and goalDifference=1: Relationship[5749]
Processing entry 2875 of 4135
2007-03-28 MLT:GRC -1
Node for team MLT already exists: Node[42]
Node for team GRC already exists: Node[34]
Created relationship MLT->GRC with date=2007-03-28 and goalDifference=-1: Relationship[5750]
Created relationship GRC->MLT with date=2007-03-28 and goalDifference=-1: Relationship[5751]
Processing entry 2876 of 4135
2007-03-28 NIR:SWE 1
Node for team NIR already exists: Node[32]
Node for team SWE already exists: Node[22]
Created relationship NIR->SWE with date=2007-03-28 and goalDifference=1: Relationship[5752]
Created relationship SWE->NIR with date=2007-03-28 and goalDifference=1: Relationship[5753]
Processing entry 2877 of 4135
2007-03-28 POL:ARM 1
Node for team POL already exists: Node[23]
Node for team ARM already exists: Node[75]
Created relationship POL->ARM with date=2007-03-28 and goalDifference=1: Relationship[5754]
Created relationship ARM->POL with date=2007-03-28 and goalDifference=1: Relationship[5755]
Processing entry 2878 of 4135
2007-03-28 ROU:LUX 3
Node for team ROU already exists: Node[4]
Node for team LUX already exists: Node[44]
Created relationship ROU->LUX with date=2007-03-28 and goalDifference=3: Relationship[5756]
Created relationship LUX->ROU with date=2007-03-28 and goalDifference=3: Relationship[5757]
Processing entry 2879 of 4135
2007-03-28 SRB:PRT 0
Node for team SRB already exists: Node[122]
Node for team PRT already exists: Node[38]
Created relationship SRB->PRT with date=2007-03-28 and goalDifference=0: Relationship[5758]
Created relationship PRT->SRB with date=2007-03-28 and goalDifference=0: Relationship[5759]
Processing entry 2880 of 4135
2007-03-28 SVN:NLD -1
Node for team SVN already exists: Node[83]
Node for team NLD already exists: Node[15]
Created relationship SVN->NLD with date=2007-03-28 and goalDifference=-1: Relationship[5760]
Created relationship NLD->SVN with date=2007-03-28 and goalDifference=-1: Relationship[5761]
Processing entry 2881 of 4135
2007-03-28 TUR:NOR 0
Node for team TUR already exists: Node[29]
Node for team NOR already exists: Node[26]
Created relationship TUR->NOR with date=2007-03-28 and goalDifference=0: Relationship[5762]
Created relationship NOR->TUR with date=2007-03-28 and goalDifference=0: Relationship[5763]
Processing entry 2882 of 4135
2007-03-28 UKR:LTU 1
Node for team UKR already exists: Node[84]
Node for team LTU already exists: Node[85]
Created relationship UKR->LTU with date=2007-03-28 and goalDifference=1: Relationship[5764]
Created relationship LTU->UKR with date=2007-03-28 and goalDifference=1: Relationship[5765]
Processing entry 2883 of 4135
2007-03-28 WAL:SMR 3
Node for team WAL already exists: Node[31]
Node for team SMR already exists: Node[67]
Created relationship WAL->SMR with date=2007-03-28 and goalDifference=3: Relationship[5766]
Created relationship SMR->WAL with date=2007-03-28 and goalDifference=3: Relationship[5767]
Processing entry 2884 of 4135
2007-06-02 ALB:LUX 2
Node for team ALB already exists: Node[41]
Node for team LUX already exists: Node[44]
Created relationship ALB->LUX with date=2007-06-02 and goalDifference=2: Relationship[5768]
Created relationship LUX->ALB with date=2007-06-02 and goalDifference=2: Relationship[5769]
Processing entry 2885 of 4135
2007-06-02 AZE:POL -2
Node for team AZE already exists: Node[81]
Node for team POL already exists: Node[23]
Created relationship AZE->POL with date=2007-06-02 and goalDifference=-2: Relationship[5770]
Created relationship POL->AZE with date=2007-06-02 and goalDifference=-2: Relationship[5771]
Processing entry 2886 of 4135
2007-06-02 BEL:PRT -1
Node for team BEL already exists: Node[3]
Node for team PRT already exists: Node[38]
Created relationship BEL->PRT with date=2007-06-02 and goalDifference=-1: Relationship[5772]
Created relationship PRT->BEL with date=2007-06-02 and goalDifference=-1: Relationship[5773]
Processing entry 2887 of 4135
2007-06-02 BIH:TUR 1
Node for team BIH already exists: Node[91]
Node for team TUR already exists: Node[29]
Created relationship BIH->TUR with date=2007-06-02 and goalDifference=1: Relationship[5774]
Created relationship TUR->BIH with date=2007-06-02 and goalDifference=1: Relationship[5775]
Processing entry 2888 of 4135
2007-06-02 BLR:BGR -2
Node for team BLR already exists: Node[80]
Node for team BGR already exists: Node[36]
Created relationship BLR->BGR with date=2007-06-02 and goalDifference=-2: Relationship[5776]
Created relationship BGR->BLR with date=2007-06-02 and goalDifference=-2: Relationship[5777]
Processing entry 2889 of 4135
2007-06-02 DEU:SMR 6
Node for team DEU already exists: Node[17]
Node for team SMR already exists: Node[67]
Created relationship DEU->SMR with date=2007-06-02 and goalDifference=6: Relationship[5778]
Created relationship SMR->DEU with date=2007-06-02 and goalDifference=6: Relationship[5779]
Processing entry 2890 of 4135
2007-06-02 DNK:SWE -3
Node for team DNK already exists: Node[39]
Node for team SWE already exists: Node[22]
Created relationship DNK->SWE with date=2007-06-02 and goalDifference=-3: Relationship[5780]
Created relationship SWE->DNK with date=2007-06-02 and goalDifference=-3: Relationship[5781]
Processing entry 2891 of 4135
2007-06-02 EST:HRV -1
Node for team EST already exists: Node[72]
Node for team HRV already exists: Node[73]
Created relationship EST->HRV with date=2007-06-02 and goalDifference=-1: Relationship[5782]
Created relationship HRV->EST with date=2007-06-02 and goalDifference=-1: Relationship[5783]
Processing entry 2892 of 4135
2007-06-02 FIN:SRB -2
Node for team FIN already exists: Node[46]
Node for team SRB already exists: Node[122]
Created relationship FIN->SRB with date=2007-06-02 and goalDifference=-2: Relationship[5784]
Created relationship SRB->FIN with date=2007-06-02 and goalDifference=-2: Relationship[5785]
Processing entry 2893 of 4135
2007-06-02 FRA:UKR 2
Node for team FRA already exists: Node[0]
Node for team UKR already exists: Node[84]
Created relationship FRA->UKR with date=2007-06-02 and goalDifference=2: Relationship[5786]
Created relationship UKR->FRA with date=2007-06-02 and goalDifference=2: Relationship[5787]
Processing entry 2894 of 4135
2007-06-02 FRO:ITA -1
Node for team FRO already exists: Node[66]
Node for team ITA already exists: Node[21]
Created relationship FRO->ITA with date=2007-06-02 and goalDifference=-1: Relationship[5788]
Created relationship ITA->FRO with date=2007-06-02 and goalDifference=-1: Relationship[5789]
Processing entry 2895 of 4135
2007-06-02 GRC:HUN 2
Node for team GRC already exists: Node[34]
Node for team HUN already exists: Node[19]
Created relationship GRC->HUN with date=2007-06-02 and goalDifference=2: Relationship[5790]
Created relationship HUN->GRC with date=2007-06-02 and goalDifference=2: Relationship[5791]
Processing entry 2896 of 4135
2007-06-02 ISL:LIE 0
Node for team ISL already exists: Node[43]
Node for team LIE already exists: Node[69]
Created relationship ISL->LIE with date=2007-06-02 and goalDifference=0: Relationship[5792]
Created relationship LIE->ISL with date=2007-06-02 and goalDifference=0: Relationship[5793]
Processing entry 2897 of 4135
2007-06-02 KAZ:ARM -1
Node for team KAZ already exists: Node[118]
Node for team ARM already exists: Node[75]
Created relationship KAZ->ARM with date=2007-06-02 and goalDifference=-1: Relationship[5794]
Created relationship ARM->KAZ with date=2007-06-02 and goalDifference=-1: Relationship[5795]
Processing entry 2898 of 4135
2007-06-02 LTU:GEO 1
Node for team LTU already exists: Node[85]
Node for team GEO already exists: Node[76]
Created relationship LTU->GEO with date=2007-06-02 and goalDifference=1: Relationship[5796]
Created relationship GEO->LTU with date=2007-06-02 and goalDifference=1: Relationship[5797]
Processing entry 2899 of 4135
2007-06-02 LVA:ESP -2
Node for team LVA already exists: Node[78]
Node for team ESP already exists: Node[18]
Created relationship LVA->ESP with date=2007-06-02 and goalDifference=-2: Relationship[5798]
Created relationship ESP->LVA with date=2007-06-02 and goalDifference=-2: Relationship[5799]
Processing entry 2900 of 4135
2007-06-02 MKD:ISR -1
Node for team MKD already exists: Node[79]
Node for team ISR already exists: Node[48]
Created relationship MKD->ISR with date=2007-06-02 and goalDifference=-1: Relationship[5800]
Created relationship ISR->MKD with date=2007-06-02 and goalDifference=-1: Relationship[5801]
Processing entry 2901 of 4135
2007-06-02 NOR:MLT 4
Node for team NOR already exists: Node[26]
Node for team MLT already exists: Node[42]
Created relationship NOR->MLT with date=2007-06-02 and goalDifference=4: Relationship[5802]
Created relationship MLT->NOR with date=2007-06-02 and goalDifference=4: Relationship[5803]
Processing entry 2902 of 4135
2007-06-02 RUS:AND 4
Node for team RUS already exists: Node[70]
Node for team AND already exists: Node[92]
Created relationship RUS->AND with date=2007-06-02 and goalDifference=4: Relationship[5804]
Created relationship AND->RUS with date=2007-06-02 and goalDifference=4: Relationship[5805]
Processing entry 2903 of 4135
2007-06-02 SVN:ROU -1
Node for team SVN already exists: Node[83]
Node for team ROU already exists: Node[4]
Created relationship SVN->ROU with date=2007-06-02 and goalDifference=-1: Relationship[5806]
Created relationship ROU->SVN with date=2007-06-02 and goalDifference=-1: Relationship[5807]
Processing entry 2904 of 4135
2007-06-02 WAL:CZE 0
Node for team WAL already exists: Node[31]
Node for team CZE already exists: Node[74]
Created relationship WAL->CZE with date=2007-06-02 and goalDifference=0: Relationship[5808]
Created relationship CZE->WAL with date=2007-06-02 and goalDifference=0: Relationship[5809]
Processing entry 2905 of 4135
2007-06-06 AND:ISR -2
Node for team AND already exists: Node[92]
Node for team ISR already exists: Node[48]
Created relationship AND->ISR with date=2007-06-06 and goalDifference=-2: Relationship[5810]
Created relationship ISR->AND with date=2007-06-06 and goalDifference=-2: Relationship[5811]
Processing entry 2906 of 4135
2007-06-06 ARM:POL 1
Node for team ARM already exists: Node[75]
Node for team POL already exists: Node[23]
Created relationship ARM->POL with date=2007-06-06 and goalDifference=1: Relationship[5812]
Created relationship POL->ARM with date=2007-06-06 and goalDifference=1: Relationship[5813]
Processing entry 2907 of 4135
2007-06-06 BGR:BLR 1
Node for team BGR already exists: Node[36]
Node for team BLR already exists: Node[80]
Created relationship BGR->BLR with date=2007-06-06 and goalDifference=1: Relationship[5814]
Created relationship BLR->BGR with date=2007-06-06 and goalDifference=1: Relationship[5815]
Processing entry 2908 of 4135
2007-06-06 BIH:MLT 1
Node for team BIH already exists: Node[91]
Node for team MLT already exists: Node[42]
Created relationship BIH->MLT with date=2007-06-06 and goalDifference=1: Relationship[5816]
Created relationship MLT->BIH with date=2007-06-06 and goalDifference=1: Relationship[5817]
Processing entry 2909 of 4135
2007-06-06 CAN:CRI 1
Node for team CAN already exists: Node[61]
Node for team CRI already exists: Node[64]
Created relationship CAN->CRI with date=2007-06-06 and goalDifference=1: Relationship[5818]
Created relationship CRI->CAN with date=2007-06-06 and goalDifference=1: Relationship[5819]
Processing entry 2910 of 4135
2007-06-06 DEU:SVK 1
Node for team DEU already exists: Node[17]
Node for team SVK already exists: Node[82]
Created relationship DEU->SVK with date=2007-06-06 and goalDifference=1: Relationship[5820]
Created relationship SVK->DEU with date=2007-06-06 and goalDifference=1: Relationship[5821]
Processing entry 2911 of 4135
2007-06-06 EST:ENG -3
Node for team EST already exists: Node[72]
Node for team ENG already exists: Node[27]
Created relationship EST->ENG with date=2007-06-06 and goalDifference=-3: Relationship[5822]
Created relationship ENG->EST with date=2007-06-06 and goalDifference=-3: Relationship[5823]
Processing entry 2912 of 4135
2007-06-06 FIN:BEL 2
Node for team FIN already exists: Node[46]
Node for team BEL already exists: Node[3]
Created relationship FIN->BEL with date=2007-06-06 and goalDifference=2: Relationship[5824]
Created relationship BEL->FIN with date=2007-06-06 and goalDifference=2: Relationship[5825]
Processing entry 2913 of 4135
2007-06-06 FRA:GEO 1
Node for team FRA already exists: Node[0]
Node for team GEO already exists: Node[76]
Created relationship FRA->GEO with date=2007-06-06 and goalDifference=1: Relationship[5826]
Created relationship GEO->FRA with date=2007-06-06 and goalDifference=1: Relationship[5827]
Processing entry 2914 of 4135
2007-06-06 FRO:SCO -2
Node for team FRO already exists: Node[66]
Node for team SCO already exists: Node[28]
Created relationship FRO->SCO with date=2007-06-06 and goalDifference=-2: Relationship[5828]
Created relationship SCO->FRO with date=2007-06-06 and goalDifference=-2: Relationship[5829]
Processing entry 2915 of 4135
2007-06-06 GRC:MDA 1
Node for team GRC already exists: Node[34]
Node for team MDA already exists: Node[77]
Created relationship GRC->MDA with date=2007-06-06 and goalDifference=1: Relationship[5830]
Created relationship MDA->GRC with date=2007-06-06 and goalDifference=1: Relationship[5831]
Processing entry 2916 of 4135
2007-06-06 HRV:RUS 0
Node for team HRV already exists: Node[73]
Node for team RUS already exists: Node[70]
Created relationship HRV->RUS with date=2007-06-06 and goalDifference=0: Relationship[5832]
Created relationship RUS->HRV with date=2007-06-06 and goalDifference=0: Relationship[5833]
Processing entry 2917 of 4135
2007-06-06 HTI:GLP 0
Node for team HTI already exists: Node[53]
Created new node for team GLP: Node[123]
Created relationship HTI->GLP with date=2007-06-06 and goalDifference=0: Relationship[5834]
Created relationship GLP->HTI with date=2007-06-06 and goalDifference=0: Relationship[5835]
Processing entry 2918 of 4135
2007-06-06 KAZ:AZE 0
Node for team KAZ already exists: Node[118]
Node for team AZE already exists: Node[81]
Created relationship KAZ->AZE with date=2007-06-06 and goalDifference=0: Relationship[5836]
Created relationship AZE->KAZ with date=2007-06-06 and goalDifference=0: Relationship[5837]
Processing entry 2919 of 4135
2007-06-06 LIE:ESP -2
Node for team LIE already exists: Node[69]
Node for team ESP already exists: Node[18]
Created relationship LIE->ESP with date=2007-06-06 and goalDifference=-2: Relationship[5838]
Created relationship ESP->LIE with date=2007-06-06 and goalDifference=-2: Relationship[5839]
Processing entry 2920 of 4135
2007-06-06 LTU:ITA -2
Node for team LTU already exists: Node[85]
Node for team ITA already exists: Node[21]
Created relationship LTU->ITA with date=2007-06-06 and goalDifference=-2: Relationship[5840]
Created relationship ITA->LTU with date=2007-06-06 and goalDifference=-2: Relationship[5841]
Processing entry 2921 of 4135
2007-06-06 LUX:ALB -3
Node for team LUX already exists: Node[44]
Node for team ALB already exists: Node[41]
Created relationship LUX->ALB with date=2007-06-06 and goalDifference=-3: Relationship[5842]
Created relationship ALB->LUX with date=2007-06-06 and goalDifference=-3: Relationship[5843]
Processing entry 2922 of 4135
2007-06-06 LVA:DNK -2
Node for team LVA already exists: Node[78]
Node for team DNK already exists: Node[39]
Created relationship LVA->DNK with date=2007-06-06 and goalDifference=-2: Relationship[5844]
Created relationship DNK->LVA with date=2007-06-06 and goalDifference=-2: Relationship[5845]
Processing entry 2923 of 4135
2007-06-06 NOR:HUN 4
Node for team NOR already exists: Node[26]
Node for team HUN already exists: Node[19]
Created relationship NOR->HUN with date=2007-06-06 and goalDifference=4: Relationship[5846]
Created relationship HUN->NOR with date=2007-06-06 and goalDifference=4: Relationship[5847]
Processing entry 2924 of 4135
2007-06-06 ROU:SVN 2
Node for team ROU already exists: Node[4]
Node for team SVN already exists: Node[83]
Created relationship ROU->SVN with date=2007-06-06 and goalDifference=2: Relationship[5848]
Created relationship SVN->ROU with date=2007-06-06 and goalDifference=2: Relationship[5849]
Processing entry 2925 of 4135
2007-06-06 SWE:ISL 5
Node for team SWE already exists: Node[22]
Node for team ISL already exists: Node[43]
Created relationship SWE->ISL with date=2007-06-06 and goalDifference=5: Relationship[5850]
Created relationship ISL->SWE with date=2007-06-06 and goalDifference=5: Relationship[5851]
Processing entry 2926 of 4135
2007-06-07 SLV:TTO 1
Node for team SLV already exists: Node[49]
Node for team TTO already exists: Node[117]
Created relationship SLV->TTO with date=2007-06-07 and goalDifference=1: Relationship[5852]
Created relationship TTO->SLV with date=2007-06-07 and goalDifference=1: Relationship[5853]
Processing entry 2927 of 4135
2007-06-08 MEX:CUB 1
Node for team MEX already exists: Node[1]
Node for team CUB already exists: Node[24]
Created relationship MEX->CUB with date=2007-06-08 and goalDifference=1: Relationship[5854]
Created relationship CUB->MEX with date=2007-06-08 and goalDifference=1: Relationship[5855]
Processing entry 2928 of 4135
2007-06-09 GTM:SLV 1
Node for team GTM already exists: Node[119]
Node for team SLV already exists: Node[49]
Created relationship GTM->SLV with date=2007-06-09 and goalDifference=1: Relationship[5856]
Created relationship SLV->GTM with date=2007-06-09 and goalDifference=1: Relationship[5857]
Processing entry 2929 of 4135
2007-06-09 HTI:CRI 0
Node for team HTI already exists: Node[53]
Node for team CRI already exists: Node[64]
Created relationship HTI->CRI with date=2007-06-09 and goalDifference=0: Relationship[5858]
Created relationship CRI->HTI with date=2007-06-09 and goalDifference=0: Relationship[5859]
Processing entry 2930 of 4135
2007-06-09 USA:TTO 2
Node for team USA already exists: Node[2]
Node for team TTO already exists: Node[117]
Created relationship USA->TTO with date=2007-06-09 and goalDifference=2: Relationship[5860]
Created relationship TTO->USA with date=2007-06-09 and goalDifference=2: Relationship[5861]
Processing entry 2931 of 4135
2007-06-10 HND:MEX 1
Node for team HND already exists: Node[59]
Node for team MEX already exists: Node[1]
Created relationship HND->MEX with date=2007-06-10 and goalDifference=1: Relationship[5862]
Created relationship MEX->HND with date=2007-06-10 and goalDifference=1: Relationship[5863]
Processing entry 2932 of 4135
2007-06-11 GLP:CRI -1
Node for team GLP already exists: Node[123]
Node for team CRI already exists: Node[64]
Created relationship GLP->CRI with date=2007-06-11 and goalDifference=-1: Relationship[5864]
Created relationship CRI->GLP with date=2007-06-11 and goalDifference=-1: Relationship[5865]
Processing entry 2933 of 4135
2007-06-11 HTI:CAN -2
Node for team HTI already exists: Node[53]
Node for team CAN already exists: Node[61]
Created relationship HTI->CAN with date=2007-06-11 and goalDifference=-2: Relationship[5866]
Created relationship CAN->HTI with date=2007-06-11 and goalDifference=-2: Relationship[5867]
Processing entry 2934 of 4135
2007-06-12 GTM:TTO 0
Node for team GTM already exists: Node[119]
Node for team TTO already exists: Node[117]
Created relationship GTM->TTO with date=2007-06-12 and goalDifference=0: Relationship[5868]
Created relationship TTO->GTM with date=2007-06-12 and goalDifference=0: Relationship[5869]
Processing entry 2935 of 4135
2007-06-12 USA:SLV 4
Node for team USA already exists: Node[2]
Node for team SLV already exists: Node[49]
Created relationship USA->SLV with date=2007-06-12 and goalDifference=4: Relationship[5870]
Created relationship SLV->USA with date=2007-06-12 and goalDifference=4: Relationship[5871]
Processing entry 2936 of 4135
2007-06-16 CAN:GTM 3
Node for team CAN already exists: Node[61]
Node for team GTM already exists: Node[119]
Created relationship CAN->GTM with date=2007-06-16 and goalDifference=3: Relationship[5872]
Created relationship GTM->CAN with date=2007-06-16 and goalDifference=3: Relationship[5873]
Processing entry 2937 of 4135
2007-06-16 USA:PAN 1
Node for team USA already exists: Node[2]
Node for team PAN already exists: Node[111]
Created relationship USA->PAN with date=2007-06-16 and goalDifference=1: Relationship[5874]
Created relationship PAN->USA with date=2007-06-16 and goalDifference=1: Relationship[5875]
Processing entry 2938 of 4135
2007-06-17 CRI:MEX -1
Node for team CRI already exists: Node[64]
Node for team MEX already exists: Node[1]
Created relationship CRI->MEX with date=2007-06-17 and goalDifference=-1: Relationship[5876]
Created relationship MEX->CRI with date=2007-06-17 and goalDifference=-1: Relationship[5877]
Processing entry 2939 of 4135
2007-06-17 HND:GLP -1
Node for team HND already exists: Node[59]
Node for team GLP already exists: Node[123]
Created relationship HND->GLP with date=2007-06-17 and goalDifference=-1: Relationship[5878]
Created relationship GLP->HND with date=2007-06-17 and goalDifference=-1: Relationship[5879]
Processing entry 2940 of 4135
2007-06-21 CAN:USA -1
Node for team CAN already exists: Node[61]
Node for team USA already exists: Node[2]
Created relationship CAN->USA with date=2007-06-21 and goalDifference=-1: Relationship[5880]
Created relationship USA->CAN with date=2007-06-21 and goalDifference=-1: Relationship[5881]
Processing entry 2941 of 4135
2007-06-21 GLP:MEX -1
Node for team GLP already exists: Node[123]
Node for team MEX already exists: Node[1]
Created relationship GLP->MEX with date=2007-06-21 and goalDifference=-1: Relationship[5882]
Created relationship MEX->GLP with date=2007-06-21 and goalDifference=-1: Relationship[5883]
Processing entry 2942 of 4135
2007-06-24 USA:MEX 1
Node for team USA already exists: Node[2]
Node for team MEX already exists: Node[1]
Created relationship USA->MEX with date=2007-06-24 and goalDifference=1: Relationship[5884]
Created relationship MEX->USA with date=2007-06-24 and goalDifference=1: Relationship[5885]
Processing entry 2943 of 4135
2007-06-27 URY:PER -3
Node for team URY already exists: Node[12]
Node for team PER already exists: Node[5]
Created relationship URY->PER with date=2007-06-27 and goalDifference=-3: Relationship[5886]
Created relationship PER->URY with date=2007-06-27 and goalDifference=-3: Relationship[5887]
Processing entry 2944 of 4135
2007-06-27 VEN:BOL 0
Node for team VEN already exists: Node[110]
Node for team BOL already exists: Node[11]
Created relationship VEN->BOL with date=2007-06-27 and goalDifference=0: Relationship[5888]
Created relationship BOL->VEN with date=2007-06-27 and goalDifference=0: Relationship[5889]
Processing entry 2945 of 4135
2007-06-28 BRA:MEX -2
Node for team BRA already exists: Node[7]
Node for team MEX already exists: Node[1]
Created relationship BRA->MEX with date=2007-06-28 and goalDifference=-2: Relationship[5890]
Created relationship MEX->BRA with date=2007-06-28 and goalDifference=-2: Relationship[5891]
Processing entry 2946 of 4135
2007-06-28 ECU:CHL -1
Node for team ECU already exists: Node[98]
Node for team CHL already exists: Node[9]
Created relationship ECU->CHL with date=2007-06-28 and goalDifference=-1: Relationship[5892]
Created relationship CHL->ECU with date=2007-06-28 and goalDifference=-1: Relationship[5893]
Processing entry 2947 of 4135
2007-06-29 ARG:USA 3
Node for team ARG already exists: Node[8]
Node for team USA already exists: Node[2]
Created relationship ARG->USA with date=2007-06-29 and goalDifference=3: Relationship[5894]
Created relationship USA->ARG with date=2007-06-29 and goalDifference=3: Relationship[5895]
Processing entry 2948 of 4135
2007-06-29 PRY:COL 5
Node for team PRY already exists: Node[10]
Node for team COL already exists: Node[40]
Created relationship PRY->COL with date=2007-06-29 and goalDifference=5: Relationship[5896]
Created relationship COL->PRY with date=2007-06-29 and goalDifference=5: Relationship[5897]
Processing entry 2949 of 4135
2007-06-30 BOL:URY -1
Node for team BOL already exists: Node[11]
Node for team URY already exists: Node[12]
Created relationship BOL->URY with date=2007-06-30 and goalDifference=-1: Relationship[5898]
Created relationship URY->BOL with date=2007-06-30 and goalDifference=-1: Relationship[5899]
Processing entry 2950 of 4135
2007-07-01 BRA:CHL 3
Node for team BRA already exists: Node[7]
Node for team CHL already exists: Node[9]
Created relationship BRA->CHL with date=2007-07-01 and goalDifference=3: Relationship[5900]
Created relationship CHL->BRA with date=2007-07-01 and goalDifference=3: Relationship[5901]
Processing entry 2951 of 4135
2007-07-01 VEN:PER 2
Node for team VEN already exists: Node[110]
Node for team PER already exists: Node[5]
Created relationship VEN->PER with date=2007-07-01 and goalDifference=2: Relationship[5902]
Created relationship PER->VEN with date=2007-07-01 and goalDifference=2: Relationship[5903]
Processing entry 2952 of 4135
2007-07-02 MEX:ECU 1
Node for team MEX already exists: Node[1]
Node for team ECU already exists: Node[98]
Created relationship MEX->ECU with date=2007-07-02 and goalDifference=1: Relationship[5904]
Created relationship ECU->MEX with date=2007-07-02 and goalDifference=1: Relationship[5905]
Processing entry 2953 of 4135
2007-07-03 ARG:COL 2
Node for team ARG already exists: Node[8]
Node for team COL already exists: Node[40]
Created relationship ARG->COL with date=2007-07-03 and goalDifference=2: Relationship[5906]
Created relationship COL->ARG with date=2007-07-03 and goalDifference=2: Relationship[5907]
Processing entry 2954 of 4135
2007-07-03 USA:PRY -2
Node for team USA already exists: Node[2]
Node for team PRY already exists: Node[10]
Created relationship USA->PRY with date=2007-07-03 and goalDifference=-2: Relationship[5908]
Created relationship PRY->USA with date=2007-07-03 and goalDifference=-2: Relationship[5909]
Processing entry 2955 of 4135
2007-07-04 PER:BOL 0
Node for team PER already exists: Node[5]
Node for team BOL already exists: Node[11]
Created relationship PER->BOL with date=2007-07-04 and goalDifference=0: Relationship[5910]
Created relationship BOL->PER with date=2007-07-04 and goalDifference=0: Relationship[5911]
Processing entry 2956 of 4135
2007-07-04 VEN:URY 0
Node for team VEN already exists: Node[110]
Node for team URY already exists: Node[12]
Created relationship VEN->URY with date=2007-07-04 and goalDifference=0: Relationship[5912]
Created relationship URY->VEN with date=2007-07-04 and goalDifference=0: Relationship[5913]
Processing entry 2957 of 4135
2007-07-05 BRA:ECU 1
Node for team BRA already exists: Node[7]
Node for team ECU already exists: Node[98]
Created relationship BRA->ECU with date=2007-07-05 and goalDifference=1: Relationship[5914]
Created relationship ECU->BRA with date=2007-07-05 and goalDifference=1: Relationship[5915]
Processing entry 2958 of 4135
2007-07-05 MEX:CHL 0
Node for team MEX already exists: Node[1]
Node for team CHL already exists: Node[9]
Created relationship MEX->CHL with date=2007-07-05 and goalDifference=0: Relationship[5916]
Created relationship CHL->MEX with date=2007-07-05 and goalDifference=0: Relationship[5917]
Processing entry 2959 of 4135
2007-07-06 ARG:PRY 1
Node for team ARG already exists: Node[8]
Node for team PRY already exists: Node[10]
Created relationship ARG->PRY with date=2007-07-06 and goalDifference=1: Relationship[5918]
Created relationship PRY->ARG with date=2007-07-06 and goalDifference=1: Relationship[5919]
Processing entry 2960 of 4135
2007-07-06 COL:USA 1
Node for team COL already exists: Node[40]
Node for team USA already exists: Node[2]
Created relationship COL->USA with date=2007-07-06 and goalDifference=1: Relationship[5920]
Created relationship USA->COL with date=2007-07-06 and goalDifference=1: Relationship[5921]
Processing entry 2961 of 4135
2007-07-07 THA:IRQ 0
Created new node for team THA: Node[124]
Node for team IRQ already exists: Node[62]
Created relationship THA->IRQ with date=2007-07-07 and goalDifference=0: Relationship[5922]
Created relationship IRQ->THA with date=2007-07-07 and goalDifference=0: Relationship[5923]
Processing entry 2962 of 4135
2007-07-08 AUS:OMN 0
Node for team AUS already exists: Node[52]
Created new node for team OMN: Node[125]
Created relationship AUS->OMN with date=2007-07-08 and goalDifference=0: Relationship[5924]
Created relationship OMN->AUS with date=2007-07-08 and goalDifference=0: Relationship[5925]
Processing entry 2963 of 4135
2007-07-08 CHL:BRA -5
Node for team CHL already exists: Node[9]
Node for team BRA already exists: Node[7]
Created relationship CHL->BRA with date=2007-07-08 and goalDifference=-5: Relationship[5926]
Created relationship BRA->CHL with date=2007-07-08 and goalDifference=-5: Relationship[5927]
Processing entry 2964 of 4135
2007-07-08 MEX:PRY 6
Node for team MEX already exists: Node[1]
Node for team PRY already exists: Node[10]
Created relationship MEX->PRY with date=2007-07-08 and goalDifference=6: Relationship[5928]
Created relationship PRY->MEX with date=2007-07-08 and goalDifference=6: Relationship[5929]
Processing entry 2965 of 4135
2007-07-08 VEN:URY -3
Node for team VEN already exists: Node[110]
Node for team URY already exists: Node[12]
Created relationship VEN->URY with date=2007-07-08 and goalDifference=-3: Relationship[5930]
Created relationship URY->VEN with date=2007-07-08 and goalDifference=-3: Relationship[5931]
Processing entry 2966 of 4135
2007-07-08 VNM:ARE 2
Created new node for team VNM: Node[126]
Node for team ARE already exists: Node[63]
Created relationship VNM->ARE with date=2007-07-08 and goalDifference=2: Relationship[5932]
Created relationship ARE->VNM with date=2007-07-08 and goalDifference=2: Relationship[5933]
Processing entry 2967 of 4135
2007-07-09 ARG:PER 4
Node for team ARG already exists: Node[8]
Node for team PER already exists: Node[5]
Created relationship ARG->PER with date=2007-07-09 and goalDifference=4: Relationship[5934]
Created relationship PER->ARG with date=2007-07-09 and goalDifference=4: Relationship[5935]
Processing entry 2968 of 4135
2007-07-09 JPN:QAT 0
Node for team JPN already exists: Node[86]
Created new node for team QAT: Node[127]
Created relationship JPN->QAT with date=2007-07-09 and goalDifference=0: Relationship[5936]
Created relationship QAT->JPN with date=2007-07-09 and goalDifference=0: Relationship[5937]
Processing entry 2969 of 4135
2007-07-10 IDN:BHR 1
Created new node for team IDN: Node[128]
Created new node for team BHR: Node[129]
Created relationship IDN->BHR with date=2007-07-10 and goalDifference=1: Relationship[5938]
Created relationship BHR->IDN with date=2007-07-10 and goalDifference=1: Relationship[5939]
Processing entry 2970 of 4135
2007-07-10 MYS:CHN -4
Created new node for team MYS: Node[130]
Node for team CHN already exists: Node[99]
Created relationship MYS->CHN with date=2007-07-10 and goalDifference=-4: Relationship[5940]
Created relationship CHN->MYS with date=2007-07-10 and goalDifference=-4: Relationship[5941]
Processing entry 2971 of 4135
2007-07-11 IRN:UZB 1
Node for team IRN already exists: Node[55]
Created new node for team UZB: Node[131]
Created relationship IRN->UZB with date=2007-07-11 and goalDifference=1: Relationship[5942]
Created relationship UZB->IRN with date=2007-07-11 and goalDifference=1: Relationship[5943]
Processing entry 2972 of 4135
2007-07-11 KOR:SAU 0
Node for team KOR already exists: Node[30]
Node for team SAU already exists: Node[68]
Created relationship KOR->SAU with date=2007-07-11 and goalDifference=0: Relationship[5944]
Created relationship SAU->KOR with date=2007-07-11 and goalDifference=0: Relationship[5945]
Processing entry 2973 of 4135
2007-07-11 URY:BRA 0
Node for team URY already exists: Node[12]
Node for team BRA already exists: Node[7]
Created relationship URY->BRA with date=2007-07-11 and goalDifference=0: Relationship[5946]
Created relationship BRA->URY with date=2007-07-11 and goalDifference=0: Relationship[5947]
Processing entry 2974 of 4135
2007-07-12 MEX:ARG -3
Node for team MEX already exists: Node[1]
Node for team ARG already exists: Node[8]
Created relationship MEX->ARG with date=2007-07-12 and goalDifference=-3: Relationship[5948]
Created relationship ARG->MEX with date=2007-07-12 and goalDifference=-3: Relationship[5949]
Processing entry 2975 of 4135
2007-07-12 OMN:THA -2
Node for team OMN already exists: Node[125]
Node for team THA already exists: Node[124]
Created relationship OMN->THA with date=2007-07-12 and goalDifference=-2: Relationship[5950]
Created relationship THA->OMN with date=2007-07-12 and goalDifference=-2: Relationship[5951]
Processing entry 2976 of 4135
2007-07-12 QAT:VNM 0
Node for team QAT already exists: Node[127]
Node for team VNM already exists: Node[126]
Created relationship QAT->VNM with date=2007-07-12 and goalDifference=0: Relationship[5952]
Created relationship VNM->QAT with date=2007-07-12 and goalDifference=0: Relationship[5953]
Processing entry 2977 of 4135
2007-07-13 ARE:JPN -2
Node for team ARE already exists: Node[63]
Node for team JPN already exists: Node[86]
Created relationship ARE->JPN with date=2007-07-13 and goalDifference=-2: Relationship[5954]
Created relationship JPN->ARE with date=2007-07-13 and goalDifference=-2: Relationship[5955]
Processing entry 2978 of 4135
2007-07-13 IRQ:AUS 2
Node for team IRQ already exists: Node[62]
Node for team AUS already exists: Node[52]
Created relationship IRQ->AUS with date=2007-07-13 and goalDifference=2: Relationship[5956]
Created relationship AUS->IRQ with date=2007-07-13 and goalDifference=2: Relationship[5957]
Processing entry 2979 of 4135
2007-07-14 SAU:IDN 1
Node for team SAU already exists: Node[68]
Node for team IDN already exists: Node[128]
Created relationship SAU->IDN with date=2007-07-14 and goalDifference=1: Relationship[5958]
Created relationship IDN->SAU with date=2007-07-14 and goalDifference=1: Relationship[5959]
Processing entry 2980 of 4135
2007-07-14 URY:MEX -2
Node for team URY already exists: Node[12]
Node for team MEX already exists: Node[1]
Created relationship URY->MEX with date=2007-07-14 and goalDifference=-2: Relationship[5960]
Created relationship MEX->URY with date=2007-07-14 and goalDifference=-2: Relationship[5961]
Processing entry 2981 of 4135
2007-07-14 UZB:MYS 5
Node for team UZB already exists: Node[131]
Node for team MYS already exists: Node[130]
Created relationship UZB->MYS with date=2007-07-14 and goalDifference=5: Relationship[5962]
Created relationship MYS->UZB with date=2007-07-14 and goalDifference=5: Relationship[5963]
Processing entry 2982 of 4135
2007-07-15 BHR:KOR 1
Node for team BHR already exists: Node[129]
Node for team KOR already exists: Node[30]
Created relationship BHR->KOR with date=2007-07-15 and goalDifference=1: Relationship[5964]
Created relationship KOR->BHR with date=2007-07-15 and goalDifference=1: Relationship[5965]
Processing entry 2983 of 4135
2007-07-15 BRA:ARG 3
Node for team BRA already exists: Node[7]
Node for team ARG already exists: Node[8]
Created relationship BRA->ARG with date=2007-07-15 and goalDifference=3: Relationship[5966]
Created relationship ARG->BRA with date=2007-07-15 and goalDifference=3: Relationship[5967]
Processing entry 2984 of 4135
2007-07-15 CHN:IRN 0
Node for team CHN already exists: Node[99]
Node for team IRN already exists: Node[55]
Created relationship CHN->IRN with date=2007-07-15 and goalDifference=0: Relationship[5968]
Created relationship IRN->CHN with date=2007-07-15 and goalDifference=0: Relationship[5969]
Processing entry 2985 of 4135
2007-07-16 OMN:IRQ 0
Node for team OMN already exists: Node[125]
Node for team IRQ already exists: Node[62]
Created relationship OMN->IRQ with date=2007-07-16 and goalDifference=0: Relationship[5970]
Created relationship IRQ->OMN with date=2007-07-16 and goalDifference=0: Relationship[5971]
Processing entry 2986 of 4135
2007-07-16 QAT:ARE -1
Node for team QAT already exists: Node[127]
Node for team ARE already exists: Node[63]
Created relationship QAT->ARE with date=2007-07-16 and goalDifference=-1: Relationship[5972]
Created relationship ARE->QAT with date=2007-07-16 and goalDifference=-1: Relationship[5973]
Processing entry 2987 of 4135
2007-07-16 THA:AUS -4
Node for team THA already exists: Node[124]
Node for team AUS already exists: Node[52]
Created relationship THA->AUS with date=2007-07-16 and goalDifference=-4: Relationship[5974]
Created relationship AUS->THA with date=2007-07-16 and goalDifference=-4: Relationship[5975]
Processing entry 2988 of 4135
2007-07-16 VNM:JPN -3
Node for team VNM already exists: Node[126]
Node for team JPN already exists: Node[86]
Created relationship VNM->JPN with date=2007-07-16 and goalDifference=-3: Relationship[5976]
Created relationship JPN->VNM with date=2007-07-16 and goalDifference=-3: Relationship[5977]
Processing entry 2989 of 4135
2007-07-18 IDN:KOR -1
Node for team IDN already exists: Node[128]
Node for team KOR already exists: Node[30]
Created relationship IDN->KOR with date=2007-07-18 and goalDifference=-1: Relationship[5978]
Created relationship KOR->IDN with date=2007-07-18 and goalDifference=-1: Relationship[5979]
Processing entry 2990 of 4135
2007-07-18 MYS:IRN -2
Node for team MYS already exists: Node[130]
Node for team IRN already exists: Node[55]
Created relationship MYS->IRN with date=2007-07-18 and goalDifference=-2: Relationship[5980]
Created relationship IRN->MYS with date=2007-07-18 and goalDifference=-2: Relationship[5981]
Processing entry 2991 of 4135
2007-07-18 SAU:BHR 4
Node for team SAU already exists: Node[68]
Node for team BHR already exists: Node[129]
Created relationship SAU->BHR with date=2007-07-18 and goalDifference=4: Relationship[5982]
Created relationship BHR->SAU with date=2007-07-18 and goalDifference=4: Relationship[5983]
Processing entry 2992 of 4135
2007-07-18 UZB:CHN 3
Node for team UZB already exists: Node[131]
Node for team CHN already exists: Node[99]
Created relationship UZB->CHN with date=2007-07-18 and goalDifference=3: Relationship[5984]
Created relationship CHN->UZB with date=2007-07-18 and goalDifference=3: Relationship[5985]
Processing entry 2993 of 4135
2007-07-21 IRQ:VNM 2
Node for team IRQ already exists: Node[62]
Node for team VNM already exists: Node[126]
Created relationship IRQ->VNM with date=2007-07-21 and goalDifference=2: Relationship[5986]
Created relationship VNM->IRQ with date=2007-07-21 and goalDifference=2: Relationship[5987]
Processing entry 2994 of 4135
2007-07-21 JPN:AUS 0
Node for team JPN already exists: Node[86]
Node for team AUS already exists: Node[52]
Created relationship JPN->AUS with date=2007-07-21 and goalDifference=0: Relationship[5988]
Created relationship AUS->JPN with date=2007-07-21 and goalDifference=0: Relationship[5989]
Processing entry 2995 of 4135
2007-07-22 IRN:KOR 0
Node for team IRN already exists: Node[55]
Node for team KOR already exists: Node[30]
Created relationship IRN->KOR with date=2007-07-22 and goalDifference=0: Relationship[5990]
Created relationship KOR->IRN with date=2007-07-22 and goalDifference=0: Relationship[5991]
Processing entry 2996 of 4135
2007-07-22 SAU:UZB 1
Node for team SAU already exists: Node[68]
Node for team UZB already exists: Node[131]
Created relationship SAU->UZB with date=2007-07-22 and goalDifference=1: Relationship[5992]
Created relationship UZB->SAU with date=2007-07-22 and goalDifference=1: Relationship[5993]
Processing entry 2997 of 4135
2007-07-25 IRQ:KOR 0
Node for team IRQ already exists: Node[62]
Node for team KOR already exists: Node[30]
Created relationship IRQ->KOR with date=2007-07-25 and goalDifference=0: Relationship[5994]
Created relationship KOR->IRQ with date=2007-07-25 and goalDifference=0: Relationship[5995]
Processing entry 2998 of 4135
2007-07-25 JPN:SAU -1
Node for team JPN already exists: Node[86]
Node for team SAU already exists: Node[68]
Created relationship JPN->SAU with date=2007-07-25 and goalDifference=-1: Relationship[5996]
Created relationship SAU->JPN with date=2007-07-25 and goalDifference=-1: Relationship[5997]
Processing entry 2999 of 4135
2007-07-28 KOR:JPN 0
Node for team KOR already exists: Node[30]
Node for team JPN already exists: Node[86]
Created relationship KOR->JPN with date=2007-07-28 and goalDifference=0: Relationship[5998]
Created relationship JPN->KOR with date=2007-07-28 and goalDifference=0: Relationship[5999]
Processing entry 3000 of 4135
2007-07-29 IRQ:SAU 1
Node for team IRQ already exists: Node[62]
Node for team SAU already exists: Node[68]
Created relationship IRQ->SAU with date=2007-07-29 and goalDifference=1: Relationship[6000]
Created relationship SAU->IRQ with date=2007-07-29 and goalDifference=1: Relationship[6001]
Processing entry 3001 of 4135
2007-08-22 ARM:PRT 0
Node for team ARM already exists: Node[75]
Node for team PRT already exists: Node[38]
Created relationship ARM->PRT with date=2007-08-22 and goalDifference=0: Relationship[6002]
Created relationship PRT->ARM with date=2007-08-22 and goalDifference=0: Relationship[6003]
Processing entry 3002 of 4135
2007-08-22 BEL:SRB 1
Node for team BEL already exists: Node[3]
Node for team SRB already exists: Node[122]
Created relationship BEL->SRB with date=2007-08-22 and goalDifference=1: Relationship[6004]
Created relationship SRB->BEL with date=2007-08-22 and goalDifference=1: Relationship[6005]
Processing entry 3003 of 4135
2007-08-22 EST:AND 1
Node for team EST already exists: Node[72]
Node for team AND already exists: Node[92]
Created relationship EST->AND with date=2007-08-22 and goalDifference=1: Relationship[6006]
Created relationship AND->EST with date=2007-08-22 and goalDifference=1: Relationship[6007]
Processing entry 3004 of 4135
2007-08-22 FIN:KAZ 1
Node for team FIN already exists: Node[46]
Node for team KAZ already exists: Node[118]
Created relationship FIN->KAZ with date=2007-08-22 and goalDifference=1: Relationship[6008]
Created relationship KAZ->FIN with date=2007-08-22 and goalDifference=1: Relationship[6009]
Processing entry 3005 of 4135
2007-08-22 NIR:LIE 2
Node for team NIR already exists: Node[32]
Node for team LIE already exists: Node[69]
Created relationship NIR->LIE with date=2007-08-22 and goalDifference=2: Relationship[6010]
Created relationship LIE->NIR with date=2007-08-22 and goalDifference=2: Relationship[6011]
Processing entry 3006 of 4135
2007-08-22 SMR:CYP -1
Node for team SMR already exists: Node[67]
Node for team CYP already exists: Node[47]
Created relationship SMR->CYP with date=2007-08-22 and goalDifference=-1: Relationship[6012]
Created relationship CYP->SMR with date=2007-08-22 and goalDifference=-1: Relationship[6013]
Processing entry 3007 of 4135
2007-09-08 BLR:ROU -2
Node for team BLR already exists: Node[80]
Node for team ROU already exists: Node[4]
Created relationship BLR->ROU with date=2007-09-08 and goalDifference=-2: Relationship[6014]
Created relationship ROU->BLR with date=2007-09-08 and goalDifference=-2: Relationship[6015]
Processing entry 3008 of 4135
2007-09-08 ENG:ISR 3
Node for team ENG already exists: Node[27]
Node for team ISR already exists: Node[48]
Created relationship ENG->ISR with date=2007-09-08 and goalDifference=3: Relationship[6016]
Created relationship ISR->ENG with date=2007-09-08 and goalDifference=3: Relationship[6017]
Processing entry 3009 of 4135
2007-09-08 GEO:UKR 0
Node for team GEO already exists: Node[76]
Node for team UKR already exists: Node[84]
Created relationship GEO->UKR with date=2007-09-08 and goalDifference=0: Relationship[6018]
Created relationship UKR->GEO with date=2007-09-08 and goalDifference=0: Relationship[6019]
Processing entry 3010 of 4135
2007-09-08 HRV:EST 2
Node for team HRV already exists: Node[73]
Node for team EST already exists: Node[72]
Created relationship HRV->EST with date=2007-09-08 and goalDifference=2: Relationship[6020]
Created relationship EST->HRV with date=2007-09-08 and goalDifference=2: Relationship[6021]
Processing entry 3011 of 4135
2007-09-08 HUN:BIH 1
Node for team HUN already exists: Node[19]
Node for team BIH already exists: Node[91]
Created relationship HUN->BIH with date=2007-09-08 and goalDifference=1: Relationship[6022]
Created relationship BIH->HUN with date=2007-09-08 and goalDifference=1: Relationship[6023]
Processing entry 3012 of 4135
2007-09-08 ISL:ESP 0
Node for team ISL already exists: Node[43]
Node for team ESP already exists: Node[18]
Created relationship ISL->ESP with date=2007-09-08 and goalDifference=0: Relationship[6024]
Created relationship ESP->ISL with date=2007-09-08 and goalDifference=0: Relationship[6025]
Processing entry 3013 of 4135
2007-09-08 ITA:FRA 0
Node for team ITA already exists: Node[21]
Node for team FRA already exists: Node[0]
Created relationship ITA->FRA with date=2007-09-08 and goalDifference=0: Relationship[6026]
Created relationship FRA->ITA with date=2007-09-08 and goalDifference=0: Relationship[6027]
Processing entry 3014 of 4135
2007-09-08 LUX:SVN -3
Node for team LUX already exists: Node[44]
Node for team SVN already exists: Node[83]
Created relationship LUX->SVN with date=2007-09-08 and goalDifference=-3: Relationship[6028]
Created relationship SVN->LUX with date=2007-09-08 and goalDifference=-3: Relationship[6029]
Processing entry 3015 of 4135
2007-09-08 LVA:NIR 1
Node for team LVA already exists: Node[78]
Node for team NIR already exists: Node[32]
Created relationship LVA->NIR with date=2007-09-08 and goalDifference=1: Relationship[6030]
Created relationship NIR->LVA with date=2007-09-08 and goalDifference=1: Relationship[6031]
Processing entry 3016 of 4135
2007-09-08 MDA:NOR -1
Node for team MDA already exists: Node[77]
Node for team NOR already exists: Node[26]
Created relationship MDA->NOR with date=2007-09-08 and goalDifference=-1: Relationship[6032]
Created relationship NOR->MDA with date=2007-09-08 and goalDifference=-1: Relationship[6033]
Processing entry 3017 of 4135
2007-09-08 MLT:TUR 0
Node for team MLT already exists: Node[42]
Node for team TUR already exists: Node[29]
Created relationship MLT->TUR with date=2007-09-08 and goalDifference=0: Relationship[6034]
Created relationship TUR->MLT with date=2007-09-08 and goalDifference=0: Relationship[6035]
Processing entry 3018 of 4135
2007-09-08 NLD:BGR 2
Node for team NLD already exists: Node[15]
Node for team BGR already exists: Node[36]
Created relationship NLD->BGR with date=2007-09-08 and goalDifference=2: Relationship[6036]
Created relationship BGR->NLD with date=2007-09-08 and goalDifference=2: Relationship[6037]
Processing entry 3019 of 4135
2007-09-08 PRT:POL 0
Node for team PRT already exists: Node[38]
Node for team POL already exists: Node[23]
Created relationship PRT->POL with date=2007-09-08 and goalDifference=0: Relationship[6038]
Created relationship POL->PRT with date=2007-09-08 and goalDifference=0: Relationship[6039]
Processing entry 3020 of 4135
2007-09-08 RUS:MKD 3
Node for team RUS already exists: Node[70]
Node for team MKD already exists: Node[79]
Created relationship RUS->MKD with date=2007-09-08 and goalDifference=3: Relationship[6040]
Created relationship MKD->RUS with date=2007-09-08 and goalDifference=3: Relationship[6041]
Processing entry 3021 of 4135
2007-09-08 SCO:LTU 2
Node for team SCO already exists: Node[28]
Node for team LTU already exists: Node[85]
Created relationship SCO->LTU with date=2007-09-08 and goalDifference=2: Relationship[6042]
Created relationship LTU->SCO with date=2007-09-08 and goalDifference=2: Relationship[6043]
Processing entry 3022 of 4135
2007-09-08 SMR:CZE -3
Node for team SMR already exists: Node[67]
Node for team CZE already exists: Node[74]
Created relationship SMR->CZE with date=2007-09-08 and goalDifference=-3: Relationship[6044]
Created relationship CZE->SMR with date=2007-09-08 and goalDifference=-3: Relationship[6045]
Processing entry 3023 of 4135
2007-09-08 SRB:FIN 0
Node for team SRB already exists: Node[122]
Node for team FIN already exists: Node[46]
Created relationship SRB->FIN with date=2007-09-08 and goalDifference=0: Relationship[6046]
Created relationship FIN->SRB with date=2007-09-08 and goalDifference=0: Relationship[6047]
Processing entry 3024 of 4135
2007-09-08 SVK:IRL 0
Node for team SVK already exists: Node[82]
Node for team IRL already exists: Node[35]
Created relationship SVK->IRL with date=2007-09-08 and goalDifference=0: Relationship[6048]
Created relationship IRL->SVK with date=2007-09-08 and goalDifference=0: Relationship[6049]
Processing entry 3025 of 4135
2007-09-08 SWE:DNK 0
Node for team SWE already exists: Node[22]
Node for team DNK already exists: Node[39]
Created relationship SWE->DNK with date=2007-09-08 and goalDifference=0: Relationship[6050]
Created relationship DNK->SWE with date=2007-09-08 and goalDifference=0: Relationship[6051]
Processing entry 3026 of 4135
2007-09-08 WAL:DEU -2
Node for team WAL already exists: Node[31]
Node for team DEU already exists: Node[17]
Created relationship WAL->DEU with date=2007-09-08 and goalDifference=-2: Relationship[6052]
Created relationship DEU->WAL with date=2007-09-08 and goalDifference=-2: Relationship[6053]
Processing entry 3027 of 4135
2007-09-12 ALB:NLD -1
Node for team ALB already exists: Node[41]
Node for team NLD already exists: Node[15]
Created relationship ALB->NLD with date=2007-09-12 and goalDifference=-1: Relationship[6054]
Created relationship NLD->ALB with date=2007-09-12 and goalDifference=-1: Relationship[6055]
Processing entry 3028 of 4135
2007-09-12 AND:HRV -6
Node for team AND already exists: Node[92]
Node for team HRV already exists: Node[73]
Created relationship AND->HRV with date=2007-09-12 and goalDifference=-6: Relationship[6056]
Created relationship HRV->AND with date=2007-09-12 and goalDifference=-6: Relationship[6057]
Processing entry 3029 of 4135
2007-09-12 BGR:LUX 3
Node for team BGR already exists: Node[36]
Node for team LUX already exists: Node[44]
Created relationship BGR->LUX with date=2007-09-12 and goalDifference=3: Relationship[6058]
Created relationship LUX->BGR with date=2007-09-12 and goalDifference=3: Relationship[6059]
Processing entry 3030 of 4135
2007-09-12 BIH:MDA -1
Node for team BIH already exists: Node[91]
Node for team MDA already exists: Node[77]
Created relationship BIH->MDA with date=2007-09-12 and goalDifference=-1: Relationship[6060]
Created relationship MDA->BIH with date=2007-09-12 and goalDifference=-1: Relationship[6061]
Processing entry 3031 of 4135
2007-09-12 CYP:SMR 3
Node for team CYP already exists: Node[47]
Node for team SMR already exists: Node[67]
Created relationship CYP->SMR with date=2007-09-12 and goalDifference=3: Relationship[6062]
Created relationship SMR->CYP with date=2007-09-12 and goalDifference=3: Relationship[6063]
Processing entry 3032 of 4135
2007-09-12 CZE:IRL 1
Node for team CZE already exists: Node[74]
Node for team IRL already exists: Node[35]
Created relationship CZE->IRL with date=2007-09-12 and goalDifference=1: Relationship[6064]
Created relationship IRL->CZE with date=2007-09-12 and goalDifference=1: Relationship[6065]
Processing entry 3033 of 4135
2007-09-12 DNK:LIE 4
Node for team DNK already exists: Node[39]
Node for team LIE already exists: Node[69]
Created relationship DNK->LIE with date=2007-09-12 and goalDifference=4: Relationship[6066]
Created relationship LIE->DNK with date=2007-09-12 and goalDifference=4: Relationship[6067]
Processing entry 3034 of 4135
2007-09-12 ENG:RUS 3
Node for team ENG already exists: Node[27]
Node for team RUS already exists: Node[70]
Created relationship ENG->RUS with date=2007-09-12 and goalDifference=3: Relationship[6068]
Created relationship RUS->ENG with date=2007-09-12 and goalDifference=3: Relationship[6069]
Processing entry 3035 of 4135
2007-09-12 ESP:LVA 2
Node for team ESP already exists: Node[18]
Node for team LVA already exists: Node[78]
Created relationship ESP->LVA with date=2007-09-12 and goalDifference=2: Relationship[6070]
Created relationship LVA->ESP with date=2007-09-12 and goalDifference=2: Relationship[6071]
Processing entry 3036 of 4135
2007-09-12 FIN:POL 0
Node for team FIN already exists: Node[46]
Node for team POL already exists: Node[23]
Created relationship FIN->POL with date=2007-09-12 and goalDifference=0: Relationship[6072]
Created relationship POL->FIN with date=2007-09-12 and goalDifference=0: Relationship[6073]
Processing entry 3037 of 4135
2007-09-12 FRA:SCO -1
Node for team FRA already exists: Node[0]
Node for team SCO already exists: Node[28]
Created relationship FRA->SCO with date=2007-09-12 and goalDifference=-1: Relationship[6074]
Created relationship SCO->FRA with date=2007-09-12 and goalDifference=-1: Relationship[6075]
Processing entry 3038 of 4135
2007-09-12 ISL:NIR 1
Node for team ISL already exists: Node[43]
Node for team NIR already exists: Node[32]
Created relationship ISL->NIR with date=2007-09-12 and goalDifference=1: Relationship[6076]
Created relationship NIR->ISL with date=2007-09-12 and goalDifference=1: Relationship[6077]
Processing entry 3039 of 4135
2007-09-12 KAZ:BEL 0
Node for team KAZ already exists: Node[118]
Node for team BEL already exists: Node[3]
Created relationship KAZ->BEL with date=2007-09-12 and goalDifference=0: Relationship[6078]
Created relationship BEL->KAZ with date=2007-09-12 and goalDifference=0: Relationship[6079]
Processing entry 3040 of 4135
2007-09-12 LTU:FRO 1
Node for team LTU already exists: Node[85]
Node for team FRO already exists: Node[66]
Created relationship LTU->FRO with date=2007-09-12 and goalDifference=1: Relationship[6080]
Created relationship FRO->LTU with date=2007-09-12 and goalDifference=1: Relationship[6081]
Processing entry 3041 of 4135
2007-09-12 MKD:EST 0
Node for team MKD already exists: Node[79]
Node for team EST already exists: Node[72]
Created relationship MKD->EST with date=2007-09-12 and goalDifference=0: Relationship[6082]
Created relationship EST->MKD with date=2007-09-12 and goalDifference=0: Relationship[6083]
Processing entry 3042 of 4135
2007-09-12 NOR:GRC 0
Node for team NOR already exists: Node[26]
Node for team GRC already exists: Node[34]
Created relationship NOR->GRC with date=2007-09-12 and goalDifference=0: Relationship[6084]
Created relationship GRC->NOR with date=2007-09-12 and goalDifference=0: Relationship[6085]
Processing entry 3043 of 4135
2007-09-12 PRT:SRB 0
Node for team PRT already exists: Node[38]
Node for team SRB already exists: Node[122]
Created relationship PRT->SRB with date=2007-09-12 and goalDifference=0: Relationship[6086]
Created relationship SRB->PRT with date=2007-09-12 and goalDifference=0: Relationship[6087]
Processing entry 3044 of 4135
2007-09-12 SVK:WAL -3
Node for team SVK already exists: Node[82]
Node for team WAL already exists: Node[31]
Created relationship SVK->WAL with date=2007-09-12 and goalDifference=-3: Relationship[6088]
Created relationship WAL->SVK with date=2007-09-12 and goalDifference=-3: Relationship[6089]
Processing entry 3045 of 4135
2007-09-12 SVN:BLR 1
Node for team SVN already exists: Node[83]
Node for team BLR already exists: Node[80]
Created relationship SVN->BLR with date=2007-09-12 and goalDifference=1: Relationship[6090]
Created relationship BLR->SVN with date=2007-09-12 and goalDifference=1: Relationship[6091]
Processing entry 3046 of 4135
2007-09-12 TUR:HUN 3
Node for team TUR already exists: Node[29]
Node for team HUN already exists: Node[19]
Created relationship TUR->HUN with date=2007-09-12 and goalDifference=3: Relationship[6092]
Created relationship HUN->TUR with date=2007-09-12 and goalDifference=3: Relationship[6093]
Processing entry 3047 of 4135
2007-09-12 UKR:ITA -1
Node for team UKR already exists: Node[84]
Node for team ITA already exists: Node[21]
Created relationship UKR->ITA with date=2007-09-12 and goalDifference=-1: Relationship[6094]
Created relationship ITA->UKR with date=2007-09-12 and goalDifference=-1: Relationship[6095]
Processing entry 3048 of 4135
2007-10-13 ARM:SRB 0
Node for team ARM already exists: Node[75]
Node for team SRB already exists: Node[122]
Created relationship ARM->SRB with date=2007-10-13 and goalDifference=0: Relationship[6096]
Created relationship SRB->ARM with date=2007-10-13 and goalDifference=0: Relationship[6097]
Processing entry 3049 of 4135
2007-10-13 AZE:PRT -2
Node for team AZE already exists: Node[81]
Node for team PRT already exists: Node[38]
Created relationship AZE->PRT with date=2007-10-13 and goalDifference=-2: Relationship[6098]
Created relationship PRT->AZE with date=2007-10-13 and goalDifference=-2: Relationship[6099]
Processing entry 3050 of 4135
2007-10-13 BEL:FIN 0
Node for team BEL already exists: Node[3]
Node for team FIN already exists: Node[46]
Created relationship BEL->FIN with date=2007-10-13 and goalDifference=0: Relationship[6100]
Created relationship FIN->BEL with date=2007-10-13 and goalDifference=0: Relationship[6101]
Processing entry 3051 of 4135
2007-10-13 BLR:LUX -1
Node for team BLR already exists: Node[80]
Node for team LUX already exists: Node[44]
Created relationship BLR->LUX with date=2007-10-13 and goalDifference=-1: Relationship[6102]
Created relationship LUX->BLR with date=2007-10-13 and goalDifference=-1: Relationship[6103]
Processing entry 3052 of 4135
2007-10-13 CYP:WAL 2
Node for team CYP already exists: Node[47]
Node for team WAL already exists: Node[31]
Created relationship CYP->WAL with date=2007-10-13 and goalDifference=2: Relationship[6104]
Created relationship WAL->CYP with date=2007-10-13 and goalDifference=2: Relationship[6105]
Processing entry 3053 of 4135
2007-10-13 DNK:ESP -2
Node for team DNK already exists: Node[39]
Node for team ESP already exists: Node[18]
Created relationship DNK->ESP with date=2007-10-13 and goalDifference=-2: Relationship[6106]
Created relationship ESP->DNK with date=2007-10-13 and goalDifference=-2: Relationship[6107]
Processing entry 3054 of 4135
2007-10-13 ENG:EST 3
Node for team ENG already exists: Node[27]
Node for team EST already exists: Node[72]
Created relationship ENG->EST with date=2007-10-13 and goalDifference=3: Relationship[6108]
Created relationship EST->ENG with date=2007-10-13 and goalDifference=3: Relationship[6109]
Processing entry 3055 of 4135
2007-10-13 FRO:FRA -6
Node for team FRO already exists: Node[66]
Node for team FRA already exists: Node[0]
Created relationship FRO->FRA with date=2007-10-13 and goalDifference=-6: Relationship[6110]
Created relationship FRA->FRO with date=2007-10-13 and goalDifference=-6: Relationship[6111]
Processing entry 3056 of 4135
2007-10-13 GRC:BIH 1
Node for team GRC already exists: Node[34]
Node for team BIH already exists: Node[91]
Created relationship GRC->BIH with date=2007-10-13 and goalDifference=1: Relationship[6112]
Created relationship BIH->GRC with date=2007-10-13 and goalDifference=1: Relationship[6113]
Processing entry 3057 of 4135
2007-10-13 HRV:ISR 1
Node for team HRV already exists: Node[73]
Node for team ISR already exists: Node[48]
Created relationship HRV->ISR with date=2007-10-13 and goalDifference=1: Relationship[6114]
Created relationship ISR->HRV with date=2007-10-13 and goalDifference=1: Relationship[6115]
Processing entry 3058 of 4135
2007-10-13 HUN:MLT 2
Node for team HUN already exists: Node[19]
Node for team MLT already exists: Node[42]
Created relationship HUN->MLT with date=2007-10-13 and goalDifference=2: Relationship[6116]
Created relationship MLT->HUN with date=2007-10-13 and goalDifference=2: Relationship[6117]
Processing entry 3059 of 4135
2007-10-13 IRL:DEU 0
Node for team IRL already exists: Node[35]
Node for team DEU already exists: Node[17]
Created relationship IRL->DEU with date=2007-10-13 and goalDifference=0: Relationship[6118]
Created relationship DEU->IRL with date=2007-10-13 and goalDifference=0: Relationship[6119]
Processing entry 3060 of 4135
2007-10-13 ISL:LVA -2
Node for team ISL already exists: Node[43]
Node for team LVA already exists: Node[78]
Created relationship ISL->LVA with date=2007-10-13 and goalDifference=-2: Relationship[6120]
Created relationship LVA->ISL with date=2007-10-13 and goalDifference=-2: Relationship[6121]
Processing entry 3061 of 4135
2007-10-13 ITA:GEO 2
Node for team ITA already exists: Node[21]
Node for team GEO already exists: Node[76]
Created relationship ITA->GEO with date=2007-10-13 and goalDifference=2: Relationship[6122]
Created relationship GEO->ITA with date=2007-10-13 and goalDifference=2: Relationship[6123]
Processing entry 3062 of 4135
2007-10-13 LIE:SWE -3
Node for team LIE already exists: Node[69]
Node for team SWE already exists: Node[22]
Created relationship LIE->SWE with date=2007-10-13 and goalDifference=-3: Relationship[6124]
Created relationship SWE->LIE with date=2007-10-13 and goalDifference=-3: Relationship[6125]
Processing entry 3063 of 4135
2007-10-13 MDA:TUR 0
Node for team MDA already exists: Node[77]
Node for team TUR already exists: Node[29]
Created relationship MDA->TUR with date=2007-10-13 and goalDifference=0: Relationship[6126]
Created relationship TUR->MDA with date=2007-10-13 and goalDifference=0: Relationship[6127]
Processing entry 3064 of 4135
2007-10-13 POL:KAZ 2
Node for team POL already exists: Node[23]
Node for team KAZ already exists: Node[118]
Created relationship POL->KAZ with date=2007-10-13 and goalDifference=2: Relationship[6128]
Created relationship KAZ->POL with date=2007-10-13 and goalDifference=2: Relationship[6129]
Processing entry 3065 of 4135
2007-10-13 ROU:NLD 1
Node for team ROU already exists: Node[4]
Node for team NLD already exists: Node[15]
Created relationship ROU->NLD with date=2007-10-13 and goalDifference=1: Relationship[6130]
Created relationship NLD->ROU with date=2007-10-13 and goalDifference=1: Relationship[6131]
Processing entry 3066 of 4135
2007-10-13 SCO:UKR 2
Node for team SCO already exists: Node[28]
Node for team UKR already exists: Node[84]
Created relationship SCO->UKR with date=2007-10-13 and goalDifference=2: Relationship[6132]
Created relationship UKR->SCO with date=2007-10-13 and goalDifference=2: Relationship[6133]
Processing entry 3067 of 4135
2007-10-13 SVK:SMR 7
Node for team SVK already exists: Node[82]
Node for team SMR already exists: Node[67]
Created relationship SVK->SMR with date=2007-10-13 and goalDifference=7: Relationship[6134]
Created relationship SMR->SVK with date=2007-10-13 and goalDifference=7: Relationship[6135]
Processing entry 3068 of 4135
2007-10-13 SVN:ALB 0
Node for team SVN already exists: Node[83]
Node for team ALB already exists: Node[41]
Created relationship SVN->ALB with date=2007-10-13 and goalDifference=0: Relationship[6136]
Created relationship ALB->SVN with date=2007-10-13 and goalDifference=0: Relationship[6137]
Processing entry 3069 of 4135
2007-10-17 ALB:BGR 0
Node for team ALB already exists: Node[41]
Node for team BGR already exists: Node[36]
Created relationship ALB->BGR with date=2007-10-17 and goalDifference=0: Relationship[6138]
Created relationship BGR->ALB with date=2007-10-17 and goalDifference=0: Relationship[6139]
Processing entry 3070 of 4135
2007-10-17 AZE:SRB -5
Node for team AZE already exists: Node[81]
Node for team SRB already exists: Node[122]
Created relationship AZE->SRB with date=2007-10-17 and goalDifference=-5: Relationship[6140]
Created relationship SRB->AZE with date=2007-10-17 and goalDifference=-5: Relationship[6141]
Processing entry 3071 of 4135
2007-10-17 BEL:ARM 3
Node for team BEL already exists: Node[3]
Node for team ARM already exists: Node[75]
Created relationship BEL->ARM with date=2007-10-17 and goalDifference=3: Relationship[6142]
Created relationship ARM->BEL with date=2007-10-17 and goalDifference=3: Relationship[6143]
Processing entry 3072 of 4135
2007-10-17 BIH:NOR -2
Node for team BIH already exists: Node[91]
Node for team NOR already exists: Node[26]
Created relationship BIH->NOR with date=2007-10-17 and goalDifference=-2: Relationship[6144]
Created relationship NOR->BIH with date=2007-10-17 and goalDifference=-2: Relationship[6145]
Processing entry 3073 of 4135
2007-10-17 DEU:CZE -3
Node for team DEU already exists: Node[17]
Node for team CZE already exists: Node[74]
Created relationship DEU->CZE with date=2007-10-17 and goalDifference=-3: Relationship[6146]
Created relationship CZE->DEU with date=2007-10-17 and goalDifference=-3: Relationship[6147]
Processing entry 3074 of 4135
2007-10-17 DNK:LVA 2
Node for team DNK already exists: Node[39]
Node for team LVA already exists: Node[78]
Created relationship DNK->LVA with date=2007-10-17 and goalDifference=2: Relationship[6148]
Created relationship LVA->DNK with date=2007-10-17 and goalDifference=2: Relationship[6149]
Processing entry 3075 of 4135
2007-10-17 FRA:LTU 2
Node for team FRA already exists: Node[0]
Node for team LTU already exists: Node[85]
Created relationship FRA->LTU with date=2007-10-17 and goalDifference=2: Relationship[6150]
Created relationship LTU->FRA with date=2007-10-17 and goalDifference=2: Relationship[6151]
Processing entry 3076 of 4135
2007-10-17 GEO:SCO 2
Node for team GEO already exists: Node[76]
Node for team SCO already exists: Node[28]
Created relationship GEO->SCO with date=2007-10-17 and goalDifference=2: Relationship[6152]
Created relationship SCO->GEO with date=2007-10-17 and goalDifference=2: Relationship[6153]
Processing entry 3077 of 4135
2007-10-17 IRL:CYP 0
Node for team IRL already exists: Node[35]
Node for team CYP already exists: Node[47]
Created relationship IRL->CYP with date=2007-10-17 and goalDifference=0: Relationship[6154]
Created relationship CYP->IRL with date=2007-10-17 and goalDifference=0: Relationship[6155]
Processing entry 3078 of 4135
2007-10-17 KAZ:PRT -1
Node for team KAZ already exists: Node[118]
Node for team PRT already exists: Node[38]
Created relationship KAZ->PRT with date=2007-10-17 and goalDifference=-1: Relationship[6156]
Created relationship PRT->KAZ with date=2007-10-17 and goalDifference=-1: Relationship[6157]
Processing entry 3079 of 4135
2007-10-17 LIE:ISL 3
Node for team LIE already exists: Node[69]
Node for team ISL already exists: Node[43]
Created relationship LIE->ISL with date=2007-10-17 and goalDifference=3: Relationship[6158]
Created relationship ISL->LIE with date=2007-10-17 and goalDifference=3: Relationship[6159]
Processing entry 3080 of 4135
2007-10-17 LUX:ROU -2
Node for team LUX already exists: Node[44]
Node for team ROU already exists: Node[4]
Created relationship LUX->ROU with date=2007-10-17 and goalDifference=-2: Relationship[6160]
Created relationship ROU->LUX with date=2007-10-17 and goalDifference=-2: Relationship[6161]
Processing entry 3081 of 4135
2007-10-17 MKD:AND 3
Node for team MKD already exists: Node[79]
Node for team AND already exists: Node[92]
Created relationship MKD->AND with date=2007-10-17 and goalDifference=3: Relationship[6162]
Created relationship AND->MKD with date=2007-10-17 and goalDifference=3: Relationship[6163]
Processing entry 3082 of 4135
2007-10-17 MLT:MDA -1
Node for team MLT already exists: Node[42]
Node for team MDA already exists: Node[77]
Created relationship MLT->MDA with date=2007-10-17 and goalDifference=-1: Relationship[6164]
Created relationship MDA->MLT with date=2007-10-17 and goalDifference=-1: Relationship[6165]
Processing entry 3083 of 4135
2007-10-17 NLD:SVN 2
Node for team NLD already exists: Node[15]
Node for team SVN already exists: Node[83]
Created relationship NLD->SVN with date=2007-10-17 and goalDifference=2: Relationship[6166]
Created relationship SVN->NLD with date=2007-10-17 and goalDifference=2: Relationship[6167]
Processing entry 3084 of 4135
2007-10-17 RUS:ENG 1
Node for team RUS already exists: Node[70]
Node for team ENG already exists: Node[27]
Created relationship RUS->ENG with date=2007-10-17 and goalDifference=1: Relationship[6168]
Created relationship ENG->RUS with date=2007-10-17 and goalDifference=1: Relationship[6169]
Processing entry 3085 of 4135
2007-10-17 SMR:WAL -1
Node for team SMR already exists: Node[67]
Node for team WAL already exists: Node[31]
Created relationship SMR->WAL with date=2007-10-17 and goalDifference=-1: Relationship[6170]
Created relationship WAL->SMR with date=2007-10-17 and goalDifference=-1: Relationship[6171]
Processing entry 3086 of 4135
2007-10-17 SWE:NIR 0
Node for team SWE already exists: Node[22]
Node for team NIR already exists: Node[32]
Created relationship SWE->NIR with date=2007-10-17 and goalDifference=0: Relationship[6172]
Created relationship NIR->SWE with date=2007-10-17 and goalDifference=0: Relationship[6173]
Processing entry 3087 of 4135
2007-10-17 TUR:GRC -1
Node for team TUR already exists: Node[29]
Node for team GRC already exists: Node[34]
Created relationship TUR->GRC with date=2007-10-17 and goalDifference=-1: Relationship[6174]
Created relationship GRC->TUR with date=2007-10-17 and goalDifference=-1: Relationship[6175]
Processing entry 3088 of 4135
2007-10-17 UKR:FRO 5
Node for team UKR already exists: Node[84]
Node for team FRO already exists: Node[66]
Created relationship UKR->FRO with date=2007-10-17 and goalDifference=5: Relationship[6176]
Created relationship FRO->UKR with date=2007-10-17 and goalDifference=5: Relationship[6177]
Processing entry 3089 of 4135
2007-11-17 ALB:BLR -2
Node for team ALB already exists: Node[41]
Node for team BLR already exists: Node[80]
Created relationship ALB->BLR with date=2007-11-17 and goalDifference=-2: Relationship[6178]
Created relationship BLR->ALB with date=2007-11-17 and goalDifference=-2: Relationship[6179]
Processing entry 3090 of 4135
2007-11-17 AND:EST -2
Node for team AND already exists: Node[92]
Node for team EST already exists: Node[72]
Created relationship AND->EST with date=2007-11-17 and goalDifference=-2: Relationship[6180]
Created relationship EST->AND with date=2007-11-17 and goalDifference=-2: Relationship[6181]
Processing entry 3091 of 4135
2007-11-17 BGR:ROU 1
Node for team BGR already exists: Node[36]
Node for team ROU already exists: Node[4]
Created relationship BGR->ROU with date=2007-11-17 and goalDifference=1: Relationship[6182]
Created relationship ROU->BGR with date=2007-11-17 and goalDifference=1: Relationship[6183]
Processing entry 3092 of 4135
2007-11-17 CZE:SVK 2
Node for team CZE already exists: Node[74]
Node for team SVK already exists: Node[82]
Created relationship CZE->SVK with date=2007-11-17 and goalDifference=2: Relationship[6184]
Created relationship SVK->CZE with date=2007-11-17 and goalDifference=2: Relationship[6185]
Processing entry 3093 of 4135
2007-11-17 DEU:CYP 4
Node for team DEU already exists: Node[17]
Node for team CYP already exists: Node[47]
Created relationship DEU->CYP with date=2007-11-17 and goalDifference=4: Relationship[6186]
Created relationship CYP->DEU with date=2007-11-17 and goalDifference=4: Relationship[6187]
Processing entry 3094 of 4135
2007-11-17 ESP:SWE 3
Node for team ESP already exists: Node[18]
Node for team SWE already exists: Node[22]
Created relationship ESP->SWE with date=2007-11-17 and goalDifference=3: Relationship[6188]
Created relationship SWE->ESP with date=2007-11-17 and goalDifference=3: Relationship[6189]
Processing entry 3095 of 4135
2007-11-17 FIN:AZE 1
Node for team FIN already exists: Node[46]
Node for team AZE already exists: Node[81]
Created relationship FIN->AZE with date=2007-11-17 and goalDifference=1: Relationship[6190]
Created relationship AZE->FIN with date=2007-11-17 and goalDifference=1: Relationship[6191]
Processing entry 3096 of 4135
2007-11-17 GRC:MLT 5
Node for team GRC already exists: Node[34]
Node for team MLT already exists: Node[42]
Created relationship GRC->MLT with date=2007-11-17 and goalDifference=5: Relationship[6192]
Created relationship MLT->GRC with date=2007-11-17 and goalDifference=5: Relationship[6193]
Processing entry 3097 of 4135
2007-11-17 ISR:RUS 1
Node for team ISR already exists: Node[48]
Node for team RUS already exists: Node[70]
Created relationship ISR->RUS with date=2007-11-17 and goalDifference=1: Relationship[6194]
Created relationship RUS->ISR with date=2007-11-17 and goalDifference=1: Relationship[6195]
Processing entry 3098 of 4135
2007-11-17 LTU:UKR 2
Node for team LTU already exists: Node[85]
Node for team UKR already exists: Node[84]
Created relationship LTU->UKR with date=2007-11-17 and goalDifference=2: Relationship[6196]
Created relationship UKR->LTU with date=2007-11-17 and goalDifference=2: Relationship[6197]
Processing entry 3099 of 4135
2007-11-17 LVA:LIE 3
Node for team LVA already exists: Node[78]
Node for team LIE already exists: Node[69]
Created relationship LVA->LIE with date=2007-11-17 and goalDifference=3: Relationship[6198]
Created relationship LIE->LVA with date=2007-11-17 and goalDifference=3: Relationship[6199]
Processing entry 3100 of 4135
2007-11-17 MDA:HUN 3
Node for team MDA already exists: Node[77]
Node for team HUN already exists: Node[19]
Created relationship MDA->HUN with date=2007-11-17 and goalDifference=3: Relationship[6200]
Created relationship HUN->MDA with date=2007-11-17 and goalDifference=3: Relationship[6201]
Processing entry 3101 of 4135
2007-11-17 MKD:HRV 2
Node for team MKD already exists: Node[79]
Node for team HRV already exists: Node[73]
Created relationship MKD->HRV with date=2007-11-17 and goalDifference=2: Relationship[6202]
Created relationship HRV->MKD with date=2007-11-17 and goalDifference=2: Relationship[6203]
Processing entry 3102 of 4135
2007-11-17 NIR:DNK 1
Node for team NIR already exists: Node[32]
Node for team DNK already exists: Node[39]
Created relationship NIR->DNK with date=2007-11-17 and goalDifference=1: Relationship[6204]
Created relationship DNK->NIR with date=2007-11-17 and goalDifference=1: Relationship[6205]
Processing entry 3103 of 4135
2007-11-17 NLD:LUX 1
Node for team NLD already exists: Node[15]
Node for team LUX already exists: Node[44]
Created relationship NLD->LUX with date=2007-11-17 and goalDifference=1: Relationship[6206]
Created relationship LUX->NLD with date=2007-11-17 and goalDifference=1: Relationship[6207]
Processing entry 3104 of 4135
2007-11-17 NOR:TUR -1
Node for team NOR already exists: Node[26]
Node for team TUR already exists: Node[29]
Created relationship NOR->TUR with date=2007-11-17 and goalDifference=-1: Relationship[6208]
Created relationship TUR->NOR with date=2007-11-17 and goalDifference=-1: Relationship[6209]
Processing entry 3105 of 4135
2007-11-17 POL:BEL 2
Node for team POL already exists: Node[23]
Node for team BEL already exists: Node[3]
Created relationship POL->BEL with date=2007-11-17 and goalDifference=2: Relationship[6210]
Created relationship BEL->POL with date=2007-11-17 and goalDifference=2: Relationship[6211]
Processing entry 3106 of 4135
2007-11-17 PRT:ARM 1
Node for team PRT already exists: Node[38]
Node for team ARM already exists: Node[75]
Created relationship PRT->ARM with date=2007-11-17 and goalDifference=1: Relationship[6212]
Created relationship ARM->PRT with date=2007-11-17 and goalDifference=1: Relationship[6213]
Processing entry 3107 of 4135
2007-11-17 SCO:ITA -1
Node for team SCO already exists: Node[28]
Node for team ITA already exists: Node[21]
Created relationship SCO->ITA with date=2007-11-17 and goalDifference=-1: Relationship[6214]
Created relationship ITA->SCO with date=2007-11-17 and goalDifference=-1: Relationship[6215]
Processing entry 3108 of 4135
2007-11-17 WAL:IRL 0
Node for team WAL already exists: Node[31]
Node for team IRL already exists: Node[35]
Created relationship WAL->IRL with date=2007-11-17 and goalDifference=0: Relationship[6216]
Created relationship IRL->WAL with date=2007-11-17 and goalDifference=0: Relationship[6217]
Processing entry 3109 of 4135
2007-11-21 AND:RUS -1
Node for team AND already exists: Node[92]
Node for team RUS already exists: Node[70]
Created relationship AND->RUS with date=2007-11-21 and goalDifference=-1: Relationship[6218]
Created relationship RUS->AND with date=2007-11-21 and goalDifference=-1: Relationship[6219]
Processing entry 3110 of 4135
2007-11-21 ARM:KAZ -1
Node for team ARM already exists: Node[75]
Node for team KAZ already exists: Node[118]
Created relationship ARM->KAZ with date=2007-11-21 and goalDifference=-1: Relationship[6220]
Created relationship KAZ->ARM with date=2007-11-21 and goalDifference=-1: Relationship[6221]
Processing entry 3111 of 4135
2007-11-21 AZE:BEL -1
Node for team AZE already exists: Node[81]
Node for team BEL already exists: Node[3]
Created relationship AZE->BEL with date=2007-11-21 and goalDifference=-1: Relationship[6222]
Created relationship BEL->AZE with date=2007-11-21 and goalDifference=-1: Relationship[6223]
Processing entry 3112 of 4135
2007-11-21 BLR:NLD 1
Node for team BLR already exists: Node[80]
Node for team NLD already exists: Node[15]
Created relationship BLR->NLD with date=2007-11-21 and goalDifference=1: Relationship[6224]
Created relationship NLD->BLR with date=2007-11-21 and goalDifference=1: Relationship[6225]
Processing entry 3113 of 4135
2007-11-21 CYP:CZE -2
Node for team CYP already exists: Node[47]
Node for team CZE already exists: Node[74]
Created relationship CYP->CZE with date=2007-11-21 and goalDifference=-2: Relationship[6226]
Created relationship CZE->CYP with date=2007-11-21 and goalDifference=-2: Relationship[6227]
Processing entry 3114 of 4135
2007-11-21 DEU:WAL 0
Node for team DEU already exists: Node[17]
Node for team WAL already exists: Node[31]
Created relationship DEU->WAL with date=2007-11-21 and goalDifference=0: Relationship[6228]
Created relationship WAL->DEU with date=2007-11-21 and goalDifference=0: Relationship[6229]
Processing entry 3115 of 4135
2007-11-21 DNK:ISL 3
Node for team DNK already exists: Node[39]
Node for team ISL already exists: Node[43]
Created relationship DNK->ISL with date=2007-11-21 and goalDifference=3: Relationship[6230]
Created relationship ISL->DNK with date=2007-11-21 and goalDifference=3: Relationship[6231]
Processing entry 3116 of 4135
2007-11-21 ENG:HRV -1
Node for team ENG already exists: Node[27]
Node for team HRV already exists: Node[73]
Created relationship ENG->HRV with date=2007-11-21 and goalDifference=-1: Relationship[6232]
Created relationship HRV->ENG with date=2007-11-21 and goalDifference=-1: Relationship[6233]
Processing entry 3117 of 4135
2007-11-21 ESP:NIR 1
Node for team ESP already exists: Node[18]
Node for team NIR already exists: Node[32]
Created relationship ESP->NIR with date=2007-11-21 and goalDifference=1: Relationship[6234]
Created relationship NIR->ESP with date=2007-11-21 and goalDifference=1: Relationship[6235]
Processing entry 3118 of 4135
2007-11-21 GEO:LTU -2
Node for team GEO already exists: Node[76]
Node for team LTU already exists: Node[85]
Created relationship GEO->LTU with date=2007-11-21 and goalDifference=-2: Relationship[6236]
Created relationship LTU->GEO with date=2007-11-21 and goalDifference=-2: Relationship[6237]
Processing entry 3119 of 4135
2007-11-21 HUN:GRC -1
Node for team HUN already exists: Node[19]
Node for team GRC already exists: Node[34]
Created relationship HUN->GRC with date=2007-11-21 and goalDifference=-1: Relationship[6238]
Created relationship GRC->HUN with date=2007-11-21 and goalDifference=-1: Relationship[6239]
Processing entry 3120 of 4135
2007-11-21 ISR:MKD 1
Node for team ISR already exists: Node[48]
Node for team MKD already exists: Node[79]
Created relationship ISR->MKD with date=2007-11-21 and goalDifference=1: Relationship[6240]
Created relationship MKD->ISR with date=2007-11-21 and goalDifference=1: Relationship[6241]
Processing entry 3121 of 4135
2007-11-21 ITA:FRO 2
Node for team ITA already exists: Node[21]
Node for team FRO already exists: Node[66]
Created relationship ITA->FRO with date=2007-11-21 and goalDifference=2: Relationship[6242]
Created relationship FRO->ITA with date=2007-11-21 and goalDifference=2: Relationship[6243]
Processing entry 3122 of 4135
2007-11-21 MLT:NOR -3
Node for team MLT already exists: Node[42]
Node for team NOR already exists: Node[26]
Created relationship MLT->NOR with date=2007-11-21 and goalDifference=-3: Relationship[6244]
Created relationship NOR->MLT with date=2007-11-21 and goalDifference=-3: Relationship[6245]
Processing entry 3123 of 4135
2007-11-21 PRT:FIN 0
Node for team PRT already exists: Node[38]
Node for team FIN already exists: Node[46]
Created relationship PRT->FIN with date=2007-11-21 and goalDifference=0: Relationship[6246]
Created relationship FIN->PRT with date=2007-11-21 and goalDifference=0: Relationship[6247]
Processing entry 3124 of 4135
2007-11-21 ROU:ALB 5
Node for team ROU already exists: Node[4]
Node for team ALB already exists: Node[41]
Created relationship ROU->ALB with date=2007-11-21 and goalDifference=5: Relationship[6248]
Created relationship ALB->ROU with date=2007-11-21 and goalDifference=5: Relationship[6249]
Processing entry 3125 of 4135
2007-11-21 SMR:SVK -5
Node for team SMR already exists: Node[67]
Node for team SVK already exists: Node[82]
Created relationship SMR->SVK with date=2007-11-21 and goalDifference=-5: Relationship[6250]
Created relationship SVK->SMR with date=2007-11-21 and goalDifference=-5: Relationship[6251]
Processing entry 3126 of 4135
2007-11-21 SRB:POL 0
Node for team SRB already exists: Node[122]
Node for team POL already exists: Node[23]
Created relationship SRB->POL with date=2007-11-21 and goalDifference=0: Relationship[6252]
Created relationship POL->SRB with date=2007-11-21 and goalDifference=0: Relationship[6253]
Processing entry 3127 of 4135
2007-11-21 SVN:BGR -2
Node for team SVN already exists: Node[83]
Node for team BGR already exists: Node[36]
Created relationship SVN->BGR with date=2007-11-21 and goalDifference=-2: Relationship[6254]
Created relationship BGR->SVN with date=2007-11-21 and goalDifference=-2: Relationship[6255]
Processing entry 3128 of 4135
2007-11-21 SWE:LVA 1
Node for team SWE already exists: Node[22]
Node for team LVA already exists: Node[78]
Created relationship SWE->LVA with date=2007-11-21 and goalDifference=1: Relationship[6256]
Created relationship LVA->SWE with date=2007-11-21 and goalDifference=1: Relationship[6257]
Processing entry 3129 of 4135
2007-11-21 TUR:BIH 1
Node for team TUR already exists: Node[29]
Node for team BIH already exists: Node[91]
Created relationship TUR->BIH with date=2007-11-21 and goalDifference=1: Relationship[6258]
Created relationship BIH->TUR with date=2007-11-21 and goalDifference=1: Relationship[6259]
Processing entry 3130 of 4135
2007-11-21 UKR:FRA 0
Node for team UKR already exists: Node[84]
Node for team FRA already exists: Node[0]
Created relationship UKR->FRA with date=2007-11-21 and goalDifference=0: Relationship[6260]
Created relationship FRA->UKR with date=2007-11-21 and goalDifference=0: Relationship[6261]
Processing entry 3131 of 4135
2007-11-24 SRB:KAZ 1
Node for team SRB already exists: Node[122]
Node for team KAZ already exists: Node[118]
Created relationship SRB->KAZ with date=2007-11-24 and goalDifference=1: Relationship[6262]
Created relationship KAZ->SRB with date=2007-11-24 and goalDifference=1: Relationship[6263]
Processing entry 3132 of 4135
2008-01-20 GHA:GIN 1
Node for team GHA already exists: Node[116]
Node for team GIN already exists: Node[104]
Created relationship GHA->GIN with date=2008-01-20 and goalDifference=1: Relationship[6264]
Created relationship GIN->GHA with date=2008-01-20 and goalDifference=1: Relationship[6265]
Processing entry 3133 of 4135
2008-01-21 MLI:BEN 1
Node for team MLI already exists: Node[107]
Node for team BEN already exists: Node[109]
Created relationship MLI->BEN with date=2008-01-21 and goalDifference=1: Relationship[6266]
Created relationship BEN->MLI with date=2008-01-21 and goalDifference=1: Relationship[6267]
Processing entry 3134 of 4135
2008-01-21 NAM:MAR -4
Created new node for team NAM: Node[132]
Node for team MAR already exists: Node[50]
Created relationship NAM->MAR with date=2008-01-21 and goalDifference=-4: Relationship[6268]
Created relationship MAR->NAM with date=2008-01-21 and goalDifference=-4: Relationship[6269]
Processing entry 3135 of 4135
2008-01-21 NGA:CIV -1
Node for team NGA already exists: Node[71]
Node for team CIV already exists: Node[114]
Created relationship NGA->CIV with date=2008-01-21 and goalDifference=-1: Relationship[6270]
Created relationship CIV->NGA with date=2008-01-21 and goalDifference=-1: Relationship[6271]
Processing entry 3136 of 4135
2008-01-22 EGY:CMR 2
Node for team EGY already exists: Node[20]
Node for team CMR already exists: Node[56]
Created relationship EGY->CMR with date=2008-01-22 and goalDifference=2: Relationship[6272]
Created relationship CMR->EGY with date=2008-01-22 and goalDifference=2: Relationship[6273]
Processing entry 3137 of 4135
2008-01-22 SDN:ZMB -3
Created new node for team SDN: Node[133]
Node for team ZMB already exists: Node[97]
Created relationship SDN->ZMB with date=2008-01-22 and goalDifference=-3: Relationship[6274]
Created relationship ZMB->SDN with date=2008-01-22 and goalDifference=-3: Relationship[6275]
Processing entry 3138 of 4135
2008-01-23 TUN:SEN 0
Node for team TUN already exists: Node[54]
Node for team SEN already exists: Node[96]
Created relationship TUN->SEN with date=2008-01-23 and goalDifference=0: Relationship[6276]
Created relationship SEN->TUN with date=2008-01-23 and goalDifference=0: Relationship[6277]
Processing entry 3139 of 4135
2008-01-23 ZAF:AGO 0
Node for team ZAF already exists: Node[89]
Node for team AGO already exists: Node[113]
Created relationship ZAF->AGO with date=2008-01-23 and goalDifference=0: Relationship[6278]
Created relationship AGO->ZAF with date=2008-01-23 and goalDifference=0: Relationship[6279]
Processing entry 3140 of 4135
2008-01-24 GHA:NAM 1
Node for team GHA already exists: Node[116]
Node for team NAM already exists: Node[132]
Created relationship GHA->NAM with date=2008-01-24 and goalDifference=1: Relationship[6280]
Created relationship NAM->GHA with date=2008-01-24 and goalDifference=1: Relationship[6281]
Processing entry 3141 of 4135
2008-01-24 GIN:MAR 1
Node for team GIN already exists: Node[104]
Node for team MAR already exists: Node[50]
Created relationship GIN->MAR with date=2008-01-24 and goalDifference=1: Relationship[6282]
Created relationship MAR->GIN with date=2008-01-24 and goalDifference=1: Relationship[6283]
Processing entry 3142 of 4135
2008-01-25 CIV:BEN 3
Node for team CIV already exists: Node[114]
Node for team BEN already exists: Node[109]
Created relationship CIV->BEN with date=2008-01-25 and goalDifference=3: Relationship[6284]
Created relationship BEN->CIV with date=2008-01-25 and goalDifference=3: Relationship[6285]
Processing entry 3143 of 4135
2008-01-25 NGA:MLI 0
Node for team NGA already exists: Node[71]
Node for team MLI already exists: Node[107]
Created relationship NGA->MLI with date=2008-01-25 and goalDifference=0: Relationship[6286]
Created relationship MLI->NGA with date=2008-01-25 and goalDifference=0: Relationship[6287]
Processing entry 3144 of 4135
2008-01-26 CMR:ZMB 4
Node for team CMR already exists: Node[56]
Node for team ZMB already exists: Node[97]
Created relationship CMR->ZMB with date=2008-01-26 and goalDifference=4: Relationship[6288]
Created relationship ZMB->CMR with date=2008-01-26 and goalDifference=4: Relationship[6289]
Processing entry 3145 of 4135
2008-01-26 EGY:SDN 3
Node for team EGY already exists: Node[20]
Node for team SDN already exists: Node[133]
Created relationship EGY->SDN with date=2008-01-26 and goalDifference=3: Relationship[6290]
Created relationship SDN->EGY with date=2008-01-26 and goalDifference=3: Relationship[6291]
Processing entry 3146 of 4135
2008-01-27 SEN:AGO -2
Node for team SEN already exists: Node[96]
Node for team AGO already exists: Node[113]
Created relationship SEN->AGO with date=2008-01-27 and goalDifference=-2: Relationship[6292]
Created relationship AGO->SEN with date=2008-01-27 and goalDifference=-2: Relationship[6293]
Processing entry 3147 of 4135
2008-01-27 TUN:ZAF 2
Node for team TUN already exists: Node[54]
Node for team ZAF already exists: Node[89]
Created relationship TUN->ZAF with date=2008-01-27 and goalDifference=2: Relationship[6294]
Created relationship ZAF->TUN with date=2008-01-27 and goalDifference=2: Relationship[6295]
Processing entry 3148 of 4135
2008-01-28 GHA:MAR 2
Node for team GHA already exists: Node[116]
Node for team MAR already exists: Node[50]
Created relationship GHA->MAR with date=2008-01-28 and goalDifference=2: Relationship[6296]
Created relationship MAR->GHA with date=2008-01-28 and goalDifference=2: Relationship[6297]
Processing entry 3149 of 4135
2008-01-28 GIN:NAM 0
Node for team GIN already exists: Node[104]
Node for team NAM already exists: Node[132]
Created relationship GIN->NAM with date=2008-01-28 and goalDifference=0: Relationship[6298]
Created relationship NAM->GIN with date=2008-01-28 and goalDifference=0: Relationship[6299]
Processing entry 3150 of 4135
2008-01-29 CIV:MLI 3
Node for team CIV already exists: Node[114]
Node for team MLI already exists: Node[107]
Created relationship CIV->MLI with date=2008-01-29 and goalDifference=3: Relationship[6300]
Created relationship MLI->CIV with date=2008-01-29 and goalDifference=3: Relationship[6301]
Processing entry 3151 of 4135
2008-01-29 NGA:BEN 2
Node for team NGA already exists: Node[71]
Node for team BEN already exists: Node[109]
Created relationship NGA->BEN with date=2008-01-29 and goalDifference=2: Relationship[6302]
Created relationship BEN->NGA with date=2008-01-29 and goalDifference=2: Relationship[6303]
Processing entry 3152 of 4135
2008-01-30 CMR:SDN 3
Node for team CMR already exists: Node[56]
Node for team SDN already exists: Node[133]
Created relationship CMR->SDN with date=2008-01-30 and goalDifference=3: Relationship[6304]
Created relationship SDN->CMR with date=2008-01-30 and goalDifference=3: Relationship[6305]
Processing entry 3153 of 4135
2008-01-30 EGY:ZMB 0
Node for team EGY already exists: Node[20]
Node for team ZMB already exists: Node[97]
Created relationship EGY->ZMB with date=2008-01-30 and goalDifference=0: Relationship[6306]
Created relationship ZMB->EGY with date=2008-01-30 and goalDifference=0: Relationship[6307]
Processing entry 3154 of 4135
2008-01-31 SEN:ZAF 0
Node for team SEN already exists: Node[96]
Node for team ZAF already exists: Node[89]
Created relationship SEN->ZAF with date=2008-01-31 and goalDifference=0: Relationship[6308]
Created relationship ZAF->SEN with date=2008-01-31 and goalDifference=0: Relationship[6309]
Processing entry 3155 of 4135
2008-01-31 TUN:AGO 0
Node for team TUN already exists: Node[54]
Node for team AGO already exists: Node[113]
Created relationship TUN->AGO with date=2008-01-31 and goalDifference=0: Relationship[6310]
Created relationship AGO->TUN with date=2008-01-31 and goalDifference=0: Relationship[6311]
Processing entry 3156 of 4135
2008-02-03 CIV:GIN 5
Node for team CIV already exists: Node[114]
Node for team GIN already exists: Node[104]
Created relationship CIV->GIN with date=2008-02-03 and goalDifference=5: Relationship[6312]
Created relationship GIN->CIV with date=2008-02-03 and goalDifference=5: Relationship[6313]
Processing entry 3157 of 4135
2008-02-03 GHA:NGA 1
Node for team GHA already exists: Node[116]
Node for team NGA already exists: Node[71]
Created relationship GHA->NGA with date=2008-02-03 and goalDifference=1: Relationship[6314]
Created relationship NGA->GHA with date=2008-02-03 and goalDifference=1: Relationship[6315]
Processing entry 3158 of 4135
2008-02-04 EGY:AGO 1
Node for team EGY already exists: Node[20]
Node for team AGO already exists: Node[113]
Created relationship EGY->AGO with date=2008-02-04 and goalDifference=1: Relationship[6316]
Created relationship AGO->EGY with date=2008-02-04 and goalDifference=1: Relationship[6317]
Processing entry 3159 of 4135
2008-02-04 TUN:CMR -1
Node for team TUN already exists: Node[54]
Node for team CMR already exists: Node[56]
Created relationship TUN->CMR with date=2008-02-04 and goalDifference=-1: Relationship[6318]
Created relationship CMR->TUN with date=2008-02-04 and goalDifference=-1: Relationship[6319]
Processing entry 3160 of 4135
2008-02-07 CIV:EGY -3
Node for team CIV already exists: Node[114]
Node for team EGY already exists: Node[20]
Created relationship CIV->EGY with date=2008-02-07 and goalDifference=-3: Relationship[6320]
Created relationship EGY->CIV with date=2008-02-07 and goalDifference=-3: Relationship[6321]
Processing entry 3161 of 4135
2008-02-07 GHA:CMR -1
Node for team GHA already exists: Node[116]
Node for team CMR already exists: Node[56]
Created relationship GHA->CMR with date=2008-02-07 and goalDifference=-1: Relationship[6322]
Created relationship CMR->GHA with date=2008-02-07 and goalDifference=-1: Relationship[6323]
Processing entry 3162 of 4135
2008-02-09 GHA:CIV 2
Node for team GHA already exists: Node[116]
Node for team CIV already exists: Node[114]
Created relationship GHA->CIV with date=2008-02-09 and goalDifference=2: Relationship[6324]
Created relationship CIV->GHA with date=2008-02-09 and goalDifference=2: Relationship[6325]
Processing entry 3163 of 4135
2008-02-10 EGY:CMR 1
Node for team EGY already exists: Node[20]
Node for team CMR already exists: Node[56]
Created relationship EGY->CMR with date=2008-02-10 and goalDifference=1: Relationship[6326]
Created relationship CMR->EGY with date=2008-02-10 and goalDifference=1: Relationship[6327]
Processing entry 3164 of 4135
2008-02-23 JPN:KOR 0
Node for team JPN already exists: Node[86]
Node for team KOR already exists: Node[30]
Created relationship JPN->KOR with date=2008-02-23 and goalDifference=0: Relationship[6328]
Created relationship KOR->JPN with date=2008-02-23 and goalDifference=0: Relationship[6329]
Processing entry 3165 of 4135
2008-06-07 CHE:CZE -1
Node for team CHE already exists: Node[14]
Node for team CZE already exists: Node[74]
Created relationship CHE->CZE with date=2008-06-07 and goalDifference=-1: Relationship[6330]
Created relationship CZE->CHE with date=2008-06-07 and goalDifference=-1: Relationship[6331]
Processing entry 3166 of 4135
2008-06-07 PRT:TUR 2
Node for team PRT already exists: Node[38]
Node for team TUR already exists: Node[29]
Created relationship PRT->TUR with date=2008-06-07 and goalDifference=2: Relationship[6332]
Created relationship TUR->PRT with date=2008-06-07 and goalDifference=2: Relationship[6333]
Processing entry 3167 of 4135
2008-06-08 AUT:HRV -1
Node for team AUT already exists: Node[13]
Node for team HRV already exists: Node[73]
Created relationship AUT->HRV with date=2008-06-08 and goalDifference=-1: Relationship[6334]
Created relationship HRV->AUT with date=2008-06-08 and goalDifference=-1: Relationship[6335]
Processing entry 3168 of 4135
2008-06-08 DEU:POL 2
Node for team DEU already exists: Node[17]
Node for team POL already exists: Node[23]
Created relationship DEU->POL with date=2008-06-08 and goalDifference=2: Relationship[6336]
Created relationship POL->DEU with date=2008-06-08 and goalDifference=2: Relationship[6337]
Processing entry 3169 of 4135
2008-06-09 NLD:ITA 3
Node for team NLD already exists: Node[15]
Node for team ITA already exists: Node[21]
Created relationship NLD->ITA with date=2008-06-09 and goalDifference=3: Relationship[6338]
Created relationship ITA->NLD with date=2008-06-09 and goalDifference=3: Relationship[6339]
Processing entry 3170 of 4135
2008-06-09 ROU:FRA 0
Node for team ROU already exists: Node[4]
Node for team FRA already exists: Node[0]
Created relationship ROU->FRA with date=2008-06-09 and goalDifference=0: Relationship[6340]
Created relationship FRA->ROU with date=2008-06-09 and goalDifference=0: Relationship[6341]
Processing entry 3171 of 4135
2008-06-10 ESP:RUS 3
Node for team ESP already exists: Node[18]
Node for team RUS already exists: Node[70]
Created relationship ESP->RUS with date=2008-06-10 and goalDifference=3: Relationship[6342]
Created relationship RUS->ESP with date=2008-06-10 and goalDifference=3: Relationship[6343]
Processing entry 3172 of 4135
2008-06-10 GRC:SWE -2
Node for team GRC already exists: Node[34]
Node for team SWE already exists: Node[22]
Created relationship GRC->SWE with date=2008-06-10 and goalDifference=-2: Relationship[6344]
Created relationship SWE->GRC with date=2008-06-10 and goalDifference=-2: Relationship[6345]
Processing entry 3173 of 4135
2008-06-11 CHE:TUR -1
Node for team CHE already exists: Node[14]
Node for team TUR already exists: Node[29]
Created relationship CHE->TUR with date=2008-06-11 and goalDifference=-1: Relationship[6346]
Created relationship TUR->CHE with date=2008-06-11 and goalDifference=-1: Relationship[6347]
Processing entry 3174 of 4135
2008-06-11 CZE:PRT -2
Node for team CZE already exists: Node[74]
Node for team PRT already exists: Node[38]
Created relationship CZE->PRT with date=2008-06-11 and goalDifference=-2: Relationship[6348]
Created relationship PRT->CZE with date=2008-06-11 and goalDifference=-2: Relationship[6349]
Processing entry 3175 of 4135
2008-06-12 AUT:POL 0
Node for team AUT already exists: Node[13]
Node for team POL already exists: Node[23]
Created relationship AUT->POL with date=2008-06-12 and goalDifference=0: Relationship[6350]
Created relationship POL->AUT with date=2008-06-12 and goalDifference=0: Relationship[6351]
Processing entry 3176 of 4135
2008-06-12 HRV:DEU 1
Node for team HRV already exists: Node[73]
Node for team DEU already exists: Node[17]
Created relationship HRV->DEU with date=2008-06-12 and goalDifference=1: Relationship[6352]
Created relationship DEU->HRV with date=2008-06-12 and goalDifference=1: Relationship[6353]
Processing entry 3177 of 4135
2008-06-13 ITA:ROU 0
Node for team ITA already exists: Node[21]
Node for team ROU already exists: Node[4]
Created relationship ITA->ROU with date=2008-06-13 and goalDifference=0: Relationship[6354]
Created relationship ROU->ITA with date=2008-06-13 and goalDifference=0: Relationship[6355]
Processing entry 3178 of 4135
2008-06-13 NLD:FRA 3
Node for team NLD already exists: Node[15]
Node for team FRA already exists: Node[0]
Created relationship NLD->FRA with date=2008-06-13 and goalDifference=3: Relationship[6356]
Created relationship FRA->NLD with date=2008-06-13 and goalDifference=3: Relationship[6357]
Processing entry 3179 of 4135
2008-06-14 GRC:RUS -1
Node for team GRC already exists: Node[34]
Node for team RUS already exists: Node[70]
Created relationship GRC->RUS with date=2008-06-14 and goalDifference=-1: Relationship[6358]
Created relationship RUS->GRC with date=2008-06-14 and goalDifference=-1: Relationship[6359]
Processing entry 3180 of 4135
2008-06-14 SWE:ESP -1
Node for team SWE already exists: Node[22]
Node for team ESP already exists: Node[18]
Created relationship SWE->ESP with date=2008-06-14 and goalDifference=-1: Relationship[6360]
Created relationship ESP->SWE with date=2008-06-14 and goalDifference=-1: Relationship[6361]
Processing entry 3181 of 4135
2008-06-15 CHE:PRT 2
Node for team CHE already exists: Node[14]
Node for team PRT already exists: Node[38]
Created relationship CHE->PRT with date=2008-06-15 and goalDifference=2: Relationship[6362]
Created relationship PRT->CHE with date=2008-06-15 and goalDifference=2: Relationship[6363]
Processing entry 3182 of 4135
2008-06-15 TUR:CZE 1
Node for team TUR already exists: Node[29]
Node for team CZE already exists: Node[74]
Created relationship TUR->CZE with date=2008-06-15 and goalDifference=1: Relationship[6364]
Created relationship CZE->TUR with date=2008-06-15 and goalDifference=1: Relationship[6365]
Processing entry 3183 of 4135
2008-06-16 AUT:DEU -1
Node for team AUT already exists: Node[13]
Node for team DEU already exists: Node[17]
Created relationship AUT->DEU with date=2008-06-16 and goalDifference=-1: Relationship[6366]
Created relationship DEU->AUT with date=2008-06-16 and goalDifference=-1: Relationship[6367]
Processing entry 3184 of 4135
2008-06-16 POL:HRV -1
Node for team POL already exists: Node[23]
Node for team HRV already exists: Node[73]
Created relationship POL->HRV with date=2008-06-16 and goalDifference=-1: Relationship[6368]
Created relationship HRV->POL with date=2008-06-16 and goalDifference=-1: Relationship[6369]
Processing entry 3185 of 4135
2008-06-17 FRA:ITA -2
Node for team FRA already exists: Node[0]
Node for team ITA already exists: Node[21]
Created relationship FRA->ITA with date=2008-06-17 and goalDifference=-2: Relationship[6370]
Created relationship ITA->FRA with date=2008-06-17 and goalDifference=-2: Relationship[6371]
Processing entry 3186 of 4135
2008-06-17 NLD:ROU 2
Node for team NLD already exists: Node[15]
Node for team ROU already exists: Node[4]
Created relationship NLD->ROU with date=2008-06-17 and goalDifference=2: Relationship[6372]
Created relationship ROU->NLD with date=2008-06-17 and goalDifference=2: Relationship[6373]
Processing entry 3187 of 4135
2008-06-18 GRC:ESP -1
Node for team GRC already exists: Node[34]
Node for team ESP already exists: Node[18]
Created relationship GRC->ESP with date=2008-06-18 and goalDifference=-1: Relationship[6374]
Created relationship ESP->GRC with date=2008-06-18 and goalDifference=-1: Relationship[6375]
Processing entry 3188 of 4135
2008-06-18 RUS:SWE 2
Node for team RUS already exists: Node[70]
Node for team SWE already exists: Node[22]
Created relationship RUS->SWE with date=2008-06-18 and goalDifference=2: Relationship[6376]
Created relationship SWE->RUS with date=2008-06-18 and goalDifference=2: Relationship[6377]
Processing entry 3189 of 4135
2008-06-19 PRT:DEU -1
Node for team PRT already exists: Node[38]
Node for team DEU already exists: Node[17]
Created relationship PRT->DEU with date=2008-06-19 and goalDifference=-1: Relationship[6378]
Created relationship DEU->PRT with date=2008-06-19 and goalDifference=-1: Relationship[6379]
Processing entry 3190 of 4135
2008-06-20 HRV:TUR 0
Node for team HRV already exists: Node[73]
Node for team TUR already exists: Node[29]
Created relationship HRV->TUR with date=2008-06-20 and goalDifference=0: Relationship[6380]
Created relationship TUR->HRV with date=2008-06-20 and goalDifference=0: Relationship[6381]
Processing entry 3191 of 4135
2008-06-21 NLD:RUS -2
Node for team NLD already exists: Node[15]
Node for team RUS already exists: Node[70]
Created relationship NLD->RUS with date=2008-06-21 and goalDifference=-2: Relationship[6382]
Created relationship RUS->NLD with date=2008-06-21 and goalDifference=-2: Relationship[6383]
Processing entry 3192 of 4135
2008-06-22 ESP:ITA 0
Node for team ESP already exists: Node[18]
Node for team ITA already exists: Node[21]
Created relationship ESP->ITA with date=2008-06-22 and goalDifference=0: Relationship[6384]
Created relationship ITA->ESP with date=2008-06-22 and goalDifference=0: Relationship[6385]
Processing entry 3193 of 4135
2008-06-25 DEU:TUR 1
Node for team DEU already exists: Node[17]
Node for team TUR already exists: Node[29]
Created relationship DEU->TUR with date=2008-06-25 and goalDifference=1: Relationship[6386]
Created relationship TUR->DEU with date=2008-06-25 and goalDifference=1: Relationship[6387]
Processing entry 3194 of 4135
2008-06-26 RUS:ESP -3
Node for team RUS already exists: Node[70]
Node for team ESP already exists: Node[18]
Created relationship RUS->ESP with date=2008-06-26 and goalDifference=-3: Relationship[6388]
Created relationship ESP->RUS with date=2008-06-26 and goalDifference=-3: Relationship[6389]
Processing entry 3195 of 4135
2008-06-29 DEU:ESP -1
Node for team DEU already exists: Node[17]
Node for team ESP already exists: Node[18]
Created relationship DEU->ESP with date=2008-06-29 and goalDifference=-1: Relationship[6390]
Created relationship ESP->DEU with date=2008-06-29 and goalDifference=-1: Relationship[6391]
Processing entry 3196 of 4135
2009-01-22 HND:BLZ 1
Node for team HND already exists: Node[59]
Node for team BLZ already exists: Node[121]
Created relationship HND->BLZ with date=2009-01-22 and goalDifference=1: Relationship[6392]
Created relationship BLZ->HND with date=2009-01-22 and goalDifference=1: Relationship[6393]
Processing entry 3197 of 4135
2009-01-22 SLV:NIC 0
Node for team SLV already exists: Node[49]
Node for team NIC already exists: Node[120]
Created relationship SLV->NIC with date=2009-01-22 and goalDifference=0: Relationship[6394]
Created relationship NIC->SLV with date=2009-01-22 and goalDifference=0: Relationship[6395]
Processing entry 3198 of 4135
2009-01-23 CRI:PAN 3
Node for team CRI already exists: Node[64]
Node for team PAN already exists: Node[111]
Created relationship CRI->PAN with date=2009-01-23 and goalDifference=3: Relationship[6396]
Created relationship PAN->CRI with date=2009-01-23 and goalDifference=3: Relationship[6397]
Processing entry 3199 of 4135
2009-01-24 BLZ:SLV -3
Node for team BLZ already exists: Node[121]
Node for team SLV already exists: Node[49]
Created relationship BLZ->SLV with date=2009-01-24 and goalDifference=-3: Relationship[6398]
Created relationship SLV->BLZ with date=2009-01-24 and goalDifference=-3: Relationship[6399]
Processing entry 3200 of 4135
2009-01-24 HND:NIC 3
Node for team HND already exists: Node[59]
Node for team NIC already exists: Node[120]
Created relationship HND->NIC with date=2009-01-24 and goalDifference=3: Relationship[6400]
Created relationship NIC->HND with date=2009-01-24 and goalDifference=3: Relationship[6401]
Processing entry 3201 of 4135
2009-01-25 GTM:CRI -2
Node for team GTM already exists: Node[119]
Node for team CRI already exists: Node[64]
Created relationship GTM->CRI with date=2009-01-25 and goalDifference=-2: Relationship[6402]
Created relationship CRI->GTM with date=2009-01-25 and goalDifference=-2: Relationship[6403]
Processing entry 3202 of 4135
2009-01-26 HND:SLV 2
Node for team HND already exists: Node[59]
Node for team SLV already exists: Node[49]
Created relationship HND->SLV with date=2009-01-26 and goalDifference=2: Relationship[6404]
Created relationship SLV->HND with date=2009-01-26 and goalDifference=2: Relationship[6405]
Processing entry 3203 of 4135
2009-01-26 NIC:BLZ 0
Node for team NIC already exists: Node[120]
Node for team BLZ already exists: Node[121]
Created relationship NIC->BLZ with date=2009-01-26 and goalDifference=0: Relationship[6406]
Created relationship BLZ->NIC with date=2009-01-26 and goalDifference=0: Relationship[6407]
Processing entry 3204 of 4135
2009-01-27 PAN:GTM 1
Node for team PAN already exists: Node[111]
Node for team GTM already exists: Node[119]
Created relationship PAN->GTM with date=2009-01-27 and goalDifference=1: Relationship[6408]
Created relationship GTM->PAN with date=2009-01-27 and goalDifference=1: Relationship[6409]
Processing entry 3205 of 4135
2009-01-29 NIC:GTM 2
Node for team NIC already exists: Node[120]
Node for team GTM already exists: Node[119]
Created relationship NIC->GTM with date=2009-01-29 and goalDifference=2: Relationship[6410]
Created relationship GTM->NIC with date=2009-01-29 and goalDifference=2: Relationship[6411]
Processing entry 3206 of 4135
2009-01-30 CRI:SLV 1
Node for team CRI already exists: Node[64]
Node for team SLV already exists: Node[49]
Created relationship CRI->SLV with date=2009-01-30 and goalDifference=1: Relationship[6412]
Created relationship SLV->CRI with date=2009-01-30 and goalDifference=1: Relationship[6413]
Processing entry 3207 of 4135
2009-01-30 HND:PAN -1
Node for team HND already exists: Node[59]
Node for team PAN already exists: Node[111]
Created relationship HND->PAN with date=2009-01-30 and goalDifference=-1: Relationship[6414]
Created relationship PAN->HND with date=2009-01-30 and goalDifference=-1: Relationship[6415]
Processing entry 3208 of 4135
2009-02-01 CRI:PAN 0
Node for team CRI already exists: Node[64]
Node for team PAN already exists: Node[111]
Created relationship CRI->PAN with date=2009-02-01 and goalDifference=0: Relationship[6416]
Created relationship PAN->CRI with date=2009-02-01 and goalDifference=0: Relationship[6417]
Processing entry 3209 of 4135
2009-02-01 HND:SLV 1
Node for team HND already exists: Node[59]
Node for team SLV already exists: Node[49]
Created relationship HND->SLV with date=2009-02-01 and goalDifference=1: Relationship[6418]
Created relationship SLV->HND with date=2009-02-01 and goalDifference=1: Relationship[6419]
Processing entry 3210 of 4135
2009-07-04 CAN:JAM 1
Node for team CAN already exists: Node[61]
Node for team JAM already exists: Node[90]
Created relationship CAN->JAM with date=2009-07-04 and goalDifference=1: Relationship[6420]
Created relationship JAM->CAN with date=2009-07-04 and goalDifference=1: Relationship[6421]
Processing entry 3211 of 4135
2009-07-04 CRI:SLV -1
Node for team CRI already exists: Node[64]
Node for team SLV already exists: Node[49]
Created relationship CRI->SLV with date=2009-07-04 and goalDifference=-1: Relationship[6422]
Created relationship SLV->CRI with date=2009-07-04 and goalDifference=-1: Relationship[6423]
Processing entry 3212 of 4135
2009-07-05 HTI:HND -1
Node for team HTI already exists: Node[53]
Node for team HND already exists: Node[59]
Created relationship HTI->HND with date=2009-07-05 and goalDifference=-1: Relationship[6424]
Created relationship HND->HTI with date=2009-07-05 and goalDifference=-1: Relationship[6425]
Processing entry 3213 of 4135
2009-07-05 PAN:GLP -1
Node for team PAN already exists: Node[111]
Node for team GLP already exists: Node[123]
Created relationship PAN->GLP with date=2009-07-05 and goalDifference=-1: Relationship[6426]
Created relationship GLP->PAN with date=2009-07-05 and goalDifference=-1: Relationship[6427]
Processing entry 3214 of 4135
2009-07-05 USA:GRD 4
Node for team USA already exists: Node[2]
Created new node for team GRD: Node[134]
Created relationship USA->GRD with date=2009-07-05 and goalDifference=4: Relationship[6428]
Created relationship GRD->USA with date=2009-07-05 and goalDifference=4: Relationship[6429]
Processing entry 3215 of 4135
2009-07-06 MEX:NIC 2
Node for team MEX already exists: Node[1]
Node for team NIC already exists: Node[120]
Created relationship MEX->NIC with date=2009-07-06 and goalDifference=2: Relationship[6430]
Created relationship NIC->MEX with date=2009-07-06 and goalDifference=2: Relationship[6431]
Processing entry 3216 of 4135
2009-07-08 CAN:SLV 1
Node for team CAN already exists: Node[61]
Node for team SLV already exists: Node[49]
Created relationship CAN->SLV with date=2009-07-08 and goalDifference=1: Relationship[6432]
Created relationship SLV->CAN with date=2009-07-08 and goalDifference=1: Relationship[6433]
Processing entry 3217 of 4135
2009-07-08 JAM:CRI -1
Node for team JAM already exists: Node[90]
Node for team CRI already exists: Node[64]
Created relationship JAM->CRI with date=2009-07-08 and goalDifference=-1: Relationship[6434]
Created relationship CRI->JAM with date=2009-07-08 and goalDifference=-1: Relationship[6435]
Processing entry 3218 of 4135
2009-07-09 HTI:GRD 2
Node for team HTI already exists: Node[53]
Node for team GRD already exists: Node[134]
Created relationship HTI->GRD with date=2009-07-09 and goalDifference=2: Relationship[6436]
Created relationship GRD->HTI with date=2009-07-09 and goalDifference=2: Relationship[6437]
Processing entry 3219 of 4135
2009-07-09 USA:HND 2
Node for team USA already exists: Node[2]
Node for team HND already exists: Node[59]
Created relationship USA->HND with date=2009-07-09 and goalDifference=2: Relationship[6438]
Created relationship HND->USA with date=2009-07-09 and goalDifference=2: Relationship[6439]
Processing entry 3220 of 4135
2009-07-10 GLP:NIC 2
Node for team GLP already exists: Node[123]
Node for team NIC already exists: Node[120]
Created relationship GLP->NIC with date=2009-07-10 and goalDifference=2: Relationship[6440]
Created relationship NIC->GLP with date=2009-07-10 and goalDifference=2: Relationship[6441]
Processing entry 3221 of 4135
2009-07-10 MEX:PAN 0
Node for team MEX already exists: Node[1]
Node for team PAN already exists: Node[111]
Created relationship MEX->PAN with date=2009-07-10 and goalDifference=0: Relationship[6442]
Created relationship PAN->MEX with date=2009-07-10 and goalDifference=0: Relationship[6443]
Processing entry 3222 of 4135
2009-07-11 CAN:CRI 0
Node for team CAN already exists: Node[61]
Node for team CRI already exists: Node[64]
Created relationship CAN->CRI with date=2009-07-11 and goalDifference=0: Relationship[6444]
Created relationship CRI->CAN with date=2009-07-11 and goalDifference=0: Relationship[6445]
Processing entry 3223 of 4135
2009-07-11 SLV:JAM -1
Node for team SLV already exists: Node[49]
Node for team JAM already exists: Node[90]
Created relationship SLV->JAM with date=2009-07-11 and goalDifference=-1: Relationship[6446]
Created relationship JAM->SLV with date=2009-07-11 and goalDifference=-1: Relationship[6447]
Processing entry 3224 of 4135
2009-07-12 GRD:HND -4
Node for team GRD already exists: Node[134]
Node for team HND already exists: Node[59]
Created relationship GRD->HND with date=2009-07-12 and goalDifference=-4: Relationship[6448]
Created relationship HND->GRD with date=2009-07-12 and goalDifference=-4: Relationship[6449]
Processing entry 3225 of 4135
2009-07-12 PAN:NIC 4
Node for team PAN already exists: Node[111]
Node for team NIC already exists: Node[120]
Created relationship PAN->NIC with date=2009-07-12 and goalDifference=4: Relationship[6450]
Created relationship NIC->PAN with date=2009-07-12 and goalDifference=4: Relationship[6451]
Processing entry 3226 of 4135
2009-07-12 USA:HTI 0
Node for team USA already exists: Node[2]
Node for team HTI already exists: Node[53]
Created relationship USA->HTI with date=2009-07-12 and goalDifference=0: Relationship[6452]
Created relationship HTI->USA with date=2009-07-12 and goalDifference=0: Relationship[6453]
Processing entry 3227 of 4135
2009-07-13 MEX:GLP 2
Node for team MEX already exists: Node[1]
Node for team GLP already exists: Node[123]
Created relationship MEX->GLP with date=2009-07-13 and goalDifference=2: Relationship[6454]
Created relationship GLP->MEX with date=2009-07-13 and goalDifference=2: Relationship[6455]
Processing entry 3228 of 4135
2009-07-18 CAN:HND -1
Node for team CAN already exists: Node[61]
Node for team HND already exists: Node[59]
Created relationship CAN->HND with date=2009-07-18 and goalDifference=-1: Relationship[6456]
Created relationship HND->CAN with date=2009-07-18 and goalDifference=-1: Relationship[6457]
Processing entry 3229 of 4135
2009-07-19 GLP:CRI -4
Node for team GLP already exists: Node[123]
Node for team CRI already exists: Node[64]
Created relationship GLP->CRI with date=2009-07-19 and goalDifference=-4: Relationship[6458]
Created relationship CRI->GLP with date=2009-07-19 and goalDifference=-4: Relationship[6459]
Processing entry 3230 of 4135
2009-07-19 USA:PAN 1
Node for team USA already exists: Node[2]
Node for team PAN already exists: Node[111]
Created relationship USA->PAN with date=2009-07-19 and goalDifference=1: Relationship[6460]
Created relationship PAN->USA with date=2009-07-19 and goalDifference=1: Relationship[6461]
Processing entry 3231 of 4135
2009-07-20 MEX:HTI 4
Node for team MEX already exists: Node[1]
Node for team HTI already exists: Node[53]
Created relationship MEX->HTI with date=2009-07-20 and goalDifference=4: Relationship[6462]
Created relationship HTI->MEX with date=2009-07-20 and goalDifference=4: Relationship[6463]
Processing entry 3232 of 4135
2009-07-24 CRI:MEX 0
Node for team CRI already exists: Node[64]
Node for team MEX already exists: Node[1]
Created relationship CRI->MEX with date=2009-07-24 and goalDifference=0: Relationship[6464]
Created relationship MEX->CRI with date=2009-07-24 and goalDifference=0: Relationship[6465]
Processing entry 3233 of 4135
2009-07-24 HND:USA -2
Node for team HND already exists: Node[59]
Node for team USA already exists: Node[2]
Created relationship HND->USA with date=2009-07-24 and goalDifference=-2: Relationship[6466]
Created relationship USA->HND with date=2009-07-24 and goalDifference=-2: Relationship[6467]
Processing entry 3234 of 4135
2009-07-26 USA:MEX -5
Node for team USA already exists: Node[2]
Node for team MEX already exists: Node[1]
Created relationship USA->MEX with date=2009-07-26 and goalDifference=-5: Relationship[6468]
Created relationship MEX->USA with date=2009-07-26 and goalDifference=-5: Relationship[6469]
Processing entry 3235 of 4135
2010-01-10 AGO:MLI 0
Node for team AGO already exists: Node[113]
Node for team MLI already exists: Node[107]
Created relationship AGO->MLI with date=2010-01-10 and goalDifference=0: Relationship[6470]
Created relationship MLI->AGO with date=2010-01-10 and goalDifference=0: Relationship[6471]
Processing entry 3236 of 4135
2010-01-11 CIV:BFA 0
Node for team CIV already exists: Node[114]
Node for team BFA already exists: Node[108]
Created relationship CIV->BFA with date=2010-01-11 and goalDifference=0: Relationship[6472]
Created relationship BFA->CIV with date=2010-01-11 and goalDifference=0: Relationship[6473]
Processing entry 3237 of 4135
2010-01-11 MWI:DZA 3
Created new node for team MWI: Node[135]
Node for team DZA already exists: Node[58]
Created relationship MWI->DZA with date=2010-01-11 and goalDifference=3: Relationship[6474]
Created relationship DZA->MWI with date=2010-01-11 and goalDifference=3: Relationship[6475]
Processing entry 3238 of 4135
2010-01-12 EGY:NGA 2
Node for team EGY already exists: Node[20]
Node for team NGA already exists: Node[71]
Created relationship EGY->NGA with date=2010-01-12 and goalDifference=2: Relationship[6476]
Created relationship NGA->EGY with date=2010-01-12 and goalDifference=2: Relationship[6477]
Processing entry 3239 of 4135
2010-01-12 MOZ:BEN 0
Created new node for team MOZ: Node[136]
Node for team BEN already exists: Node[109]
Created relationship MOZ->BEN with date=2010-01-12 and goalDifference=0: Relationship[6478]
Created relationship BEN->MOZ with date=2010-01-12 and goalDifference=0: Relationship[6479]
Processing entry 3240 of 4135
2010-01-13 CMR:GAB -1
Node for team CMR already exists: Node[56]
Created new node for team GAB: Node[137]
Created relationship CMR->GAB with date=2010-01-13 and goalDifference=-1: Relationship[6480]
Created relationship GAB->CMR with date=2010-01-13 and goalDifference=-1: Relationship[6481]
Processing entry 3241 of 4135
2010-01-13 ZMB:TUN 0
Node for team ZMB already exists: Node[97]
Node for team TUN already exists: Node[54]
Created relationship ZMB->TUN with date=2010-01-13 and goalDifference=0: Relationship[6482]
Created relationship TUN->ZMB with date=2010-01-13 and goalDifference=0: Relationship[6483]
Processing entry 3242 of 4135
2010-01-14 AGO:MWI 2
Node for team AGO already exists: Node[113]
Node for team MWI already exists: Node[135]
Created relationship AGO->MWI with date=2010-01-14 and goalDifference=2: Relationship[6484]
Created relationship MWI->AGO with date=2010-01-14 and goalDifference=2: Relationship[6485]
Processing entry 3243 of 4135
2010-01-14 MLI:DZA -1
Node for team MLI already exists: Node[107]
Node for team DZA already exists: Node[58]
Created relationship MLI->DZA with date=2010-01-14 and goalDifference=-1: Relationship[6486]
Created relationship DZA->MLI with date=2010-01-14 and goalDifference=-1: Relationship[6487]
Processing entry 3244 of 4135
2010-01-15 CIV:GHA 2
Node for team CIV already exists: Node[114]
Node for team GHA already exists: Node[116]
Created relationship CIV->GHA with date=2010-01-15 and goalDifference=2: Relationship[6488]
Created relationship GHA->CIV with date=2010-01-15 and goalDifference=2: Relationship[6489]
Processing entry 3245 of 4135
2010-01-16 MOZ:EGY -2
Node for team MOZ already exists: Node[136]
Node for team EGY already exists: Node[20]
Created relationship MOZ->EGY with date=2010-01-16 and goalDifference=-2: Relationship[6490]
Created relationship EGY->MOZ with date=2010-01-16 and goalDifference=-2: Relationship[6491]
Processing entry 3246 of 4135
2010-01-16 NGA:BEN 1
Node for team NGA already exists: Node[71]
Node for team BEN already exists: Node[109]
Created relationship NGA->BEN with date=2010-01-16 and goalDifference=1: Relationship[6492]
Created relationship BEN->NGA with date=2010-01-16 and goalDifference=1: Relationship[6493]
Processing entry 3247 of 4135
2010-01-17 CMR:ZMB 1
Node for team CMR already exists: Node[56]
Node for team ZMB already exists: Node[97]
Created relationship CMR->ZMB with date=2010-01-17 and goalDifference=1: Relationship[6494]
Created relationship ZMB->CMR with date=2010-01-17 and goalDifference=1: Relationship[6495]
Processing entry 3248 of 4135
2010-01-17 GAB:TUN 0
Node for team GAB already exists: Node[137]
Node for team TUN already exists: Node[54]
Created relationship GAB->TUN with date=2010-01-17 and goalDifference=0: Relationship[6496]
Created relationship TUN->GAB with date=2010-01-17 and goalDifference=0: Relationship[6497]
Processing entry 3249 of 4135
2010-01-18 AGO:DZA 0
Node for team AGO already exists: Node[113]
Node for team DZA already exists: Node[58]
Created relationship AGO->DZA with date=2010-01-18 and goalDifference=0: Relationship[6498]
Created relationship DZA->AGO with date=2010-01-18 and goalDifference=0: Relationship[6499]
Processing entry 3250 of 4135
2010-01-18 MLI:MWI 2
Node for team MLI already exists: Node[107]
Node for team MWI already exists: Node[135]
Created relationship MLI->MWI with date=2010-01-18 and goalDifference=2: Relationship[6500]
Created relationship MWI->MLI with date=2010-01-18 and goalDifference=2: Relationship[6501]
Processing entry 3251 of 4135
2010-01-19 BFA:GHA -1
Node for team BFA already exists: Node[108]
Node for team GHA already exists: Node[116]
Created relationship BFA->GHA with date=2010-01-19 and goalDifference=-1: Relationship[6502]
Created relationship GHA->BFA with date=2010-01-19 and goalDifference=-1: Relationship[6503]
Processing entry 3252 of 4135
2010-01-20 EGY:BEN 2
Node for team EGY already exists: Node[20]
Node for team BEN already exists: Node[109]
Created relationship EGY->BEN with date=2010-01-20 and goalDifference=2: Relationship[6504]
Created relationship BEN->EGY with date=2010-01-20 and goalDifference=2: Relationship[6505]
Processing entry 3253 of 4135
2010-01-20 NGA:MOZ 3
Node for team NGA already exists: Node[71]
Node for team MOZ already exists: Node[136]
Created relationship NGA->MOZ with date=2010-01-20 and goalDifference=3: Relationship[6506]
Created relationship MOZ->NGA with date=2010-01-20 and goalDifference=3: Relationship[6507]
Processing entry 3254 of 4135
2010-01-21 CMR:TUN 0
Node for team CMR already exists: Node[56]
Node for team TUN already exists: Node[54]
Created relationship CMR->TUN with date=2010-01-21 and goalDifference=0: Relationship[6508]
Created relationship TUN->CMR with date=2010-01-21 and goalDifference=0: Relationship[6509]
Processing entry 3255 of 4135
2010-01-21 GAB:ZMB -1
Node for team GAB already exists: Node[137]
Node for team ZMB already exists: Node[97]
Created relationship GAB->ZMB with date=2010-01-21 and goalDifference=-1: Relationship[6510]
Created relationship ZMB->GAB with date=2010-01-21 and goalDifference=-1: Relationship[6511]
Processing entry 3256 of 4135
2010-01-24 AGO:GHA -1
Node for team AGO already exists: Node[113]
Node for team GHA already exists: Node[116]
Created relationship AGO->GHA with date=2010-01-24 and goalDifference=-1: Relationship[6512]
Created relationship GHA->AGO with date=2010-01-24 and goalDifference=-1: Relationship[6513]
Processing entry 3257 of 4135
2010-01-24 CIV:DZA -1
Node for team CIV already exists: Node[114]
Node for team DZA already exists: Node[58]
Created relationship CIV->DZA with date=2010-01-24 and goalDifference=-1: Relationship[6514]
Created relationship DZA->CIV with date=2010-01-24 and goalDifference=-1: Relationship[6515]
Processing entry 3258 of 4135
2010-01-25 EGY:CMR 2
Node for team EGY already exists: Node[20]
Node for team CMR already exists: Node[56]
Created relationship EGY->CMR with date=2010-01-25 and goalDifference=2: Relationship[6516]
Created relationship CMR->EGY with date=2010-01-25 and goalDifference=2: Relationship[6517]
Processing entry 3259 of 4135
2010-01-25 ZMB:NGA 0
Node for team ZMB already exists: Node[97]
Node for team NGA already exists: Node[71]
Created relationship ZMB->NGA with date=2010-01-25 and goalDifference=0: Relationship[6518]
Created relationship NGA->ZMB with date=2010-01-25 and goalDifference=0: Relationship[6519]
Processing entry 3260 of 4135
2010-01-28 DZA:EGY -4
Node for team DZA already exists: Node[58]
Node for team EGY already exists: Node[20]
Created relationship DZA->EGY with date=2010-01-28 and goalDifference=-4: Relationship[6520]
Created relationship EGY->DZA with date=2010-01-28 and goalDifference=-4: Relationship[6521]
Processing entry 3261 of 4135
2010-01-28 GHA:NGA 1
Node for team GHA already exists: Node[116]
Node for team NGA already exists: Node[71]
Created relationship GHA->NGA with date=2010-01-28 and goalDifference=1: Relationship[6522]
Created relationship NGA->GHA with date=2010-01-28 and goalDifference=1: Relationship[6523]
Processing entry 3262 of 4135
2010-01-30 NGA:DZA 1
Node for team NGA already exists: Node[71]
Node for team DZA already exists: Node[58]
Created relationship NGA->DZA with date=2010-01-30 and goalDifference=1: Relationship[6524]
Created relationship DZA->NGA with date=2010-01-30 and goalDifference=1: Relationship[6525]
Processing entry 3263 of 4135
2010-01-31 GHA:EGY -1
Node for team GHA already exists: Node[116]
Node for team EGY already exists: Node[20]
Created relationship GHA->EGY with date=2010-01-31 and goalDifference=-1: Relationship[6526]
Created relationship EGY->GHA with date=2010-01-31 and goalDifference=-1: Relationship[6527]
Processing entry 3264 of 4135
2010-02-14 HKG:CHN -2
Created new node for team HKG: Node[138]
Node for team CHN already exists: Node[99]
Created relationship HKG->CHN with date=2010-02-14 and goalDifference=-2: Relationship[6528]
Created relationship CHN->HKG with date=2010-02-14 and goalDifference=-2: Relationship[6529]
Processing entry 3265 of 4135
2010-02-14 JPN:KOR -2
Node for team JPN already exists: Node[86]
Node for team KOR already exists: Node[30]
Created relationship JPN->KOR with date=2010-02-14 and goalDifference=-2: Relationship[6530]
Created relationship KOR->JPN with date=2010-02-14 and goalDifference=-2: Relationship[6531]
Processing entry 3266 of 4135
2010-06-11 URY:FRA 0
Node for team URY already exists: Node[12]
Node for team FRA already exists: Node[0]
Created relationship URY->FRA with date=2010-06-11 and goalDifference=0: Relationship[6532]
Created relationship FRA->URY with date=2010-06-11 and goalDifference=0: Relationship[6533]
Processing entry 3267 of 4135
2010-06-11 ZAF:MEX 0
Node for team ZAF already exists: Node[89]
Node for team MEX already exists: Node[1]
Created relationship ZAF->MEX with date=2010-06-11 and goalDifference=0: Relationship[6534]
Created relationship MEX->ZAF with date=2010-06-11 and goalDifference=0: Relationship[6535]
Processing entry 3268 of 4135
2010-06-12 ARG:NGA 1
Node for team ARG already exists: Node[8]
Node for team NGA already exists: Node[71]
Created relationship ARG->NGA with date=2010-06-12 and goalDifference=1: Relationship[6536]
Created relationship NGA->ARG with date=2010-06-12 and goalDifference=1: Relationship[6537]
Processing entry 3269 of 4135
2010-06-12 ENG:USA 0
Node for team ENG already exists: Node[27]
Node for team USA already exists: Node[2]
Created relationship ENG->USA with date=2010-06-12 and goalDifference=0: Relationship[6538]
Created relationship USA->ENG with date=2010-06-12 and goalDifference=0: Relationship[6539]
Processing entry 3270 of 4135
2010-06-12 KOR:GRC 2
Node for team KOR already exists: Node[30]
Node for team GRC already exists: Node[34]
Created relationship KOR->GRC with date=2010-06-12 and goalDifference=2: Relationship[6540]
Created relationship GRC->KOR with date=2010-06-12 and goalDifference=2: Relationship[6541]
Processing entry 3271 of 4135
2010-06-13 DEU:AUS 4
Node for team DEU already exists: Node[17]
Node for team AUS already exists: Node[52]
Created relationship DEU->AUS with date=2010-06-13 and goalDifference=4: Relationship[6542]
Created relationship AUS->DEU with date=2010-06-13 and goalDifference=4: Relationship[6543]
Processing entry 3272 of 4135
2010-06-13 DZA:SVN -1
Node for team DZA already exists: Node[58]
Node for team SVN already exists: Node[83]
Created relationship DZA->SVN with date=2010-06-13 and goalDifference=-1: Relationship[6544]
Created relationship SVN->DZA with date=2010-06-13 and goalDifference=-1: Relationship[6545]
Processing entry 3273 of 4135
2010-06-13 SRB:GHA -1
Node for team SRB already exists: Node[122]
Node for team GHA already exists: Node[116]
Created relationship SRB->GHA with date=2010-06-13 and goalDifference=-1: Relationship[6546]
Created relationship GHA->SRB with date=2010-06-13 and goalDifference=-1: Relationship[6547]
Processing entry 3274 of 4135
2010-06-14 ITA:PRY 0
Node for team ITA already exists: Node[21]
Node for team PRY already exists: Node[10]
Created relationship ITA->PRY with date=2010-06-14 and goalDifference=0: Relationship[6548]
Created relationship PRY->ITA with date=2010-06-14 and goalDifference=0: Relationship[6549]
Processing entry 3275 of 4135
2010-06-14 JPN:CMR 1
Node for team JPN already exists: Node[86]
Node for team CMR already exists: Node[56]
Created relationship JPN->CMR with date=2010-06-14 and goalDifference=1: Relationship[6550]
Created relationship CMR->JPN with date=2010-06-14 and goalDifference=1: Relationship[6551]
Processing entry 3276 of 4135
2010-06-14 NLD:DNK 2
Node for team NLD already exists: Node[15]
Node for team DNK already exists: Node[39]
Created relationship NLD->DNK with date=2010-06-14 and goalDifference=2: Relationship[6552]
Created relationship DNK->NLD with date=2010-06-14 and goalDifference=2: Relationship[6553]
Processing entry 3277 of 4135
2010-06-15 BRA:PRK 1
Node for team BRA already exists: Node[7]
Node for team PRK already exists: Node[45]
Created relationship BRA->PRK with date=2010-06-15 and goalDifference=1: Relationship[6554]
Created relationship PRK->BRA with date=2010-06-15 and goalDifference=1: Relationship[6555]
Processing entry 3278 of 4135
2010-06-15 CIV:PRT 0
Node for team CIV already exists: Node[114]
Node for team PRT already exists: Node[38]
Created relationship CIV->PRT with date=2010-06-15 and goalDifference=0: Relationship[6556]
Created relationship PRT->CIV with date=2010-06-15 and goalDifference=0: Relationship[6557]
Processing entry 3279 of 4135
2010-06-15 NZL:SVK 0
Node for team NZL already exists: Node[57]
Node for team SVK already exists: Node[82]
Created relationship NZL->SVK with date=2010-06-15 and goalDifference=0: Relationship[6558]
Created relationship SVK->NZL with date=2010-06-15 and goalDifference=0: Relationship[6559]
Processing entry 3280 of 4135
2010-06-16 ESP:CHE -1
Node for team ESP already exists: Node[18]
Node for team CHE already exists: Node[14]
Created relationship ESP->CHE with date=2010-06-16 and goalDifference=-1: Relationship[6560]
Created relationship CHE->ESP with date=2010-06-16 and goalDifference=-1: Relationship[6561]
Processing entry 3281 of 4135
2010-06-16 HND:CHL -1
Node for team HND already exists: Node[59]
Node for team CHL already exists: Node[9]
Created relationship HND->CHL with date=2010-06-16 and goalDifference=-1: Relationship[6562]
Created relationship CHL->HND with date=2010-06-16 and goalDifference=-1: Relationship[6563]
Processing entry 3282 of 4135
2010-06-16 ZAF:URY -3
Node for team ZAF already exists: Node[89]
Node for team URY already exists: Node[12]
Created relationship ZAF->URY with date=2010-06-16 and goalDifference=-3: Relationship[6564]
Created relationship URY->ZAF with date=2010-06-16 and goalDifference=-3: Relationship[6565]
Processing entry 3283 of 4135
2010-06-17 ARG:KOR 3
Node for team ARG already exists: Node[8]
Node for team KOR already exists: Node[30]
Created relationship ARG->KOR with date=2010-06-17 and goalDifference=3: Relationship[6566]
Created relationship KOR->ARG with date=2010-06-17 and goalDifference=3: Relationship[6567]
Processing entry 3284 of 4135
2010-06-17 FRA:MEX -2
Node for team FRA already exists: Node[0]
Node for team MEX already exists: Node[1]
Created relationship FRA->MEX with date=2010-06-17 and goalDifference=-2: Relationship[6568]
Created relationship MEX->FRA with date=2010-06-17 and goalDifference=-2: Relationship[6569]
Processing entry 3285 of 4135
2010-06-17 GRC:NGA 1
Node for team GRC already exists: Node[34]
Node for team NGA already exists: Node[71]
Created relationship GRC->NGA with date=2010-06-17 and goalDifference=1: Relationship[6570]
Created relationship NGA->GRC with date=2010-06-17 and goalDifference=1: Relationship[6571]
Processing entry 3286 of 4135
2010-06-18 DEU:SRB -1
Node for team DEU already exists: Node[17]
Node for team SRB already exists: Node[122]
Created relationship DEU->SRB with date=2010-06-18 and goalDifference=-1: Relationship[6572]
Created relationship SRB->DEU with date=2010-06-18 and goalDifference=-1: Relationship[6573]
Processing entry 3287 of 4135
2010-06-18 ENG:DZA 0
Node for team ENG already exists: Node[27]
Node for team DZA already exists: Node[58]
Created relationship ENG->DZA with date=2010-06-18 and goalDifference=0: Relationship[6574]
Created relationship DZA->ENG with date=2010-06-18 and goalDifference=0: Relationship[6575]
Processing entry 3288 of 4135
2010-06-18 SVN:USA 0
Node for team SVN already exists: Node[83]
Node for team USA already exists: Node[2]
Created relationship SVN->USA with date=2010-06-18 and goalDifference=0: Relationship[6576]
Created relationship USA->SVN with date=2010-06-18 and goalDifference=0: Relationship[6577]
Processing entry 3289 of 4135
2010-06-19 CMR:DNK -1
Node for team CMR already exists: Node[56]
Node for team DNK already exists: Node[39]
Created relationship CMR->DNK with date=2010-06-19 and goalDifference=-1: Relationship[6578]
Created relationship DNK->CMR with date=2010-06-19 and goalDifference=-1: Relationship[6579]
Processing entry 3290 of 4135
2010-06-19 GHA:AUS 0
Node for team GHA already exists: Node[116]
Node for team AUS already exists: Node[52]
Created relationship GHA->AUS with date=2010-06-19 and goalDifference=0: Relationship[6580]
Created relationship AUS->GHA with date=2010-06-19 and goalDifference=0: Relationship[6581]
Processing entry 3291 of 4135
2010-06-19 NLD:JPN 1
Node for team NLD already exists: Node[15]
Node for team JPN already exists: Node[86]
Created relationship NLD->JPN with date=2010-06-19 and goalDifference=1: Relationship[6582]
Created relationship JPN->NLD with date=2010-06-19 and goalDifference=1: Relationship[6583]
Processing entry 3292 of 4135
2010-06-20 BRA:CIV 2
Node for team BRA already exists: Node[7]
Node for team CIV already exists: Node[114]
Created relationship BRA->CIV with date=2010-06-20 and goalDifference=2: Relationship[6584]
Created relationship CIV->BRA with date=2010-06-20 and goalDifference=2: Relationship[6585]
Processing entry 3293 of 4135
2010-06-20 ITA:NZL 0
Node for team ITA already exists: Node[21]
Node for team NZL already exists: Node[57]
Created relationship ITA->NZL with date=2010-06-20 and goalDifference=0: Relationship[6586]
Created relationship NZL->ITA with date=2010-06-20 and goalDifference=0: Relationship[6587]
Processing entry 3294 of 4135
2010-06-20 SVK:PRY -2
Node for team SVK already exists: Node[82]
Node for team PRY already exists: Node[10]
Created relationship SVK->PRY with date=2010-06-20 and goalDifference=-2: Relationship[6588]
Created relationship PRY->SVK with date=2010-06-20 and goalDifference=-2: Relationship[6589]
Processing entry 3295 of 4135
2010-06-21 CHL:CHE 1
Node for team CHL already exists: Node[9]
Node for team CHE already exists: Node[14]
Created relationship CHL->CHE with date=2010-06-21 and goalDifference=1: Relationship[6590]
Created relationship CHE->CHL with date=2010-06-21 and goalDifference=1: Relationship[6591]
Processing entry 3296 of 4135
2010-06-21 ESP:HND 2
Node for team ESP already exists: Node[18]
Node for team HND already exists: Node[59]
Created relationship ESP->HND with date=2010-06-21 and goalDifference=2: Relationship[6592]
Created relationship HND->ESP with date=2010-06-21 and goalDifference=2: Relationship[6593]
Processing entry 3297 of 4135
2010-06-21 PRT:PRK 7
Node for team PRT already exists: Node[38]
Node for team PRK already exists: Node[45]
Created relationship PRT->PRK with date=2010-06-21 and goalDifference=7: Relationship[6594]
Created relationship PRK->PRT with date=2010-06-21 and goalDifference=7: Relationship[6595]
Processing entry 3298 of 4135
2010-06-22 FRA:ZAF -1
Node for team FRA already exists: Node[0]
Node for team ZAF already exists: Node[89]
Created relationship FRA->ZAF with date=2010-06-22 and goalDifference=-1: Relationship[6596]
Created relationship ZAF->FRA with date=2010-06-22 and goalDifference=-1: Relationship[6597]
Processing entry 3299 of 4135
2010-06-22 GRC:ARG -2
Node for team GRC already exists: Node[34]
Node for team ARG already exists: Node[8]
Created relationship GRC->ARG with date=2010-06-22 and goalDifference=-2: Relationship[6598]
Created relationship ARG->GRC with date=2010-06-22 and goalDifference=-2: Relationship[6599]
Processing entry 3300 of 4135
2010-06-22 MEX:URY -1
Node for team MEX already exists: Node[1]
Node for team URY already exists: Node[12]
Created relationship MEX->URY with date=2010-06-22 and goalDifference=-1: Relationship[6600]
Created relationship URY->MEX with date=2010-06-22 and goalDifference=-1: Relationship[6601]
Processing entry 3301 of 4135
2010-06-22 NGA:KOR 0
Node for team NGA already exists: Node[71]
Node for team KOR already exists: Node[30]
Created relationship NGA->KOR with date=2010-06-22 and goalDifference=0: Relationship[6602]
Created relationship KOR->NGA with date=2010-06-22 and goalDifference=0: Relationship[6603]
Processing entry 3302 of 4135
2010-06-23 AUS:SRB 1
Node for team AUS already exists: Node[52]
Node for team SRB already exists: Node[122]
Created relationship AUS->SRB with date=2010-06-23 and goalDifference=1: Relationship[6604]
Created relationship SRB->AUS with date=2010-06-23 and goalDifference=1: Relationship[6605]
Processing entry 3303 of 4135
2010-06-23 GHA:DEU -1
Node for team GHA already exists: Node[116]
Node for team DEU already exists: Node[17]
Created relationship GHA->DEU with date=2010-06-23 and goalDifference=-1: Relationship[6606]
Created relationship DEU->GHA with date=2010-06-23 and goalDifference=-1: Relationship[6607]
Processing entry 3304 of 4135
2010-06-23 SVN:ENG -1
Node for team SVN already exists: Node[83]
Node for team ENG already exists: Node[27]
Created relationship SVN->ENG with date=2010-06-23 and goalDifference=-1: Relationship[6608]
Created relationship ENG->SVN with date=2010-06-23 and goalDifference=-1: Relationship[6609]
Processing entry 3305 of 4135
2010-06-23 USA:DZA 1
Node for team USA already exists: Node[2]
Node for team DZA already exists: Node[58]
Created relationship USA->DZA with date=2010-06-23 and goalDifference=1: Relationship[6610]
Created relationship DZA->USA with date=2010-06-23 and goalDifference=1: Relationship[6611]
Processing entry 3306 of 4135
2010-06-24 CMR:NLD -1
Node for team CMR already exists: Node[56]
Node for team NLD already exists: Node[15]
Created relationship CMR->NLD with date=2010-06-24 and goalDifference=-1: Relationship[6612]
Created relationship NLD->CMR with date=2010-06-24 and goalDifference=-1: Relationship[6613]
Processing entry 3307 of 4135
2010-06-24 DNK:JPN -2
Node for team DNK already exists: Node[39]
Node for team JPN already exists: Node[86]
Created relationship DNK->JPN with date=2010-06-24 and goalDifference=-2: Relationship[6614]
Created relationship JPN->DNK with date=2010-06-24 and goalDifference=-2: Relationship[6615]
Processing entry 3308 of 4135
2010-06-24 PRY:NZL 0
Node for team PRY already exists: Node[10]
Node for team NZL already exists: Node[57]
Created relationship PRY->NZL with date=2010-06-24 and goalDifference=0: Relationship[6616]
Created relationship NZL->PRY with date=2010-06-24 and goalDifference=0: Relationship[6617]
Processing entry 3309 of 4135
2010-06-24 SVK:ITA 1
Node for team SVK already exists: Node[82]
Node for team ITA already exists: Node[21]
Created relationship SVK->ITA with date=2010-06-24 and goalDifference=1: Relationship[6618]
Created relationship ITA->SVK with date=2010-06-24 and goalDifference=1: Relationship[6619]
Processing entry 3310 of 4135
2010-06-25 CHE:HND 0
Node for team CHE already exists: Node[14]
Node for team HND already exists: Node[59]
Created relationship CHE->HND with date=2010-06-25 and goalDifference=0: Relationship[6620]
Created relationship HND->CHE with date=2010-06-25 and goalDifference=0: Relationship[6621]
Processing entry 3311 of 4135
2010-06-25 CHL:ESP -1
Node for team CHL already exists: Node[9]
Node for team ESP already exists: Node[18]
Created relationship CHL->ESP with date=2010-06-25 and goalDifference=-1: Relationship[6622]
Created relationship ESP->CHL with date=2010-06-25 and goalDifference=-1: Relationship[6623]
Processing entry 3312 of 4135
2010-06-25 PRK:CIV -3
Node for team PRK already exists: Node[45]
Node for team CIV already exists: Node[114]
Created relationship PRK->CIV with date=2010-06-25 and goalDifference=-3: Relationship[6624]
Created relationship CIV->PRK with date=2010-06-25 and goalDifference=-3: Relationship[6625]
Processing entry 3313 of 4135
2010-06-25 PRT:BRA 0
Node for team PRT already exists: Node[38]
Node for team BRA already exists: Node[7]
Created relationship PRT->BRA with date=2010-06-25 and goalDifference=0: Relationship[6626]
Created relationship BRA->PRT with date=2010-06-25 and goalDifference=0: Relationship[6627]
Processing entry 3314 of 4135
2010-06-26 GHA:USA 1
Node for team GHA already exists: Node[116]
Node for team USA already exists: Node[2]
Created relationship GHA->USA with date=2010-06-26 and goalDifference=1: Relationship[6628]
Created relationship USA->GHA with date=2010-06-26 and goalDifference=1: Relationship[6629]
Processing entry 3315 of 4135
2010-06-26 URY:KOR 1
Node for team URY already exists: Node[12]
Node for team KOR already exists: Node[30]
Created relationship URY->KOR with date=2010-06-26 and goalDifference=1: Relationship[6630]
Created relationship KOR->URY with date=2010-06-26 and goalDifference=1: Relationship[6631]
Processing entry 3316 of 4135
2010-06-26 USA:GHA -1
Node for team USA already exists: Node[2]
Node for team GHA already exists: Node[116]
Created relationship USA->GHA with date=2010-06-26 and goalDifference=-1: Relationship[6632]
Created relationship GHA->USA with date=2010-06-26 and goalDifference=-1: Relationship[6633]
Processing entry 3317 of 4135
2010-06-27 ARG:MEX 2
Node for team ARG already exists: Node[8]
Node for team MEX already exists: Node[1]
Created relationship ARG->MEX with date=2010-06-27 and goalDifference=2: Relationship[6634]
Created relationship MEX->ARG with date=2010-06-27 and goalDifference=2: Relationship[6635]
Processing entry 3318 of 4135
2010-06-27 DEU:ENG 3
Node for team DEU already exists: Node[17]
Node for team ENG already exists: Node[27]
Created relationship DEU->ENG with date=2010-06-27 and goalDifference=3: Relationship[6636]
Created relationship ENG->DEU with date=2010-06-27 and goalDifference=3: Relationship[6637]
Processing entry 3319 of 4135
2010-06-27 ENG:DEU -3
Node for team ENG already exists: Node[27]
Node for team DEU already exists: Node[17]
Created relationship ENG->DEU with date=2010-06-27 and goalDifference=-3: Relationship[6638]
Created relationship DEU->ENG with date=2010-06-27 and goalDifference=-3: Relationship[6639]
Processing entry 3320 of 4135
2010-06-28 BRA:CHL 3
Node for team BRA already exists: Node[7]
Node for team CHL already exists: Node[9]
Created relationship BRA->CHL with date=2010-06-28 and goalDifference=3: Relationship[6640]
Created relationship CHL->BRA with date=2010-06-28 and goalDifference=3: Relationship[6641]
Processing entry 3321 of 4135
2010-06-28 NLD:SVK 1
Node for team NLD already exists: Node[15]
Node for team SVK already exists: Node[82]
Created relationship NLD->SVK with date=2010-06-28 and goalDifference=1: Relationship[6642]
Created relationship SVK->NLD with date=2010-06-28 and goalDifference=1: Relationship[6643]
Processing entry 3322 of 4135
2010-06-29 ESP:PRT 1
Node for team ESP already exists: Node[18]
Node for team PRT already exists: Node[38]
Created relationship ESP->PRT with date=2010-06-29 and goalDifference=1: Relationship[6644]
Created relationship PRT->ESP with date=2010-06-29 and goalDifference=1: Relationship[6645]
Processing entry 3323 of 4135
2010-06-29 PRY:JPN 0
Node for team PRY already exists: Node[10]
Node for team JPN already exists: Node[86]
Created relationship PRY->JPN with date=2010-06-29 and goalDifference=0: Relationship[6646]
Created relationship JPN->PRY with date=2010-06-29 and goalDifference=0: Relationship[6647]
Processing entry 3324 of 4135
2010-07-02 NLD:BRA 1
Node for team NLD already exists: Node[15]
Node for team BRA already exists: Node[7]
Created relationship NLD->BRA with date=2010-07-02 and goalDifference=1: Relationship[6648]
Created relationship BRA->NLD with date=2010-07-02 and goalDifference=1: Relationship[6649]
Processing entry 3325 of 4135
2010-07-02 URY:GHA 0
Node for team URY already exists: Node[12]
Node for team GHA already exists: Node[116]
Created relationship URY->GHA with date=2010-07-02 and goalDifference=0: Relationship[6650]
Created relationship GHA->URY with date=2010-07-02 and goalDifference=0: Relationship[6651]
Processing entry 3326 of 4135
2010-07-03 ARG:DEU -4
Node for team ARG already exists: Node[8]
Node for team DEU already exists: Node[17]
Created relationship ARG->DEU with date=2010-07-03 and goalDifference=-4: Relationship[6652]
Created relationship DEU->ARG with date=2010-07-03 and goalDifference=-4: Relationship[6653]
Processing entry 3327 of 4135
2010-07-03 PRY:ESP -1
Node for team PRY already exists: Node[10]
Node for team ESP already exists: Node[18]
Created relationship PRY->ESP with date=2010-07-03 and goalDifference=-1: Relationship[6654]
Created relationship ESP->PRY with date=2010-07-03 and goalDifference=-1: Relationship[6655]
Processing entry 3328 of 4135
2010-07-06 URY:NLD -1
Node for team URY already exists: Node[12]
Node for team NLD already exists: Node[15]
Created relationship URY->NLD with date=2010-07-06 and goalDifference=-1: Relationship[6656]
Created relationship NLD->URY with date=2010-07-06 and goalDifference=-1: Relationship[6657]
Processing entry 3329 of 4135
2010-07-07 DEU:ESP -1
Node for team DEU already exists: Node[17]
Node for team ESP already exists: Node[18]
Created relationship DEU->ESP with date=2010-07-07 and goalDifference=-1: Relationship[6658]
Created relationship ESP->DEU with date=2010-07-07 and goalDifference=-1: Relationship[6659]
Processing entry 3330 of 4135
2010-07-10 URY:DEU -1
Node for team URY already exists: Node[12]
Node for team DEU already exists: Node[17]
Created relationship URY->DEU with date=2010-07-10 and goalDifference=-1: Relationship[6660]
Created relationship DEU->URY with date=2010-07-10 and goalDifference=-1: Relationship[6661]
Processing entry 3331 of 4135
2010-07-11 NLD:ESP -1
Node for team NLD already exists: Node[15]
Node for team ESP already exists: Node[18]
Created relationship NLD->ESP with date=2010-07-11 and goalDifference=-1: Relationship[6662]
Created relationship ESP->NLD with date=2010-07-11 and goalDifference=-1: Relationship[6663]
Processing entry 3332 of 4135
2010-08-11 EST:FRO 1
Node for team EST already exists: Node[72]
Node for team FRO already exists: Node[66]
Created relationship EST->FRO with date=2010-08-11 and goalDifference=1: Relationship[6664]
Created relationship FRO->EST with date=2010-08-11 and goalDifference=1: Relationship[6665]
Processing entry 3333 of 4135
2010-09-02 ISR:MLT 2
Node for team ISR already exists: Node[48]
Node for team MLT already exists: Node[42]
Created relationship ISR->MLT with date=2010-09-02 and goalDifference=2: Relationship[6666]
Created relationship MLT->ISR with date=2010-09-02 and goalDifference=2: Relationship[6667]
Processing entry 3334 of 4135
2010-09-03 AND:RUS -2
Node for team AND already exists: Node[92]
Node for team RUS already exists: Node[70]
Created relationship AND->RUS with date=2010-09-03 and goalDifference=-2: Relationship[6668]
Created relationship RUS->AND with date=2010-09-03 and goalDifference=-2: Relationship[6669]
Processing entry 3335 of 4135
2010-09-03 ARM:IRL -1
Node for team ARM already exists: Node[75]
Node for team IRL already exists: Node[35]
Created relationship ARM->IRL with date=2010-09-03 and goalDifference=-1: Relationship[6670]
Created relationship IRL->ARM with date=2010-09-03 and goalDifference=-1: Relationship[6671]
Processing entry 3336 of 4135
2010-09-03 BEL:DEU -1
Node for team BEL already exists: Node[3]
Node for team DEU already exists: Node[17]
Created relationship BEL->DEU with date=2010-09-03 and goalDifference=-1: Relationship[6672]
Created relationship DEU->BEL with date=2010-09-03 and goalDifference=-1: Relationship[6673]
Processing entry 3337 of 4135
2010-09-03 ENG:BGR 4
Node for team ENG already exists: Node[27]
Node for team BGR already exists: Node[36]
Created relationship ENG->BGR with date=2010-09-03 and goalDifference=4: Relationship[6674]
Created relationship BGR->ENG with date=2010-09-03 and goalDifference=4: Relationship[6675]
Processing entry 3338 of 4135
2010-09-03 EST:ITA -1
Node for team EST already exists: Node[72]
Node for team ITA already exists: Node[21]
Created relationship EST->ITA with date=2010-09-03 and goalDifference=-1: Relationship[6676]
Created relationship ITA->EST with date=2010-09-03 and goalDifference=-1: Relationship[6677]
Processing entry 3339 of 4135
2010-09-03 FRA:BLR -1
Node for team FRA already exists: Node[0]
Node for team BLR already exists: Node[80]
Created relationship FRA->BLR with date=2010-09-03 and goalDifference=-1: Relationship[6678]
Created relationship BLR->FRA with date=2010-09-03 and goalDifference=-1: Relationship[6679]
Processing entry 3340 of 4135
2010-09-03 FRO:SRB -3
Node for team FRO already exists: Node[66]
Node for team SRB already exists: Node[122]
Created relationship FRO->SRB with date=2010-09-03 and goalDifference=-3: Relationship[6680]
Created relationship SRB->FRO with date=2010-09-03 and goalDifference=-3: Relationship[6681]
Processing entry 3341 of 4135
2010-09-03 GRC:GEO 0
Node for team GRC already exists: Node[34]
Node for team GEO already exists: Node[76]
Created relationship GRC->GEO with date=2010-09-03 and goalDifference=0: Relationship[6682]
Created relationship GEO->GRC with date=2010-09-03 and goalDifference=0: Relationship[6683]
Processing entry 3342 of 4135
2010-09-03 ISL:NOR -1
Node for team ISL already exists: Node[43]
Node for team NOR already exists: Node[26]
Created relationship ISL->NOR with date=2010-09-03 and goalDifference=-1: Relationship[6684]
Created relationship NOR->ISL with date=2010-09-03 and goalDifference=-1: Relationship[6685]
Processing entry 3343 of 4135
2010-09-03 KAZ:TUR -3
Node for team KAZ already exists: Node[118]
Node for team TUR already exists: Node[29]
Created relationship KAZ->TUR with date=2010-09-03 and goalDifference=-3: Relationship[6686]
Created relationship TUR->KAZ with date=2010-09-03 and goalDifference=-3: Relationship[6687]
Processing entry 3344 of 4135
2010-09-03 LIE:ESP -4
Node for team LIE already exists: Node[69]
Node for team ESP already exists: Node[18]
Created relationship LIE->ESP with date=2010-09-03 and goalDifference=-4: Relationship[6688]
Created relationship ESP->LIE with date=2010-09-03 and goalDifference=-4: Relationship[6689]
Processing entry 3345 of 4135
2010-09-03 LTU:SCO 0
Node for team LTU already exists: Node[85]
Node for team SCO already exists: Node[28]
Created relationship LTU->SCO with date=2010-09-03 and goalDifference=0: Relationship[6690]
Created relationship SCO->LTU with date=2010-09-03 and goalDifference=0: Relationship[6691]
Processing entry 3346 of 4135
2010-09-03 LUX:BIH -3
Node for team LUX already exists: Node[44]
Node for team BIH already exists: Node[91]
Created relationship LUX->BIH with date=2010-09-03 and goalDifference=-3: Relationship[6692]
Created relationship BIH->LUX with date=2010-09-03 and goalDifference=-3: Relationship[6693]
Processing entry 3347 of 4135
2010-09-03 LVA:HRV -3
Node for team LVA already exists: Node[78]
Node for team HRV already exists: Node[73]
Created relationship LVA->HRV with date=2010-09-03 and goalDifference=-3: Relationship[6694]
Created relationship HRV->LVA with date=2010-09-03 and goalDifference=-3: Relationship[6695]
Processing entry 3348 of 4135
2010-09-03 MDA:FIN 2
Node for team MDA already exists: Node[77]
Node for team FIN already exists: Node[46]
Created relationship MDA->FIN with date=2010-09-03 and goalDifference=2: Relationship[6696]
Created relationship FIN->MDA with date=2010-09-03 and goalDifference=2: Relationship[6697]
Processing entry 3349 of 4135
2010-09-03 MNE:WAL 1
Created new node for team MNE: Node[139]
Node for team WAL already exists: Node[31]
Created relationship MNE->WAL with date=2010-09-03 and goalDifference=1: Relationship[6698]
Created relationship WAL->MNE with date=2010-09-03 and goalDifference=1: Relationship[6699]
Processing entry 3350 of 4135
2010-09-03 PRT:CYP 0
Node for team PRT already exists: Node[38]
Node for team CYP already exists: Node[47]
Created relationship PRT->CYP with date=2010-09-03 and goalDifference=0: Relationship[6700]
Created relationship CYP->PRT with date=2010-09-03 and goalDifference=0: Relationship[6701]
Processing entry 3351 of 4135
2010-09-03 ROU:ALB 0
Node for team ROU already exists: Node[4]
Node for team ALB already exists: Node[41]
Created relationship ROU->ALB with date=2010-09-03 and goalDifference=0: Relationship[6702]
Created relationship ALB->ROU with date=2010-09-03 and goalDifference=0: Relationship[6703]
Processing entry 3352 of 4135
2010-09-03 SMR:NLD -5
Node for team SMR already exists: Node[67]
Node for team NLD already exists: Node[15]
Created relationship SMR->NLD with date=2010-09-03 and goalDifference=-5: Relationship[6704]
Created relationship NLD->SMR with date=2010-09-03 and goalDifference=-5: Relationship[6705]
Processing entry 3353 of 4135
2010-09-03 SVK:MKD 1
Node for team SVK already exists: Node[82]
Node for team MKD already exists: Node[79]
Created relationship SVK->MKD with date=2010-09-03 and goalDifference=1: Relationship[6706]
Created relationship MKD->SVK with date=2010-09-03 and goalDifference=1: Relationship[6707]
Processing entry 3354 of 4135
2010-09-03 SVN:NIR -1
Node for team SVN already exists: Node[83]
Node for team NIR already exists: Node[32]
Created relationship SVN->NIR with date=2010-09-03 and goalDifference=-1: Relationship[6708]
Created relationship NIR->SVN with date=2010-09-03 and goalDifference=-1: Relationship[6709]
Processing entry 3355 of 4135
2010-09-03 SWE:HUN 2
Node for team SWE already exists: Node[22]
Node for team HUN already exists: Node[19]
Created relationship SWE->HUN with date=2010-09-03 and goalDifference=2: Relationship[6710]
Created relationship HUN->SWE with date=2010-09-03 and goalDifference=2: Relationship[6711]
Processing entry 3356 of 4135
2010-09-07 ALB:LUX 1
Node for team ALB already exists: Node[41]
Node for team LUX already exists: Node[44]
Created relationship ALB->LUX with date=2010-09-07 and goalDifference=1: Relationship[6712]
Created relationship LUX->ALB with date=2010-09-07 and goalDifference=1: Relationship[6713]
Processing entry 3357 of 4135
2010-09-07 AUT:KAZ 2
Node for team AUT already exists: Node[13]
Node for team KAZ already exists: Node[118]
Created relationship AUT->KAZ with date=2010-09-07 and goalDifference=2: Relationship[6714]
Created relationship KAZ->AUT with date=2010-09-07 and goalDifference=2: Relationship[6715]
Processing entry 3358 of 4135
2010-09-07 BGR:MNE -1
Node for team BGR already exists: Node[36]
Node for team MNE already exists: Node[139]
Created relationship BGR->MNE with date=2010-09-07 and goalDifference=-1: Relationship[6716]
Created relationship MNE->BGR with date=2010-09-07 and goalDifference=-1: Relationship[6717]
Processing entry 3359 of 4135
2010-09-07 BIH:FRA -2
Node for team BIH already exists: Node[91]
Node for team FRA already exists: Node[0]
Created relationship BIH->FRA with date=2010-09-07 and goalDifference=-2: Relationship[6718]
Created relationship FRA->BIH with date=2010-09-07 and goalDifference=-2: Relationship[6719]
Processing entry 3360 of 4135
2010-09-07 BLR:ROU 0
Node for team BLR already exists: Node[80]
Node for team ROU already exists: Node[4]
Created relationship BLR->ROU with date=2010-09-07 and goalDifference=0: Relationship[6720]
Created relationship ROU->BLR with date=2010-09-07 and goalDifference=0: Relationship[6721]
Processing entry 3361 of 4135
2010-09-07 CHE:ENG -2
Node for team CHE already exists: Node[14]
Node for team ENG already exists: Node[27]
Created relationship CHE->ENG with date=2010-09-07 and goalDifference=-2: Relationship[6722]
Created relationship ENG->CHE with date=2010-09-07 and goalDifference=-2: Relationship[6723]
Processing entry 3362 of 4135
2010-09-07 CZE:LTU -1
Node for team CZE already exists: Node[74]
Node for team LTU already exists: Node[85]
Created relationship CZE->LTU with date=2010-09-07 and goalDifference=-1: Relationship[6724]
Created relationship LTU->CZE with date=2010-09-07 and goalDifference=-1: Relationship[6725]
Processing entry 3363 of 4135
2010-09-07 DEU:AZE 5
Node for team DEU already exists: Node[17]
Node for team AZE already exists: Node[81]
Created relationship DEU->AZE with date=2010-09-07 and goalDifference=5: Relationship[6726]
Created relationship AZE->DEU with date=2010-09-07 and goalDifference=5: Relationship[6727]
Processing entry 3364 of 4135
2010-09-07 DNK:ISL 1
Node for team DNK already exists: Node[39]
Node for team ISL already exists: Node[43]
Created relationship DNK->ISL with date=2010-09-07 and goalDifference=1: Relationship[6728]
Created relationship ISL->DNK with date=2010-09-07 and goalDifference=1: Relationship[6729]
Processing entry 3365 of 4135
2010-09-07 GEO:ISR 0
Node for team GEO already exists: Node[76]
Node for team ISR already exists: Node[48]
Created relationship GEO->ISR with date=2010-09-07 and goalDifference=0: Relationship[6730]
Created relationship ISR->GEO with date=2010-09-07 and goalDifference=0: Relationship[6731]
Processing entry 3366 of 4135
2010-09-07 HRV:GRC 0
Node for team HRV already exists: Node[73]
Node for team GRC already exists: Node[34]
Created relationship HRV->GRC with date=2010-09-07 and goalDifference=0: Relationship[6732]
Created relationship GRC->HRV with date=2010-09-07 and goalDifference=0: Relationship[6733]
Processing entry 3367 of 4135
2010-09-07 HUN:MDA 1
Node for team HUN already exists: Node[19]
Node for team MDA already exists: Node[77]
Created relationship HUN->MDA with date=2010-09-07 and goalDifference=1: Relationship[6734]
Created relationship MDA->HUN with date=2010-09-07 and goalDifference=1: Relationship[6735]
Processing entry 3368 of 4135
2010-09-07 IRL:AND 2
Node for team IRL already exists: Node[35]
Node for team AND already exists: Node[92]
Created relationship IRL->AND with date=2010-09-07 and goalDifference=2: Relationship[6736]
Created relationship AND->IRL with date=2010-09-07 and goalDifference=2: Relationship[6737]
Processing entry 3369 of 4135
2010-09-07 ITA:FRO 5
Node for team ITA already exists: Node[21]
Node for team FRO already exists: Node[66]
Created relationship ITA->FRO with date=2010-09-07 and goalDifference=5: Relationship[6738]
Created relationship FRO->ITA with date=2010-09-07 and goalDifference=5: Relationship[6739]
Processing entry 3370 of 4135
2010-09-07 MKD:ARM 0
Node for team MKD already exists: Node[79]
Node for team ARM already exists: Node[75]
Created relationship MKD->ARM with date=2010-09-07 and goalDifference=0: Relationship[6740]
Created relationship ARM->MKD with date=2010-09-07 and goalDifference=0: Relationship[6741]
Processing entry 3371 of 4135
2010-09-07 MLT:LVA -2
Node for team MLT already exists: Node[42]
Node for team LVA already exists: Node[78]
Created relationship MLT->LVA with date=2010-09-07 and goalDifference=-2: Relationship[6742]
Created relationship LVA->MLT with date=2010-09-07 and goalDifference=-2: Relationship[6743]
Processing entry 3372 of 4135
2010-09-07 NLD:FIN 1
Node for team NLD already exists: Node[15]
Node for team FIN already exists: Node[46]
Created relationship NLD->FIN with date=2010-09-07 and goalDifference=1: Relationship[6744]
Created relationship FIN->NLD with date=2010-09-07 and goalDifference=1: Relationship[6745]
Processing entry 3373 of 4135
2010-09-07 NOR:PRT 1
Node for team NOR already exists: Node[26]
Node for team PRT already exists: Node[38]
Created relationship NOR->PRT with date=2010-09-07 and goalDifference=1: Relationship[6746]
Created relationship PRT->NOR with date=2010-09-07 and goalDifference=1: Relationship[6747]
Processing entry 3374 of 4135
2010-09-07 RUS:SVK -1
Node for team RUS already exists: Node[70]
Node for team SVK already exists: Node[82]
Created relationship RUS->SVK with date=2010-09-07 and goalDifference=-1: Relationship[6748]
Created relationship SVK->RUS with date=2010-09-07 and goalDifference=-1: Relationship[6749]
Processing entry 3375 of 4135
2010-09-07 SCO:LIE 1
Node for team SCO already exists: Node[28]
Node for team LIE already exists: Node[69]
Created relationship SCO->LIE with date=2010-09-07 and goalDifference=1: Relationship[6750]
Created relationship LIE->SCO with date=2010-09-07 and goalDifference=1: Relationship[6751]
Processing entry 3376 of 4135
2010-09-07 SRB:SVN 0
Node for team SRB already exists: Node[122]
Node for team SVN already exists: Node[83]
Created relationship SRB->SVN with date=2010-09-07 and goalDifference=0: Relationship[6752]
Created relationship SVN->SRB with date=2010-09-07 and goalDifference=0: Relationship[6753]
Processing entry 3377 of 4135
2010-09-07 SWE:SMR 6
Node for team SWE already exists: Node[22]
Node for team SMR already exists: Node[67]
Created relationship SWE->SMR with date=2010-09-07 and goalDifference=6: Relationship[6754]
Created relationship SMR->SWE with date=2010-09-07 and goalDifference=6: Relationship[6755]
Processing entry 3378 of 4135
2010-09-07 TUR:BEL 1
Node for team TUR already exists: Node[29]
Node for team BEL already exists: Node[3]
Created relationship TUR->BEL with date=2010-09-07 and goalDifference=1: Relationship[6756]
Created relationship BEL->TUR with date=2010-09-07 and goalDifference=1: Relationship[6757]
Processing entry 3379 of 4135
2010-10-08 ALB:BIH 0
Node for team ALB already exists: Node[41]
Node for team BIH already exists: Node[91]
Created relationship ALB->BIH with date=2010-10-08 and goalDifference=0: Relationship[6758]
Created relationship BIH->ALB with date=2010-10-08 and goalDifference=0: Relationship[6759]
Processing entry 3380 of 4135
2010-10-08 AND:MKD -2
Node for team AND already exists: Node[92]
Node for team MKD already exists: Node[79]
Created relationship AND->MKD with date=2010-10-08 and goalDifference=-2: Relationship[6760]
Created relationship MKD->AND with date=2010-10-08 and goalDifference=-2: Relationship[6761]
Processing entry 3381 of 4135
2010-10-08 ARM:SVK 2
Node for team ARM already exists: Node[75]
Node for team SVK already exists: Node[82]
Created relationship ARM->SVK with date=2010-10-08 and goalDifference=2: Relationship[6762]
Created relationship SVK->ARM with date=2010-10-08 and goalDifference=2: Relationship[6763]
Processing entry 3382 of 4135
2010-10-08 AUT:AZE 3
Node for team AUT already exists: Node[13]
Node for team AZE already exists: Node[81]
Created relationship AUT->AZE with date=2010-10-08 and goalDifference=3: Relationship[6764]
Created relationship AZE->AUT with date=2010-10-08 and goalDifference=3: Relationship[6765]
Processing entry 3383 of 4135
2010-10-08 CYP:NOR -1
Node for team CYP already exists: Node[47]
Node for team NOR already exists: Node[26]
Created relationship CYP->NOR with date=2010-10-08 and goalDifference=-1: Relationship[6766]
Created relationship NOR->CYP with date=2010-10-08 and goalDifference=-1: Relationship[6767]
Processing entry 3384 of 4135
2010-10-08 CZE:SCO 1
Node for team CZE already exists: Node[74]
Node for team SCO already exists: Node[28]
Created relationship CZE->SCO with date=2010-10-08 and goalDifference=1: Relationship[6768]
Created relationship SCO->CZE with date=2010-10-08 and goalDifference=1: Relationship[6769]
Processing entry 3385 of 4135
2010-10-08 DEU:TUR 3
Node for team DEU already exists: Node[17]
Node for team TUR already exists: Node[29]
Created relationship DEU->TUR with date=2010-10-08 and goalDifference=3: Relationship[6770]
Created relationship TUR->DEU with date=2010-10-08 and goalDifference=3: Relationship[6771]
Processing entry 3386 of 4135
2010-10-08 ESP:LTU 2
Node for team ESP already exists: Node[18]
Node for team LTU already exists: Node[85]
Created relationship ESP->LTU with date=2010-10-08 and goalDifference=2: Relationship[6772]
Created relationship LTU->ESP with date=2010-10-08 and goalDifference=2: Relationship[6773]
Processing entry 3387 of 4135
2010-10-08 GEO:MLT 1
Node for team GEO already exists: Node[76]
Node for team MLT already exists: Node[42]
Created relationship GEO->MLT with date=2010-10-08 and goalDifference=1: Relationship[6774]
Created relationship MLT->GEO with date=2010-10-08 and goalDifference=1: Relationship[6775]
Processing entry 3388 of 4135
2010-10-08 GRC:LVA 1
Node for team GRC already exists: Node[34]
Node for team LVA already exists: Node[78]
Created relationship GRC->LVA with date=2010-10-08 and goalDifference=1: Relationship[6776]
Created relationship LVA->GRC with date=2010-10-08 and goalDifference=1: Relationship[6777]
Processing entry 3389 of 4135
2010-10-08 HUN:SMR 8
Node for team HUN already exists: Node[19]
Node for team SMR already exists: Node[67]
Created relationship HUN->SMR with date=2010-10-08 and goalDifference=8: Relationship[6778]
Created relationship SMR->HUN with date=2010-10-08 and goalDifference=8: Relationship[6779]
Processing entry 3390 of 4135
2010-10-08 IRL:RUS -1
Node for team IRL already exists: Node[35]
Node for team RUS already exists: Node[70]
Created relationship IRL->RUS with date=2010-10-08 and goalDifference=-1: Relationship[6780]
Created relationship RUS->IRL with date=2010-10-08 and goalDifference=-1: Relationship[6781]
Processing entry 3391 of 4135
2010-10-08 KAZ:BEL -2
Node for team KAZ already exists: Node[118]
Node for team BEL already exists: Node[3]
Created relationship KAZ->BEL with date=2010-10-08 and goalDifference=-2: Relationship[6782]
Created relationship BEL->KAZ with date=2010-10-08 and goalDifference=-2: Relationship[6783]
Processing entry 3392 of 4135
2010-10-08 LUX:BLR 0
Node for team LUX already exists: Node[44]
Node for team BLR already exists: Node[80]
Created relationship LUX->BLR with date=2010-10-08 and goalDifference=0: Relationship[6784]
Created relationship BLR->LUX with date=2010-10-08 and goalDifference=0: Relationship[6785]
Processing entry 3393 of 4135
2010-10-08 MDA:NLD -1
Node for team MDA already exists: Node[77]
Node for team NLD already exists: Node[15]
Created relationship MDA->NLD with date=2010-10-08 and goalDifference=-1: Relationship[6786]
Created relationship NLD->MDA with date=2010-10-08 and goalDifference=-1: Relationship[6787]
Processing entry 3394 of 4135
2010-10-08 MNE:CHE 1
Node for team MNE already exists: Node[139]
Node for team CHE already exists: Node[14]
Created relationship MNE->CHE with date=2010-10-08 and goalDifference=1: Relationship[6788]
Created relationship CHE->MNE with date=2010-10-08 and goalDifference=1: Relationship[6789]
Processing entry 3395 of 4135
2010-10-08 NIR:ITA 0
Node for team NIR already exists: Node[32]
Node for team ITA already exists: Node[21]
Created relationship NIR->ITA with date=2010-10-08 and goalDifference=0: Relationship[6790]
Created relationship ITA->NIR with date=2010-10-08 and goalDifference=0: Relationship[6791]
Processing entry 3396 of 4135
2010-10-08 PRT:DNK 2
Node for team PRT already exists: Node[38]
Node for team DNK already exists: Node[39]
Created relationship PRT->DNK with date=2010-10-08 and goalDifference=2: Relationship[6792]
Created relationship DNK->PRT with date=2010-10-08 and goalDifference=2: Relationship[6793]
Processing entry 3397 of 4135
2010-10-08 SRB:EST -2
Node for team SRB already exists: Node[122]
Node for team EST already exists: Node[72]
Created relationship SRB->EST with date=2010-10-08 and goalDifference=-2: Relationship[6794]
Created relationship EST->SRB with date=2010-10-08 and goalDifference=-2: Relationship[6795]
Processing entry 3398 of 4135
2010-10-08 SVN:FRO 4
Node for team SVN already exists: Node[83]
Node for team FRO already exists: Node[66]
Created relationship SVN->FRO with date=2010-10-08 and goalDifference=4: Relationship[6796]
Created relationship FRO->SVN with date=2010-10-08 and goalDifference=4: Relationship[6797]
Processing entry 3399 of 4135
2010-10-08 WAL:BGR -1
Node for team WAL already exists: Node[31]
Node for team BGR already exists: Node[36]
Created relationship WAL->BGR with date=2010-10-08 and goalDifference=-1: Relationship[6798]
Created relationship BGR->WAL with date=2010-10-08 and goalDifference=-1: Relationship[6799]
Processing entry 3400 of 4135
2010-10-09 FRA:ROU 2
Node for team FRA already exists: Node[0]
Node for team ROU already exists: Node[4]
Created relationship FRA->ROU with date=2010-10-09 and goalDifference=2: Relationship[6800]
Created relationship ROU->FRA with date=2010-10-09 and goalDifference=2: Relationship[6801]
Processing entry 3401 of 4135
2010-10-09 ISR:HRV -1
Node for team ISR already exists: Node[48]
Node for team HRV already exists: Node[73]
Created relationship ISR->HRV with date=2010-10-09 and goalDifference=-1: Relationship[6802]
Created relationship HRV->ISR with date=2010-10-09 and goalDifference=-1: Relationship[6803]
Processing entry 3402 of 4135
2010-10-12 ARM:AND 4
Node for team ARM already exists: Node[75]
Node for team AND already exists: Node[92]
Created relationship ARM->AND with date=2010-10-12 and goalDifference=4: Relationship[6804]
Created relationship AND->ARM with date=2010-10-12 and goalDifference=4: Relationship[6805]
Processing entry 3403 of 4135
2010-10-12 AZE:TUR 1
Node for team AZE already exists: Node[81]
Node for team TUR already exists: Node[29]
Created relationship AZE->TUR with date=2010-10-12 and goalDifference=1: Relationship[6806]
Created relationship TUR->AZE with date=2010-10-12 and goalDifference=1: Relationship[6807]
Processing entry 3404 of 4135
2010-10-12 BEL:AUT 0
Node for team BEL already exists: Node[3]
Node for team AUT already exists: Node[13]
Created relationship BEL->AUT with date=2010-10-12 and goalDifference=0: Relationship[6808]
Created relationship AUT->BEL with date=2010-10-12 and goalDifference=0: Relationship[6809]
Processing entry 3405 of 4135
2010-10-12 BLR:ALB 2
Node for team BLR already exists: Node[80]
Node for team ALB already exists: Node[41]
Created relationship BLR->ALB with date=2010-10-12 and goalDifference=2: Relationship[6810]
Created relationship ALB->BLR with date=2010-10-12 and goalDifference=2: Relationship[6811]
Processing entry 3406 of 4135
2010-10-12 CHE:WAL 3
Node for team CHE already exists: Node[14]
Node for team WAL already exists: Node[31]
Created relationship CHE->WAL with date=2010-10-12 and goalDifference=3: Relationship[6812]
Created relationship WAL->CHE with date=2010-10-12 and goalDifference=3: Relationship[6813]
Processing entry 3407 of 4135
2010-10-12 DNK:CYP 2
Node for team DNK already exists: Node[39]
Node for team CYP already exists: Node[47]
Created relationship DNK->CYP with date=2010-10-12 and goalDifference=2: Relationship[6814]
Created relationship CYP->DNK with date=2010-10-12 and goalDifference=2: Relationship[6815]
Processing entry 3408 of 4135
2010-10-12 ENG:MNE 0
Node for team ENG already exists: Node[27]
Node for team MNE already exists: Node[139]
Created relationship ENG->MNE with date=2010-10-12 and goalDifference=0: Relationship[6816]
Created relationship MNE->ENG with date=2010-10-12 and goalDifference=0: Relationship[6817]
Processing entry 3409 of 4135
2010-10-12 EST:SVN -1
Node for team EST already exists: Node[72]
Node for team SVN already exists: Node[83]
Created relationship EST->SVN with date=2010-10-12 and goalDifference=-1: Relationship[6818]
Created relationship SVN->EST with date=2010-10-12 and goalDifference=-1: Relationship[6819]
Processing entry 3410 of 4135
2010-10-12 FIN:HUN -1
Node for team FIN already exists: Node[46]
Node for team HUN already exists: Node[19]
Created relationship FIN->HUN with date=2010-10-12 and goalDifference=-1: Relationship[6820]
Created relationship HUN->FIN with date=2010-10-12 and goalDifference=-1: Relationship[6821]
Processing entry 3411 of 4135
2010-10-12 FRA:LUX 2
Node for team FRA already exists: Node[0]
Node for team LUX already exists: Node[44]
Created relationship FRA->LUX with date=2010-10-12 and goalDifference=2: Relationship[6822]
Created relationship LUX->FRA with date=2010-10-12 and goalDifference=2: Relationship[6823]
Processing entry 3412 of 4135
2010-10-12 FRO:NIR 0
Node for team FRO already exists: Node[66]
Node for team NIR already exists: Node[32]
Created relationship FRO->NIR with date=2010-10-12 and goalDifference=0: Relationship[6824]
Created relationship NIR->FRO with date=2010-10-12 and goalDifference=0: Relationship[6825]
Processing entry 3413 of 4135
2010-10-12 GRC:ISR 1
Node for team GRC already exists: Node[34]
Node for team ISR already exists: Node[48]
Created relationship GRC->ISR with date=2010-10-12 and goalDifference=1: Relationship[6826]
Created relationship ISR->GRC with date=2010-10-12 and goalDifference=1: Relationship[6827]
Processing entry 3414 of 4135
2010-10-12 ISL:PRT -2
Node for team ISL already exists: Node[43]
Node for team PRT already exists: Node[38]
Created relationship ISL->PRT with date=2010-10-12 and goalDifference=-2: Relationship[6828]
Created relationship PRT->ISL with date=2010-10-12 and goalDifference=-2: Relationship[6829]
Processing entry 3415 of 4135
2010-10-12 ITA:SRB 3
Node for team ITA already exists: Node[21]
Node for team SRB already exists: Node[122]
Created relationship ITA->SRB with date=2010-10-12 and goalDifference=3: Relationship[6830]
Created relationship SRB->ITA with date=2010-10-12 and goalDifference=3: Relationship[6831]
Processing entry 3416 of 4135
2010-10-12 KAZ:DEU -3
Node for team KAZ already exists: Node[118]
Node for team DEU already exists: Node[17]
Created relationship KAZ->DEU with date=2010-10-12 and goalDifference=-3: Relationship[6832]
Created relationship DEU->KAZ with date=2010-10-12 and goalDifference=-3: Relationship[6833]
Processing entry 3417 of 4135
2010-10-12 LIE:CZE -2
Node for team LIE already exists: Node[69]
Node for team CZE already exists: Node[74]
Created relationship LIE->CZE with date=2010-10-12 and goalDifference=-2: Relationship[6834]
Created relationship CZE->LIE with date=2010-10-12 and goalDifference=-2: Relationship[6835]
Processing entry 3418 of 4135
2010-10-12 LVA:GEO 0
Node for team LVA already exists: Node[78]
Node for team GEO already exists: Node[76]
Created relationship LVA->GEO with date=2010-10-12 and goalDifference=0: Relationship[6836]
Created relationship GEO->LVA with date=2010-10-12 and goalDifference=0: Relationship[6837]
Processing entry 3419 of 4135
2010-10-12 MKD:RUS -1
Node for team MKD already exists: Node[79]
Node for team RUS already exists: Node[70]
Created relationship MKD->RUS with date=2010-10-12 and goalDifference=-1: Relationship[6838]
Created relationship RUS->MKD with date=2010-10-12 and goalDifference=-1: Relationship[6839]
Processing entry 3420 of 4135
2010-10-12 NLD:SWE 3
Node for team NLD already exists: Node[15]
Node for team SWE already exists: Node[22]
Created relationship NLD->SWE with date=2010-10-12 and goalDifference=3: Relationship[6840]
Created relationship SWE->NLD with date=2010-10-12 and goalDifference=3: Relationship[6841]
Processing entry 3421 of 4135
2010-10-12 SCO:ESP -1
Node for team SCO already exists: Node[28]
Node for team ESP already exists: Node[18]
Created relationship SCO->ESP with date=2010-10-12 and goalDifference=-1: Relationship[6842]
Created relationship ESP->SCO with date=2010-10-12 and goalDifference=-1: Relationship[6843]
Processing entry 3422 of 4135
2010-10-12 SMR:MDA -2
Node for team SMR already exists: Node[67]
Node for team MDA already exists: Node[77]
Created relationship SMR->MDA with date=2010-10-12 and goalDifference=-2: Relationship[6844]
Created relationship MDA->SMR with date=2010-10-12 and goalDifference=-2: Relationship[6845]
Processing entry 3423 of 4135
2010-10-12 SVK:IRL 0
Node for team SVK already exists: Node[82]
Node for team IRL already exists: Node[35]
Created relationship SVK->IRL with date=2010-10-12 and goalDifference=0: Relationship[6846]
Created relationship IRL->SVK with date=2010-10-12 and goalDifference=0: Relationship[6847]
Processing entry 3424 of 4135
2010-11-17 FIN:SMR 8
Node for team FIN already exists: Node[46]
Node for team SMR already exists: Node[67]
Created relationship FIN->SMR with date=2010-11-17 and goalDifference=8: Relationship[6848]
Created relationship SMR->FIN with date=2010-11-17 and goalDifference=8: Relationship[6849]
Processing entry 3425 of 4135
2010-11-17 HRV:MLT 3
Node for team HRV already exists: Node[73]
Node for team MLT already exists: Node[42]
Created relationship HRV->MLT with date=2010-11-17 and goalDifference=3: Relationship[6850]
Created relationship MLT->HRV with date=2010-11-17 and goalDifference=3: Relationship[6851]
Processing entry 3426 of 4135
2011-01-07 QAT:UZB -2
Node for team QAT already exists: Node[127]
Node for team UZB already exists: Node[131]
Created relationship QAT->UZB with date=2011-01-07 and goalDifference=-2: Relationship[6852]
Created relationship UZB->QAT with date=2011-01-07 and goalDifference=-2: Relationship[6853]
Processing entry 3427 of 4135
2011-01-08 KWT:CHN -2
Node for team KWT already exists: Node[60]
Node for team CHN already exists: Node[99]
Created relationship KWT->CHN with date=2011-01-08 and goalDifference=-2: Relationship[6854]
Created relationship CHN->KWT with date=2011-01-08 and goalDifference=-2: Relationship[6855]
Processing entry 3428 of 4135
2011-01-09 JPN:JOR 0
Node for team JPN already exists: Node[86]
Created new node for team JOR: Node[140]
Created relationship JPN->JOR with date=2011-01-09 and goalDifference=0: Relationship[6856]
Created relationship JOR->JPN with date=2011-01-09 and goalDifference=0: Relationship[6857]
Processing entry 3429 of 4135
2011-01-09 SAU:SYR -1
Node for team SAU already exists: Node[68]
Created new node for team SYR: Node[141]
Created relationship SAU->SYR with date=2011-01-09 and goalDifference=-1: Relationship[6858]
Created relationship SYR->SAU with date=2011-01-09 and goalDifference=-1: Relationship[6859]
Processing entry 3430 of 4135
2011-01-10 IND:AUS -4
Created new node for team IND: Node[142]
Node for team AUS already exists: Node[52]
Created relationship IND->AUS with date=2011-01-10 and goalDifference=-4: Relationship[6860]
Created relationship AUS->IND with date=2011-01-10 and goalDifference=-4: Relationship[6861]
Processing entry 3431 of 4135
2011-01-10 KOR:BHR 1
Node for team KOR already exists: Node[30]
Node for team BHR already exists: Node[129]
Created relationship KOR->BHR with date=2011-01-10 and goalDifference=1: Relationship[6862]
Created relationship BHR->KOR with date=2011-01-10 and goalDifference=1: Relationship[6863]
Processing entry 3432 of 4135
2011-01-11 IRQ:IRN -1
Node for team IRQ already exists: Node[62]
Node for team IRN already exists: Node[55]
Created relationship IRQ->IRN with date=2011-01-11 and goalDifference=-1: Relationship[6864]
Created relationship IRN->IRQ with date=2011-01-11 and goalDifference=-1: Relationship[6865]
Processing entry 3433 of 4135
2011-01-11 PRK:ARE 0
Node for team PRK already exists: Node[45]
Node for team ARE already exists: Node[63]
Created relationship PRK->ARE with date=2011-01-11 and goalDifference=0: Relationship[6866]
Created relationship ARE->PRK with date=2011-01-11 and goalDifference=0: Relationship[6867]
Processing entry 3434 of 4135
2011-01-12 CHN:QAT -2
Node for team CHN already exists: Node[99]
Node for team QAT already exists: Node[127]
Created relationship CHN->QAT with date=2011-01-12 and goalDifference=-2: Relationship[6868]
Created relationship QAT->CHN with date=2011-01-12 and goalDifference=-2: Relationship[6869]
Processing entry 3435 of 4135
2011-01-12 UZB:KWT 1
Node for team UZB already exists: Node[131]
Node for team KWT already exists: Node[60]
Created relationship UZB->KWT with date=2011-01-12 and goalDifference=1: Relationship[6870]
Created relationship KWT->UZB with date=2011-01-12 and goalDifference=1: Relationship[6871]
Processing entry 3436 of 4135
2011-01-13 JOR:SAU 1
Node for team JOR already exists: Node[140]
Node for team SAU already exists: Node[68]
Created relationship JOR->SAU with date=2011-01-13 and goalDifference=1: Relationship[6872]
Created relationship SAU->JOR with date=2011-01-13 and goalDifference=1: Relationship[6873]
Processing entry 3437 of 4135
2011-01-13 SYR:JPN -1
Node for team SYR already exists: Node[141]
Node for team JPN already exists: Node[86]
Created relationship SYR->JPN with date=2011-01-13 and goalDifference=-1: Relationship[6874]
Created relationship JPN->SYR with date=2011-01-13 and goalDifference=-1: Relationship[6875]
Processing entry 3438 of 4135
2011-01-14 AUS:KOR 0
Node for team AUS already exists: Node[52]
Node for team KOR already exists: Node[30]
Created relationship AUS->KOR with date=2011-01-14 and goalDifference=0: Relationship[6876]
Created relationship KOR->AUS with date=2011-01-14 and goalDifference=0: Relationship[6877]
Processing entry 3439 of 4135
2011-01-14 BHR:IND 3
Node for team BHR already exists: Node[129]
Node for team IND already exists: Node[142]
Created relationship BHR->IND with date=2011-01-14 and goalDifference=3: Relationship[6878]
Created relationship IND->BHR with date=2011-01-14 and goalDifference=3: Relationship[6879]
Processing entry 3440 of 4135
2011-01-14 SLV:NIC 2
Node for team SLV already exists: Node[49]
Node for team NIC already exists: Node[120]
Created relationship SLV->NIC with date=2011-01-14 and goalDifference=2: Relationship[6880]
Created relationship NIC->SLV with date=2011-01-14 and goalDifference=2: Relationship[6881]
Processing entry 3441 of 4135
2011-01-15 ARE:IRQ -1
Node for team ARE already exists: Node[63]
Node for team IRQ already exists: Node[62]
Created relationship ARE->IRQ with date=2011-01-15 and goalDifference=-1: Relationship[6882]
Created relationship IRQ->ARE with date=2011-01-15 and goalDifference=-1: Relationship[6883]
Processing entry 3442 of 4135
2011-01-15 CRI:HND 0
Node for team CRI already exists: Node[64]
Node for team HND already exists: Node[59]
Created relationship CRI->HND with date=2011-01-15 and goalDifference=0: Relationship[6884]
Created relationship HND->CRI with date=2011-01-15 and goalDifference=0: Relationship[6885]
Processing entry 3443 of 4135
2011-01-15 IRN:PRK 1
Node for team IRN already exists: Node[55]
Node for team PRK already exists: Node[45]
Created relationship IRN->PRK with date=2011-01-15 and goalDifference=1: Relationship[6886]
Created relationship PRK->IRN with date=2011-01-15 and goalDifference=1: Relationship[6887]
Processing entry 3444 of 4135
2011-01-15 PAN:BLZ 2
Node for team PAN already exists: Node[111]
Node for team BLZ already exists: Node[121]
Created relationship PAN->BLZ with date=2011-01-15 and goalDifference=2: Relationship[6888]
Created relationship BLZ->PAN with date=2011-01-15 and goalDifference=2: Relationship[6889]
Processing entry 3445 of 4135
2011-01-16 BLZ:SLV -3
Node for team BLZ already exists: Node[121]
Node for team SLV already exists: Node[49]
Created relationship BLZ->SLV with date=2011-01-16 and goalDifference=-3: Relationship[6890]
Created relationship SLV->BLZ with date=2011-01-16 and goalDifference=-3: Relationship[6891]
Processing entry 3446 of 4135
2011-01-16 CHN:UZB 0
Node for team CHN already exists: Node[99]
Node for team UZB already exists: Node[131]
Created relationship CHN->UZB with date=2011-01-16 and goalDifference=0: Relationship[6892]
Created relationship UZB->CHN with date=2011-01-16 and goalDifference=0: Relationship[6893]
Processing entry 3447 of 4135
2011-01-16 GTM:CRI -2
Node for team GTM already exists: Node[119]
Node for team CRI already exists: Node[64]
Created relationship GTM->CRI with date=2011-01-16 and goalDifference=-2: Relationship[6894]
Created relationship CRI->GTM with date=2011-01-16 and goalDifference=-2: Relationship[6895]
Processing entry 3448 of 4135
2011-01-16 QAT:KWT 3
Node for team QAT already exists: Node[127]
Node for team KWT already exists: Node[60]
Created relationship QAT->KWT with date=2011-01-16 and goalDifference=3: Relationship[6896]
Created relationship KWT->QAT with date=2011-01-16 and goalDifference=3: Relationship[6897]
Processing entry 3449 of 4135
2011-01-17 JOR:SYR 1
Node for team JOR already exists: Node[140]
Node for team SYR already exists: Node[141]
Created relationship JOR->SYR with date=2011-01-17 and goalDifference=1: Relationship[6898]
Created relationship SYR->JOR with date=2011-01-17 and goalDifference=1: Relationship[6899]
Processing entry 3450 of 4135
2011-01-17 PAN:NIC 2
Node for team PAN already exists: Node[111]
Node for team NIC already exists: Node[120]
Created relationship PAN->NIC with date=2011-01-17 and goalDifference=2: Relationship[6900]
Created relationship NIC->PAN with date=2011-01-17 and goalDifference=2: Relationship[6901]
Processing entry 3451 of 4135
2011-01-17 SAU:JPN -5
Node for team SAU already exists: Node[68]
Node for team JPN already exists: Node[86]
Created relationship SAU->JPN with date=2011-01-17 and goalDifference=-5: Relationship[6902]
Created relationship JPN->SAU with date=2011-01-17 and goalDifference=-5: Relationship[6903]
Processing entry 3452 of 4135
2011-01-18 AUS:BHR 1
Node for team AUS already exists: Node[52]
Node for team BHR already exists: Node[129]
Created relationship AUS->BHR with date=2011-01-18 and goalDifference=1: Relationship[6904]
Created relationship BHR->AUS with date=2011-01-18 and goalDifference=1: Relationship[6905]
Processing entry 3453 of 4135
2011-01-18 KOR:IND 3
Node for team KOR already exists: Node[30]
Node for team IND already exists: Node[142]
Created relationship KOR->IND with date=2011-01-18 and goalDifference=3: Relationship[6906]
Created relationship IND->KOR with date=2011-01-18 and goalDifference=3: Relationship[6907]
Processing entry 3454 of 4135
2011-01-18 NIC:BLZ 0
Node for team NIC already exists: Node[120]
Node for team BLZ already exists: Node[121]
Created relationship NIC->BLZ with date=2011-01-18 and goalDifference=0: Relationship[6908]
Created relationship BLZ->NIC with date=2011-01-18 and goalDifference=0: Relationship[6909]
Processing entry 3455 of 4135
2011-01-19 ARE:IRN -3
Node for team ARE already exists: Node[63]
Node for team IRN already exists: Node[55]
Created relationship ARE->IRN with date=2011-01-19 and goalDifference=-3: Relationship[6910]
Created relationship IRN->ARE with date=2011-01-19 and goalDifference=-3: Relationship[6911]
Processing entry 3456 of 4135
2011-01-19 HND:GTM 2
Node for team HND already exists: Node[59]
Node for team GTM already exists: Node[119]
Created relationship HND->GTM with date=2011-01-19 and goalDifference=2: Relationship[6912]
Created relationship GTM->HND with date=2011-01-19 and goalDifference=2: Relationship[6913]
Processing entry 3457 of 4135
2011-01-19 IRQ:PRK 1
Node for team IRQ already exists: Node[62]
Node for team PRK already exists: Node[45]
Created relationship IRQ->PRK with date=2011-01-19 and goalDifference=1: Relationship[6914]
Created relationship PRK->IRQ with date=2011-01-19 and goalDifference=1: Relationship[6915]
Processing entry 3458 of 4135
2011-01-19 PAN:SLV 2
Node for team PAN already exists: Node[111]
Node for team SLV already exists: Node[49]
Created relationship PAN->SLV with date=2011-01-19 and goalDifference=2: Relationship[6916]
Created relationship SLV->PAN with date=2011-01-19 and goalDifference=2: Relationship[6917]
Processing entry 3459 of 4135
2011-01-21 JPN:QAT 1
Node for team JPN already exists: Node[86]
Node for team QAT already exists: Node[127]
Created relationship JPN->QAT with date=2011-01-21 and goalDifference=1: Relationship[6918]
Created relationship QAT->JPN with date=2011-01-21 and goalDifference=1: Relationship[6919]
Processing entry 3460 of 4135
2011-01-21 NIC:GTM -1
Node for team NIC already exists: Node[120]
Node for team GTM already exists: Node[119]
Created relationship NIC->GTM with date=2011-01-21 and goalDifference=-1: Relationship[6920]
Created relationship GTM->NIC with date=2011-01-21 and goalDifference=-1: Relationship[6921]
Processing entry 3461 of 4135
2011-01-21 UZB:JOR 1
Node for team UZB already exists: Node[131]
Node for team JOR already exists: Node[140]
Created relationship UZB->JOR with date=2011-01-21 and goalDifference=1: Relationship[6922]
Created relationship JOR->UZB with date=2011-01-21 and goalDifference=1: Relationship[6923]
Processing entry 3462 of 4135
2011-01-22 AUS:IRQ 1
Node for team AUS already exists: Node[52]
Node for team IRQ already exists: Node[62]
Created relationship AUS->IRQ with date=2011-01-22 and goalDifference=1: Relationship[6924]
Created relationship IRQ->AUS with date=2011-01-22 and goalDifference=1: Relationship[6925]
Processing entry 3463 of 4135
2011-01-22 HND:SLV 2
Node for team HND already exists: Node[59]
Node for team SLV already exists: Node[49]
Created relationship HND->SLV with date=2011-01-22 and goalDifference=2: Relationship[6926]
Created relationship SLV->HND with date=2011-01-22 and goalDifference=2: Relationship[6927]
Processing entry 3464 of 4135
2011-01-22 IRN:KOR -1
Node for team IRN already exists: Node[55]
Node for team KOR already exists: Node[30]
Created relationship IRN->KOR with date=2011-01-22 and goalDifference=-1: Relationship[6928]
Created relationship KOR->IRN with date=2011-01-22 and goalDifference=-1: Relationship[6929]
Processing entry 3465 of 4135
2011-01-22 PAN:CRI 0
Node for team PAN already exists: Node[111]
Node for team CRI already exists: Node[64]
Created relationship PAN->CRI with date=2011-01-22 and goalDifference=0: Relationship[6930]
Created relationship CRI->PAN with date=2011-01-22 and goalDifference=0: Relationship[6931]
Processing entry 3466 of 4135
2011-01-23 SLV:PAN 0
Node for team SLV already exists: Node[49]
Node for team PAN already exists: Node[111]
Created relationship SLV->PAN with date=2011-01-23 and goalDifference=0: Relationship[6932]
Created relationship PAN->SLV with date=2011-01-23 and goalDifference=0: Relationship[6933]
Processing entry 3467 of 4135
2011-01-24 HND:CRI 1
Node for team HND already exists: Node[59]
Node for team CRI already exists: Node[64]
Created relationship HND->CRI with date=2011-01-24 and goalDifference=1: Relationship[6934]
Created relationship CRI->HND with date=2011-01-24 and goalDifference=1: Relationship[6935]
Processing entry 3468 of 4135
2011-01-25 JPN:KOR 0
Node for team JPN already exists: Node[86]
Node for team KOR already exists: Node[30]
Created relationship JPN->KOR with date=2011-01-25 and goalDifference=0: Relationship[6936]
Created relationship KOR->JPN with date=2011-01-25 and goalDifference=0: Relationship[6937]
Processing entry 3469 of 4135
2011-01-25 UZB:AUS -6
Node for team UZB already exists: Node[131]
Node for team AUS already exists: Node[52]
Created relationship UZB->AUS with date=2011-01-25 and goalDifference=-6: Relationship[6938]
Created relationship AUS->UZB with date=2011-01-25 and goalDifference=-6: Relationship[6939]
Processing entry 3470 of 4135
2011-01-28 UZB:KOR -1
Node for team UZB already exists: Node[131]
Node for team KOR already exists: Node[30]
Created relationship UZB->KOR with date=2011-01-28 and goalDifference=-1: Relationship[6940]
Created relationship KOR->UZB with date=2011-01-28 and goalDifference=-1: Relationship[6941]
Processing entry 3471 of 4135
2011-01-29 AUS:JPN -1
Node for team AUS already exists: Node[52]
Node for team JPN already exists: Node[86]
Created relationship AUS->JPN with date=2011-01-29 and goalDifference=-1: Relationship[6942]
Created relationship JPN->AUS with date=2011-01-29 and goalDifference=-1: Relationship[6943]
Processing entry 3472 of 4135
2011-03-25 AUT:BEL -2
Node for team AUT already exists: Node[13]
Node for team BEL already exists: Node[3]
Created relationship AUT->BEL with date=2011-03-25 and goalDifference=-2: Relationship[6944]
Created relationship BEL->AUT with date=2011-03-25 and goalDifference=-2: Relationship[6945]
Processing entry 3473 of 4135
2011-03-25 ESP:CZE 1
Node for team ESP already exists: Node[18]
Node for team CZE already exists: Node[74]
Created relationship ESP->CZE with date=2011-03-25 and goalDifference=1: Relationship[6946]
Created relationship CZE->ESP with date=2011-03-25 and goalDifference=1: Relationship[6947]
Processing entry 3474 of 4135
2011-03-25 HUN:NLD -4
Node for team HUN already exists: Node[19]
Node for team NLD already exists: Node[15]
Created relationship HUN->NLD with date=2011-03-25 and goalDifference=-4: Relationship[6948]
Created relationship NLD->HUN with date=2011-03-25 and goalDifference=-4: Relationship[6949]
Processing entry 3475 of 4135
2011-03-25 LUX:FRA -2
Node for team LUX already exists: Node[44]
Node for team FRA already exists: Node[0]
Created relationship LUX->FRA with date=2011-03-25 and goalDifference=-2: Relationship[6950]
Created relationship FRA->LUX with date=2011-03-25 and goalDifference=-2: Relationship[6951]
Processing entry 3476 of 4135
2011-03-25 SRB:NIR 1
Node for team SRB already exists: Node[122]
Node for team NIR already exists: Node[32]
Created relationship SRB->NIR with date=2011-03-25 and goalDifference=1: Relationship[6952]
Created relationship NIR->SRB with date=2011-03-25 and goalDifference=1: Relationship[6953]
Processing entry 3477 of 4135
2011-03-25 SVN:ITA -1
Node for team SVN already exists: Node[83]
Node for team ITA already exists: Node[21]
Created relationship SVN->ITA with date=2011-03-25 and goalDifference=-1: Relationship[6954]
Created relationship ITA->SVN with date=2011-03-25 and goalDifference=-1: Relationship[6955]
Processing entry 3478 of 4135
2011-03-26 ALB:BLR 1
Node for team ALB already exists: Node[41]
Node for team BLR already exists: Node[80]
Created relationship ALB->BLR with date=2011-03-26 and goalDifference=1: Relationship[6956]
Created relationship BLR->ALB with date=2011-03-26 and goalDifference=1: Relationship[6957]
Processing entry 3479 of 4135
2011-03-26 AND:SVK -1
Node for team AND already exists: Node[92]
Node for team SVK already exists: Node[82]
Created relationship AND->SVK with date=2011-03-26 and goalDifference=-1: Relationship[6958]
Created relationship SVK->AND with date=2011-03-26 and goalDifference=-1: Relationship[6959]
Processing entry 3480 of 4135
2011-03-26 ARM:RUS 0
Node for team ARM already exists: Node[75]
Node for team RUS already exists: Node[70]
Created relationship ARM->RUS with date=2011-03-26 and goalDifference=0: Relationship[6960]
Created relationship RUS->ARM with date=2011-03-26 and goalDifference=0: Relationship[6961]
Processing entry 3481 of 4135
2011-03-26 BGR:CHE 0
Node for team BGR already exists: Node[36]
Node for team CHE already exists: Node[14]
Created relationship BGR->CHE with date=2011-03-26 and goalDifference=0: Relationship[6962]
Created relationship CHE->BGR with date=2011-03-26 and goalDifference=0: Relationship[6963]
Processing entry 3482 of 4135
2011-03-26 BIH:ROU 1
Node for team BIH already exists: Node[91]
Node for team ROU already exists: Node[4]
Created relationship BIH->ROU with date=2011-03-26 and goalDifference=1: Relationship[6964]
Created relationship ROU->BIH with date=2011-03-26 and goalDifference=1: Relationship[6965]
Processing entry 3483 of 4135
2011-03-26 CYP:ISL 0
Node for team CYP already exists: Node[47]
Node for team ISL already exists: Node[43]
Created relationship CYP->ISL with date=2011-03-26 and goalDifference=0: Relationship[6966]
Created relationship ISL->CYP with date=2011-03-26 and goalDifference=0: Relationship[6967]
Processing entry 3484 of 4135
2011-03-26 DEU:KAZ 4
Node for team DEU already exists: Node[17]
Node for team KAZ already exists: Node[118]
Created relationship DEU->KAZ with date=2011-03-26 and goalDifference=4: Relationship[6968]
Created relationship KAZ->DEU with date=2011-03-26 and goalDifference=4: Relationship[6969]
Processing entry 3485 of 4135
2011-03-26 GEO:HRV 1
Node for team GEO already exists: Node[76]
Node for team HRV already exists: Node[73]
Created relationship GEO->HRV with date=2011-03-26 and goalDifference=1: Relationship[6970]
Created relationship HRV->GEO with date=2011-03-26 and goalDifference=1: Relationship[6971]
Processing entry 3486 of 4135
2011-03-26 IRL:MKD 1
Node for team IRL already exists: Node[35]
Node for team MKD already exists: Node[79]
Created relationship IRL->MKD with date=2011-03-26 and goalDifference=1: Relationship[6972]
Created relationship MKD->IRL with date=2011-03-26 and goalDifference=1: Relationship[6973]
Processing entry 3487 of 4135
2011-03-26 ISR:LVA 1
Node for team ISR already exists: Node[48]
Node for team LVA already exists: Node[78]
Created relationship ISR->LVA with date=2011-03-26 and goalDifference=1: Relationship[6974]
Created relationship LVA->ISR with date=2011-03-26 and goalDifference=1: Relationship[6975]
Processing entry 3488 of 4135
2011-03-26 MLT:GRC -1
Node for team MLT already exists: Node[42]
Node for team GRC already exists: Node[34]
Created relationship MLT->GRC with date=2011-03-26 and goalDifference=-1: Relationship[6976]
Created relationship GRC->MLT with date=2011-03-26 and goalDifference=-1: Relationship[6977]
Processing entry 3489 of 4135
2011-03-26 NOR:DNK 0
Node for team NOR already exists: Node[26]
Node for team DNK already exists: Node[39]
Created relationship NOR->DNK with date=2011-03-26 and goalDifference=0: Relationship[6978]
Created relationship DNK->NOR with date=2011-03-26 and goalDifference=0: Relationship[6979]
Processing entry 3490 of 4135
2011-03-26 WAL:ENG -2
Node for team WAL already exists: Node[31]
Node for team ENG already exists: Node[27]
Created relationship WAL->ENG with date=2011-03-26 and goalDifference=-2: Relationship[6980]
Created relationship ENG->WAL with date=2011-03-26 and goalDifference=-2: Relationship[6981]
Processing entry 3491 of 4135
2011-03-29 BEL:AZE 3
Node for team BEL already exists: Node[3]
Node for team AZE already exists: Node[81]
Created relationship BEL->AZE with date=2011-03-29 and goalDifference=3: Relationship[6982]
Created relationship AZE->BEL with date=2011-03-29 and goalDifference=3: Relationship[6983]
Processing entry 3492 of 4135
2011-03-29 CZE:LIE 2
Node for team CZE already exists: Node[74]
Node for team LIE already exists: Node[69]
Created relationship CZE->LIE with date=2011-03-29 and goalDifference=2: Relationship[6984]
Created relationship LIE->CZE with date=2011-03-29 and goalDifference=2: Relationship[6985]
Processing entry 3493 of 4135
2011-03-29 EST:SRB 0
Node for team EST already exists: Node[72]
Node for team SRB already exists: Node[122]
Created relationship EST->SRB with date=2011-03-29 and goalDifference=0: Relationship[6986]
Created relationship SRB->EST with date=2011-03-29 and goalDifference=0: Relationship[6987]
Processing entry 3494 of 4135
2011-03-29 ISR:GEO 1
Node for team ISR already exists: Node[48]
Node for team GEO already exists: Node[76]
Created relationship ISR->GEO with date=2011-03-29 and goalDifference=1: Relationship[6988]
Created relationship GEO->ISR with date=2011-03-29 and goalDifference=1: Relationship[6989]
Processing entry 3495 of 4135
2011-03-29 LTU:ESP -2
Node for team LTU already exists: Node[85]
Node for team ESP already exists: Node[18]
Created relationship LTU->ESP with date=2011-03-29 and goalDifference=-2: Relationship[6990]
Created relationship ESP->LTU with date=2011-03-29 and goalDifference=-2: Relationship[6991]
Processing entry 3496 of 4135
2011-03-29 NIR:SVN 0
Node for team NIR already exists: Node[32]
Node for team SVN already exists: Node[83]
Created relationship NIR->SVN with date=2011-03-29 and goalDifference=0: Relationship[6992]
Created relationship SVN->NIR with date=2011-03-29 and goalDifference=0: Relationship[6993]
Processing entry 3497 of 4135
2011-03-29 NLD:HUN 2
Node for team NLD already exists: Node[15]
Node for team HUN already exists: Node[19]
Created relationship NLD->HUN with date=2011-03-29 and goalDifference=2: Relationship[6994]
Created relationship HUN->NLD with date=2011-03-29 and goalDifference=2: Relationship[6995]
Processing entry 3498 of 4135
2011-03-29 ROU:LUX 2
Node for team ROU already exists: Node[4]
Node for team LUX already exists: Node[44]
Created relationship ROU->LUX with date=2011-03-29 and goalDifference=2: Relationship[6996]
Created relationship LUX->ROU with date=2011-03-29 and goalDifference=2: Relationship[6997]
Processing entry 3499 of 4135
2011-03-29 SWE:MDA 1
Node for team SWE already exists: Node[22]
Node for team MDA already exists: Node[77]
Created relationship SWE->MDA with date=2011-03-29 and goalDifference=1: Relationship[6998]
Created relationship MDA->SWE with date=2011-03-29 and goalDifference=1: Relationship[6999]
Processing entry 3500 of 4135
2011-03-29 TUR:AUT 2
Node for team TUR already exists: Node[29]
Node for team AUT already exists: Node[13]
Created relationship TUR->AUT with date=2011-03-29 and goalDifference=2: Relationship[7000]
Created relationship AUT->TUR with date=2011-03-29 and goalDifference=2: Relationship[7001]
Processing entry 3501 of 4135
2011-06-03 AUT:DEU -1
Node for team AUT already exists: Node[13]
Node for team DEU already exists: Node[17]
Created relationship AUT->DEU with date=2011-06-03 and goalDifference=-1: Relationship[7002]
Created relationship DEU->AUT with date=2011-06-03 and goalDifference=-1: Relationship[7003]
Processing entry 3502 of 4135
2011-06-03 BEL:TUR 0
Node for team BEL already exists: Node[3]
Node for team TUR already exists: Node[29]
Created relationship BEL->TUR with date=2011-06-03 and goalDifference=0: Relationship[7004]
Created relationship TUR->BEL with date=2011-06-03 and goalDifference=0: Relationship[7005]
Processing entry 3503 of 4135
2011-06-03 BLR:FRA 0
Node for team BLR already exists: Node[80]
Node for team FRA already exists: Node[0]
Created relationship BLR->FRA with date=2011-06-03 and goalDifference=0: Relationship[7006]
Created relationship FRA->BLR with date=2011-06-03 and goalDifference=0: Relationship[7007]
Processing entry 3504 of 4135
2011-06-03 FRO:SVN -2
Node for team FRO already exists: Node[66]
Node for team SVN already exists: Node[83]
Created relationship FRO->SVN with date=2011-06-03 and goalDifference=-2: Relationship[7008]
Created relationship SVN->FRO with date=2011-06-03 and goalDifference=-2: Relationship[7009]
Processing entry 3505 of 4135
2011-06-03 HRV:GEO 1
Node for team HRV already exists: Node[73]
Node for team GEO already exists: Node[76]
Created relationship HRV->GEO with date=2011-06-03 and goalDifference=1: Relationship[7010]
Created relationship GEO->HRV with date=2011-06-03 and goalDifference=1: Relationship[7011]
Processing entry 3506 of 4135
2011-06-03 ITA:EST 3
Node for team ITA already exists: Node[21]
Node for team EST already exists: Node[72]
Created relationship ITA->EST with date=2011-06-03 and goalDifference=3: Relationship[7012]
Created relationship EST->ITA with date=2011-06-03 and goalDifference=3: Relationship[7013]
Processing entry 3507 of 4135
2011-06-03 KAZ:AZE 1
Node for team KAZ already exists: Node[118]
Node for team AZE already exists: Node[81]
Created relationship KAZ->AZE with date=2011-06-03 and goalDifference=1: Relationship[7014]
Created relationship AZE->KAZ with date=2011-06-03 and goalDifference=1: Relationship[7015]
Processing entry 3508 of 4135
2011-06-03 LIE:LTU 2
Node for team LIE already exists: Node[69]
Node for team LTU already exists: Node[85]
Created relationship LIE->LTU with date=2011-06-03 and goalDifference=2: Relationship[7016]
Created relationship LTU->LIE with date=2011-06-03 and goalDifference=2: Relationship[7017]
Processing entry 3509 of 4135
2011-06-03 MDA:SWE -3
Node for team MDA already exists: Node[77]
Node for team SWE already exists: Node[22]
Created relationship MDA->SWE with date=2011-06-03 and goalDifference=-3: Relationship[7018]
Created relationship SWE->MDA with date=2011-06-03 and goalDifference=-3: Relationship[7019]
Processing entry 3510 of 4135
2011-06-03 ROU:BIH 3
Node for team ROU already exists: Node[4]
Node for team BIH already exists: Node[91]
Created relationship ROU->BIH with date=2011-06-03 and goalDifference=3: Relationship[7020]
Created relationship BIH->ROU with date=2011-06-03 and goalDifference=3: Relationship[7021]
Processing entry 3511 of 4135
2011-06-03 SMR:FIN -1
Node for team SMR already exists: Node[67]
Node for team FIN already exists: Node[46]
Created relationship SMR->FIN with date=2011-06-03 and goalDifference=-1: Relationship[7022]
Created relationship FIN->SMR with date=2011-06-03 and goalDifference=-1: Relationship[7023]
Processing entry 3512 of 4135
2011-06-04 ENG:CHE 0
Node for team ENG already exists: Node[27]
Node for team CHE already exists: Node[14]
Created relationship ENG->CHE with date=2011-06-04 and goalDifference=0: Relationship[7024]
Created relationship CHE->ENG with date=2011-06-04 and goalDifference=0: Relationship[7025]
Processing entry 3513 of 4135
2011-06-04 GRC:MLT 2
Node for team GRC already exists: Node[34]
Node for team MLT already exists: Node[42]
Created relationship GRC->MLT with date=2011-06-04 and goalDifference=2: Relationship[7026]
Created relationship MLT->GRC with date=2011-06-04 and goalDifference=2: Relationship[7027]
Processing entry 3514 of 4135
2011-06-04 ISL:DNK -2
Node for team ISL already exists: Node[43]
Node for team DNK already exists: Node[39]
Created relationship ISL->DNK with date=2011-06-04 and goalDifference=-2: Relationship[7028]
Created relationship DNK->ISL with date=2011-06-04 and goalDifference=-2: Relationship[7029]
Processing entry 3515 of 4135
2011-06-04 LVA:ISR -1
Node for team LVA already exists: Node[78]
Node for team ISR already exists: Node[48]
Created relationship LVA->ISR with date=2011-06-04 and goalDifference=-1: Relationship[7030]
Created relationship ISR->LVA with date=2011-06-04 and goalDifference=-1: Relationship[7031]
Processing entry 3516 of 4135
2011-06-04 MKD:IRL -2
Node for team MKD already exists: Node[79]
Node for team IRL already exists: Node[35]
Created relationship MKD->IRL with date=2011-06-04 and goalDifference=-2: Relationship[7032]
Created relationship IRL->MKD with date=2011-06-04 and goalDifference=-2: Relationship[7033]
Processing entry 3517 of 4135
2011-06-04 MNE:BGR 0
Node for team MNE already exists: Node[139]
Node for team BGR already exists: Node[36]
Created relationship MNE->BGR with date=2011-06-04 and goalDifference=0: Relationship[7034]
Created relationship BGR->MNE with date=2011-06-04 and goalDifference=0: Relationship[7035]
Processing entry 3518 of 4135
2011-06-04 PRT:NOR 1
Node for team PRT already exists: Node[38]
Node for team NOR already exists: Node[26]
Created relationship PRT->NOR with date=2011-06-04 and goalDifference=1: Relationship[7036]
Created relationship NOR->PRT with date=2011-06-04 and goalDifference=1: Relationship[7037]
Processing entry 3519 of 4135
2011-06-04 RUS:ARM 2
Node for team RUS already exists: Node[70]
Node for team ARM already exists: Node[75]
Created relationship RUS->ARM with date=2011-06-04 and goalDifference=2: Relationship[7038]
Created relationship ARM->RUS with date=2011-06-04 and goalDifference=2: Relationship[7039]
Processing entry 3520 of 4135
2011-06-04 SVK:AND 1
Node for team SVK already exists: Node[82]
Node for team AND already exists: Node[92]
Created relationship SVK->AND with date=2011-06-04 and goalDifference=1: Relationship[7040]
Created relationship AND->SVK with date=2011-06-04 and goalDifference=1: Relationship[7041]
Processing entry 3521 of 4135
2011-06-06 CRI:CUB 5
Node for team CRI already exists: Node[64]
Node for team CUB already exists: Node[24]
Created relationship CRI->CUB with date=2011-06-06 and goalDifference=5: Relationship[7042]
Created relationship CUB->CRI with date=2011-06-06 and goalDifference=5: Relationship[7043]
Processing entry 3522 of 4135
2011-06-06 MEX:SLV 5
Node for team MEX already exists: Node[1]
Node for team SLV already exists: Node[49]
Created relationship MEX->SLV with date=2011-06-06 and goalDifference=5: Relationship[7044]
Created relationship SLV->MEX with date=2011-06-06 and goalDifference=5: Relationship[7045]
Processing entry 3523 of 4135
2011-06-07 AZE:DEU -2
Node for team AZE already exists: Node[81]
Node for team DEU already exists: Node[17]
Created relationship AZE->DEU with date=2011-06-07 and goalDifference=-2: Relationship[7046]
Created relationship DEU->AZE with date=2011-06-07 and goalDifference=-2: Relationship[7047]
Processing entry 3524 of 4135
2011-06-07 BIH:ALB 2
Node for team BIH already exists: Node[91]
Node for team ALB already exists: Node[41]
Created relationship BIH->ALB with date=2011-06-07 and goalDifference=2: Relationship[7048]
Created relationship ALB->BIH with date=2011-06-07 and goalDifference=2: Relationship[7049]
Processing entry 3525 of 4135
2011-06-07 BLR:LUX 2
Node for team BLR already exists: Node[80]
Node for team LUX already exists: Node[44]
Created relationship BLR->LUX with date=2011-06-07 and goalDifference=2: Relationship[7050]
Created relationship LUX->BLR with date=2011-06-07 and goalDifference=2: Relationship[7051]
Processing entry 3526 of 4135
2011-06-07 FRO:EST 2
Node for team FRO already exists: Node[66]
Node for team EST already exists: Node[72]
Created relationship FRO->EST with date=2011-06-07 and goalDifference=2: Relationship[7052]
Created relationship EST->FRO with date=2011-06-07 and goalDifference=2: Relationship[7053]
Processing entry 3527 of 4135
2011-06-07 HND:GTM 0
Node for team HND already exists: Node[59]
Node for team GTM already exists: Node[119]
Created relationship HND->GTM with date=2011-06-07 and goalDifference=0: Relationship[7054]
Created relationship GTM->HND with date=2011-06-07 and goalDifference=0: Relationship[7055]
Processing entry 3528 of 4135
2011-06-07 JAM:GRD 4
Node for team JAM already exists: Node[90]
Node for team GRD already exists: Node[134]
Created relationship JAM->GRD with date=2011-06-07 and goalDifference=4: Relationship[7056]
Created relationship GRD->JAM with date=2011-06-07 and goalDifference=4: Relationship[7057]
Processing entry 3529 of 4135
2011-06-07 SMR:HUN -3
Node for team SMR already exists: Node[67]
Node for team HUN already exists: Node[19]
Created relationship SMR->HUN with date=2011-06-07 and goalDifference=-3: Relationship[7058]
Created relationship HUN->SMR with date=2011-06-07 and goalDifference=-3: Relationship[7059]
Processing entry 3530 of 4135
2011-06-07 SWE:FIN 5
Node for team SWE already exists: Node[22]
Node for team FIN already exists: Node[46]
Created relationship SWE->FIN with date=2011-06-07 and goalDifference=5: Relationship[7060]
Created relationship FIN->SWE with date=2011-06-07 and goalDifference=5: Relationship[7061]
Processing entry 3531 of 4135
2011-06-08 PAN:GLP 1
Node for team PAN already exists: Node[111]
Node for team GLP already exists: Node[123]
Created relationship PAN->GLP with date=2011-06-08 and goalDifference=1: Relationship[7062]
Created relationship GLP->PAN with date=2011-06-08 and goalDifference=1: Relationship[7063]
Processing entry 3532 of 4135
2011-06-08 USA:CAN 2
Node for team USA already exists: Node[2]
Node for team CAN already exists: Node[61]
Created relationship USA->CAN with date=2011-06-08 and goalDifference=2: Relationship[7064]
Created relationship CAN->USA with date=2011-06-08 and goalDifference=2: Relationship[7065]
Processing entry 3533 of 4135
2011-06-10 CRI:SLV 0
Node for team CRI already exists: Node[64]
Node for team SLV already exists: Node[49]
Created relationship CRI->SLV with date=2011-06-10 and goalDifference=0: Relationship[7066]
Created relationship SLV->CRI with date=2011-06-10 and goalDifference=0: Relationship[7067]
Processing entry 3534 of 4135
2011-06-10 CUB:MEX -5
Node for team CUB already exists: Node[24]
Node for team MEX already exists: Node[1]
Created relationship CUB->MEX with date=2011-06-10 and goalDifference=-5: Relationship[7068]
Created relationship MEX->CUB with date=2011-06-10 and goalDifference=-5: Relationship[7069]
Processing entry 3535 of 4135
2011-06-11 GRD:HND -6
Node for team GRD already exists: Node[134]
Node for team HND already exists: Node[59]
Created relationship GRD->HND with date=2011-06-11 and goalDifference=-6: Relationship[7070]
Created relationship HND->GRD with date=2011-06-11 and goalDifference=-6: Relationship[7071]
Processing entry 3536 of 4135
2011-06-11 JAM:GTM 2
Node for team JAM already exists: Node[90]
Node for team GTM already exists: Node[119]
Created relationship JAM->GTM with date=2011-06-11 and goalDifference=2: Relationship[7072]
Created relationship GTM->JAM with date=2011-06-11 and goalDifference=2: Relationship[7073]
Processing entry 3537 of 4135
2011-06-12 GLP:CAN -1
Node for team GLP already exists: Node[123]
Node for team CAN already exists: Node[61]
Created relationship GLP->CAN with date=2011-06-12 and goalDifference=-1: Relationship[7074]
Created relationship CAN->GLP with date=2011-06-12 and goalDifference=-1: Relationship[7075]
Processing entry 3538 of 4135
2011-06-12 USA:PAN -1
Node for team USA already exists: Node[2]
Node for team PAN already exists: Node[111]
Created relationship USA->PAN with date=2011-06-12 and goalDifference=-1: Relationship[7076]
Created relationship PAN->USA with date=2011-06-12 and goalDifference=-1: Relationship[7077]
Processing entry 3539 of 4135
2011-06-13 MEX:CRI 3
Node for team MEX already exists: Node[1]
Node for team CRI already exists: Node[64]
Created relationship MEX->CRI with date=2011-06-13 and goalDifference=3: Relationship[7078]
Created relationship CRI->MEX with date=2011-06-13 and goalDifference=3: Relationship[7079]
Processing entry 3540 of 4135
2011-06-13 SLV:CUB 5
Node for team SLV already exists: Node[49]
Node for team CUB already exists: Node[24]
Created relationship SLV->CUB with date=2011-06-13 and goalDifference=5: Relationship[7080]
Created relationship CUB->SLV with date=2011-06-13 and goalDifference=5: Relationship[7081]
Processing entry 3541 of 4135
2011-06-14 GTM:GRD 4
Node for team GTM already exists: Node[119]
Node for team GRD already exists: Node[134]
Created relationship GTM->GRD with date=2011-06-14 and goalDifference=4: Relationship[7082]
Created relationship GRD->GTM with date=2011-06-14 and goalDifference=4: Relationship[7083]
Processing entry 3542 of 4135
2011-06-14 HND:JAM -1
Node for team HND already exists: Node[59]
Node for team JAM already exists: Node[90]
Created relationship HND->JAM with date=2011-06-14 and goalDifference=-1: Relationship[7084]
Created relationship JAM->HND with date=2011-06-14 and goalDifference=-1: Relationship[7085]
Processing entry 3543 of 4135
2011-06-15 CAN:PAN 0
Node for team CAN already exists: Node[61]
Node for team PAN already exists: Node[111]
Created relationship CAN->PAN with date=2011-06-15 and goalDifference=0: Relationship[7086]
Created relationship PAN->CAN with date=2011-06-15 and goalDifference=0: Relationship[7087]
Processing entry 3544 of 4135
2011-06-15 GLP:USA -1
Node for team GLP already exists: Node[123]
Node for team USA already exists: Node[2]
Created relationship GLP->USA with date=2011-06-15 and goalDifference=-1: Relationship[7088]
Created relationship USA->GLP with date=2011-06-15 and goalDifference=-1: Relationship[7089]
Processing entry 3545 of 4135
2011-06-18 CRI:HND 0
Node for team CRI already exists: Node[64]
Node for team HND already exists: Node[59]
Created relationship CRI->HND with date=2011-06-18 and goalDifference=0: Relationship[7090]
Created relationship HND->CRI with date=2011-06-18 and goalDifference=0: Relationship[7091]
Processing entry 3546 of 4135
2011-06-19 JAM:USA -2
Node for team JAM already exists: Node[90]
Node for team USA already exists: Node[2]
Created relationship JAM->USA with date=2011-06-19 and goalDifference=-2: Relationship[7092]
Created relationship USA->JAM with date=2011-06-19 and goalDifference=-2: Relationship[7093]
Processing entry 3547 of 4135
2011-06-19 MEX:GTM 1
Node for team MEX already exists: Node[1]
Node for team GTM already exists: Node[119]
Created relationship MEX->GTM with date=2011-06-19 and goalDifference=1: Relationship[7094]
Created relationship GTM->MEX with date=2011-06-19 and goalDifference=1: Relationship[7095]
Processing entry 3548 of 4135
2011-06-20 PAN:SLV 0
Node for team PAN already exists: Node[111]
Node for team SLV already exists: Node[49]
Created relationship PAN->SLV with date=2011-06-20 and goalDifference=0: Relationship[7096]
Created relationship SLV->PAN with date=2011-06-20 and goalDifference=0: Relationship[7097]
Processing entry 3549 of 4135
2011-06-23 HND:MEX -2
Node for team HND already exists: Node[59]
Node for team MEX already exists: Node[1]
Created relationship HND->MEX with date=2011-06-23 and goalDifference=-2: Relationship[7098]
Created relationship MEX->HND with date=2011-06-23 and goalDifference=-2: Relationship[7099]
Processing entry 3550 of 4135
2011-06-23 USA:PAN 1
Node for team USA already exists: Node[2]
Node for team PAN already exists: Node[111]
Created relationship USA->PAN with date=2011-06-23 and goalDifference=1: Relationship[7100]
Created relationship PAN->USA with date=2011-06-23 and goalDifference=1: Relationship[7101]
Processing entry 3551 of 4135
2011-06-26 USA:MEX -2
Node for team USA already exists: Node[2]
Node for team MEX already exists: Node[1]
Created relationship USA->MEX with date=2011-06-26 and goalDifference=-2: Relationship[7102]
Created relationship MEX->USA with date=2011-06-26 and goalDifference=-2: Relationship[7103]
Processing entry 3552 of 4135
2011-06-29 AFG:PSE -2
Created new node for team AFG: Node[143]
Created new node for team PSE: Node[144]
Created relationship AFG->PSE with date=2011-06-29 and goalDifference=-2: Relationship[7104]
Created relationship PSE->AFG with date=2011-06-29 and goalDifference=-2: Relationship[7105]
Processing entry 3553 of 4135
2011-06-29 BGD:PAK 3
Created new node for team BGD: Node[145]
Created new node for team PAK: Node[146]
Created relationship BGD->PAK with date=2011-06-29 and goalDifference=3: Relationship[7106]
Created relationship PAK->BGD with date=2011-06-29 and goalDifference=3: Relationship[7107]
Processing entry 3554 of 4135
2011-06-29 KHM:LAO 2
Created new node for team KHM: Node[147]
Created new node for team LAO: Node[148]
Created relationship KHM->LAO with date=2011-06-29 and goalDifference=2: Relationship[7108]
Created relationship LAO->KHM with date=2011-06-29 and goalDifference=2: Relationship[7109]
Processing entry 3555 of 4135
2011-06-29 LKA:PHL 0
Created new node for team LKA: Node[149]
Created new node for team PHL: Node[150]
Created relationship LKA->PHL with date=2011-06-29 and goalDifference=0: Relationship[7110]
Created relationship PHL->LKA with date=2011-06-29 and goalDifference=0: Relationship[7111]
Processing entry 3556 of 4135
2011-06-29 MNG:MMR 1
Created new node for team MNG: Node[151]
Created new node for team MMR: Node[152]
Created relationship MNG->MMR with date=2011-06-29 and goalDifference=1: Relationship[7112]
Created relationship MMR->MNG with date=2011-06-29 and goalDifference=1: Relationship[7113]
Processing entry 3557 of 4135
2011-06-29 MYS:TWN 1
Node for team MYS already exists: Node[130]
Created new node for team TWN: Node[153]
Created relationship MYS->TWN with date=2011-06-29 and goalDifference=1: Relationship[7114]
Created relationship TWN->MYS with date=2011-06-29 and goalDifference=1: Relationship[7115]
Processing entry 3558 of 4135
2011-06-29 NPL:TLS 1
Created new node for team NPL: Node[154]
Created new node for team TLS: Node[155]
Created relationship NPL->TLS with date=2011-06-29 and goalDifference=1: Relationship[7116]
Created relationship TLS->NPL with date=2011-06-29 and goalDifference=1: Relationship[7117]
Processing entry 3559 of 4135
2011-06-29 VNM:MAC 6
Node for team VNM already exists: Node[126]
Created new node for team MAC: Node[156]
Created relationship VNM->MAC with date=2011-06-29 and goalDifference=6: Relationship[7118]
Created relationship MAC->VNM with date=2011-06-29 and goalDifference=6: Relationship[7119]
Processing entry 3560 of 4135
2011-07-02 ARG:BOL 0
Node for team ARG already exists: Node[8]
Node for team BOL already exists: Node[11]
Created relationship ARG->BOL with date=2011-07-02 and goalDifference=0: Relationship[7120]
Created relationship BOL->ARG with date=2011-07-02 and goalDifference=0: Relationship[7121]
Processing entry 3561 of 4135
2011-07-02 COL:CRI 1
Node for team COL already exists: Node[40]
Node for team CRI already exists: Node[64]
Created relationship COL->CRI with date=2011-07-02 and goalDifference=1: Relationship[7122]
Created relationship CRI->COL with date=2011-07-02 and goalDifference=1: Relationship[7123]
Processing entry 3562 of 4135
2011-07-02 TLS:NPL -5
Node for team TLS already exists: Node[155]
Node for team NPL already exists: Node[154]
Created relationship TLS->NPL with date=2011-07-02 and goalDifference=-5: Relationship[7124]
Created relationship NPL->TLS with date=2011-07-02 and goalDifference=-5: Relationship[7125]
Processing entry 3563 of 4135
2011-07-03 BRA:VEN 0
Node for team BRA already exists: Node[7]
Node for team VEN already exists: Node[110]
Created relationship BRA->VEN with date=2011-07-03 and goalDifference=0: Relationship[7126]
Created relationship VEN->BRA with date=2011-07-03 and goalDifference=0: Relationship[7127]
Processing entry 3564 of 4135
2011-07-03 LAO:KHM 4
Node for team LAO already exists: Node[148]
Node for team KHM already exists: Node[147]
Created relationship LAO->KHM with date=2011-07-03 and goalDifference=4: Relationship[7128]
Created relationship KHM->LAO with date=2011-07-03 and goalDifference=4: Relationship[7129]
Processing entry 3565 of 4135
2011-07-03 MAC:VNM -6
Node for team MAC already exists: Node[156]
Node for team VNM already exists: Node[126]
Created relationship MAC->VNM with date=2011-07-03 and goalDifference=-6: Relationship[7130]
Created relationship VNM->MAC with date=2011-07-03 and goalDifference=-6: Relationship[7131]
Processing entry 3566 of 4135
2011-07-03 MMR:MNG 2
Node for team MMR already exists: Node[152]
Node for team MNG already exists: Node[151]
Created relationship MMR->MNG with date=2011-07-03 and goalDifference=2: Relationship[7132]
Created relationship MNG->MMR with date=2011-07-03 and goalDifference=2: Relationship[7133]
Processing entry 3567 of 4135
2011-07-03 PAK:BGD 0
Node for team PAK already exists: Node[146]
Node for team BGD already exists: Node[145]
Created relationship PAK->BGD with date=2011-07-03 and goalDifference=0: Relationship[7134]
Created relationship BGD->PAK with date=2011-07-03 and goalDifference=0: Relationship[7135]
Processing entry 3568 of 4135
2011-07-03 PHL:LKA 4
Node for team PHL already exists: Node[150]
Node for team LKA already exists: Node[149]
Created relationship PHL->LKA with date=2011-07-03 and goalDifference=4: Relationship[7136]
Created relationship LKA->PHL with date=2011-07-03 and goalDifference=4: Relationship[7137]
Processing entry 3569 of 4135
2011-07-03 PRY:ECU 0
Node for team PRY already exists: Node[10]
Node for team ECU already exists: Node[98]
Created relationship PRY->ECU with date=2011-07-03 and goalDifference=0: Relationship[7138]
Created relationship ECU->PRY with date=2011-07-03 and goalDifference=0: Relationship[7139]
Processing entry 3570 of 4135
2011-07-03 PSE:AFG 0
Node for team PSE already exists: Node[144]
Node for team AFG already exists: Node[143]
Created relationship PSE->AFG with date=2011-07-03 and goalDifference=0: Relationship[7140]
Created relationship AFG->PSE with date=2011-07-03 and goalDifference=0: Relationship[7141]
Processing entry 3571 of 4135
2011-07-03 TWN:MYS 1
Node for team TWN already exists: Node[153]
Node for team MYS already exists: Node[130]
Created relationship TWN->MYS with date=2011-07-03 and goalDifference=1: Relationship[7142]
Created relationship MYS->TWN with date=2011-07-03 and goalDifference=1: Relationship[7143]
Processing entry 3572 of 4135
2011-07-05 CHL:MEX 1
Node for team CHL already exists: Node[9]
Node for team MEX already exists: Node[1]
Created relationship CHL->MEX with date=2011-07-05 and goalDifference=1: Relationship[7144]
Created relationship MEX->CHL with date=2011-07-05 and goalDifference=1: Relationship[7145]
Processing entry 3573 of 4135
2011-07-05 URY:PER 0
Node for team URY already exists: Node[12]
Node for team PER already exists: Node[5]
Created relationship URY->PER with date=2011-07-05 and goalDifference=0: Relationship[7146]
Created relationship PER->URY with date=2011-07-05 and goalDifference=0: Relationship[7147]
Processing entry 3574 of 4135
2011-07-07 ARG:COL 0
Node for team ARG already exists: Node[8]
Node for team COL already exists: Node[40]
Created relationship ARG->COL with date=2011-07-07 and goalDifference=0: Relationship[7148]
Created relationship COL->ARG with date=2011-07-07 and goalDifference=0: Relationship[7149]
Processing entry 3575 of 4135
2011-07-08 BOL:CRI -2
Node for team BOL already exists: Node[11]
Node for team CRI already exists: Node[64]
Created relationship BOL->CRI with date=2011-07-08 and goalDifference=-2: Relationship[7150]
Created relationship CRI->BOL with date=2011-07-08 and goalDifference=-2: Relationship[7151]
Processing entry 3576 of 4135
2011-07-09 BRA:PRY 0
Node for team BRA already exists: Node[7]
Node for team PRY already exists: Node[10]
Created relationship BRA->PRY with date=2011-07-09 and goalDifference=0: Relationship[7152]
Created relationship PRY->BRA with date=2011-07-09 and goalDifference=0: Relationship[7153]
Processing entry 3577 of 4135
2011-07-09 PER:MEX 1
Node for team PER already exists: Node[5]
Node for team MEX already exists: Node[1]
Created relationship PER->MEX with date=2011-07-09 and goalDifference=1: Relationship[7154]
Created relationship MEX->PER with date=2011-07-09 and goalDifference=1: Relationship[7155]
Processing entry 3578 of 4135
2011-07-09 URY:CHL 0
Node for team URY already exists: Node[12]
Node for team CHL already exists: Node[9]
Created relationship URY->CHL with date=2011-07-09 and goalDifference=0: Relationship[7156]
Created relationship CHL->URY with date=2011-07-09 and goalDifference=0: Relationship[7157]
Processing entry 3579 of 4135
2011-07-09 VEN:ECU 1
Node for team VEN already exists: Node[110]
Node for team ECU already exists: Node[98]
Created relationship VEN->ECU with date=2011-07-09 and goalDifference=1: Relationship[7158]
Created relationship ECU->VEN with date=2011-07-09 and goalDifference=1: Relationship[7159]
Processing entry 3580 of 4135
2011-07-10 COL:BOL 2
Node for team COL already exists: Node[40]
Node for team BOL already exists: Node[11]
Created relationship COL->BOL with date=2011-07-10 and goalDifference=2: Relationship[7160]
Created relationship BOL->COL with date=2011-07-10 and goalDifference=2: Relationship[7161]
Processing entry 3581 of 4135
2011-07-12 ARG:CRI 3
Node for team ARG already exists: Node[8]
Node for team CRI already exists: Node[64]
Created relationship ARG->CRI with date=2011-07-12 and goalDifference=3: Relationship[7162]
Created relationship CRI->ARG with date=2011-07-12 and goalDifference=3: Relationship[7163]
Processing entry 3582 of 4135
2011-07-13 CHL:PER 1
Node for team CHL already exists: Node[9]
Node for team PER already exists: Node[5]
Created relationship CHL->PER with date=2011-07-13 and goalDifference=1: Relationship[7164]
Created relationship PER->CHL with date=2011-07-13 and goalDifference=1: Relationship[7165]
Processing entry 3583 of 4135
2011-07-13 URY:MEX 1
Node for team URY already exists: Node[12]
Node for team MEX already exists: Node[1]
Created relationship URY->MEX with date=2011-07-13 and goalDifference=1: Relationship[7166]
Created relationship MEX->URY with date=2011-07-13 and goalDifference=1: Relationship[7167]
Processing entry 3584 of 4135
2011-07-14 BRA:ECU 2
Node for team BRA already exists: Node[7]
Node for team ECU already exists: Node[98]
Created relationship BRA->ECU with date=2011-07-14 and goalDifference=2: Relationship[7168]
Created relationship ECU->BRA with date=2011-07-14 and goalDifference=2: Relationship[7169]
Processing entry 3585 of 4135
2011-07-14 PRY:VEN 0
Node for team PRY already exists: Node[10]
Node for team VEN already exists: Node[110]
Created relationship PRY->VEN with date=2011-07-14 and goalDifference=0: Relationship[7170]
Created relationship VEN->PRY with date=2011-07-14 and goalDifference=0: Relationship[7171]
Processing entry 3586 of 4135
2011-07-16 COL:PER -2
Node for team COL already exists: Node[40]
Node for team PER already exists: Node[5]
Created relationship COL->PER with date=2011-07-16 and goalDifference=-2: Relationship[7172]
Created relationship PER->COL with date=2011-07-16 and goalDifference=-2: Relationship[7173]
Processing entry 3587 of 4135
2011-07-17 ARG:URY 0
Node for team ARG already exists: Node[8]
Node for team URY already exists: Node[12]
Created relationship ARG->URY with date=2011-07-17 and goalDifference=0: Relationship[7174]
Created relationship URY->ARG with date=2011-07-17 and goalDifference=0: Relationship[7175]
Processing entry 3588 of 4135
2011-07-17 BRA:PRY 0
Node for team BRA already exists: Node[7]
Node for team PRY already exists: Node[10]
Created relationship BRA->PRY with date=2011-07-17 and goalDifference=0: Relationship[7176]
Created relationship PRY->BRA with date=2011-07-17 and goalDifference=0: Relationship[7177]
Processing entry 3589 of 4135
2011-07-18 CHL:VEN -1
Node for team CHL already exists: Node[9]
Node for team VEN already exists: Node[110]
Created relationship CHL->VEN with date=2011-07-18 and goalDifference=-1: Relationship[7178]
Created relationship VEN->CHL with date=2011-07-18 and goalDifference=-1: Relationship[7179]
Processing entry 3590 of 4135
2011-07-20 PER:URY -2
Node for team PER already exists: Node[5]
Node for team URY already exists: Node[12]
Created relationship PER->URY with date=2011-07-20 and goalDifference=-2: Relationship[7180]
Created relationship URY->PER with date=2011-07-20 and goalDifference=-2: Relationship[7181]
Processing entry 3591 of 4135
2011-07-21 PRY:VEN 0
Node for team PRY already exists: Node[10]
Node for team VEN already exists: Node[110]
Created relationship PRY->VEN with date=2011-07-21 and goalDifference=0: Relationship[7182]
Created relationship VEN->PRY with date=2011-07-21 and goalDifference=0: Relationship[7183]
Processing entry 3592 of 4135
2011-07-23 ARE:IND 3
Node for team ARE already exists: Node[63]
Node for team IND already exists: Node[142]
Created relationship ARE->IND with date=2011-07-23 and goalDifference=3: Relationship[7184]
Created relationship IND->ARE with date=2011-07-23 and goalDifference=3: Relationship[7185]
Processing entry 3593 of 4135
2011-07-23 CHN:LAO 5
Node for team CHN already exists: Node[99]
Node for team LAO already exists: Node[148]
Created relationship CHN->LAO with date=2011-07-23 and goalDifference=5: Relationship[7186]
Created relationship LAO->CHN with date=2011-07-23 and goalDifference=5: Relationship[7187]
Processing entry 3594 of 4135
2011-07-23 IRN:MDV 4
Node for team IRN already exists: Node[55]
Created new node for team MDV: Node[157]
Created relationship IRN->MDV with date=2011-07-23 and goalDifference=4: Relationship[7188]
Created relationship MDV->IRN with date=2011-07-23 and goalDifference=4: Relationship[7189]
Processing entry 3595 of 4135
2011-07-23 IRQ:YEM 2
Node for team IRQ already exists: Node[62]
Created new node for team YEM: Node[158]
Created relationship IRQ->YEM with date=2011-07-23 and goalDifference=2: Relationship[7190]
Created relationship YEM->IRQ with date=2011-07-23 and goalDifference=2: Relationship[7191]
Processing entry 3596 of 4135
2011-07-23 JOR:NPL 9
Node for team JOR already exists: Node[140]
Node for team NPL already exists: Node[154]
Created relationship JOR->NPL with date=2011-07-23 and goalDifference=9: Relationship[7192]
Created relationship NPL->JOR with date=2011-07-23 and goalDifference=9: Relationship[7193]
Processing entry 3597 of 4135
2011-07-23 KWT:PHL 3
Node for team KWT already exists: Node[60]
Node for team PHL already exists: Node[150]
Created relationship KWT->PHL with date=2011-07-23 and goalDifference=3: Relationship[7194]
Created relationship PHL->KWT with date=2011-07-23 and goalDifference=3: Relationship[7195]
Processing entry 3598 of 4135
2011-07-23 LBN:BGD 4
Created new node for team LBN: Node[159]
Node for team BGD already exists: Node[145]
Created relationship LBN->BGD with date=2011-07-23 and goalDifference=4: Relationship[7196]
Created relationship BGD->LBN with date=2011-07-23 and goalDifference=4: Relationship[7197]
Processing entry 3599 of 4135
2011-07-23 OMN:MMR 2
Node for team OMN already exists: Node[125]
Node for team MMR already exists: Node[152]
Created relationship OMN->MMR with date=2011-07-23 and goalDifference=2: Relationship[7198]
Created relationship MMR->OMN with date=2011-07-23 and goalDifference=2: Relationship[7199]
Processing entry 3600 of 4135
2011-07-23 PER:VEN 3
Node for team PER already exists: Node[5]
Node for team VEN already exists: Node[110]
Created relationship PER->VEN with date=2011-07-23 and goalDifference=3: Relationship[7200]
Created relationship VEN->PER with date=2011-07-23 and goalDifference=3: Relationship[7201]
Processing entry 3601 of 4135
2011-07-23 QAT:VNM 3
Node for team QAT already exists: Node[127]
Node for team VNM already exists: Node[126]
Created relationship QAT->VNM with date=2011-07-23 and goalDifference=3: Relationship[7202]
Created relationship VNM->QAT with date=2011-07-23 and goalDifference=3: Relationship[7203]
Processing entry 3602 of 4135
2011-07-23 SAU:HKG 3
Node for team SAU already exists: Node[68]
Node for team HKG already exists: Node[138]
Created relationship SAU->HKG with date=2011-07-23 and goalDifference=3: Relationship[7204]
Created relationship HKG->SAU with date=2011-07-23 and goalDifference=3: Relationship[7205]
Processing entry 3603 of 4135
2011-07-23 SGP:MYS 2
Created new node for team SGP: Node[160]
Node for team MYS already exists: Node[130]
Created relationship SGP->MYS with date=2011-07-23 and goalDifference=2: Relationship[7206]
Created relationship MYS->SGP with date=2011-07-23 and goalDifference=2: Relationship[7207]
Processing entry 3604 of 4135
2011-07-23 SYR:TJK 1
Node for team SYR already exists: Node[141]
Created new node for team TJK: Node[161]
Created relationship SYR->TJK with date=2011-07-23 and goalDifference=1: Relationship[7208]
Created relationship TJK->SYR with date=2011-07-23 and goalDifference=1: Relationship[7209]
Processing entry 3605 of 4135
2011-07-23 THA:PSE 1
Node for team THA already exists: Node[124]
Node for team PSE already exists: Node[144]
Created relationship THA->PSE with date=2011-07-23 and goalDifference=1: Relationship[7210]
Created relationship PSE->THA with date=2011-07-23 and goalDifference=1: Relationship[7211]
Processing entry 3606 of 4135
2011-07-23 TKM:IDN 0
Created new node for team TKM: Node[162]
Node for team IDN already exists: Node[128]
Created relationship TKM->IDN with date=2011-07-23 and goalDifference=0: Relationship[7212]
Created relationship IDN->TKM with date=2011-07-23 and goalDifference=0: Relationship[7213]
Processing entry 3607 of 4135
2011-07-23 UZB:KGZ 4
Node for team UZB already exists: Node[131]
Created new node for team KGZ: Node[163]
Created relationship UZB->KGZ with date=2011-07-23 and goalDifference=4: Relationship[7214]
Created relationship KGZ->UZB with date=2011-07-23 and goalDifference=4: Relationship[7215]
Processing entry 3608 of 4135
2011-07-24 URY:PRY 3
Node for team URY already exists: Node[12]
Node for team PRY already exists: Node[10]
Created relationship URY->PRY with date=2011-07-24 and goalDifference=3: Relationship[7216]
Created relationship PRY->URY with date=2011-07-24 and goalDifference=3: Relationship[7217]
Processing entry 3609 of 4135
2011-07-28 BGD:LBN 2
Node for team BGD already exists: Node[145]
Node for team LBN already exists: Node[159]
Created relationship BGD->LBN with date=2011-07-28 and goalDifference=2: Relationship[7218]
Created relationship LBN->BGD with date=2011-07-28 and goalDifference=2: Relationship[7219]
Processing entry 3610 of 4135
2011-07-28 HKG:SAU -5
Node for team HKG already exists: Node[138]
Node for team SAU already exists: Node[68]
Created relationship HKG->SAU with date=2011-07-28 and goalDifference=-5: Relationship[7220]
Created relationship SAU->HKG with date=2011-07-28 and goalDifference=-5: Relationship[7221]
Processing entry 3611 of 4135
2011-07-28 IDN:TKM 1
Node for team IDN already exists: Node[128]
Node for team TKM already exists: Node[162]
Created relationship IDN->TKM with date=2011-07-28 and goalDifference=1: Relationship[7222]
Created relationship TKM->IDN with date=2011-07-28 and goalDifference=1: Relationship[7223]
Processing entry 3612 of 4135
2011-07-28 IND:ARE 0
Node for team IND already exists: Node[142]
Node for team ARE already exists: Node[63]
Created relationship IND->ARE with date=2011-07-28 and goalDifference=0: Relationship[7224]
Created relationship ARE->IND with date=2011-07-28 and goalDifference=0: Relationship[7225]
Processing entry 3613 of 4135
2011-07-28 KGZ:UZB -3
Node for team KGZ already exists: Node[163]
Node for team UZB already exists: Node[131]
Created relationship KGZ->UZB with date=2011-07-28 and goalDifference=-3: Relationship[7226]
Created relationship UZB->KGZ with date=2011-07-28 and goalDifference=-3: Relationship[7227]
Processing entry 3614 of 4135
2011-07-28 LAO:CHN -5
Node for team LAO already exists: Node[148]
Node for team CHN already exists: Node[99]
Created relationship LAO->CHN with date=2011-07-28 and goalDifference=-5: Relationship[7228]
Created relationship CHN->LAO with date=2011-07-28 and goalDifference=-5: Relationship[7229]
Processing entry 3615 of 4135
2011-07-28 MDV:IRN -1
Node for team MDV already exists: Node[157]
Node for team IRN already exists: Node[55]
Created relationship MDV->IRN with date=2011-07-28 and goalDifference=-1: Relationship[7230]
Created relationship IRN->MDV with date=2011-07-28 and goalDifference=-1: Relationship[7231]
Processing entry 3616 of 4135
2011-07-28 MMR:OMN -2
Node for team MMR already exists: Node[152]
Node for team OMN already exists: Node[125]
Created relationship MMR->OMN with date=2011-07-28 and goalDifference=-2: Relationship[7232]
Created relationship OMN->MMR with date=2011-07-28 and goalDifference=-2: Relationship[7233]
Processing entry 3617 of 4135
2011-07-28 MYS:SGP 0
Node for team MYS already exists: Node[130]
Node for team SGP already exists: Node[160]
Created relationship MYS->SGP with date=2011-07-28 and goalDifference=0: Relationship[7234]
Created relationship SGP->MYS with date=2011-07-28 and goalDifference=0: Relationship[7235]
Processing entry 3618 of 4135
2011-07-28 NPL:JOR 0
Node for team NPL already exists: Node[154]
Node for team JOR already exists: Node[140]
Created relationship NPL->JOR with date=2011-07-28 and goalDifference=0: Relationship[7236]
Created relationship JOR->NPL with date=2011-07-28 and goalDifference=0: Relationship[7237]
Processing entry 3619 of 4135
2011-07-28 PHL:KWT -1
Node for team PHL already exists: Node[150]
Node for team KWT already exists: Node[60]
Created relationship PHL->KWT with date=2011-07-28 and goalDifference=-1: Relationship[7238]
Created relationship KWT->PHL with date=2011-07-28 and goalDifference=-1: Relationship[7239]
Processing entry 3620 of 4135
2011-07-28 PSE:THA 0
Node for team PSE already exists: Node[144]
Node for team THA already exists: Node[124]
Created relationship PSE->THA with date=2011-07-28 and goalDifference=0: Relationship[7240]
Created relationship THA->PSE with date=2011-07-28 and goalDifference=0: Relationship[7241]
Processing entry 3621 of 4135
2011-07-28 TJK:SYR -4
Node for team TJK already exists: Node[161]
Node for team SYR already exists: Node[141]
Created relationship TJK->SYR with date=2011-07-28 and goalDifference=-4: Relationship[7242]
Created relationship SYR->TJK with date=2011-07-28 and goalDifference=-4: Relationship[7243]
Processing entry 3622 of 4135
2011-07-28 VNM:QAT 1
Node for team VNM already exists: Node[126]
Node for team QAT already exists: Node[127]
Created relationship VNM->QAT with date=2011-07-28 and goalDifference=1: Relationship[7244]
Created relationship QAT->VNM with date=2011-07-28 and goalDifference=1: Relationship[7245]
Processing entry 3623 of 4135
2011-07-28 YEM:IRQ 0
Node for team YEM already exists: Node[158]
Node for team IRQ already exists: Node[62]
Created relationship YEM->IRQ with date=2011-07-28 and goalDifference=0: Relationship[7246]
Created relationship IRQ->YEM with date=2011-07-28 and goalDifference=0: Relationship[7247]
Processing entry 3624 of 4135
2011-08-10 NIR:FRO 4
Node for team NIR already exists: Node[32]
Node for team FRO already exists: Node[66]
Created relationship NIR->FRO with date=2011-08-10 and goalDifference=4: Relationship[7248]
Created relationship FRO->NIR with date=2011-08-10 and goalDifference=4: Relationship[7249]
Processing entry 3625 of 4135
2011-09-02 ALB:FRA -1
Node for team ALB already exists: Node[41]
Node for team FRA already exists: Node[0]
Created relationship ALB->FRA with date=2011-09-02 and goalDifference=-1: Relationship[7250]
Created relationship FRA->ALB with date=2011-09-02 and goalDifference=-1: Relationship[7251]
Processing entry 3626 of 4135
2011-09-02 AND:ARM -3
Node for team AND already exists: Node[92]
Node for team ARM already exists: Node[75]
Created relationship AND->ARM with date=2011-09-02 and goalDifference=-3: Relationship[7252]
Created relationship ARM->AND with date=2011-09-02 and goalDifference=-3: Relationship[7253]
Processing entry 3627 of 4135
2011-09-02 ARE:KWT -1
Node for team ARE already exists: Node[63]
Node for team KWT already exists: Node[60]
Created relationship ARE->KWT with date=2011-09-02 and goalDifference=-1: Relationship[7254]
Created relationship KWT->ARE with date=2011-09-02 and goalDifference=-1: Relationship[7255]
Processing entry 3628 of 4135
2011-09-02 AUS:THA 1
Node for team AUS already exists: Node[52]
Node for team THA already exists: Node[124]
Created relationship AUS->THA with date=2011-09-02 and goalDifference=1: Relationship[7256]
Created relationship THA->AUS with date=2011-09-02 and goalDifference=1: Relationship[7257]
Processing entry 3629 of 4135
2011-09-02 AZE:BEL 0
Node for team AZE already exists: Node[81]
Node for team BEL already exists: Node[3]
Created relationship AZE->BEL with date=2011-09-02 and goalDifference=0: Relationship[7258]
Created relationship BEL->AZE with date=2011-09-02 and goalDifference=0: Relationship[7259]
Processing entry 3630 of 4135
2011-09-02 BGR:ENG -3
Node for team BGR already exists: Node[36]
Node for team ENG already exists: Node[27]
Created relationship BGR->ENG with date=2011-09-02 and goalDifference=-3: Relationship[7260]
Created relationship ENG->BGR with date=2011-09-02 and goalDifference=-3: Relationship[7261]
Processing entry 3631 of 4135
2011-09-02 BHR:QAT 0
Node for team BHR already exists: Node[129]
Node for team QAT already exists: Node[127]
Created relationship BHR->QAT with date=2011-09-02 and goalDifference=0: Relationship[7262]
Created relationship QAT->BHR with date=2011-09-02 and goalDifference=0: Relationship[7263]
Processing entry 3632 of 4135
2011-09-02 BLR:BIH -2
Node for team BLR already exists: Node[80]
Node for team BIH already exists: Node[91]
Created relationship BLR->BIH with date=2011-09-02 and goalDifference=-2: Relationship[7264]
Created relationship BIH->BLR with date=2011-09-02 and goalDifference=-2: Relationship[7265]
Processing entry 3633 of 4135
2011-09-02 CHN:SGP 1
Node for team CHN already exists: Node[99]
Node for team SGP already exists: Node[160]
Created relationship CHN->SGP with date=2011-09-02 and goalDifference=1: Relationship[7266]
Created relationship SGP->CHN with date=2011-09-02 and goalDifference=1: Relationship[7267]
Processing entry 3634 of 4135
2011-09-02 CYP:PRT -4
Node for team CYP already exists: Node[47]
Node for team PRT already exists: Node[38]
Created relationship CYP->PRT with date=2011-09-02 and goalDifference=-4: Relationship[7268]
Created relationship PRT->CYP with date=2011-09-02 and goalDifference=-4: Relationship[7269]
Processing entry 3635 of 4135
2011-09-02 DEU:AUT 4
Node for team DEU already exists: Node[17]
Node for team AUT already exists: Node[13]
Created relationship DEU->AUT with date=2011-09-02 and goalDifference=4: Relationship[7270]
Created relationship AUT->DEU with date=2011-09-02 and goalDifference=4: Relationship[7271]
Processing entry 3636 of 4135
2011-09-02 FIN:MDA 3
Node for team FIN already exists: Node[46]
Node for team MDA already exists: Node[77]
Created relationship FIN->MDA with date=2011-09-02 and goalDifference=3: Relationship[7272]
Created relationship MDA->FIN with date=2011-09-02 and goalDifference=3: Relationship[7273]
Processing entry 3637 of 4135
2011-09-02 FRO:ITA -1
Node for team FRO already exists: Node[66]
Node for team ITA already exists: Node[21]
Created relationship FRO->ITA with date=2011-09-02 and goalDifference=-1: Relationship[7274]
Created relationship ITA->FRO with date=2011-09-02 and goalDifference=-1: Relationship[7275]
Processing entry 3638 of 4135
2011-09-02 GEO:LVA -1
Node for team GEO already exists: Node[76]
Node for team LVA already exists: Node[78]
Created relationship GEO->LVA with date=2011-09-02 and goalDifference=-1: Relationship[7276]
Created relationship LVA->GEO with date=2011-09-02 and goalDifference=-1: Relationship[7277]
Processing entry 3639 of 4135
2011-09-02 HUN:SWE 1
Node for team HUN already exists: Node[19]
Node for team SWE already exists: Node[22]
Created relationship HUN->SWE with date=2011-09-02 and goalDifference=1: Relationship[7278]
Created relationship SWE->HUN with date=2011-09-02 and goalDifference=1: Relationship[7279]
Processing entry 3640 of 4135
2011-09-02 IRL:SVK 0
Node for team IRL already exists: Node[35]
Node for team SVK already exists: Node[82]
Created relationship IRL->SVK with date=2011-09-02 and goalDifference=0: Relationship[7280]
Created relationship SVK->IRL with date=2011-09-02 and goalDifference=0: Relationship[7281]
Processing entry 3641 of 4135
2011-09-02 IRN:IDN 3
Node for team IRN already exists: Node[55]
Node for team IDN already exists: Node[128]
Created relationship IRN->IDN with date=2011-09-02 and goalDifference=3: Relationship[7282]
Created relationship IDN->IRN with date=2011-09-02 and goalDifference=3: Relationship[7283]
Processing entry 3642 of 4135
2011-09-02 IRQ:JOR -2
Node for team IRQ already exists: Node[62]
Node for team JOR already exists: Node[140]
Created relationship IRQ->JOR with date=2011-09-02 and goalDifference=-2: Relationship[7284]
Created relationship JOR->IRQ with date=2011-09-02 and goalDifference=-2: Relationship[7285]
Processing entry 3643 of 4135
2011-09-02 ISR:GRC -1
Node for team ISR already exists: Node[48]
Node for team GRC already exists: Node[34]
Created relationship ISR->GRC with date=2011-09-02 and goalDifference=-1: Relationship[7286]
Created relationship GRC->ISR with date=2011-09-02 and goalDifference=-1: Relationship[7287]
Processing entry 3644 of 4135
2011-09-02 JPN:PRK 1
Node for team JPN already exists: Node[86]
Node for team PRK already exists: Node[45]
Created relationship JPN->PRK with date=2011-09-02 and goalDifference=1: Relationship[7288]
Created relationship PRK->JPN with date=2011-09-02 and goalDifference=1: Relationship[7289]
Processing entry 3645 of 4135
2011-09-02 KOR:LBN 6
Node for team KOR already exists: Node[30]
Node for team LBN already exists: Node[159]
Created relationship KOR->LBN with date=2011-09-02 and goalDifference=6: Relationship[7290]
Created relationship LBN->KOR with date=2011-09-02 and goalDifference=6: Relationship[7291]
Processing entry 3646 of 4135
2011-09-02 LTU:LIE 0
Node for team LTU already exists: Node[85]
Node for team LIE already exists: Node[69]
Created relationship LTU->LIE with date=2011-09-02 and goalDifference=0: Relationship[7292]
Created relationship LIE->LTU with date=2011-09-02 and goalDifference=0: Relationship[7293]
Processing entry 3647 of 4135
2011-09-02 LUX:ROU -2
Node for team LUX already exists: Node[44]
Node for team ROU already exists: Node[4]
Created relationship LUX->ROU with date=2011-09-02 and goalDifference=-2: Relationship[7294]
Created relationship ROU->LUX with date=2011-09-02 and goalDifference=-2: Relationship[7295]
Processing entry 3648 of 4135
2011-09-02 MLT:HRV -2
Node for team MLT already exists: Node[42]
Node for team HRV already exists: Node[73]
Created relationship MLT->HRV with date=2011-09-02 and goalDifference=-2: Relationship[7296]
Created relationship HRV->MLT with date=2011-09-02 and goalDifference=-2: Relationship[7297]
Processing entry 3649 of 4135
2011-09-02 NIR:SRB -1
Node for team NIR already exists: Node[32]
Node for team SRB already exists: Node[122]
Created relationship NIR->SRB with date=2011-09-02 and goalDifference=-1: Relationship[7298]
Created relationship SRB->NIR with date=2011-09-02 and goalDifference=-1: Relationship[7299]
Processing entry 3650 of 4135
2011-09-02 NLD:SMR 11
Node for team NLD already exists: Node[15]
Node for team SMR already exists: Node[67]
Created relationship NLD->SMR with date=2011-09-02 and goalDifference=11: Relationship[7300]
Created relationship SMR->NLD with date=2011-09-02 and goalDifference=11: Relationship[7301]
Processing entry 3651 of 4135
2011-09-02 NOR:ISL 1
Node for team NOR already exists: Node[26]
Node for team ISL already exists: Node[43]
Created relationship NOR->ISL with date=2011-09-02 and goalDifference=1: Relationship[7302]
Created relationship ISL->NOR with date=2011-09-02 and goalDifference=1: Relationship[7303]
Processing entry 3652 of 4135
2011-09-02 OMN:SAU 0
Node for team OMN already exists: Node[125]
Node for team SAU already exists: Node[68]
Created relationship OMN->SAU with date=2011-09-02 and goalDifference=0: Relationship[7304]
Created relationship SAU->OMN with date=2011-09-02 and goalDifference=0: Relationship[7305]
Processing entry 3653 of 4135
2011-09-02 RUS:MKD 1
Node for team RUS already exists: Node[70]
Node for team MKD already exists: Node[79]
Created relationship RUS->MKD with date=2011-09-02 and goalDifference=1: Relationship[7306]
Created relationship MKD->RUS with date=2011-09-02 and goalDifference=1: Relationship[7307]
Processing entry 3654 of 4135
2011-09-02 SVN:EST -1
Node for team SVN already exists: Node[83]
Node for team EST already exists: Node[72]
Created relationship SVN->EST with date=2011-09-02 and goalDifference=-1: Relationship[7308]
Created relationship EST->SVN with date=2011-09-02 and goalDifference=-1: Relationship[7309]
Processing entry 3655 of 4135
2011-09-02 TJK:UZB -1
Node for team TJK already exists: Node[161]
Node for team UZB already exists: Node[131]
Created relationship TJK->UZB with date=2011-09-02 and goalDifference=-1: Relationship[7310]
Created relationship UZB->TJK with date=2011-09-02 and goalDifference=-1: Relationship[7311]
Processing entry 3656 of 4135
2011-09-02 TUR:KAZ 1
Node for team TUR already exists: Node[29]
Node for team KAZ already exists: Node[118]
Created relationship TUR->KAZ with date=2011-09-02 and goalDifference=1: Relationship[7312]
Created relationship KAZ->TUR with date=2011-09-02 and goalDifference=1: Relationship[7313]
Processing entry 3657 of 4135
2011-09-02 WAL:MNE 1
Node for team WAL already exists: Node[31]
Node for team MNE already exists: Node[139]
Created relationship WAL->MNE with date=2011-09-02 and goalDifference=1: Relationship[7314]
Created relationship MNE->WAL with date=2011-09-02 and goalDifference=1: Relationship[7315]
Processing entry 3658 of 4135
2011-09-03 SCO:CZE 0
Node for team SCO already exists: Node[28]
Node for team CZE already exists: Node[74]
Created relationship SCO->CZE with date=2011-09-03 and goalDifference=0: Relationship[7316]
Created relationship CZE->SCO with date=2011-09-03 and goalDifference=0: Relationship[7317]
Processing entry 3659 of 4135
2011-09-06 AUT:TUR 0
Node for team AUT already exists: Node[13]
Node for team TUR already exists: Node[29]
Created relationship AUT->TUR with date=2011-09-06 and goalDifference=0: Relationship[7318]
Created relationship TUR->AUT with date=2011-09-06 and goalDifference=0: Relationship[7319]
Processing entry 3660 of 4135
2011-09-06 AZE:KAZ 1
Node for team AZE already exists: Node[81]
Node for team KAZ already exists: Node[118]
Created relationship AZE->KAZ with date=2011-09-06 and goalDifference=1: Relationship[7320]
Created relationship KAZ->AZE with date=2011-09-06 and goalDifference=1: Relationship[7321]
Processing entry 3661 of 4135
2011-09-06 BIH:BLR 1
Node for team BIH already exists: Node[91]
Node for team BLR already exists: Node[80]
Created relationship BIH->BLR with date=2011-09-06 and goalDifference=1: Relationship[7322]
Created relationship BLR->BIH with date=2011-09-06 and goalDifference=1: Relationship[7323]
Processing entry 3662 of 4135
2011-09-06 CHE:BGR 2
Node for team CHE already exists: Node[14]
Node for team BGR already exists: Node[36]
Created relationship CHE->BGR with date=2011-09-06 and goalDifference=2: Relationship[7324]
Created relationship BGR->CHE with date=2011-09-06 and goalDifference=2: Relationship[7325]
Processing entry 3663 of 4135
2011-09-06 DNK:NOR 2
Node for team DNK already exists: Node[39]
Node for team NOR already exists: Node[26]
Created relationship DNK->NOR with date=2011-09-06 and goalDifference=2: Relationship[7326]
Created relationship NOR->DNK with date=2011-09-06 and goalDifference=2: Relationship[7327]
Processing entry 3664 of 4135
2011-09-06 ENG:WAL 1
Node for team ENG already exists: Node[27]
Node for team WAL already exists: Node[31]
Created relationship ENG->WAL with date=2011-09-06 and goalDifference=1: Relationship[7328]
Created relationship WAL->ENG with date=2011-09-06 and goalDifference=1: Relationship[7329]
Processing entry 3665 of 4135
2011-09-06 ESP:LIE 6
Node for team ESP already exists: Node[18]
Node for team LIE already exists: Node[69]
Created relationship ESP->LIE with date=2011-09-06 and goalDifference=6: Relationship[7330]
Created relationship LIE->ESP with date=2011-09-06 and goalDifference=6: Relationship[7331]
Processing entry 3666 of 4135
2011-09-06 EST:NIR 3
Node for team EST already exists: Node[72]
Node for team NIR already exists: Node[32]
Created relationship EST->NIR with date=2011-09-06 and goalDifference=3: Relationship[7332]
Created relationship NIR->EST with date=2011-09-06 and goalDifference=3: Relationship[7333]
Processing entry 3667 of 4135
2011-09-06 FIN:NLD -2
Node for team FIN already exists: Node[46]
Node for team NLD already exists: Node[15]
Created relationship FIN->NLD with date=2011-09-06 and goalDifference=-2: Relationship[7334]
Created relationship NLD->FIN with date=2011-09-06 and goalDifference=-2: Relationship[7335]
Processing entry 3668 of 4135
2011-09-06 HRV:ISR 2
Node for team HRV already exists: Node[73]
Node for team ISR already exists: Node[48]
Created relationship HRV->ISR with date=2011-09-06 and goalDifference=2: Relationship[7336]
Created relationship ISR->HRV with date=2011-09-06 and goalDifference=2: Relationship[7337]
Processing entry 3669 of 4135
2011-09-06 IDN:BHR -2
Node for team IDN already exists: Node[128]
Node for team BHR already exists: Node[129]
Created relationship IDN->BHR with date=2011-09-06 and goalDifference=-2: Relationship[7338]
Created relationship BHR->IDN with date=2011-09-06 and goalDifference=-2: Relationship[7339]
Processing entry 3670 of 4135
2011-09-06 ISL:CYP 1
Node for team ISL already exists: Node[43]
Node for team CYP already exists: Node[47]
Created relationship ISL->CYP with date=2011-09-06 and goalDifference=1: Relationship[7340]
Created relationship CYP->ISL with date=2011-09-06 and goalDifference=1: Relationship[7341]
Processing entry 3671 of 4135
2011-09-06 ITA:SVN 1
Node for team ITA already exists: Node[21]
Node for team SVN already exists: Node[83]
Created relationship ITA->SVN with date=2011-09-06 and goalDifference=1: Relationship[7342]
Created relationship SVN->ITA with date=2011-09-06 and goalDifference=1: Relationship[7343]
Processing entry 3672 of 4135
2011-09-06 JOR:CHN 1
Node for team JOR already exists: Node[140]
Node for team CHN already exists: Node[99]
Created relationship JOR->CHN with date=2011-09-06 and goalDifference=1: Relationship[7344]
Created relationship CHN->JOR with date=2011-09-06 and goalDifference=1: Relationship[7345]
Processing entry 3673 of 4135
2011-09-06 KWT:KOR 0
Node for team KWT already exists: Node[60]
Node for team KOR already exists: Node[30]
Created relationship KWT->KOR with date=2011-09-06 and goalDifference=0: Relationship[7346]
Created relationship KOR->KWT with date=2011-09-06 and goalDifference=0: Relationship[7347]
Processing entry 3674 of 4135
2011-09-06 LBN:ARE 2
Node for team LBN already exists: Node[159]
Node for team ARE already exists: Node[63]
Created relationship LBN->ARE with date=2011-09-06 and goalDifference=2: Relationship[7348]
Created relationship ARE->LBN with date=2011-09-06 and goalDifference=2: Relationship[7349]
Processing entry 3675 of 4135
2011-09-06 LUX:ALB 1
Node for team LUX already exists: Node[44]
Node for team ALB already exists: Node[41]
Created relationship LUX->ALB with date=2011-09-06 and goalDifference=1: Relationship[7350]
Created relationship ALB->LUX with date=2011-09-06 and goalDifference=1: Relationship[7351]
Processing entry 3676 of 4135
2011-09-06 LVA:GRC 0
Node for team LVA already exists: Node[78]
Node for team GRC already exists: Node[34]
Created relationship LVA->GRC with date=2011-09-06 and goalDifference=0: Relationship[7352]
Created relationship GRC->LVA with date=2011-09-06 and goalDifference=0: Relationship[7353]
Processing entry 3677 of 4135
2011-09-06 MDA:HUN -2
Node for team MDA already exists: Node[77]
Node for team HUN already exists: Node[19]
Created relationship MDA->HUN with date=2011-09-06 and goalDifference=-2: Relationship[7354]
Created relationship HUN->MDA with date=2011-09-06 and goalDifference=-2: Relationship[7355]
Processing entry 3678 of 4135
2011-09-06 MKD:AND 1
Node for team MKD already exists: Node[79]
Node for team AND already exists: Node[92]
Created relationship MKD->AND with date=2011-09-06 and goalDifference=1: Relationship[7356]
Created relationship AND->MKD with date=2011-09-06 and goalDifference=1: Relationship[7357]
Processing entry 3679 of 4135
2011-09-06 MLT:GEO 0
Node for team MLT already exists: Node[42]
Node for team GEO already exists: Node[76]
Created relationship MLT->GEO with date=2011-09-06 and goalDifference=0: Relationship[7358]
Created relationship GEO->MLT with date=2011-09-06 and goalDifference=0: Relationship[7359]
Processing entry 3680 of 4135
2011-09-06 PRK:TJK 1
Node for team PRK already exists: Node[45]
Node for team TJK already exists: Node[161]
Created relationship PRK->TJK with date=2011-09-06 and goalDifference=1: Relationship[7360]
Created relationship TJK->PRK with date=2011-09-06 and goalDifference=1: Relationship[7361]
Processing entry 3681 of 4135
2011-09-06 QAT:IRN 0
Node for team QAT already exists: Node[127]
Node for team IRN already exists: Node[55]
Created relationship QAT->IRN with date=2011-09-06 and goalDifference=0: Relationship[7362]
Created relationship IRN->QAT with date=2011-09-06 and goalDifference=0: Relationship[7363]
Processing entry 3682 of 4135
2011-09-06 ROU:FRA 0
Node for team ROU already exists: Node[4]
Node for team FRA already exists: Node[0]
Created relationship ROU->FRA with date=2011-09-06 and goalDifference=0: Relationship[7364]
Created relationship FRA->ROU with date=2011-09-06 and goalDifference=0: Relationship[7365]
Processing entry 3683 of 4135
2011-09-06 RUS:IRL 0
Node for team RUS already exists: Node[70]
Node for team IRL already exists: Node[35]
Created relationship RUS->IRL with date=2011-09-06 and goalDifference=0: Relationship[7366]
Created relationship IRL->RUS with date=2011-09-06 and goalDifference=0: Relationship[7367]
Processing entry 3684 of 4135
2011-09-06 SAU:AUS -2
Node for team SAU already exists: Node[68]
Node for team AUS already exists: Node[52]
Created relationship SAU->AUS with date=2011-09-06 and goalDifference=-2: Relationship[7368]
Created relationship AUS->SAU with date=2011-09-06 and goalDifference=-2: Relationship[7369]
Processing entry 3685 of 4135
2011-09-06 SCO:LTU 1
Node for team SCO already exists: Node[28]
Node for team LTU already exists: Node[85]
Created relationship SCO->LTU with date=2011-09-06 and goalDifference=1: Relationship[7370]
Created relationship LTU->SCO with date=2011-09-06 and goalDifference=1: Relationship[7371]
Processing entry 3686 of 4135
2011-09-06 SGP:IRQ -2
Node for team SGP already exists: Node[160]
Node for team IRQ already exists: Node[62]
Created relationship SGP->IRQ with date=2011-09-06 and goalDifference=-2: Relationship[7372]
Created relationship IRQ->SGP with date=2011-09-06 and goalDifference=-2: Relationship[7373]
Processing entry 3687 of 4135
2011-09-06 SMR:SWE -5
Node for team SMR already exists: Node[67]
Node for team SWE already exists: Node[22]
Created relationship SMR->SWE with date=2011-09-06 and goalDifference=-5: Relationship[7374]
Created relationship SWE->SMR with date=2011-09-06 and goalDifference=-5: Relationship[7375]
Processing entry 3688 of 4135
2011-09-06 SRB:FRO 2
Node for team SRB already exists: Node[122]
Node for team FRO already exists: Node[66]
Created relationship SRB->FRO with date=2011-09-06 and goalDifference=2: Relationship[7376]
Created relationship FRO->SRB with date=2011-09-06 and goalDifference=2: Relationship[7377]
Processing entry 3689 of 4135
2011-09-06 SVK:ARM -4
Node for team SVK already exists: Node[82]
Node for team ARM already exists: Node[75]
Created relationship SVK->ARM with date=2011-09-06 and goalDifference=-4: Relationship[7378]
Created relationship ARM->SVK with date=2011-09-06 and goalDifference=-4: Relationship[7379]
Processing entry 3690 of 4135
2011-09-06 THA:OMN 3
Node for team THA already exists: Node[124]
Node for team OMN already exists: Node[125]
Created relationship THA->OMN with date=2011-09-06 and goalDifference=3: Relationship[7380]
Created relationship OMN->THA with date=2011-09-06 and goalDifference=3: Relationship[7381]
Processing entry 3691 of 4135
2011-09-06 UZB:JPN 0
Node for team UZB already exists: Node[131]
Node for team JPN already exists: Node[86]
Created relationship UZB->JPN with date=2011-09-06 and goalDifference=0: Relationship[7382]
Created relationship JPN->UZB with date=2011-09-06 and goalDifference=0: Relationship[7383]
Processing entry 3692 of 4135
2011-10-07 AND:IRL -2
Node for team AND already exists: Node[92]
Node for team IRL already exists: Node[35]
Created relationship AND->IRL with date=2011-10-07 and goalDifference=-2: Relationship[7384]
Created relationship IRL->AND with date=2011-10-07 and goalDifference=-2: Relationship[7385]
Processing entry 3693 of 4135
2011-10-07 ARM:MKD 3
Node for team ARM already exists: Node[75]
Node for team MKD already exists: Node[79]
Created relationship ARM->MKD with date=2011-10-07 and goalDifference=3: Relationship[7386]
Created relationship MKD->ARM with date=2011-10-07 and goalDifference=3: Relationship[7387]
Processing entry 3694 of 4135
2011-10-07 AZE:AUT -3
Node for team AZE already exists: Node[81]
Node for team AUT already exists: Node[13]
Created relationship AZE->AUT with date=2011-10-07 and goalDifference=-3: Relationship[7388]
Created relationship AUT->AZE with date=2011-10-07 and goalDifference=-3: Relationship[7389]
Processing entry 3695 of 4135
2011-10-07 BEL:KAZ 3
Node for team BEL already exists: Node[3]
Node for team KAZ already exists: Node[118]
Created relationship BEL->KAZ with date=2011-10-07 and goalDifference=3: Relationship[7390]
Created relationship KAZ->BEL with date=2011-10-07 and goalDifference=3: Relationship[7391]
Processing entry 3696 of 4135
2011-10-07 BIH:LUX 5
Node for team BIH already exists: Node[91]
Node for team LUX already exists: Node[44]
Created relationship BIH->LUX with date=2011-10-07 and goalDifference=5: Relationship[7392]
Created relationship LUX->BIH with date=2011-10-07 and goalDifference=5: Relationship[7393]
Processing entry 3697 of 4135
2011-10-07 CYP:DNK -3
Node for team CYP already exists: Node[47]
Node for team DNK already exists: Node[39]
Created relationship CYP->DNK with date=2011-10-07 and goalDifference=-3: Relationship[7394]
Created relationship DNK->CYP with date=2011-10-07 and goalDifference=-3: Relationship[7395]
Processing entry 3698 of 4135
2011-10-07 CZE:ESP -2
Node for team CZE already exists: Node[74]
Node for team ESP already exists: Node[18]
Created relationship CZE->ESP with date=2011-10-07 and goalDifference=-2: Relationship[7396]
Created relationship ESP->CZE with date=2011-10-07 and goalDifference=-2: Relationship[7397]
Processing entry 3699 of 4135
2011-10-07 FIN:SWE -1
Node for team FIN already exists: Node[46]
Node for team SWE already exists: Node[22]
Created relationship FIN->SWE with date=2011-10-07 and goalDifference=-1: Relationship[7398]
Created relationship SWE->FIN with date=2011-10-07 and goalDifference=-1: Relationship[7399]
Processing entry 3700 of 4135
2011-10-07 FRA:ALB 3
Node for team FRA already exists: Node[0]
Node for team ALB already exists: Node[41]
Created relationship FRA->ALB with date=2011-10-07 and goalDifference=3: Relationship[7400]
Created relationship ALB->FRA with date=2011-10-07 and goalDifference=3: Relationship[7401]
Processing entry 3701 of 4135
2011-10-07 GRC:HRV 2
Node for team GRC already exists: Node[34]
Node for team HRV already exists: Node[73]
Created relationship GRC->HRV with date=2011-10-07 and goalDifference=2: Relationship[7402]
Created relationship HRV->GRC with date=2011-10-07 and goalDifference=2: Relationship[7403]
Processing entry 3702 of 4135
2011-10-07 LVA:MLT 2
Node for team LVA already exists: Node[78]
Node for team MLT already exists: Node[42]
Created relationship LVA->MLT with date=2011-10-07 and goalDifference=2: Relationship[7404]
Created relationship MLT->LVA with date=2011-10-07 and goalDifference=2: Relationship[7405]
Processing entry 3703 of 4135
2011-10-07 MNE:ENG 0
Node for team MNE already exists: Node[139]
Node for team ENG already exists: Node[27]
Created relationship MNE->ENG with date=2011-10-07 and goalDifference=0: Relationship[7406]
Created relationship ENG->MNE with date=2011-10-07 and goalDifference=0: Relationship[7407]
Processing entry 3704 of 4135
2011-10-07 NIR:EST -1
Node for team NIR already exists: Node[32]
Node for team EST already exists: Node[72]
Created relationship NIR->EST with date=2011-10-07 and goalDifference=-1: Relationship[7408]
Created relationship EST->NIR with date=2011-10-07 and goalDifference=-1: Relationship[7409]
Processing entry 3705 of 4135
2011-10-07 NLD:MDA 1
Node for team NLD already exists: Node[15]
Node for team MDA already exists: Node[77]
Created relationship NLD->MDA with date=2011-10-07 and goalDifference=1: Relationship[7410]
Created relationship MDA->NLD with date=2011-10-07 and goalDifference=1: Relationship[7411]
Processing entry 3706 of 4135
2011-10-07 PRT:ISL 2
Node for team PRT already exists: Node[38]
Node for team ISL already exists: Node[43]
Created relationship PRT->ISL with date=2011-10-07 and goalDifference=2: Relationship[7412]
Created relationship ISL->PRT with date=2011-10-07 and goalDifference=2: Relationship[7413]
Processing entry 3707 of 4135
2011-10-07 ROU:BLR 0
Node for team ROU already exists: Node[4]
Node for team BLR already exists: Node[80]
Created relationship ROU->BLR with date=2011-10-07 and goalDifference=0: Relationship[7414]
Created relationship BLR->ROU with date=2011-10-07 and goalDifference=0: Relationship[7415]
Processing entry 3708 of 4135
2011-10-07 SRB:ITA 0
Node for team SRB already exists: Node[122]
Node for team ITA already exists: Node[21]
Created relationship SRB->ITA with date=2011-10-07 and goalDifference=0: Relationship[7416]
Created relationship ITA->SRB with date=2011-10-07 and goalDifference=0: Relationship[7417]
Processing entry 3709 of 4135
2011-10-07 SVK:RUS -1
Node for team SVK already exists: Node[82]
Node for team RUS already exists: Node[70]
Created relationship SVK->RUS with date=2011-10-07 and goalDifference=-1: Relationship[7418]
Created relationship RUS->SVK with date=2011-10-07 and goalDifference=-1: Relationship[7419]
Processing entry 3710 of 4135
2011-10-07 TUR:DEU -2
Node for team TUR already exists: Node[29]
Node for team DEU already exists: Node[17]
Created relationship TUR->DEU with date=2011-10-07 and goalDifference=-2: Relationship[7420]
Created relationship DEU->TUR with date=2011-10-07 and goalDifference=-2: Relationship[7421]
Processing entry 3711 of 4135
2011-10-07 WAL:CHE 2
Node for team WAL already exists: Node[31]
Node for team CHE already exists: Node[14]
Created relationship WAL->CHE with date=2011-10-07 and goalDifference=2: Relationship[7422]
Created relationship CHE->WAL with date=2011-10-07 and goalDifference=2: Relationship[7423]
Processing entry 3712 of 4135
2011-10-08 LIE:SCO -1
Node for team LIE already exists: Node[69]
Node for team SCO already exists: Node[28]
Created relationship LIE->SCO with date=2011-10-08 and goalDifference=-1: Relationship[7424]
Created relationship SCO->LIE with date=2011-10-08 and goalDifference=-1: Relationship[7425]
Processing entry 3713 of 4135
2011-10-11 ALB:ROU 0
Node for team ALB already exists: Node[41]
Node for team ROU already exists: Node[4]
Created relationship ALB->ROU with date=2011-10-11 and goalDifference=0: Relationship[7426]
Created relationship ROU->ALB with date=2011-10-11 and goalDifference=0: Relationship[7427]
Processing entry 3714 of 4135
2011-10-11 AUS:OMN 3
Node for team AUS already exists: Node[52]
Node for team OMN already exists: Node[125]
Created relationship AUS->OMN with date=2011-10-11 and goalDifference=3: Relationship[7428]
Created relationship OMN->AUS with date=2011-10-11 and goalDifference=3: Relationship[7429]
Processing entry 3715 of 4135
2011-10-11 BGR:WAL -1
Node for team BGR already exists: Node[36]
Node for team WAL already exists: Node[31]
Created relationship BGR->WAL with date=2011-10-11 and goalDifference=-1: Relationship[7430]
Created relationship WAL->BGR with date=2011-10-11 and goalDifference=-1: Relationship[7431]
Processing entry 3716 of 4135
2011-10-11 CHE:MNE 2
Node for team CHE already exists: Node[14]
Node for team MNE already exists: Node[139]
Created relationship CHE->MNE with date=2011-10-11 and goalDifference=2: Relationship[7432]
Created relationship MNE->CHE with date=2011-10-11 and goalDifference=2: Relationship[7433]
Processing entry 3717 of 4135
2011-10-11 CHN:IRQ -1
Node for team CHN already exists: Node[99]
Node for team IRQ already exists: Node[62]
Created relationship CHN->IRQ with date=2011-10-11 and goalDifference=-1: Relationship[7434]
Created relationship IRQ->CHN with date=2011-10-11 and goalDifference=-1: Relationship[7435]
Processing entry 3718 of 4135
2011-10-11 DEU:BEL 2
Node for team DEU already exists: Node[17]
Node for team BEL already exists: Node[3]
Created relationship DEU->BEL with date=2011-10-11 and goalDifference=2: Relationship[7436]
Created relationship BEL->DEU with date=2011-10-11 and goalDifference=2: Relationship[7437]
Processing entry 3719 of 4135
2011-10-11 DNK:PRT 1
Node for team DNK already exists: Node[39]
Node for team PRT already exists: Node[38]
Created relationship DNK->PRT with date=2011-10-11 and goalDifference=1: Relationship[7438]
Created relationship PRT->DNK with date=2011-10-11 and goalDifference=1: Relationship[7439]
Processing entry 3720 of 4135
2011-10-11 ESP:SCO 2
Node for team ESP already exists: Node[18]
Node for team SCO already exists: Node[28]
Created relationship ESP->SCO with date=2011-10-11 and goalDifference=2: Relationship[7440]
Created relationship SCO->ESP with date=2011-10-11 and goalDifference=2: Relationship[7441]
Processing entry 3721 of 4135
2011-10-11 FRA:BIH 0
Node for team FRA already exists: Node[0]
Node for team BIH already exists: Node[91]
Created relationship FRA->BIH with date=2011-10-11 and goalDifference=0: Relationship[7442]
Created relationship BIH->FRA with date=2011-10-11 and goalDifference=0: Relationship[7443]
Processing entry 3722 of 4135
2011-10-11 GEO:GRC -1
Node for team GEO already exists: Node[76]
Node for team GRC already exists: Node[34]
Created relationship GEO->GRC with date=2011-10-11 and goalDifference=-1: Relationship[7444]
Created relationship GRC->GEO with date=2011-10-11 and goalDifference=-1: Relationship[7445]
Processing entry 3723 of 4135
2011-10-11 HRV:LVA 2
Node for team HRV already exists: Node[73]
Node for team LVA already exists: Node[78]
Created relationship HRV->LVA with date=2011-10-11 and goalDifference=2: Relationship[7446]
Created relationship LVA->HRV with date=2011-10-11 and goalDifference=2: Relationship[7447]
Processing entry 3724 of 4135
2011-10-11 HUN:FIN 0
Node for team HUN already exists: Node[19]
Node for team FIN already exists: Node[46]
Created relationship HUN->FIN with date=2011-10-11 and goalDifference=0: Relationship[7448]
Created relationship FIN->HUN with date=2011-10-11 and goalDifference=0: Relationship[7449]
Processing entry 3725 of 4135
2011-10-11 IDN:QAT -1
Node for team IDN already exists: Node[128]
Node for team QAT already exists: Node[127]
Created relationship IDN->QAT with date=2011-10-11 and goalDifference=-1: Relationship[7450]
Created relationship QAT->IDN with date=2011-10-11 and goalDifference=-1: Relationship[7451]
Processing entry 3726 of 4135
2011-10-11 IRL:ARM 1
Node for team IRL already exists: Node[35]
Node for team ARM already exists: Node[75]
Created relationship IRL->ARM with date=2011-10-11 and goalDifference=1: Relationship[7452]
Created relationship ARM->IRL with date=2011-10-11 and goalDifference=1: Relationship[7453]
Processing entry 3727 of 4135
2011-10-11 IRN:BHR 6
Node for team IRN already exists: Node[55]
Node for team BHR already exists: Node[129]
Created relationship IRN->BHR with date=2011-10-11 and goalDifference=6: Relationship[7454]
Created relationship BHR->IRN with date=2011-10-11 and goalDifference=6: Relationship[7455]
Processing entry 3728 of 4135
2011-10-11 ITA:NIR 3
Node for team ITA already exists: Node[21]
Node for team NIR already exists: Node[32]
Created relationship ITA->NIR with date=2011-10-11 and goalDifference=3: Relationship[7456]
Created relationship NIR->ITA with date=2011-10-11 and goalDifference=3: Relationship[7457]
Processing entry 3729 of 4135
2011-10-11 JPN:TJK 8
Node for team JPN already exists: Node[86]
Node for team TJK already exists: Node[161]
Created relationship JPN->TJK with date=2011-10-11 and goalDifference=8: Relationship[7458]
Created relationship TJK->JPN with date=2011-10-11 and goalDifference=8: Relationship[7459]
Processing entry 3730 of 4135
2011-10-11 KAZ:AUT 0
Node for team KAZ already exists: Node[118]
Node for team AUT already exists: Node[13]
Created relationship KAZ->AUT with date=2011-10-11 and goalDifference=0: Relationship[7460]
Created relationship AUT->KAZ with date=2011-10-11 and goalDifference=0: Relationship[7461]
Processing entry 3731 of 4135
2011-10-11 KOR:ARE 1
Node for team KOR already exists: Node[30]
Node for team ARE already exists: Node[63]
Created relationship KOR->ARE with date=2011-10-11 and goalDifference=1: Relationship[7462]
Created relationship ARE->KOR with date=2011-10-11 and goalDifference=1: Relationship[7463]
Processing entry 3732 of 4135
2011-10-11 LBN:KWT 0
Node for team LBN already exists: Node[159]
Node for team KWT already exists: Node[60]
Created relationship LBN->KWT with date=2011-10-11 and goalDifference=0: Relationship[7464]
Created relationship KWT->LBN with date=2011-10-11 and goalDifference=0: Relationship[7465]
Processing entry 3733 of 4135
2011-10-11 LTU:CZE -3
Node for team LTU already exists: Node[85]
Node for team CZE already exists: Node[74]
Created relationship LTU->CZE with date=2011-10-11 and goalDifference=-3: Relationship[7466]
Created relationship CZE->LTU with date=2011-10-11 and goalDifference=-3: Relationship[7467]
Processing entry 3734 of 4135
2011-10-11 MDA:SMR 4
Node for team MDA already exists: Node[77]
Node for team SMR already exists: Node[67]
Created relationship MDA->SMR with date=2011-10-11 and goalDifference=4: Relationship[7468]
Created relationship SMR->MDA with date=2011-10-11 and goalDifference=4: Relationship[7469]
Processing entry 3735 of 4135
2011-10-11 MKD:SVK 0
Node for team MKD already exists: Node[79]
Node for team SVK already exists: Node[82]
Created relationship MKD->SVK with date=2011-10-11 and goalDifference=0: Relationship[7470]
Created relationship SVK->MKD with date=2011-10-11 and goalDifference=0: Relationship[7471]
Processing entry 3736 of 4135
2011-10-11 MLT:ISR -2
Node for team MLT already exists: Node[42]
Node for team ISR already exists: Node[48]
Created relationship MLT->ISR with date=2011-10-11 and goalDifference=-2: Relationship[7472]
Created relationship ISR->MLT with date=2011-10-11 and goalDifference=-2: Relationship[7473]
Processing entry 3737 of 4135
2011-10-11 NOR:CYP 2
Node for team NOR already exists: Node[26]
Node for team CYP already exists: Node[47]
Created relationship NOR->CYP with date=2011-10-11 and goalDifference=2: Relationship[7474]
Created relationship CYP->NOR with date=2011-10-11 and goalDifference=2: Relationship[7475]
Processing entry 3738 of 4135
2011-10-11 PRK:UZB -1
Node for team PRK already exists: Node[45]
Node for team UZB already exists: Node[131]
Created relationship PRK->UZB with date=2011-10-11 and goalDifference=-1: Relationship[7476]
Created relationship UZB->PRK with date=2011-10-11 and goalDifference=-1: Relationship[7477]
Processing entry 3739 of 4135
2011-10-11 RUS:AND 6
Node for team RUS already exists: Node[70]
Node for team AND already exists: Node[92]
Created relationship RUS->AND with date=2011-10-11 and goalDifference=6: Relationship[7478]
Created relationship AND->RUS with date=2011-10-11 and goalDifference=6: Relationship[7479]
Processing entry 3740 of 4135
2011-10-11 SGP:JOR -3
Node for team SGP already exists: Node[160]
Node for team JOR already exists: Node[140]
Created relationship SGP->JOR with date=2011-10-11 and goalDifference=-3: Relationship[7480]
Created relationship JOR->SGP with date=2011-10-11 and goalDifference=-3: Relationship[7481]
Processing entry 3741 of 4135
2011-10-11 SVN:SRB 1
Node for team SVN already exists: Node[83]
Node for team SRB already exists: Node[122]
Created relationship SVN->SRB with date=2011-10-11 and goalDifference=1: Relationship[7482]
Created relationship SRB->SVN with date=2011-10-11 and goalDifference=1: Relationship[7483]
Processing entry 3742 of 4135
2011-10-11 SWE:NLD 1
Node for team SWE already exists: Node[22]
Node for team NLD already exists: Node[15]
Created relationship SWE->NLD with date=2011-10-11 and goalDifference=1: Relationship[7484]
Created relationship NLD->SWE with date=2011-10-11 and goalDifference=1: Relationship[7485]
Processing entry 3743 of 4135
2011-10-11 THA:SAU 0
Node for team THA already exists: Node[124]
Node for team SAU already exists: Node[68]
Created relationship THA->SAU with date=2011-10-11 and goalDifference=0: Relationship[7486]
Created relationship SAU->THA with date=2011-10-11 and goalDifference=0: Relationship[7487]
Processing entry 3744 of 4135
2011-10-11 TUR:AZE 1
Node for team TUR already exists: Node[29]
Node for team AZE already exists: Node[81]
Created relationship TUR->AZE with date=2011-10-11 and goalDifference=1: Relationship[7488]
Created relationship AZE->TUR with date=2011-10-11 and goalDifference=1: Relationship[7489]
Processing entry 3745 of 4135
2011-11-11 ARE:KOR -2
Node for team ARE already exists: Node[63]
Node for team KOR already exists: Node[30]
Created relationship ARE->KOR with date=2011-11-11 and goalDifference=-2: Relationship[7490]
Created relationship KOR->ARE with date=2011-11-11 and goalDifference=-2: Relationship[7491]
Processing entry 3746 of 4135
2011-11-11 BHR:IRN 0
Node for team BHR already exists: Node[129]
Node for team IRN already exists: Node[55]
Created relationship BHR->IRN with date=2011-11-11 and goalDifference=0: Relationship[7492]
Created relationship IRN->BHR with date=2011-11-11 and goalDifference=0: Relationship[7493]
Processing entry 3747 of 4135
2011-11-11 BIH:PRT 0
Node for team BIH already exists: Node[91]
Node for team PRT already exists: Node[38]
Created relationship BIH->PRT with date=2011-11-11 and goalDifference=0: Relationship[7494]
Created relationship PRT->BIH with date=2011-11-11 and goalDifference=0: Relationship[7495]
Processing entry 3748 of 4135
2011-11-11 CZE:MNE 2
Node for team CZE already exists: Node[74]
Node for team MNE already exists: Node[139]
Created relationship CZE->MNE with date=2011-11-11 and goalDifference=2: Relationship[7496]
Created relationship MNE->CZE with date=2011-11-11 and goalDifference=2: Relationship[7497]
Processing entry 3749 of 4135
2011-11-11 EST:IRL -4
Node for team EST already exists: Node[72]
Node for team IRL already exists: Node[35]
Created relationship EST->IRL with date=2011-11-11 and goalDifference=-4: Relationship[7498]
Created relationship IRL->EST with date=2011-11-11 and goalDifference=-4: Relationship[7499]
Processing entry 3750 of 4135
2011-11-11 IRQ:CHN 1
Node for team IRQ already exists: Node[62]
Node for team CHN already exists: Node[99]
Created relationship IRQ->CHN with date=2011-11-11 and goalDifference=1: Relationship[7500]
Created relationship CHN->IRQ with date=2011-11-11 and goalDifference=1: Relationship[7501]
Processing entry 3751 of 4135
2011-11-11 JOR:SGP 2
Node for team JOR already exists: Node[140]
Node for team SGP already exists: Node[160]
Created relationship JOR->SGP with date=2011-11-11 and goalDifference=2: Relationship[7502]
Created relationship SGP->JOR with date=2011-11-11 and goalDifference=2: Relationship[7503]
Processing entry 3752 of 4135
2011-11-11 KWT:LBN -1
Node for team KWT already exists: Node[60]
Node for team LBN already exists: Node[159]
Created relationship KWT->LBN with date=2011-11-11 and goalDifference=-1: Relationship[7504]
Created relationship LBN->KWT with date=2011-11-11 and goalDifference=-1: Relationship[7505]
Processing entry 3753 of 4135
2011-11-11 OMN:AUS 1
Node for team OMN already exists: Node[125]
Node for team AUS already exists: Node[52]
Created relationship OMN->AUS with date=2011-11-11 and goalDifference=1: Relationship[7506]
Created relationship AUS->OMN with date=2011-11-11 and goalDifference=1: Relationship[7507]
Processing entry 3754 of 4135
2011-11-11 QAT:IDN 4
Node for team QAT already exists: Node[127]
Node for team IDN already exists: Node[128]
Created relationship QAT->IDN with date=2011-11-11 and goalDifference=4: Relationship[7508]
Created relationship IDN->QAT with date=2011-11-11 and goalDifference=4: Relationship[7509]
Processing entry 3755 of 4135
2011-11-11 SAU:THA 3
Node for team SAU already exists: Node[68]
Node for team THA already exists: Node[124]
Created relationship SAU->THA with date=2011-11-11 and goalDifference=3: Relationship[7510]
Created relationship THA->SAU with date=2011-11-11 and goalDifference=3: Relationship[7511]
Processing entry 3756 of 4135
2011-11-11 TJK:JPN -4
Node for team TJK already exists: Node[161]
Node for team JPN already exists: Node[86]
Created relationship TJK->JPN with date=2011-11-11 and goalDifference=-4: Relationship[7512]
Created relationship JPN->TJK with date=2011-11-11 and goalDifference=-4: Relationship[7513]
Processing entry 3757 of 4135
2011-11-11 TUR:HRV -3
Node for team TUR already exists: Node[29]
Node for team HRV already exists: Node[73]
Created relationship TUR->HRV with date=2011-11-11 and goalDifference=-3: Relationship[7514]
Created relationship HRV->TUR with date=2011-11-11 and goalDifference=-3: Relationship[7515]
Processing entry 3758 of 4135
2011-11-11 UZB:PRK 1
Node for team UZB already exists: Node[131]
Node for team PRK already exists: Node[45]
Created relationship UZB->PRK with date=2011-11-11 and goalDifference=1: Relationship[7516]
Created relationship PRK->UZB with date=2011-11-11 and goalDifference=1: Relationship[7517]
Processing entry 3759 of 4135
2011-11-15 HRV:TUR 0
Node for team HRV already exists: Node[73]
Node for team TUR already exists: Node[29]
Created relationship HRV->TUR with date=2011-11-15 and goalDifference=0: Relationship[7518]
Created relationship TUR->HRV with date=2011-11-15 and goalDifference=0: Relationship[7519]
Processing entry 3760 of 4135
2011-11-15 IDN:IRN -3
Node for team IDN already exists: Node[128]
Node for team IRN already exists: Node[55]
Created relationship IDN->IRN with date=2011-11-15 and goalDifference=-3: Relationship[7520]
Created relationship IRN->IDN with date=2011-11-15 and goalDifference=-3: Relationship[7521]
Processing entry 3761 of 4135
2011-11-15 IRL:EST 0
Node for team IRL already exists: Node[35]
Node for team EST already exists: Node[72]
Created relationship IRL->EST with date=2011-11-15 and goalDifference=0: Relationship[7522]
Created relationship EST->IRL with date=2011-11-15 and goalDifference=0: Relationship[7523]
Processing entry 3762 of 4135
2011-11-15 JOR:IRQ -2
Node for team JOR already exists: Node[140]
Node for team IRQ already exists: Node[62]
Created relationship JOR->IRQ with date=2011-11-15 and goalDifference=-2: Relationship[7524]
Created relationship IRQ->JOR with date=2011-11-15 and goalDifference=-2: Relationship[7525]
Processing entry 3763 of 4135
2011-11-15 KWT:ARE 1
Node for team KWT already exists: Node[60]
Node for team ARE already exists: Node[63]
Created relationship KWT->ARE with date=2011-11-15 and goalDifference=1: Relationship[7526]
Created relationship ARE->KWT with date=2011-11-15 and goalDifference=1: Relationship[7527]
Processing entry 3764 of 4135
2011-11-15 LBN:KOR 1
Node for team LBN already exists: Node[159]
Node for team KOR already exists: Node[30]
Created relationship LBN->KOR with date=2011-11-15 and goalDifference=1: Relationship[7528]
Created relationship KOR->LBN with date=2011-11-15 and goalDifference=1: Relationship[7529]
Processing entry 3765 of 4135
2011-11-15 MNE:CZE -1
Node for team MNE already exists: Node[139]
Node for team CZE already exists: Node[74]
Created relationship MNE->CZE with date=2011-11-15 and goalDifference=-1: Relationship[7530]
Created relationship CZE->MNE with date=2011-11-15 and goalDifference=-1: Relationship[7531]
Processing entry 3766 of 4135
2011-11-15 PRK:JPN 1
Node for team PRK already exists: Node[45]
Node for team JPN already exists: Node[86]
Created relationship PRK->JPN with date=2011-11-15 and goalDifference=1: Relationship[7532]
Created relationship JPN->PRK with date=2011-11-15 and goalDifference=1: Relationship[7533]
Processing entry 3767 of 4135
2011-11-15 PRT:BIH 4
Node for team PRT already exists: Node[38]
Node for team BIH already exists: Node[91]
Created relationship PRT->BIH with date=2011-11-15 and goalDifference=4: Relationship[7534]
Created relationship BIH->PRT with date=2011-11-15 and goalDifference=4: Relationship[7535]
Processing entry 3768 of 4135
2011-11-15 QAT:BHR 0
Node for team QAT already exists: Node[127]
Node for team BHR already exists: Node[129]
Created relationship QAT->BHR with date=2011-11-15 and goalDifference=0: Relationship[7536]
Created relationship BHR->QAT with date=2011-11-15 and goalDifference=0: Relationship[7537]
Processing entry 3769 of 4135
2011-11-15 SAU:OMN 0
Node for team SAU already exists: Node[68]
Node for team OMN already exists: Node[125]
Created relationship SAU->OMN with date=2011-11-15 and goalDifference=0: Relationship[7538]
Created relationship OMN->SAU with date=2011-11-15 and goalDifference=0: Relationship[7539]
Processing entry 3770 of 4135
2011-11-15 SGP:CHN -4
Node for team SGP already exists: Node[160]
Node for team CHN already exists: Node[99]
Created relationship SGP->CHN with date=2011-11-15 and goalDifference=-4: Relationship[7540]
Created relationship CHN->SGP with date=2011-11-15 and goalDifference=-4: Relationship[7541]
Processing entry 3771 of 4135
2011-11-15 THA:AUS -1
Node for team THA already exists: Node[124]
Node for team AUS already exists: Node[52]
Created relationship THA->AUS with date=2011-11-15 and goalDifference=-1: Relationship[7542]
Created relationship AUS->THA with date=2011-11-15 and goalDifference=-1: Relationship[7543]
Processing entry 3772 of 4135
2011-11-15 UZB:TJK 3
Node for team UZB already exists: Node[131]
Node for team TJK already exists: Node[161]
Created relationship UZB->TJK with date=2011-11-15 and goalDifference=3: Relationship[7544]
Created relationship TJK->UZB with date=2011-11-15 and goalDifference=3: Relationship[7545]
Processing entry 3773 of 4135
2011-11-23 COK:WSM -1
Node for team COK already exists: Node[94]
Created new node for team WSM: Node[164]
Created relationship COK->WSM with date=2011-11-23 and goalDifference=-1: Relationship[7546]
Created relationship WSM->COK with date=2011-11-23 and goalDifference=-1: Relationship[7547]
Processing entry 3774 of 4135
2011-11-23 WSM:TON 1
Node for team WSM already exists: Node[164]
Created new node for team TON: Node[165]
Created relationship WSM->TON with date=2011-11-23 and goalDifference=1: Relationship[7548]
Created relationship TON->WSM with date=2011-11-23 and goalDifference=1: Relationship[7549]
Processing entry 3775 of 4135
2011-11-25 WSM:COK 0
Node for team WSM already exists: Node[164]
Node for team COK already exists: Node[94]
Created relationship WSM->COK with date=2011-11-25 and goalDifference=0: Relationship[7550]
Created relationship COK->WSM with date=2011-11-25 and goalDifference=0: Relationship[7551]
Processing entry 3776 of 4135
2011-11-25 WSM:TON 0
Node for team WSM already exists: Node[164]
Node for team TON already exists: Node[165]
Created relationship WSM->TON with date=2011-11-25 and goalDifference=0: Relationship[7552]
Created relationship TON->WSM with date=2011-11-25 and goalDifference=0: Relationship[7553]
Processing entry 3777 of 4135
2011-11-27 TON:COK 1
Node for team TON already exists: Node[165]
Node for team COK already exists: Node[94]
Created relationship TON->COK with date=2011-11-27 and goalDifference=1: Relationship[7554]
Created relationship COK->TON with date=2011-11-27 and goalDifference=1: Relationship[7555]
Processing entry 3778 of 4135
2011-11-27 WSM:WSM 1
Node for team WSM already exists: Node[164]
Node for team WSM already exists: Node[164]
Created relationship WSM->WSM with date=2011-11-27 and goalDifference=1: Relationship[7556]
Created relationship WSM->WSM with date=2011-11-27 and goalDifference=1: Relationship[7557]
Processing entry 3779 of 4135
2012-01-21 GNQ:LBY 1
Created new node for team GNQ: Node[166]
Node for team LBY already exists: Node[112]
Created relationship GNQ->LBY with date=2012-01-21 and goalDifference=1: Relationship[7558]
Created relationship LBY->GNQ with date=2012-01-21 and goalDifference=1: Relationship[7559]
Processing entry 3780 of 4135
2012-01-21 SEN:ZMB -1
Node for team SEN already exists: Node[96]
Node for team ZMB already exists: Node[97]
Created relationship SEN->ZMB with date=2012-01-21 and goalDifference=-1: Relationship[7560]
Created relationship ZMB->SEN with date=2012-01-21 and goalDifference=-1: Relationship[7561]
Processing entry 3781 of 4135
2012-01-22 BFA:AGO -1
Node for team BFA already exists: Node[108]
Node for team AGO already exists: Node[113]
Created relationship BFA->AGO with date=2012-01-22 and goalDifference=-1: Relationship[7562]
Created relationship AGO->BFA with date=2012-01-22 and goalDifference=-1: Relationship[7563]
Processing entry 3782 of 4135
2012-01-22 CIV:SDN 1
Node for team CIV already exists: Node[114]
Node for team SDN already exists: Node[133]
Created relationship CIV->SDN with date=2012-01-22 and goalDifference=1: Relationship[7564]
Created relationship SDN->CIV with date=2012-01-22 and goalDifference=1: Relationship[7565]
Processing entry 3783 of 4135
2012-01-23 GAB:NER 2
Node for team GAB already exists: Node[137]
Created new node for team NER: Node[167]
Created relationship GAB->NER with date=2012-01-23 and goalDifference=2: Relationship[7566]
Created relationship NER->GAB with date=2012-01-23 and goalDifference=2: Relationship[7567]
Processing entry 3784 of 4135
2012-01-23 MAR:TUN -1
Node for team MAR already exists: Node[50]
Node for team TUN already exists: Node[54]
Created relationship MAR->TUN with date=2012-01-23 and goalDifference=-1: Relationship[7568]
Created relationship TUN->MAR with date=2012-01-23 and goalDifference=-1: Relationship[7569]
Processing entry 3785 of 4135
2012-01-24 GHA:BWA 1
Node for team GHA already exists: Node[116]
Created new node for team BWA: Node[168]
Created relationship GHA->BWA with date=2012-01-24 and goalDifference=1: Relationship[7570]
Created relationship BWA->GHA with date=2012-01-24 and goalDifference=1: Relationship[7571]
Processing entry 3786 of 4135
2012-01-24 MLI:GIN 1
Node for team MLI already exists: Node[107]
Node for team GIN already exists: Node[104]
Created relationship MLI->GIN with date=2012-01-24 and goalDifference=1: Relationship[7572]
Created relationship GIN->MLI with date=2012-01-24 and goalDifference=1: Relationship[7573]
Processing entry 3787 of 4135
2012-01-25 GNQ:SEN 1
Node for team GNQ already exists: Node[166]
Node for team SEN already exists: Node[96]
Created relationship GNQ->SEN with date=2012-01-25 and goalDifference=1: Relationship[7574]
Created relationship SEN->GNQ with date=2012-01-25 and goalDifference=1: Relationship[7575]
Processing entry 3788 of 4135
2012-01-25 LBY:ZMB 0
Node for team LBY already exists: Node[112]
Node for team ZMB already exists: Node[97]
Created relationship LBY->ZMB with date=2012-01-25 and goalDifference=0: Relationship[7576]
Created relationship ZMB->LBY with date=2012-01-25 and goalDifference=0: Relationship[7577]
Processing entry 3789 of 4135
2012-01-26 CIV:BFA 2
Node for team CIV already exists: Node[114]
Node for team BFA already exists: Node[108]
Created relationship CIV->BFA with date=2012-01-26 and goalDifference=2: Relationship[7578]
Created relationship BFA->CIV with date=2012-01-26 and goalDifference=2: Relationship[7579]
Processing entry 3790 of 4135
2012-01-26 SDN:AGO 0
Node for team SDN already exists: Node[133]
Node for team AGO already exists: Node[113]
Created relationship SDN->AGO with date=2012-01-26 and goalDifference=0: Relationship[7580]
Created relationship AGO->SDN with date=2012-01-26 and goalDifference=0: Relationship[7581]
Processing entry 3791 of 4135
2012-01-27 GAB:MAR 1
Node for team GAB already exists: Node[137]
Node for team MAR already exists: Node[50]
Created relationship GAB->MAR with date=2012-01-27 and goalDifference=1: Relationship[7582]
Created relationship MAR->GAB with date=2012-01-27 and goalDifference=1: Relationship[7583]
Processing entry 3792 of 4135
2012-01-27 NER:TUN -1
Node for team NER already exists: Node[167]
Node for team TUN already exists: Node[54]
Created relationship NER->TUN with date=2012-01-27 and goalDifference=-1: Relationship[7584]
Created relationship TUN->NER with date=2012-01-27 and goalDifference=-1: Relationship[7585]
Processing entry 3793 of 4135
2012-01-28 BWA:GIN -5
Node for team BWA already exists: Node[168]
Node for team GIN already exists: Node[104]
Created relationship BWA->GIN with date=2012-01-28 and goalDifference=-5: Relationship[7586]
Created relationship GIN->BWA with date=2012-01-28 and goalDifference=-5: Relationship[7587]
Processing entry 3794 of 4135
2012-01-28 GHA:MLI 2
Node for team GHA already exists: Node[116]
Node for team MLI already exists: Node[107]
Created relationship GHA->MLI with date=2012-01-28 and goalDifference=2: Relationship[7588]
Created relationship MLI->GHA with date=2012-01-28 and goalDifference=2: Relationship[7589]
Processing entry 3795 of 4135
2012-01-29 GNQ:ZMB -1
Node for team GNQ already exists: Node[166]
Node for team ZMB already exists: Node[97]
Created relationship GNQ->ZMB with date=2012-01-29 and goalDifference=-1: Relationship[7590]
Created relationship ZMB->GNQ with date=2012-01-29 and goalDifference=-1: Relationship[7591]
Processing entry 3796 of 4135
2012-01-29 LBY:SEN 1
Node for team LBY already exists: Node[112]
Node for team SEN already exists: Node[96]
Created relationship LBY->SEN with date=2012-01-29 and goalDifference=1: Relationship[7592]
Created relationship SEN->LBY with date=2012-01-29 and goalDifference=1: Relationship[7593]
Processing entry 3797 of 4135
2012-01-30 CIV:AGO 2
Node for team CIV already exists: Node[114]
Node for team AGO already exists: Node[113]
Created relationship CIV->AGO with date=2012-01-30 and goalDifference=2: Relationship[7594]
Created relationship AGO->CIV with date=2012-01-30 and goalDifference=2: Relationship[7595]
Processing entry 3798 of 4135
2012-01-30 SDN:BFA 1
Node for team SDN already exists: Node[133]
Node for team BFA already exists: Node[108]
Created relationship SDN->BFA with date=2012-01-30 and goalDifference=1: Relationship[7596]
Created relationship BFA->SDN with date=2012-01-30 and goalDifference=1: Relationship[7597]
Processing entry 3799 of 4135
2012-01-31 GAB:TUN 1
Node for team GAB already exists: Node[137]
Node for team TUN already exists: Node[54]
Created relationship GAB->TUN with date=2012-01-31 and goalDifference=1: Relationship[7598]
Created relationship TUN->GAB with date=2012-01-31 and goalDifference=1: Relationship[7599]
Processing entry 3800 of 4135
2012-01-31 NER:MAR -1
Node for team NER already exists: Node[167]
Node for team MAR already exists: Node[50]
Created relationship NER->MAR with date=2012-01-31 and goalDifference=-1: Relationship[7600]
Created relationship MAR->NER with date=2012-01-31 and goalDifference=-1: Relationship[7601]
Processing entry 3801 of 4135
2012-02-01 BWA:MLI -1
Node for team BWA already exists: Node[168]
Node for team MLI already exists: Node[107]
Created relationship BWA->MLI with date=2012-02-01 and goalDifference=-1: Relationship[7602]
Created relationship MLI->BWA with date=2012-02-01 and goalDifference=-1: Relationship[7603]
Processing entry 3802 of 4135
2012-02-01 GHA:GIN 0
Node for team GHA already exists: Node[116]
Node for team GIN already exists: Node[104]
Created relationship GHA->GIN with date=2012-02-01 and goalDifference=0: Relationship[7604]
Created relationship GIN->GHA with date=2012-02-01 and goalDifference=0: Relationship[7605]
Processing entry 3803 of 4135
2012-02-04 CIV:GNQ 3
Node for team CIV already exists: Node[114]
Node for team GNQ already exists: Node[166]
Created relationship CIV->GNQ with date=2012-02-04 and goalDifference=3: Relationship[7606]
Created relationship GNQ->CIV with date=2012-02-04 and goalDifference=3: Relationship[7607]
Processing entry 3804 of 4135
2012-02-04 ZMB:SDN 3
Node for team ZMB already exists: Node[97]
Node for team SDN already exists: Node[133]
Created relationship ZMB->SDN with date=2012-02-04 and goalDifference=3: Relationship[7608]
Created relationship SDN->ZMB with date=2012-02-04 and goalDifference=3: Relationship[7609]
Processing entry 3805 of 4135
2012-02-05 GAB:MLI 0
Node for team GAB already exists: Node[137]
Node for team MLI already exists: Node[107]
Created relationship GAB->MLI with date=2012-02-05 and goalDifference=0: Relationship[7610]
Created relationship MLI->GAB with date=2012-02-05 and goalDifference=0: Relationship[7611]
Processing entry 3806 of 4135
2012-02-05 GHA:TUN 1
Node for team GHA already exists: Node[116]
Node for team TUN already exists: Node[54]
Created relationship GHA->TUN with date=2012-02-05 and goalDifference=1: Relationship[7612]
Created relationship TUN->GHA with date=2012-02-05 and goalDifference=1: Relationship[7613]
Processing entry 3807 of 4135
2012-02-08 CIV:MLI 1
Node for team CIV already exists: Node[114]
Node for team MLI already exists: Node[107]
Created relationship CIV->MLI with date=2012-02-08 and goalDifference=1: Relationship[7614]
Created relationship MLI->CIV with date=2012-02-08 and goalDifference=1: Relationship[7615]
Processing entry 3808 of 4135
2012-02-08 ZMB:GHA 1
Node for team ZMB already exists: Node[97]
Node for team GHA already exists: Node[116]
Created relationship ZMB->GHA with date=2012-02-08 and goalDifference=1: Relationship[7616]
Created relationship GHA->ZMB with date=2012-02-08 and goalDifference=1: Relationship[7617]
Processing entry 3809 of 4135
2012-02-11 GHA:MLI -2
Node for team GHA already exists: Node[116]
Node for team MLI already exists: Node[107]
Created relationship GHA->MLI with date=2012-02-11 and goalDifference=-2: Relationship[7618]
Created relationship MLI->GHA with date=2012-02-11 and goalDifference=-2: Relationship[7619]
Processing entry 3810 of 4135
2012-02-12 ZMB:CIV 0
Node for team ZMB already exists: Node[97]
Node for team CIV already exists: Node[114]
Created relationship ZMB->CIV with date=2012-02-12 and goalDifference=0: Relationship[7620]
Created relationship CIV->ZMB with date=2012-02-12 and goalDifference=0: Relationship[7621]
Processing entry 3811 of 4135
2012-02-29 ARE:LBN 2
Node for team ARE already exists: Node[63]
Node for team LBN already exists: Node[159]
Created relationship ARE->LBN with date=2012-02-29 and goalDifference=2: Relationship[7622]
Created relationship LBN->ARE with date=2012-02-29 and goalDifference=2: Relationship[7623]
Processing entry 3812 of 4135
2012-02-29 AUS:SAU 2
Node for team AUS already exists: Node[52]
Node for team SAU already exists: Node[68]
Created relationship AUS->SAU with date=2012-02-29 and goalDifference=2: Relationship[7624]
Created relationship SAU->AUS with date=2012-02-29 and goalDifference=2: Relationship[7625]
Processing entry 3813 of 4135
2012-02-29 BDI:ZWE 1
Created new node for team BDI: Node[169]
Node for team ZWE already exists: Node[105]
Created relationship BDI->ZWE with date=2012-02-29 and goalDifference=1: Relationship[7626]
Created relationship ZWE->BDI with date=2012-02-29 and goalDifference=1: Relationship[7627]
Processing entry 3814 of 4135
2012-02-29 BHR:IDN 10
Node for team BHR already exists: Node[129]
Node for team IDN already exists: Node[128]
Created relationship BHR->IDN with date=2012-02-29 and goalDifference=10: Relationship[7628]
Created relationship IDN->BHR with date=2012-02-29 and goalDifference=10: Relationship[7629]
Processing entry 3815 of 4135
2012-02-29 CHN:JOR 2
Node for team CHN already exists: Node[99]
Node for team JOR already exists: Node[140]
Created relationship CHN->JOR with date=2012-02-29 and goalDifference=2: Relationship[7630]
Created relationship JOR->CHN with date=2012-02-29 and goalDifference=2: Relationship[7631]
Processing entry 3816 of 4135
2012-02-29 COG:UGA 2
Created new node for team COG: Node[170]
Created new node for team UGA: Node[171]
Created relationship COG->UGA with date=2012-02-29 and goalDifference=2: Relationship[7632]
Created relationship UGA->COG with date=2012-02-29 and goalDifference=2: Relationship[7633]
Processing entry 3817 of 4135
2012-02-29 ETH:BEN 0
Created new node for team ETH: Node[172]
Node for team BEN already exists: Node[109]
Created relationship ETH->BEN with date=2012-02-29 and goalDifference=0: Relationship[7634]
Created relationship BEN->ETH with date=2012-02-29 and goalDifference=0: Relationship[7635]
Processing entry 3818 of 4135
2012-02-29 GMB:DZA -1
Created new node for team GMB: Node[173]
Node for team DZA already exists: Node[58]
Created relationship GMB->DZA with date=2012-02-29 and goalDifference=-1: Relationship[7636]
Created relationship DZA->GMB with date=2012-02-29 and goalDifference=-1: Relationship[7637]
Processing entry 3819 of 4135
2012-02-29 GNB:CMR -1
Created new node for team GNB: Node[174]
Node for team CMR already exists: Node[56]
Created relationship GNB->CMR with date=2012-02-29 and goalDifference=-1: Relationship[7638]
Created relationship CMR->GNB with date=2012-02-29 and goalDifference=-1: Relationship[7639]
Processing entry 3820 of 4135
2012-02-29 IRN:QAT 0
Node for team IRN already exists: Node[55]
Node for team QAT already exists: Node[127]
Created relationship IRN->QAT with date=2012-02-29 and goalDifference=0: Relationship[7640]
Created relationship QAT->IRN with date=2012-02-29 and goalDifference=0: Relationship[7641]
Processing entry 3821 of 4135
2012-02-29 IRQ:SGP 6
Node for team IRQ already exists: Node[62]
Node for team SGP already exists: Node[160]
Created relationship IRQ->SGP with date=2012-02-29 and goalDifference=6: Relationship[7642]
Created relationship SGP->IRQ with date=2012-02-29 and goalDifference=6: Relationship[7643]
Processing entry 3822 of 4135
2012-02-29 JPN:UZB -1
Node for team JPN already exists: Node[86]
Node for team UZB already exists: Node[131]
Created relationship JPN->UZB with date=2012-02-29 and goalDifference=-1: Relationship[7644]
Created relationship UZB->JPN with date=2012-02-29 and goalDifference=-1: Relationship[7645]
Processing entry 3823 of 4135
2012-02-29 KEN:TGO 1
Node for team KEN already exists: Node[106]
Node for team TGO already exists: Node[115]
Created relationship KEN->TGO with date=2012-02-29 and goalDifference=1: Relationship[7646]
Created relationship TGO->KEN with date=2012-02-29 and goalDifference=1: Relationship[7647]
Processing entry 3824 of 4135
2012-02-29 KOR:KWT 2
Node for team KOR already exists: Node[30]
Node for team KWT already exists: Node[60]
Created relationship KOR->KWT with date=2012-02-29 and goalDifference=2: Relationship[7648]
Created relationship KWT->KOR with date=2012-02-29 and goalDifference=2: Relationship[7649]
Processing entry 3825 of 4135
2012-02-29 LBR:NAM 1
Created new node for team LBR: Node[175]
Node for team NAM already exists: Node[132]
Created relationship LBR->NAM with date=2012-02-29 and goalDifference=1: Relationship[7650]
Created relationship NAM->LBR with date=2012-02-29 and goalDifference=1: Relationship[7651]
Processing entry 3826 of 4135
2012-02-29 MDG:CPV -4
Created new node for team MDG: Node[176]
Created new node for team CPV: Node[177]
Created relationship MDG->CPV with date=2012-02-29 and goalDifference=-4: Relationship[7652]
Created relationship CPV->MDG with date=2012-02-29 and goalDifference=-4: Relationship[7653]
Processing entry 3827 of 4135
2012-02-29 OMN:THA 2
Node for team OMN already exists: Node[125]
Node for team THA already exists: Node[124]
Created relationship OMN->THA with date=2012-02-29 and goalDifference=2: Relationship[7654]
Created relationship THA->OMN with date=2012-02-29 and goalDifference=2: Relationship[7655]
Processing entry 3828 of 4135
2012-02-29 RWA:NGA 0
Node for team RWA already exists: Node[103]
Node for team NGA already exists: Node[71]
Created relationship RWA->NGA with date=2012-02-29 and goalDifference=0: Relationship[7656]
Created relationship NGA->RWA with date=2012-02-29 and goalDifference=0: Relationship[7657]
Processing entry 3829 of 4135
2012-02-29 STP:SLE 1
Created new node for team STP: Node[178]
Created new node for team SLE: Node[179]
Created relationship STP->SLE with date=2012-02-29 and goalDifference=1: Relationship[7658]
Created relationship SLE->STP with date=2012-02-29 and goalDifference=1: Relationship[7659]
Processing entry 3830 of 4135
2012-02-29 SYC:COD -4
Created new node for team SYC: Node[180]
Node for team COD already exists: Node[51]
Created relationship SYC->COD with date=2012-02-29 and goalDifference=-4: Relationship[7660]
Created relationship COD->SYC with date=2012-02-29 and goalDifference=-4: Relationship[7661]
Processing entry 3831 of 4135
2012-02-29 TCD:MWI 1
Created new node for team TCD: Node[181]
Node for team MWI already exists: Node[135]
Created relationship TCD->MWI with date=2012-02-29 and goalDifference=1: Relationship[7662]
Created relationship MWI->TCD with date=2012-02-29 and goalDifference=1: Relationship[7663]
Processing entry 3832 of 4135
2012-02-29 TJK:PRK 0
Node for team TJK already exists: Node[161]
Node for team PRK already exists: Node[45]
Created relationship TJK->PRK with date=2012-02-29 and goalDifference=0: Relationship[7664]
Created relationship PRK->TJK with date=2012-02-29 and goalDifference=0: Relationship[7665]
Processing entry 3833 of 4135
2012-02-29 TZA:MOZ 0
Created new node for team TZA: Node[182]
Node for team MOZ already exists: Node[136]
Created relationship TZA->MOZ with date=2012-02-29 and goalDifference=0: Relationship[7666]
Created relationship MOZ->TZA with date=2012-02-29 and goalDifference=0: Relationship[7667]
Processing entry 3834 of 4135
2012-06-01 VUT:NCL -3
Node for team VUT already exists: Node[95]
Node for team NCL already exists: Node[101]
Created relationship VUT->NCL with date=2012-06-01 and goalDifference=-3: Relationship[7668]
Created relationship NCL->VUT with date=2012-06-01 and goalDifference=-3: Relationship[7669]
Processing entry 3835 of 4135
2012-06-01 WSM:TAH -9
Node for team WSM already exists: Node[164]
Node for team TAH already exists: Node[88]
Created relationship WSM->TAH with date=2012-06-01 and goalDifference=-9: Relationship[7670]
Created relationship TAH->WSM with date=2012-06-01 and goalDifference=-9: Relationship[7671]
Processing entry 3836 of 4135
2012-06-02 FJI:NZL -1
Node for team FJI already exists: Node[93]
Node for team NZL already exists: Node[57]
Created relationship FJI->NZL with date=2012-06-02 and goalDifference=-1: Relationship[7672]
Created relationship NZL->FJI with date=2012-06-02 and goalDifference=-1: Relationship[7673]
Processing entry 3837 of 4135
2012-06-02 SLB:PNG 1
Node for team SLB already exists: Node[87]
Node for team PNG already exists: Node[100]
Created relationship SLB->PNG with date=2012-06-02 and goalDifference=1: Relationship[7674]
Created relationship PNG->SLB with date=2012-06-02 and goalDifference=1: Relationship[7675]
Processing entry 3838 of 4135
2012-06-03 JOR:IRQ 0
Node for team JOR already exists: Node[140]
Node for team IRQ already exists: Node[62]
Created relationship JOR->IRQ with date=2012-06-03 and goalDifference=0: Relationship[7676]
Created relationship IRQ->JOR with date=2012-06-03 and goalDifference=0: Relationship[7677]
Processing entry 3839 of 4135
2012-06-03 JPN:OMN 3
Node for team JPN already exists: Node[86]
Node for team OMN already exists: Node[125]
Created relationship JPN->OMN with date=2012-06-03 and goalDifference=3: Relationship[7678]
Created relationship OMN->JPN with date=2012-06-03 and goalDifference=3: Relationship[7679]
Processing entry 3840 of 4135
2012-06-03 LBN:QAT -1
Node for team LBN already exists: Node[159]
Node for team QAT already exists: Node[127]
Created relationship LBN->QAT with date=2012-06-03 and goalDifference=-1: Relationship[7680]
Created relationship QAT->LBN with date=2012-06-03 and goalDifference=-1: Relationship[7681]
Processing entry 3841 of 4135
2012-06-03 TAH:NCL 1
Node for team TAH already exists: Node[88]
Node for team NCL already exists: Node[101]
Created relationship TAH->NCL with date=2012-06-03 and goalDifference=1: Relationship[7682]
Created relationship NCL->TAH with date=2012-06-03 and goalDifference=1: Relationship[7683]
Processing entry 3842 of 4135
2012-06-03 UZB:IRN -1
Node for team UZB already exists: Node[131]
Node for team IRN already exists: Node[55]
Created relationship UZB->IRN with date=2012-06-03 and goalDifference=-1: Relationship[7684]
Created relationship IRN->UZB with date=2012-06-03 and goalDifference=-1: Relationship[7685]
Processing entry 3843 of 4135
2012-06-03 VUT:WSM 5
Node for team VUT already exists: Node[95]
Node for team WSM already exists: Node[164]
Created relationship VUT->WSM with date=2012-06-03 and goalDifference=5: Relationship[7686]
Created relationship WSM->VUT with date=2012-06-03 and goalDifference=5: Relationship[7687]
Processing entry 3844 of 4135
2012-06-04 FJI:SLB 0
Node for team FJI already exists: Node[93]
Node for team SLB already exists: Node[87]
Created relationship FJI->SLB with date=2012-06-04 and goalDifference=0: Relationship[7688]
Created relationship SLB->FJI with date=2012-06-04 and goalDifference=0: Relationship[7689]
Processing entry 3845 of 4135
2012-06-04 PNG:NZL -1
Node for team PNG already exists: Node[100]
Node for team NZL already exists: Node[57]
Created relationship PNG->NZL with date=2012-06-04 and goalDifference=-1: Relationship[7690]
Created relationship NZL->PNG with date=2012-06-04 and goalDifference=-1: Relationship[7691]
Processing entry 3846 of 4135
2012-06-05 NCL:WSM 9
Node for team NCL already exists: Node[101]
Node for team WSM already exists: Node[164]
Created relationship NCL->WSM with date=2012-06-05 and goalDifference=9: Relationship[7692]
Created relationship WSM->NCL with date=2012-06-05 and goalDifference=9: Relationship[7693]
Processing entry 3847 of 4135
2012-06-05 TAH:VUT 3
Node for team TAH already exists: Node[88]
Node for team VUT already exists: Node[95]
Created relationship TAH->VUT with date=2012-06-05 and goalDifference=3: Relationship[7694]
Created relationship VUT->TAH with date=2012-06-05 and goalDifference=3: Relationship[7695]
Processing entry 3848 of 4135
2012-06-06 NZL:SLB 0
Node for team NZL already exists: Node[57]
Node for team SLB already exists: Node[87]
Created relationship NZL->SLB with date=2012-06-06 and goalDifference=0: Relationship[7696]
Created relationship SLB->NZL with date=2012-06-06 and goalDifference=0: Relationship[7697]
Processing entry 3849 of 4135
2012-06-06 PNG:FJI 0
Node for team PNG already exists: Node[100]
Node for team FJI already exists: Node[93]
Created relationship PNG->FJI with date=2012-06-06 and goalDifference=0: Relationship[7698]
Created relationship FJI->PNG with date=2012-06-06 and goalDifference=0: Relationship[7699]
Processing entry 3850 of 4135
2012-06-08 JPN:JOR 6
Node for team JPN already exists: Node[86]
Node for team JOR already exists: Node[140]
Created relationship JPN->JOR with date=2012-06-08 and goalDifference=6: Relationship[7700]
Created relationship JOR->JPN with date=2012-06-08 and goalDifference=6: Relationship[7701]
Processing entry 3851 of 4135
2012-06-08 LBN:UZB 0
Node for team LBN already exists: Node[159]
Node for team UZB already exists: Node[131]
Created relationship LBN->UZB with date=2012-06-08 and goalDifference=0: Relationship[7702]
Created relationship UZB->LBN with date=2012-06-08 and goalDifference=0: Relationship[7703]
Processing entry 3852 of 4135
2012-06-08 NZL:NCL -2
Node for team NZL already exists: Node[57]
Node for team NCL already exists: Node[101]
Created relationship NZL->NCL with date=2012-06-08 and goalDifference=-2: Relationship[7704]
Created relationship NCL->NZL with date=2012-06-08 and goalDifference=-2: Relationship[7705]
Processing entry 3853 of 4135
2012-06-08 OMN:AUS 0
Node for team OMN already exists: Node[125]
Node for team AUS already exists: Node[52]
Created relationship OMN->AUS with date=2012-06-08 and goalDifference=0: Relationship[7706]
Created relationship AUS->OMN with date=2012-06-08 and goalDifference=0: Relationship[7707]
Processing entry 3854 of 4135
2012-06-08 POL:GRC 0
Node for team POL already exists: Node[23]
Node for team GRC already exists: Node[34]
Created relationship POL->GRC with date=2012-06-08 and goalDifference=0: Relationship[7708]
Created relationship GRC->POL with date=2012-06-08 and goalDifference=0: Relationship[7709]
Processing entry 3855 of 4135
2012-06-08 QAT:KOR -3
Node for team QAT already exists: Node[127]
Node for team KOR already exists: Node[30]
Created relationship QAT->KOR with date=2012-06-08 and goalDifference=-3: Relationship[7710]
Created relationship KOR->QAT with date=2012-06-08 and goalDifference=-3: Relationship[7711]
Processing entry 3856 of 4135
2012-06-08 RUS:CZE 3
Node for team RUS already exists: Node[70]
Node for team CZE already exists: Node[74]
Created relationship RUS->CZE with date=2012-06-08 and goalDifference=3: Relationship[7712]
Created relationship CZE->RUS with date=2012-06-08 and goalDifference=3: Relationship[7713]
Processing entry 3857 of 4135
2012-06-08 TAH:SLB 1
Node for team TAH already exists: Node[88]
Node for team SLB already exists: Node[87]
Created relationship TAH->SLB with date=2012-06-08 and goalDifference=1: Relationship[7714]
Created relationship SLB->TAH with date=2012-06-08 and goalDifference=1: Relationship[7715]
Processing entry 3858 of 4135
2012-06-09 DEU:PRT 1
Node for team DEU already exists: Node[17]
Node for team PRT already exists: Node[38]
Created relationship DEU->PRT with date=2012-06-09 and goalDifference=1: Relationship[7716]
Created relationship PRT->DEU with date=2012-06-09 and goalDifference=1: Relationship[7717]
Processing entry 3859 of 4135
2012-06-09 NLD:DNK -1
Node for team NLD already exists: Node[15]
Node for team DNK already exists: Node[39]
Created relationship NLD->DNK with date=2012-06-09 and goalDifference=-1: Relationship[7718]
Created relationship DNK->NLD with date=2012-06-09 and goalDifference=-1: Relationship[7719]
Processing entry 3860 of 4135
2012-06-10 ESP:ITA 0
Node for team ESP already exists: Node[18]
Node for team ITA already exists: Node[21]
Created relationship ESP->ITA with date=2012-06-10 and goalDifference=0: Relationship[7720]
Created relationship ITA->ESP with date=2012-06-10 and goalDifference=0: Relationship[7721]
Processing entry 3861 of 4135
2012-06-10 IRL:HRV -2
Node for team IRL already exists: Node[35]
Node for team HRV already exists: Node[73]
Created relationship IRL->HRV with date=2012-06-10 and goalDifference=-2: Relationship[7722]
Created relationship HRV->IRL with date=2012-06-10 and goalDifference=-2: Relationship[7723]
Processing entry 3862 of 4135
2012-06-10 SLB:NZL -1
Node for team SLB already exists: Node[87]
Node for team NZL already exists: Node[57]
Created relationship SLB->NZL with date=2012-06-10 and goalDifference=-1: Relationship[7724]
Created relationship NZL->SLB with date=2012-06-10 and goalDifference=-1: Relationship[7725]
Processing entry 3863 of 4135
2012-06-11 FRA:ENG 0
Node for team FRA already exists: Node[0]
Node for team ENG already exists: Node[27]
Created relationship FRA->ENG with date=2012-06-11 and goalDifference=0: Relationship[7726]
Created relationship ENG->FRA with date=2012-06-11 and goalDifference=0: Relationship[7727]
Processing entry 3864 of 4135
2012-06-11 UKR:SWE 1
Node for team UKR already exists: Node[84]
Node for team SWE already exists: Node[22]
Created relationship UKR->SWE with date=2012-06-11 and goalDifference=1: Relationship[7728]
Created relationship SWE->UKR with date=2012-06-11 and goalDifference=1: Relationship[7729]
Processing entry 3865 of 4135
2012-06-12 AUS:JPN 0
Node for team AUS already exists: Node[52]
Node for team JPN already exists: Node[86]
Created relationship AUS->JPN with date=2012-06-12 and goalDifference=0: Relationship[7730]
Created relationship JPN->AUS with date=2012-06-12 and goalDifference=0: Relationship[7731]
Processing entry 3866 of 4135
2012-06-12 GRC:CZE -1
Node for team GRC already exists: Node[34]
Node for team CZE already exists: Node[74]
Created relationship GRC->CZE with date=2012-06-12 and goalDifference=-1: Relationship[7732]
Created relationship CZE->GRC with date=2012-06-12 and goalDifference=-1: Relationship[7733]
Processing entry 3867 of 4135
2012-06-12 IRN:QAT 0
Node for team IRN already exists: Node[55]
Node for team QAT already exists: Node[127]
Created relationship IRN->QAT with date=2012-06-12 and goalDifference=0: Relationship[7734]
Created relationship QAT->IRN with date=2012-06-12 and goalDifference=0: Relationship[7735]
Processing entry 3868 of 4135
2012-06-12 IRQ:OMN 0
Node for team IRQ already exists: Node[62]
Node for team OMN already exists: Node[125]
Created relationship IRQ->OMN with date=2012-06-12 and goalDifference=0: Relationship[7736]
Created relationship OMN->IRQ with date=2012-06-12 and goalDifference=0: Relationship[7737]
Processing entry 3869 of 4135
2012-06-12 KOR:LBN 3
Node for team KOR already exists: Node[30]
Node for team LBN already exists: Node[159]
Created relationship KOR->LBN with date=2012-06-12 and goalDifference=3: Relationship[7738]
Created relationship LBN->KOR with date=2012-06-12 and goalDifference=3: Relationship[7739]
Processing entry 3870 of 4135
2012-06-12 POL:RUS 0
Node for team POL already exists: Node[23]
Node for team RUS already exists: Node[70]
Created relationship POL->RUS with date=2012-06-12 and goalDifference=0: Relationship[7740]
Created relationship RUS->POL with date=2012-06-12 and goalDifference=0: Relationship[7741]
Processing entry 3871 of 4135
2012-06-13 DNK:PRT -1
Node for team DNK already exists: Node[39]
Node for team PRT already exists: Node[38]
Created relationship DNK->PRT with date=2012-06-13 and goalDifference=-1: Relationship[7742]
Created relationship PRT->DNK with date=2012-06-13 and goalDifference=-1: Relationship[7743]
Processing entry 3872 of 4135
2012-06-13 NLD:DEU -1
Node for team NLD already exists: Node[15]
Node for team DEU already exists: Node[17]
Created relationship NLD->DEU with date=2012-06-13 and goalDifference=-1: Relationship[7744]
Created relationship DEU->NLD with date=2012-06-13 and goalDifference=-1: Relationship[7745]
Processing entry 3873 of 4135
2012-06-14 ESP:IRL 4
Node for team ESP already exists: Node[18]
Node for team IRL already exists: Node[35]
Created relationship ESP->IRL with date=2012-06-14 and goalDifference=4: Relationship[7746]
Created relationship IRL->ESP with date=2012-06-14 and goalDifference=4: Relationship[7747]
Processing entry 3874 of 4135
2012-06-14 ITA:HRV 0
Node for team ITA already exists: Node[21]
Node for team HRV already exists: Node[73]
Created relationship ITA->HRV with date=2012-06-14 and goalDifference=0: Relationship[7748]
Created relationship HRV->ITA with date=2012-06-14 and goalDifference=0: Relationship[7749]
Processing entry 3875 of 4135
2012-06-15 COD:SYC 3
Node for team COD already exists: Node[51]
Node for team SYC already exists: Node[180]
Created relationship COD->SYC with date=2012-06-15 and goalDifference=3: Relationship[7750]
Created relationship SYC->COD with date=2012-06-15 and goalDifference=3: Relationship[7751]
Processing entry 3876 of 4135
2012-06-15 DZA:GMB 3
Node for team DZA already exists: Node[58]
Node for team GMB already exists: Node[173]
Created relationship DZA->GMB with date=2012-06-15 and goalDifference=3: Relationship[7752]
Created relationship GMB->DZA with date=2012-06-15 and goalDifference=3: Relationship[7753]
Processing entry 3877 of 4135
2012-06-15 EGY:CAF -1
Node for team EGY already exists: Node[20]
Created new node for team CAF: Node[183]
Created relationship EGY->CAF with date=2012-06-15 and goalDifference=-1: Relationship[7754]
Created relationship CAF->EGY with date=2012-06-15 and goalDifference=-1: Relationship[7755]
Processing entry 3878 of 4135
2012-06-15 SWE:ENG -1
Node for team SWE already exists: Node[22]
Node for team ENG already exists: Node[27]
Created relationship SWE->ENG with date=2012-06-15 and goalDifference=-1: Relationship[7756]
Created relationship ENG->SWE with date=2012-06-15 and goalDifference=-1: Relationship[7757]
Processing entry 3879 of 4135
2012-06-15 UKR:FRA -2
Node for team UKR already exists: Node[84]
Node for team FRA already exists: Node[0]
Created relationship UKR->FRA with date=2012-06-15 and goalDifference=-2: Relationship[7758]
Created relationship FRA->UKR with date=2012-06-15 and goalDifference=-2: Relationship[7759]
Processing entry 3880 of 4135
2012-06-16 BEN:ETH 0
Node for team BEN already exists: Node[109]
Node for team ETH already exists: Node[172]
Created relationship BEN->ETH with date=2012-06-16 and goalDifference=0: Relationship[7760]
Created relationship ETH->BEN with date=2012-06-16 and goalDifference=0: Relationship[7761]
Processing entry 3881 of 4135
2012-06-16 CMR:GNB 1
Node for team CMR already exists: Node[56]
Node for team GNB already exists: Node[174]
Created relationship CMR->GNB with date=2012-06-16 and goalDifference=1: Relationship[7762]
Created relationship GNB->CMR with date=2012-06-16 and goalDifference=1: Relationship[7763]
Processing entry 3882 of 4135
2012-06-16 CPV:MDG 2
Node for team CPV already exists: Node[177]
Node for team MDG already exists: Node[176]
Created relationship CPV->MDG with date=2012-06-16 and goalDifference=2: Relationship[7764]
Created relationship MDG->CPV with date=2012-06-16 and goalDifference=2: Relationship[7765]
Processing entry 3883 of 4135
2012-06-16 CZE:POL 1
Node for team CZE already exists: Node[74]
Node for team POL already exists: Node[23]
Created relationship CZE->POL with date=2012-06-16 and goalDifference=1: Relationship[7766]
Created relationship POL->CZE with date=2012-06-16 and goalDifference=1: Relationship[7767]
Processing entry 3884 of 4135
2012-06-16 GRC:RUS 1
Node for team GRC already exists: Node[34]
Node for team RUS already exists: Node[70]
Created relationship GRC->RUS with date=2012-06-16 and goalDifference=1: Relationship[7768]
Created relationship RUS->GRC with date=2012-06-16 and goalDifference=1: Relationship[7769]
Processing entry 3885 of 4135
2012-06-16 MOZ:TZA 0
Node for team MOZ already exists: Node[136]
Node for team TZA already exists: Node[182]
Created relationship MOZ->TZA with date=2012-06-16 and goalDifference=0: Relationship[7770]
Created relationship TZA->MOZ with date=2012-06-16 and goalDifference=0: Relationship[7771]
Processing entry 3886 of 4135
2012-06-16 MWI:TCD 2
Node for team MWI already exists: Node[135]
Node for team TCD already exists: Node[181]
Created relationship MWI->TCD with date=2012-06-16 and goalDifference=2: Relationship[7772]
Created relationship TCD->MWI with date=2012-06-16 and goalDifference=2: Relationship[7773]
Processing entry 3887 of 4135
2012-06-16 NAM:LBR 0
Node for team NAM already exists: Node[132]
Node for team LBR already exists: Node[175]
Created relationship NAM->LBR with date=2012-06-16 and goalDifference=0: Relationship[7774]
Created relationship LBR->NAM with date=2012-06-16 and goalDifference=0: Relationship[7775]
Processing entry 3888 of 4135
2012-06-16 NGA:RWA 2
Node for team NGA already exists: Node[71]
Node for team RWA already exists: Node[103]
Created relationship NGA->RWA with date=2012-06-16 and goalDifference=2: Relationship[7776]
Created relationship RWA->NGA with date=2012-06-16 and goalDifference=2: Relationship[7777]
Processing entry 3889 of 4135
2012-06-16 SLE:STP 2
Node for team SLE already exists: Node[179]
Node for team STP already exists: Node[178]
Created relationship SLE->STP with date=2012-06-16 and goalDifference=2: Relationship[7778]
Created relationship STP->SLE with date=2012-06-16 and goalDifference=2: Relationship[7779]
Processing entry 3890 of 4135
2012-06-16 TGO:KEN 1
Node for team TGO already exists: Node[115]
Node for team KEN already exists: Node[106]
Created relationship TGO->KEN with date=2012-06-16 and goalDifference=1: Relationship[7780]
Created relationship KEN->TGO with date=2012-06-16 and goalDifference=1: Relationship[7781]
Processing entry 3891 of 4135
2012-06-16 UGA:COG 4
Node for team UGA already exists: Node[171]
Node for team COG already exists: Node[170]
Created relationship UGA->COG with date=2012-06-16 and goalDifference=4: Relationship[7782]
Created relationship COG->UGA with date=2012-06-16 and goalDifference=4: Relationship[7783]
Processing entry 3892 of 4135
2012-06-16 ZWE:BDI 1
Node for team ZWE already exists: Node[105]
Node for team BDI already exists: Node[169]
Created relationship ZWE->BDI with date=2012-06-16 and goalDifference=1: Relationship[7784]
Created relationship BDI->ZWE with date=2012-06-16 and goalDifference=1: Relationship[7785]
Processing entry 3893 of 4135
2012-06-17 DNK:DEU -1
Node for team DNK already exists: Node[39]
Node for team DEU already exists: Node[17]
Created relationship DNK->DEU with date=2012-06-17 and goalDifference=-1: Relationship[7786]
Created relationship DEU->DNK with date=2012-06-17 and goalDifference=-1: Relationship[7787]
Processing entry 3894 of 4135
2012-06-17 PRT:NLD 1
Node for team PRT already exists: Node[38]
Node for team NLD already exists: Node[15]
Created relationship PRT->NLD with date=2012-06-17 and goalDifference=1: Relationship[7788]
Created relationship NLD->PRT with date=2012-06-17 and goalDifference=1: Relationship[7789]
Processing entry 3895 of 4135
2012-06-18 HRV:ESP -1
Node for team HRV already exists: Node[73]
Node for team ESP already exists: Node[18]
Created relationship HRV->ESP with date=2012-06-18 and goalDifference=-1: Relationship[7790]
Created relationship ESP->HRV with date=2012-06-18 and goalDifference=-1: Relationship[7791]
Processing entry 3896 of 4135
2012-06-18 ITA:IRL 2
Node for team ITA already exists: Node[21]
Node for team IRL already exists: Node[35]
Created relationship ITA->IRL with date=2012-06-18 and goalDifference=2: Relationship[7792]
Created relationship IRL->ITA with date=2012-06-18 and goalDifference=2: Relationship[7793]
Processing entry 3897 of 4135
2012-06-19 ENG:UKR 1
Node for team ENG already exists: Node[27]
Node for team UKR already exists: Node[84]
Created relationship ENG->UKR with date=2012-06-19 and goalDifference=1: Relationship[7794]
Created relationship UKR->ENG with date=2012-06-19 and goalDifference=1: Relationship[7795]
Processing entry 3898 of 4135
2012-06-19 SWE:FRA 2
Node for team SWE already exists: Node[22]
Node for team FRA already exists: Node[0]
Created relationship SWE->FRA with date=2012-06-19 and goalDifference=2: Relationship[7796]
Created relationship FRA->SWE with date=2012-06-19 and goalDifference=2: Relationship[7797]
Processing entry 3899 of 4135
2012-06-21 CZE:PRT -1
Node for team CZE already exists: Node[74]
Node for team PRT already exists: Node[38]
Created relationship CZE->PRT with date=2012-06-21 and goalDifference=-1: Relationship[7798]
Created relationship PRT->CZE with date=2012-06-21 and goalDifference=-1: Relationship[7799]
Processing entry 3900 of 4135
2012-06-22 DEU:GRC 2
Node for team DEU already exists: Node[17]
Node for team GRC already exists: Node[34]
Created relationship DEU->GRC with date=2012-06-22 and goalDifference=2: Relationship[7800]
Created relationship GRC->DEU with date=2012-06-22 and goalDifference=2: Relationship[7801]
Processing entry 3901 of 4135
2012-06-23 ESP:FRA 2
Node for team ESP already exists: Node[18]
Node for team FRA already exists: Node[0]
Created relationship ESP->FRA with date=2012-06-23 and goalDifference=2: Relationship[7802]
Created relationship FRA->ESP with date=2012-06-23 and goalDifference=2: Relationship[7803]
Processing entry 3902 of 4135
2012-06-24 ENG:ITA 0
Node for team ENG already exists: Node[27]
Node for team ITA already exists: Node[21]
Created relationship ENG->ITA with date=2012-06-24 and goalDifference=0: Relationship[7804]
Created relationship ITA->ENG with date=2012-06-24 and goalDifference=0: Relationship[7805]
Processing entry 3903 of 4135
2012-06-27 PRT:ESP 0
Node for team PRT already exists: Node[38]
Node for team ESP already exists: Node[18]
Created relationship PRT->ESP with date=2012-06-27 and goalDifference=0: Relationship[7806]
Created relationship ESP->PRT with date=2012-06-27 and goalDifference=0: Relationship[7807]
Processing entry 3904 of 4135
2012-06-28 DEU:ITA -1
Node for team DEU already exists: Node[17]
Node for team ITA already exists: Node[21]
Created relationship DEU->ITA with date=2012-06-28 and goalDifference=-1: Relationship[7808]
Created relationship ITA->DEU with date=2012-06-28 and goalDifference=-1: Relationship[7809]
Processing entry 3905 of 4135
2012-06-30 CAF:EGY 0
Node for team CAF already exists: Node[183]
Node for team EGY already exists: Node[20]
Created relationship CAF->EGY with date=2012-06-30 and goalDifference=0: Relationship[7810]
Created relationship EGY->CAF with date=2012-06-30 and goalDifference=0: Relationship[7811]
Processing entry 3906 of 4135
2012-07-01 ESP:ITA 4
Node for team ESP already exists: Node[18]
Node for team ITA already exists: Node[21]
Created relationship ESP->ITA with date=2012-07-01 and goalDifference=4: Relationship[7812]
Created relationship ITA->ESP with date=2012-07-01 and goalDifference=4: Relationship[7813]
Processing entry 3907 of 4135
2012-09-07 NCL:NZL -2
Node for team NCL already exists: Node[101]
Node for team NZL already exists: Node[57]
Created relationship NCL->NZL with date=2012-09-07 and goalDifference=-2: Relationship[7814]
Created relationship NZL->NCL with date=2012-09-07 and goalDifference=-2: Relationship[7815]
Processing entry 3908 of 4135
2012-09-07 SLB:TAH 2
Node for team SLB already exists: Node[87]
Node for team TAH already exists: Node[88]
Created relationship SLB->TAH with date=2012-09-07 and goalDifference=2: Relationship[7816]
Created relationship TAH->SLB with date=2012-09-07 and goalDifference=2: Relationship[7817]
Processing entry 3909 of 4135
2012-09-08 CAF:BFA 1
Node for team CAF already exists: Node[183]
Node for team BFA already exists: Node[108]
Created relationship CAF->BFA with date=2012-09-08 and goalDifference=1: Relationship[7818]
Created relationship BFA->CAF with date=2012-09-08 and goalDifference=1: Relationship[7819]
Processing entry 3910 of 4135
2012-09-08 CIV:SEN 2
Node for team CIV already exists: Node[114]
Node for team SEN already exists: Node[96]
Created relationship CIV->SEN with date=2012-09-08 and goalDifference=2: Relationship[7820]
Created relationship SEN->CIV with date=2012-09-08 and goalDifference=2: Relationship[7821]
Processing entry 3911 of 4135
2012-09-08 CPV:CMR 2
Node for team CPV already exists: Node[177]
Node for team CMR already exists: Node[56]
Created relationship CPV->CMR with date=2012-09-08 and goalDifference=2: Relationship[7822]
Created relationship CMR->CPV with date=2012-09-08 and goalDifference=2: Relationship[7823]
Processing entry 3912 of 4135
2012-09-08 GAB:TGO 0
Node for team GAB already exists: Node[137]
Node for team TGO already exists: Node[115]
Created relationship GAB->TGO with date=2012-09-08 and goalDifference=0: Relationship[7824]
Created relationship TGO->GAB with date=2012-09-08 and goalDifference=0: Relationship[7825]
Processing entry 3913 of 4135
2012-09-08 GHA:MWI 2
Node for team GHA already exists: Node[116]
Node for team MWI already exists: Node[135]
Created relationship GHA->MWI with date=2012-09-08 and goalDifference=2: Relationship[7826]
Created relationship MWI->GHA with date=2012-09-08 and goalDifference=2: Relationship[7827]
Processing entry 3914 of 4135
2012-09-08 LBR:NGA 0
Node for team LBR already exists: Node[175]
Node for team NGA already exists: Node[71]
Created relationship LBR->NGA with date=2012-09-08 and goalDifference=0: Relationship[7828]
Created relationship NGA->LBR with date=2012-09-08 and goalDifference=0: Relationship[7829]
Processing entry 3915 of 4135
2012-09-08 MLI:BWA 3
Node for team MLI already exists: Node[107]
Node for team BWA already exists: Node[168]
Created relationship MLI->BWA with date=2012-09-08 and goalDifference=3: Relationship[7830]
Created relationship BWA->MLI with date=2012-09-08 and goalDifference=3: Relationship[7831]
Processing entry 3916 of 4135
2012-09-08 SDN:ETH 2
Node for team SDN already exists: Node[133]
Node for team ETH already exists: Node[172]
Created relationship SDN->ETH with date=2012-09-08 and goalDifference=2: Relationship[7832]
Created relationship ETH->SDN with date=2012-09-08 and goalDifference=2: Relationship[7833]
Processing entry 3917 of 4135
2012-09-08 SLE:TUN 0
Node for team SLE already exists: Node[179]
Node for team TUN already exists: Node[54]
Created relationship SLE->TUN with date=2012-09-08 and goalDifference=0: Relationship[7834]
Created relationship TUN->SLE with date=2012-09-08 and goalDifference=0: Relationship[7835]
Processing entry 3918 of 4135
2012-09-08 ZMB:UGA 1
Node for team ZMB already exists: Node[97]
Node for team UGA already exists: Node[171]
Created relationship ZMB->UGA with date=2012-09-08 and goalDifference=1: Relationship[7836]
Created relationship UGA->ZMB with date=2012-09-08 and goalDifference=1: Relationship[7837]
Processing entry 3919 of 4135
2012-09-09 COD:GNQ 4
Node for team COD already exists: Node[51]
Node for team GNQ already exists: Node[166]
Created relationship COD->GNQ with date=2012-09-09 and goalDifference=4: Relationship[7838]
Created relationship GNQ->COD with date=2012-09-09 and goalDifference=4: Relationship[7839]
Processing entry 3920 of 4135
2012-09-09 GIN:NER 1
Node for team GIN already exists: Node[104]
Node for team NER already exists: Node[167]
Created relationship GIN->NER with date=2012-09-09 and goalDifference=1: Relationship[7840]
Created relationship NER->GIN with date=2012-09-09 and goalDifference=1: Relationship[7841]
Processing entry 3921 of 4135
2012-09-09 LBY:DZA -1
Node for team LBY already exists: Node[112]
Node for team DZA already exists: Node[58]
Created relationship LBY->DZA with date=2012-09-09 and goalDifference=-1: Relationship[7842]
Created relationship DZA->LBY with date=2012-09-09 and goalDifference=-1: Relationship[7843]
Processing entry 3922 of 4135
2012-09-09 MOZ:MAR 2
Node for team MOZ already exists: Node[136]
Node for team MAR already exists: Node[50]
Created relationship MOZ->MAR with date=2012-09-09 and goalDifference=2: Relationship[7844]
Created relationship MAR->MOZ with date=2012-09-09 and goalDifference=2: Relationship[7845]
Processing entry 3923 of 4135
2012-09-09 ZWE:AGO 2
Node for team ZWE already exists: Node[105]
Node for team AGO already exists: Node[113]
Created relationship ZWE->AGO with date=2012-09-09 and goalDifference=2: Relationship[7846]
Created relationship AGO->ZWE with date=2012-09-09 and goalDifference=2: Relationship[7847]
Processing entry 3924 of 4135
2012-09-11 JOR:AUS 1
Node for team JOR already exists: Node[140]
Node for team AUS already exists: Node[52]
Created relationship JOR->AUS with date=2012-09-11 and goalDifference=1: Relationship[7848]
Created relationship AUS->JOR with date=2012-09-11 and goalDifference=1: Relationship[7849]
Processing entry 3925 of 4135
2012-09-11 JPN:IRQ 1
Node for team JPN already exists: Node[86]
Node for team IRQ already exists: Node[62]
Created relationship JPN->IRQ with date=2012-09-11 and goalDifference=1: Relationship[7850]
Created relationship IRQ->JPN with date=2012-09-11 and goalDifference=1: Relationship[7851]
Processing entry 3926 of 4135
2012-09-11 LBN:IRN 1
Node for team LBN already exists: Node[159]
Node for team IRN already exists: Node[55]
Created relationship LBN->IRN with date=2012-09-11 and goalDifference=1: Relationship[7852]
Created relationship IRN->LBN with date=2012-09-11 and goalDifference=1: Relationship[7853]
Processing entry 3927 of 4135
2012-09-11 NZL:SLB 5
Node for team NZL already exists: Node[57]
Node for team SLB already exists: Node[87]
Created relationship NZL->SLB with date=2012-09-11 and goalDifference=5: Relationship[7854]
Created relationship SLB->NZL with date=2012-09-11 and goalDifference=5: Relationship[7855]
Processing entry 3928 of 4135
2012-09-11 UZB:KOR 0
Node for team UZB already exists: Node[131]
Node for team KOR already exists: Node[30]
Created relationship UZB->KOR with date=2012-09-11 and goalDifference=0: Relationship[7856]
Created relationship KOR->UZB with date=2012-09-11 and goalDifference=0: Relationship[7857]
Processing entry 3929 of 4135
2012-09-12 TAH:NCL -4
Node for team TAH already exists: Node[88]
Node for team NCL already exists: Node[101]
Created relationship TAH->NCL with date=2012-09-12 and goalDifference=-4: Relationship[7858]
Created relationship NCL->TAH with date=2012-09-12 and goalDifference=-4: Relationship[7859]
Processing entry 3930 of 4135
2012-10-12 SLB:NCL -4
Node for team SLB already exists: Node[87]
Node for team NCL already exists: Node[101]
Created relationship SLB->NCL with date=2012-10-12 and goalDifference=-4: Relationship[7860]
Created relationship NCL->SLB with date=2012-10-12 and goalDifference=-4: Relationship[7861]
Processing entry 3931 of 4135
2012-10-12 TAH:NZL -2
Node for team TAH already exists: Node[88]
Node for team NZL already exists: Node[57]
Created relationship TAH->NZL with date=2012-10-12 and goalDifference=-2: Relationship[7862]
Created relationship NZL->TAH with date=2012-10-12 and goalDifference=-2: Relationship[7863]
Processing entry 3932 of 4135
2012-10-13 BWA:MLI -3
Node for team BWA already exists: Node[168]
Node for team MLI already exists: Node[107]
Created relationship BWA->MLI with date=2012-10-13 and goalDifference=-3: Relationship[7864]
Created relationship MLI->BWA with date=2012-10-13 and goalDifference=-3: Relationship[7865]
Processing entry 3933 of 4135
2012-10-13 MAR:MOZ 4
Node for team MAR already exists: Node[50]
Node for team MOZ already exists: Node[136]
Created relationship MAR->MOZ with date=2012-10-13 and goalDifference=4: Relationship[7866]
Created relationship MOZ->MAR with date=2012-10-13 and goalDifference=4: Relationship[7867]
Processing entry 3934 of 4135
2012-10-13 MWI:GHA -1
Node for team MWI already exists: Node[135]
Node for team GHA already exists: Node[116]
Created relationship MWI->GHA with date=2012-10-13 and goalDifference=-1: Relationship[7868]
Created relationship GHA->MWI with date=2012-10-13 and goalDifference=-1: Relationship[7869]
Processing entry 3935 of 4135
2012-10-13 NGA:LBR 5
Node for team NGA already exists: Node[71]
Node for team LBR already exists: Node[175]
Created relationship NGA->LBR with date=2012-10-13 and goalDifference=5: Relationship[7870]
Created relationship LBR->NGA with date=2012-10-13 and goalDifference=5: Relationship[7871]
Processing entry 3936 of 4135
2012-10-13 SEN:CIV -2
Node for team SEN already exists: Node[96]
Node for team CIV already exists: Node[114]
Created relationship SEN->CIV with date=2012-10-13 and goalDifference=-2: Relationship[7872]
Created relationship CIV->SEN with date=2012-10-13 and goalDifference=-2: Relationship[7873]
Processing entry 3937 of 4135
2012-10-13 TUN:SLE 0
Node for team TUN already exists: Node[54]
Node for team SLE already exists: Node[179]
Created relationship TUN->SLE with date=2012-10-13 and goalDifference=0: Relationship[7874]
Created relationship SLE->TUN with date=2012-10-13 and goalDifference=0: Relationship[7875]
Processing entry 3938 of 4135
2012-10-13 UGA:ZMB 1
Node for team UGA already exists: Node[171]
Node for team ZMB already exists: Node[97]
Created relationship UGA->ZMB with date=2012-10-13 and goalDifference=1: Relationship[7876]
Created relationship ZMB->UGA with date=2012-10-13 and goalDifference=1: Relationship[7877]
Processing entry 3939 of 4135
2012-10-14 AGO:ZWE 2
Node for team AGO already exists: Node[113]
Node for team ZWE already exists: Node[105]
Created relationship AGO->ZWE with date=2012-10-14 and goalDifference=2: Relationship[7878]
Created relationship ZWE->AGO with date=2012-10-14 and goalDifference=2: Relationship[7879]
Processing entry 3940 of 4135
2012-10-14 BFA:CAF 2
Node for team BFA already exists: Node[108]
Node for team CAF already exists: Node[183]
Created relationship BFA->CAF with date=2012-10-14 and goalDifference=2: Relationship[7880]
Created relationship CAF->BFA with date=2012-10-14 and goalDifference=2: Relationship[7881]
Processing entry 3941 of 4135
2012-10-14 CMR:CPV 1
Node for team CMR already exists: Node[56]
Node for team CPV already exists: Node[177]
Created relationship CMR->CPV with date=2012-10-14 and goalDifference=1: Relationship[7882]
Created relationship CPV->CMR with date=2012-10-14 and goalDifference=1: Relationship[7883]
Processing entry 3942 of 4135
2012-10-14 DZA:LBY 2
Node for team DZA already exists: Node[58]
Node for team LBY already exists: Node[112]
Created relationship DZA->LBY with date=2012-10-14 and goalDifference=2: Relationship[7884]
Created relationship LBY->DZA with date=2012-10-14 and goalDifference=2: Relationship[7885]
Processing entry 3943 of 4135
2012-10-14 ETH:SDN 2
Node for team ETH already exists: Node[172]
Node for team SDN already exists: Node[133]
Created relationship ETH->SDN with date=2012-10-14 and goalDifference=2: Relationship[7886]
Created relationship SDN->ETH with date=2012-10-14 and goalDifference=2: Relationship[7887]
Processing entry 3944 of 4135
2012-10-16 IRN:KOR 1
Node for team IRN already exists: Node[55]
Node for team KOR already exists: Node[30]
Created relationship IRN->KOR with date=2012-10-16 and goalDifference=1: Relationship[7888]
Created relationship KOR->IRN with date=2012-10-16 and goalDifference=1: Relationship[7889]
Processing entry 3945 of 4135
2012-10-16 IRQ:AUS -1
Node for team IRQ already exists: Node[62]
Node for team AUS already exists: Node[52]
Created relationship IRQ->AUS with date=2012-10-16 and goalDifference=-1: Relationship[7890]
Created relationship AUS->IRQ with date=2012-10-16 and goalDifference=-1: Relationship[7891]
Processing entry 3946 of 4135
2012-10-16 NCL:SLB 5
Node for team NCL already exists: Node[101]
Node for team SLB already exists: Node[87]
Created relationship NCL->SLB with date=2012-10-16 and goalDifference=5: Relationship[7892]
Created relationship SLB->NCL with date=2012-10-16 and goalDifference=5: Relationship[7893]
Processing entry 3947 of 4135
2012-10-16 NZL:TAH 3
Node for team NZL already exists: Node[57]
Node for team TAH already exists: Node[88]
Created relationship NZL->TAH with date=2012-10-16 and goalDifference=3: Relationship[7894]
Created relationship TAH->NZL with date=2012-10-16 and goalDifference=3: Relationship[7895]
Processing entry 3948 of 4135
2012-10-16 OMN:JOR 1
Node for team OMN already exists: Node[125]
Node for team JOR already exists: Node[140]
Created relationship OMN->JOR with date=2012-10-16 and goalDifference=1: Relationship[7896]
Created relationship JOR->OMN with date=2012-10-16 and goalDifference=1: Relationship[7897]
Processing entry 3949 of 4135
2012-10-16 QAT:UZB -1
Node for team QAT already exists: Node[127]
Node for team UZB already exists: Node[131]
Created relationship QAT->UZB with date=2012-10-16 and goalDifference=-1: Relationship[7898]
Created relationship UZB->QAT with date=2012-10-16 and goalDifference=-1: Relationship[7899]
Processing entry 3950 of 4135
2012-10-27 GLP:MTQ 0
Node for team GLP already exists: Node[123]
Created new node for team MTQ: Node[184]
Created relationship GLP->MTQ with date=2012-10-27 and goalDifference=0: Relationship[7900]
Created relationship MTQ->GLP with date=2012-10-27 and goalDifference=0: Relationship[7901]
Processing entry 3951 of 4135
2012-10-27 PRI:DOM -2
Created new node for team PRI: Node[185]
Created new node for team DOM: Node[186]
Created relationship PRI->DOM with date=2012-10-27 and goalDifference=-2: Relationship[7902]
Created relationship DOM->PRI with date=2012-10-27 and goalDifference=-2: Relationship[7903]
Processing entry 3952 of 4135
2012-11-14 IRN:UZB -1
Node for team IRN already exists: Node[55]
Node for team UZB already exists: Node[131]
Created relationship IRN->UZB with date=2012-11-14 and goalDifference=-1: Relationship[7904]
Created relationship UZB->IRN with date=2012-11-14 and goalDifference=-1: Relationship[7905]
Processing entry 3953 of 4135
2012-11-14 IRQ:JOR 1
Node for team IRQ already exists: Node[62]
Node for team JOR already exists: Node[140]
Created relationship IRQ->JOR with date=2012-11-14 and goalDifference=1: Relationship[7906]
Created relationship JOR->IRQ with date=2012-11-14 and goalDifference=1: Relationship[7907]
Processing entry 3954 of 4135
2012-11-14 OMN:JPN -1
Node for team OMN already exists: Node[125]
Node for team JPN already exists: Node[86]
Created relationship OMN->JPN with date=2012-11-14 and goalDifference=-1: Relationship[7908]
Created relationship JPN->OMN with date=2012-11-14 and goalDifference=-1: Relationship[7909]
Processing entry 3955 of 4135
2012-11-14 QAT:LBN 1
Node for team QAT already exists: Node[127]
Node for team LBN already exists: Node[159]
Created relationship QAT->LBN with date=2012-11-14 and goalDifference=1: Relationship[7910]
Created relationship LBN->QAT with date=2012-11-14 and goalDifference=1: Relationship[7911]
Processing entry 3956 of 4135
2012-11-18 GRD:HTI -2
Node for team GRD already exists: Node[134]
Node for team HTI already exists: Node[53]
Created relationship GRD->HTI with date=2012-11-18 and goalDifference=-2: Relationship[7912]
Created relationship HTI->GRD with date=2012-11-18 and goalDifference=-2: Relationship[7913]
Processing entry 3957 of 4135
2012-11-18 GUY:GUF 1
Created new node for team GUY: Node[187]
Created new node for team GUF: Node[188]
Created relationship GUY->GUF with date=2012-11-18 and goalDifference=1: Relationship[7914]
Created relationship GUF->GUY with date=2012-11-18 and goalDifference=1: Relationship[7915]
Processing entry 3958 of 4135
2012-11-18 SUR:VCT 1
Created new node for team SUR: Node[189]
Created new node for team VCT: Node[190]
Created relationship SUR->VCT with date=2012-11-18 and goalDifference=1: Relationship[7916]
Created relationship VCT->SUR with date=2012-11-18 and goalDifference=1: Relationship[7917]
Processing entry 3959 of 4135
2012-11-18 TTO:CUB 1
Node for team TTO already exists: Node[117]
Node for team CUB already exists: Node[24]
Created relationship TTO->CUB with date=2012-11-18 and goalDifference=1: Relationship[7918]
Created relationship CUB->TTO with date=2012-11-18 and goalDifference=1: Relationship[7919]
Processing entry 3960 of 4135
2012-12-07 ATG:DOM -1
Created new node for team ATG: Node[191]
Node for team DOM already exists: Node[186]
Created relationship ATG->DOM with date=2012-12-07 and goalDifference=-1: Relationship[7920]
Created relationship DOM->ATG with date=2012-12-07 and goalDifference=-1: Relationship[7921]
Processing entry 3961 of 4135
2012-12-07 HTI:TTO 0
Node for team HTI already exists: Node[53]
Node for team TTO already exists: Node[117]
Created relationship HTI->TTO with date=2012-12-07 and goalDifference=0: Relationship[7922]
Created relationship TTO->HTI with date=2012-12-07 and goalDifference=0: Relationship[7923]
Processing entry 3962 of 4135
2012-12-08 JAM:GUF -1
Node for team JAM already exists: Node[90]
Node for team GUF already exists: Node[188]
Created relationship JAM->GUF with date=2012-12-08 and goalDifference=-1: Relationship[7924]
Created relationship GUF->JAM with date=2012-12-08 and goalDifference=-1: Relationship[7925]
Processing entry 3963 of 4135
2012-12-08 MTQ:CUB 1
Node for team MTQ already exists: Node[184]
Node for team CUB already exists: Node[24]
Created relationship MTQ->CUB with date=2012-12-08 and goalDifference=1: Relationship[7926]
Created relationship CUB->MTQ with date=2012-12-08 and goalDifference=1: Relationship[7927]
Processing entry 3964 of 4135
2012-12-09 ATG:TTO 2
Node for team ATG already exists: Node[191]
Node for team TTO already exists: Node[117]
Created relationship ATG->TTO with date=2012-12-09 and goalDifference=2: Relationship[7928]
Created relationship TTO->ATG with date=2012-12-09 and goalDifference=2: Relationship[7929]
Processing entry 3965 of 4135
2012-12-09 DOM:HTI -1
Node for team DOM already exists: Node[186]
Node for team HTI already exists: Node[53]
Created relationship DOM->HTI with date=2012-12-09 and goalDifference=-1: Relationship[7930]
Created relationship HTI->DOM with date=2012-12-09 and goalDifference=-1: Relationship[7931]
Processing entry 3966 of 4135
2012-12-10 CUB:GUF 1
Node for team CUB already exists: Node[24]
Node for team GUF already exists: Node[188]
Created relationship CUB->GUF with date=2012-12-10 and goalDifference=1: Relationship[7932]
Created relationship GUF->CUB with date=2012-12-10 and goalDifference=1: Relationship[7933]
Processing entry 3967 of 4135
2012-12-10 JAM:MTQ 0
Node for team JAM already exists: Node[90]
Node for team MTQ already exists: Node[184]
Created relationship JAM->MTQ with date=2012-12-10 and goalDifference=0: Relationship[7934]
Created relationship MTQ->JAM with date=2012-12-10 and goalDifference=0: Relationship[7935]
Processing entry 3968 of 4135
2012-12-11 ATG:HTI -1
Node for team ATG already exists: Node[191]
Node for team HTI already exists: Node[53]
Created relationship ATG->HTI with date=2012-12-11 and goalDifference=-1: Relationship[7936]
Created relationship HTI->ATG with date=2012-12-11 and goalDifference=-1: Relationship[7937]
Processing entry 3969 of 4135
2012-12-11 TTO:DOM 1
Node for team TTO already exists: Node[117]
Node for team DOM already exists: Node[186]
Created relationship TTO->DOM with date=2012-12-11 and goalDifference=1: Relationship[7938]
Created relationship DOM->TTO with date=2012-12-11 and goalDifference=1: Relationship[7939]
Processing entry 3970 of 4135
2012-12-12 GUF:MTQ -2
Node for team GUF already exists: Node[188]
Node for team MTQ already exists: Node[184]
Created relationship GUF->MTQ with date=2012-12-12 and goalDifference=-2: Relationship[7940]
Created relationship MTQ->GUF with date=2012-12-12 and goalDifference=-2: Relationship[7941]
Processing entry 3971 of 4135
2012-12-12 JAM:CUB -1
Node for team JAM already exists: Node[90]
Node for team CUB already exists: Node[24]
Created relationship JAM->CUB with date=2012-12-12 and goalDifference=-1: Relationship[7942]
Created relationship CUB->JAM with date=2012-12-12 and goalDifference=-1: Relationship[7943]
Processing entry 3972 of 4135
2012-12-14 HTI:CUB -1
Node for team HTI already exists: Node[53]
Node for team CUB already exists: Node[24]
Created relationship HTI->CUB with date=2012-12-14 and goalDifference=-1: Relationship[7944]
Created relationship CUB->HTI with date=2012-12-14 and goalDifference=-1: Relationship[7945]
Processing entry 3973 of 4135
2012-12-14 MTQ:TTO 0
Node for team MTQ already exists: Node[184]
Node for team TTO already exists: Node[117]
Created relationship MTQ->TTO with date=2012-12-14 and goalDifference=0: Relationship[7946]
Created relationship TTO->MTQ with date=2012-12-14 and goalDifference=0: Relationship[7947]
Processing entry 3974 of 4135
2012-12-16 CUB:TTO 1
Node for team CUB already exists: Node[24]
Node for team TTO already exists: Node[117]
Created relationship CUB->TTO with date=2012-12-16 and goalDifference=1: Relationship[7948]
Created relationship TTO->CUB with date=2012-12-16 and goalDifference=1: Relationship[7949]
Processing entry 3975 of 4135
2012-12-16 HTI:MTQ 1
Node for team HTI already exists: Node[53]
Node for team MTQ already exists: Node[184]
Created relationship HTI->MTQ with date=2012-12-16 and goalDifference=1: Relationship[7950]
Created relationship MTQ->HTI with date=2012-12-16 and goalDifference=1: Relationship[7951]
Processing entry 3976 of 4135
2013-01-18 GTM:NIC 0
Node for team GTM already exists: Node[119]
Node for team NIC already exists: Node[120]
Created relationship GTM->NIC with date=2013-01-18 and goalDifference=0: Relationship[7952]
Created relationship NIC->GTM with date=2013-01-18 and goalDifference=0: Relationship[7953]
Processing entry 3977 of 4135
2013-01-19 AGO:MAR 0
Node for team AGO already exists: Node[113]
Node for team MAR already exists: Node[50]
Created relationship AGO->MAR with date=2013-01-19 and goalDifference=0: Relationship[7954]
Created relationship MAR->AGO with date=2013-01-19 and goalDifference=0: Relationship[7955]
Processing entry 3978 of 4135
2013-01-19 CRI:BLZ 1
Node for team CRI already exists: Node[64]
Node for team BLZ already exists: Node[121]
Created relationship CRI->BLZ with date=2013-01-19 and goalDifference=1: Relationship[7956]
Created relationship BLZ->CRI with date=2013-01-19 and goalDifference=1: Relationship[7957]
Processing entry 3979 of 4135
2013-01-19 HND:SLV 0
Node for team HND already exists: Node[59]
Node for team SLV already exists: Node[49]
Created relationship HND->SLV with date=2013-01-19 and goalDifference=0: Relationship[7958]
Created relationship SLV->HND with date=2013-01-19 and goalDifference=0: Relationship[7959]
Processing entry 3980 of 4135
2013-01-19 ZAF:CPV 0
Node for team ZAF already exists: Node[89]
Node for team CPV already exists: Node[177]
Created relationship ZAF->CPV with date=2013-01-19 and goalDifference=0: Relationship[7960]
Created relationship CPV->ZAF with date=2013-01-19 and goalDifference=0: Relationship[7961]
Processing entry 3981 of 4135
2013-01-20 BLZ:GTM 0
Node for team BLZ already exists: Node[121]
Node for team GTM already exists: Node[119]
Created relationship BLZ->GTM with date=2013-01-20 and goalDifference=0: Relationship[7962]
Created relationship GTM->BLZ with date=2013-01-20 and goalDifference=0: Relationship[7963]
Processing entry 3982 of 4135
2013-01-20 GHA:COD 0
Node for team GHA already exists: Node[116]
Node for team COD already exists: Node[51]
Created relationship GHA->COD with date=2013-01-20 and goalDifference=0: Relationship[7964]
Created relationship COD->GHA with date=2013-01-20 and goalDifference=0: Relationship[7965]
Processing entry 3983 of 4135
2013-01-20 MLI:NER 1
Node for team MLI already exists: Node[107]
Node for team NER already exists: Node[167]
Created relationship MLI->NER with date=2013-01-20 and goalDifference=1: Relationship[7966]
Created relationship NER->MLI with date=2013-01-20 and goalDifference=1: Relationship[7967]
Processing entry 3984 of 4135
2013-01-20 SLV:PAN 0
Node for team SLV already exists: Node[49]
Node for team PAN already exists: Node[111]
Created relationship SLV->PAN with date=2013-01-20 and goalDifference=0: Relationship[7968]
Created relationship PAN->SLV with date=2013-01-20 and goalDifference=0: Relationship[7969]
Processing entry 3985 of 4135
2013-01-21 CRI:NIC 2
Node for team CRI already exists: Node[64]
Node for team NIC already exists: Node[120]
Created relationship CRI->NIC with date=2013-01-21 and goalDifference=2: Relationship[7970]
Created relationship NIC->CRI with date=2013-01-21 and goalDifference=2: Relationship[7971]
Processing entry 3986 of 4135
2013-01-21 NGA:BFA 0
Node for team NGA already exists: Node[71]
Node for team BFA already exists: Node[108]
Created relationship NGA->BFA with date=2013-01-21 and goalDifference=0: Relationship[7972]
Created relationship BFA->NGA with date=2013-01-21 and goalDifference=0: Relationship[7973]
Processing entry 3987 of 4135
2013-01-21 ZMB:ETH 0
Node for team ZMB already exists: Node[97]
Node for team ETH already exists: Node[172]
Created relationship ZMB->ETH with date=2013-01-21 and goalDifference=0: Relationship[7974]
Created relationship ETH->ZMB with date=2013-01-21 and goalDifference=0: Relationship[7975]
Processing entry 3988 of 4135
2013-01-22 CIV:TGO 1
Node for team CIV already exists: Node[114]
Node for team TGO already exists: Node[115]
Created relationship CIV->TGO with date=2013-01-22 and goalDifference=1: Relationship[7976]
Created relationship TGO->CIV with date=2013-01-22 and goalDifference=1: Relationship[7977]
Processing entry 3989 of 4135
2013-01-22 NIC:BLZ -1
Node for team NIC already exists: Node[120]
Node for team BLZ already exists: Node[121]
Created relationship NIC->BLZ with date=2013-01-22 and goalDifference=-1: Relationship[7978]
Created relationship BLZ->NIC with date=2013-01-22 and goalDifference=-1: Relationship[7979]
Processing entry 3990 of 4135
2013-01-22 TUN:DZA 1
Node for team TUN already exists: Node[54]
Node for team DZA already exists: Node[58]
Created relationship TUN->DZA with date=2013-01-22 and goalDifference=1: Relationship[7980]
Created relationship DZA->TUN with date=2013-01-22 and goalDifference=1: Relationship[7981]
Processing entry 3991 of 4135
2013-01-23 CRI:GTM 0
Node for team CRI already exists: Node[64]
Node for team GTM already exists: Node[119]
Created relationship CRI->GTM with date=2013-01-23 and goalDifference=0: Relationship[7982]
Created relationship GTM->CRI with date=2013-01-23 and goalDifference=0: Relationship[7983]
Processing entry 3992 of 4135
2013-01-23 MAR:CPV 0
Node for team MAR already exists: Node[50]
Node for team CPV already exists: Node[177]
Created relationship MAR->CPV with date=2013-01-23 and goalDifference=0: Relationship[7984]
Created relationship CPV->MAR with date=2013-01-23 and goalDifference=0: Relationship[7985]
Processing entry 3993 of 4135
2013-01-23 PAN:HND 0
Node for team PAN already exists: Node[111]
Node for team HND already exists: Node[59]
Created relationship PAN->HND with date=2013-01-23 and goalDifference=0: Relationship[7986]
Created relationship HND->PAN with date=2013-01-23 and goalDifference=0: Relationship[7987]
Processing entry 3994 of 4135
2013-01-23 ZAF:AGO 2
Node for team ZAF already exists: Node[89]
Node for team AGO already exists: Node[113]
Created relationship ZAF->AGO with date=2013-01-23 and goalDifference=2: Relationship[7988]
Created relationship AGO->ZAF with date=2013-01-23 and goalDifference=2: Relationship[7989]
Processing entry 3995 of 4135
2013-01-24 GHA:MLI 1
Node for team GHA already exists: Node[116]
Node for team MLI already exists: Node[107]
Created relationship GHA->MLI with date=2013-01-24 and goalDifference=1: Relationship[7990]
Created relationship MLI->GHA with date=2013-01-24 and goalDifference=1: Relationship[7991]
Processing entry 3996 of 4135
2013-01-24 NER:COD 0
Node for team NER already exists: Node[167]
Node for team COD already exists: Node[51]
Created relationship NER->COD with date=2013-01-24 and goalDifference=0: Relationship[7992]
Created relationship COD->NER with date=2013-01-24 and goalDifference=0: Relationship[7993]
Processing entry 3997 of 4135
2013-01-25 BFA:ETH 4
Node for team BFA already exists: Node[108]
Node for team ETH already exists: Node[172]
Created relationship BFA->ETH with date=2013-01-25 and goalDifference=4: Relationship[7994]
Created relationship ETH->BFA with date=2013-01-25 and goalDifference=4: Relationship[7995]
Processing entry 3998 of 4135
2013-01-25 GTM:PAN -2
Node for team GTM already exists: Node[119]
Node for team PAN already exists: Node[111]
Created relationship GTM->PAN with date=2013-01-25 and goalDifference=-2: Relationship[7996]
Created relationship PAN->GTM with date=2013-01-25 and goalDifference=-2: Relationship[7997]
Processing entry 3999 of 4135
2013-01-25 ZMB:NGA 0
Node for team ZMB already exists: Node[97]
Node for team NGA already exists: Node[71]
Created relationship ZMB->NGA with date=2013-01-25 and goalDifference=0: Relationship[7998]
Created relationship NGA->ZMB with date=2013-01-25 and goalDifference=0: Relationship[7999]
Processing entry 4000 of 4135
2013-01-26 CIV:TUN 3
Node for team CIV already exists: Node[114]
Node for team TUN already exists: Node[54]
Created relationship CIV->TUN with date=2013-01-26 and goalDifference=3: Relationship[8000]
Created relationship TUN->CIV with date=2013-01-26 and goalDifference=3: Relationship[8001]
Processing entry 4001 of 4135
2013-01-26 CRI:SLV 1
Node for team CRI already exists: Node[64]
Node for team SLV already exists: Node[49]
Created relationship CRI->SLV with date=2013-01-26 and goalDifference=1: Relationship[8002]
Created relationship SLV->CRI with date=2013-01-26 and goalDifference=1: Relationship[8003]
Processing entry 4002 of 4135
2013-01-26 DZA:TGO -2
Node for team DZA already exists: Node[58]
Node for team TGO already exists: Node[115]
Created relationship DZA->TGO with date=2013-01-26 and goalDifference=-2: Relationship[8004]
Created relationship TGO->DZA with date=2013-01-26 and goalDifference=-2: Relationship[8005]
Processing entry 4003 of 4135
2013-01-26 HND:BLZ 1
Node for team HND already exists: Node[59]
Node for team BLZ already exists: Node[121]
Created relationship HND->BLZ with date=2013-01-26 and goalDifference=1: Relationship[8006]
Created relationship BLZ->HND with date=2013-01-26 and goalDifference=1: Relationship[8007]
Processing entry 4004 of 4135
2013-01-27 CPV:AGO 1
Node for team CPV already exists: Node[177]
Node for team AGO already exists: Node[113]
Created relationship CPV->AGO with date=2013-01-27 and goalDifference=1: Relationship[8008]
Created relationship AGO->CPV with date=2013-01-27 and goalDifference=1: Relationship[8009]
Processing entry 4005 of 4135
2013-01-27 SLV:BLZ 1
Node for team SLV already exists: Node[49]
Node for team BLZ already exists: Node[121]
Created relationship SLV->BLZ with date=2013-01-27 and goalDifference=1: Relationship[8010]
Created relationship BLZ->SLV with date=2013-01-27 and goalDifference=1: Relationship[8011]
Processing entry 4006 of 4135
2013-01-27 ZAF:MAR 0
Node for team ZAF already exists: Node[89]
Node for team MAR already exists: Node[50]
Created relationship ZAF->MAR with date=2013-01-27 and goalDifference=0: Relationship[8012]
Created relationship MAR->ZAF with date=2013-01-27 and goalDifference=0: Relationship[8013]
Processing entry 4007 of 4135
2013-01-28 COD:MLI 0
Node for team COD already exists: Node[51]
Node for team MLI already exists: Node[107]
Created relationship COD->MLI with date=2013-01-28 and goalDifference=0: Relationship[8014]
Created relationship MLI->COD with date=2013-01-28 and goalDifference=0: Relationship[8015]
Processing entry 4008 of 4135
2013-01-28 CRI:HND 1
Node for team CRI already exists: Node[64]
Node for team HND already exists: Node[59]
Created relationship CRI->HND with date=2013-01-28 and goalDifference=1: Relationship[8016]
Created relationship HND->CRI with date=2013-01-28 and goalDifference=1: Relationship[8017]
Processing entry 4009 of 4135
2013-01-28 NER:GHA -3
Node for team NER already exists: Node[167]
Node for team GHA already exists: Node[116]
Created relationship NER->GHA with date=2013-01-28 and goalDifference=-3: Relationship[8018]
Created relationship GHA->NER with date=2013-01-28 and goalDifference=-3: Relationship[8019]
Processing entry 4010 of 4135
2013-01-29 ETH:NGA -2
Node for team ETH already exists: Node[172]
Node for team NGA already exists: Node[71]
Created relationship ETH->NGA with date=2013-01-29 and goalDifference=-2: Relationship[8020]
Created relationship NGA->ETH with date=2013-01-29 and goalDifference=-2: Relationship[8021]
Processing entry 4011 of 4135
2013-01-29 ZMB:BFA 0
Node for team ZMB already exists: Node[97]
Node for team BFA already exists: Node[108]
Created relationship ZMB->BFA with date=2013-01-29 and goalDifference=0: Relationship[8022]
Created relationship BFA->ZMB with date=2013-01-29 and goalDifference=0: Relationship[8023]
Processing entry 4012 of 4135
2013-01-30 DZA:CIV 0
Node for team DZA already exists: Node[58]
Node for team CIV already exists: Node[114]
Created relationship DZA->CIV with date=2013-01-30 and goalDifference=0: Relationship[8024]
Created relationship CIV->DZA with date=2013-01-30 and goalDifference=0: Relationship[8025]
Processing entry 4013 of 4135
2013-01-30 TGO:TUN 0
Node for team TGO already exists: Node[115]
Node for team TUN already exists: Node[54]
Created relationship TGO->TUN with date=2013-01-30 and goalDifference=0: Relationship[8026]
Created relationship TUN->TGO with date=2013-01-30 and goalDifference=0: Relationship[8027]
Processing entry 4014 of 4135
2013-02-02 GHA:CPV 2
Node for team GHA already exists: Node[116]
Node for team CPV already exists: Node[177]
Created relationship GHA->CPV with date=2013-02-02 and goalDifference=2: Relationship[8028]
Created relationship CPV->GHA with date=2013-02-02 and goalDifference=2: Relationship[8029]
Processing entry 4015 of 4135
2013-02-02 ZAF:MLI 0
Node for team ZAF already exists: Node[89]
Node for team MLI already exists: Node[107]
Created relationship ZAF->MLI with date=2013-02-02 and goalDifference=0: Relationship[8030]
Created relationship MLI->ZAF with date=2013-02-02 and goalDifference=0: Relationship[8031]
Processing entry 4016 of 4135
2013-02-03 BFA:TGO 1
Node for team BFA already exists: Node[108]
Node for team TGO already exists: Node[115]
Created relationship BFA->TGO with date=2013-02-03 and goalDifference=1: Relationship[8032]
Created relationship TGO->BFA with date=2013-02-03 and goalDifference=1: Relationship[8033]
Processing entry 4017 of 4135
2013-02-03 CIV:NGA -1
Node for team CIV already exists: Node[114]
Node for team NGA already exists: Node[71]
Created relationship CIV->NGA with date=2013-02-03 and goalDifference=-1: Relationship[8034]
Created relationship NGA->CIV with date=2013-02-03 and goalDifference=-1: Relationship[8035]
Processing entry 4018 of 4135
2013-02-06 BFA:GHA 0
Node for team BFA already exists: Node[108]
Node for team GHA already exists: Node[116]
Created relationship BFA->GHA with date=2013-02-06 and goalDifference=0: Relationship[8036]
Created relationship GHA->BFA with date=2013-02-06 and goalDifference=0: Relationship[8037]
Processing entry 4019 of 4135
2013-02-06 MLI:NGA -3
Node for team MLI already exists: Node[107]
Node for team NGA already exists: Node[71]
Created relationship MLI->NGA with date=2013-02-06 and goalDifference=-3: Relationship[8038]
Created relationship NGA->MLI with date=2013-02-06 and goalDifference=-3: Relationship[8039]
Processing entry 4020 of 4135
2013-02-09 MLI:GHA 2
Node for team MLI already exists: Node[107]
Node for team GHA already exists: Node[116]
Created relationship MLI->GHA with date=2013-02-09 and goalDifference=2: Relationship[8040]
Created relationship GHA->MLI with date=2013-02-09 and goalDifference=2: Relationship[8041]
Processing entry 4021 of 4135
2013-02-10 NGA:BFA 1
Node for team NGA already exists: Node[71]
Node for team BFA already exists: Node[108]
Created relationship NGA->BFA with date=2013-02-10 and goalDifference=1: Relationship[8042]
Created relationship BFA->NGA with date=2013-02-10 and goalDifference=1: Relationship[8043]
Processing entry 4022 of 4135
2013-03-22 NZL:NCL 1
Node for team NZL already exists: Node[57]
Node for team NCL already exists: Node[101]
Created relationship NZL->NCL with date=2013-03-22 and goalDifference=1: Relationship[8044]
Created relationship NCL->NZL with date=2013-03-22 and goalDifference=1: Relationship[8045]
Processing entry 4023 of 4135
2013-03-23 TAH:SLB 2
Node for team TAH already exists: Node[88]
Node for team SLB already exists: Node[87]
Created relationship TAH->SLB with date=2013-03-23 and goalDifference=2: Relationship[8046]
Created relationship SLB->TAH with date=2013-03-23 and goalDifference=2: Relationship[8047]
Processing entry 4024 of 4135
2013-03-26 AUS:OMN 0
Node for team AUS already exists: Node[52]
Node for team OMN already exists: Node[125]
Created relationship AUS->OMN with date=2013-03-26 and goalDifference=0: Relationship[8048]
Created relationship OMN->AUS with date=2013-03-26 and goalDifference=0: Relationship[8049]
Processing entry 4025 of 4135
2013-03-26 JOR:JPN 1
Node for team JOR already exists: Node[140]
Node for team JPN already exists: Node[86]
Created relationship JOR->JPN with date=2013-03-26 and goalDifference=1: Relationship[8050]
Created relationship JPN->JOR with date=2013-03-26 and goalDifference=1: Relationship[8051]
Processing entry 4026 of 4135
2013-03-26 KOR:QAT 1
Node for team KOR already exists: Node[30]
Node for team QAT already exists: Node[127]
Created relationship KOR->QAT with date=2013-03-26 and goalDifference=1: Relationship[8052]
Created relationship QAT->KOR with date=2013-03-26 and goalDifference=1: Relationship[8053]
Processing entry 4027 of 4135
2013-03-26 NCL:TAH 1
Node for team NCL already exists: Node[101]
Node for team TAH already exists: Node[88]
Created relationship NCL->TAH with date=2013-03-26 and goalDifference=1: Relationship[8054]
Created relationship TAH->NCL with date=2013-03-26 and goalDifference=1: Relationship[8055]
Processing entry 4028 of 4135
2013-03-26 SLB:NZL -2
Node for team SLB already exists: Node[87]
Node for team NZL already exists: Node[57]
Created relationship SLB->NZL with date=2013-03-26 and goalDifference=-2: Relationship[8056]
Created relationship NZL->SLB with date=2013-03-26 and goalDifference=-2: Relationship[8057]
Processing entry 4029 of 4135
2013-03-26 UZB:LBN 1
Node for team UZB already exists: Node[131]
Node for team LBN already exists: Node[159]
Created relationship UZB->LBN with date=2013-03-26 and goalDifference=1: Relationship[8058]
Created relationship LBN->UZB with date=2013-03-26 and goalDifference=1: Relationship[8059]
Processing entry 4030 of 4135
2013-06-04 JPN:AUS 0
Node for team JPN already exists: Node[86]
Node for team AUS already exists: Node[52]
Created relationship JPN->AUS with date=2013-06-04 and goalDifference=0: Relationship[8060]
Created relationship AUS->JPN with date=2013-06-04 and goalDifference=0: Relationship[8061]
Processing entry 4031 of 4135
2013-06-04 LBN:KOR 0
Node for team LBN already exists: Node[159]
Node for team KOR already exists: Node[30]
Created relationship LBN->KOR with date=2013-06-04 and goalDifference=0: Relationship[8062]
Created relationship KOR->LBN with date=2013-06-04 and goalDifference=0: Relationship[8063]
Processing entry 4032 of 4135
2013-06-04 OMN:IRQ 1
Node for team OMN already exists: Node[125]
Node for team IRQ already exists: Node[62]
Created relationship OMN->IRQ with date=2013-06-04 and goalDifference=1: Relationship[8064]
Created relationship IRQ->OMN with date=2013-06-04 and goalDifference=1: Relationship[8065]
Processing entry 4033 of 4135
2013-06-04 QAT:IRN -1
Node for team QAT already exists: Node[127]
Node for team IRN already exists: Node[55]
Created relationship QAT->IRN with date=2013-06-04 and goalDifference=-1: Relationship[8066]
Created relationship IRN->QAT with date=2013-06-04 and goalDifference=-1: Relationship[8067]
Processing entry 4034 of 4135
2013-06-11 AUS:JOR 4
Node for team AUS already exists: Node[52]
Node for team JOR already exists: Node[140]
Created relationship AUS->JOR with date=2013-06-11 and goalDifference=4: Relationship[8068]
Created relationship JOR->AUS with date=2013-06-11 and goalDifference=4: Relationship[8069]
Processing entry 4035 of 4135
2013-06-11 IRN:LBN 4
Node for team IRN already exists: Node[55]
Node for team LBN already exists: Node[159]
Created relationship IRN->LBN with date=2013-06-11 and goalDifference=4: Relationship[8070]
Created relationship LBN->IRN with date=2013-06-11 and goalDifference=4: Relationship[8071]
Processing entry 4036 of 4135
2013-06-11 IRQ:JPN -1
Node for team IRQ already exists: Node[62]
Node for team JPN already exists: Node[86]
Created relationship IRQ->JPN with date=2013-06-11 and goalDifference=-1: Relationship[8072]
Created relationship JPN->IRQ with date=2013-06-11 and goalDifference=-1: Relationship[8073]
Processing entry 4037 of 4135
2013-06-11 KOR:UZB 1
Node for team KOR already exists: Node[30]
Node for team UZB already exists: Node[131]
Created relationship KOR->UZB with date=2013-06-11 and goalDifference=1: Relationship[8074]
Created relationship UZB->KOR with date=2013-06-11 and goalDifference=1: Relationship[8075]
Processing entry 4038 of 4135
2013-06-15 BRA:JPN 3
Node for team BRA already exists: Node[7]
Node for team JPN already exists: Node[86]
Created relationship BRA->JPN with date=2013-06-15 and goalDifference=3: Relationship[8076]
Created relationship JPN->BRA with date=2013-06-15 and goalDifference=3: Relationship[8077]
Processing entry 4039 of 4135
2013-06-16 MEX:ITA -1
Node for team MEX already exists: Node[1]
Node for team ITA already exists: Node[21]
Created relationship MEX->ITA with date=2013-06-16 and goalDifference=-1: Relationship[8078]
Created relationship ITA->MEX with date=2013-06-16 and goalDifference=-1: Relationship[8079]
Processing entry 4040 of 4135
2013-06-17 ESP:URY 1
Node for team ESP already exists: Node[18]
Node for team URY already exists: Node[12]
Created relationship ESP->URY with date=2013-06-17 and goalDifference=1: Relationship[8080]
Created relationship URY->ESP with date=2013-06-17 and goalDifference=1: Relationship[8081]
Processing entry 4041 of 4135
2013-06-17 TAH:NGA -5
Node for team TAH already exists: Node[88]
Node for team NGA already exists: Node[71]
Created relationship TAH->NGA with date=2013-06-17 and goalDifference=-5: Relationship[8082]
Created relationship NGA->TAH with date=2013-06-17 and goalDifference=-5: Relationship[8083]
Processing entry 4042 of 4135
2013-06-18 AUS:IRQ 1
Node for team AUS already exists: Node[52]
Node for team IRQ already exists: Node[62]
Created relationship AUS->IRQ with date=2013-06-18 and goalDifference=1: Relationship[8084]
Created relationship IRQ->AUS with date=2013-06-18 and goalDifference=1: Relationship[8085]
Processing entry 4043 of 4135
2013-06-18 JOR:OMN 1
Node for team JOR already exists: Node[140]
Node for team OMN already exists: Node[125]
Created relationship JOR->OMN with date=2013-06-18 and goalDifference=1: Relationship[8086]
Created relationship OMN->JOR with date=2013-06-18 and goalDifference=1: Relationship[8087]
Processing entry 4044 of 4135
2013-06-18 KOR:IRN -1
Node for team KOR already exists: Node[30]
Node for team IRN already exists: Node[55]
Created relationship KOR->IRN with date=2013-06-18 and goalDifference=-1: Relationship[8088]
Created relationship IRN->KOR with date=2013-06-18 and goalDifference=-1: Relationship[8089]
Processing entry 4045 of 4135
2013-06-18 UZB:QAT 4
Node for team UZB already exists: Node[131]
Node for team QAT already exists: Node[127]
Created relationship UZB->QAT with date=2013-06-18 and goalDifference=4: Relationship[8090]
Created relationship QAT->UZB with date=2013-06-18 and goalDifference=4: Relationship[8091]
Processing entry 4046 of 4135
2013-06-19 BRA:MEX 2
Node for team BRA already exists: Node[7]
Node for team MEX already exists: Node[1]
Created relationship BRA->MEX with date=2013-06-19 and goalDifference=2: Relationship[8092]
Created relationship MEX->BRA with date=2013-06-19 and goalDifference=2: Relationship[8093]
Processing entry 4047 of 4135
2013-06-20 ESP:TAH 10
Node for team ESP already exists: Node[18]
Node for team TAH already exists: Node[88]
Created relationship ESP->TAH with date=2013-06-20 and goalDifference=10: Relationship[8094]
Created relationship TAH->ESP with date=2013-06-20 and goalDifference=10: Relationship[8095]
Processing entry 4048 of 4135
2013-06-20 ITA:JPN 1
Node for team ITA already exists: Node[21]
Node for team JPN already exists: Node[86]
Created relationship ITA->JPN with date=2013-06-20 and goalDifference=1: Relationship[8096]
Created relationship JPN->ITA with date=2013-06-20 and goalDifference=1: Relationship[8097]
Processing entry 4049 of 4135
2013-06-21 NGA:URY -1
Node for team NGA already exists: Node[71]
Node for team URY already exists: Node[12]
Created relationship NGA->URY with date=2013-06-21 and goalDifference=-1: Relationship[8098]
Created relationship URY->NGA with date=2013-06-21 and goalDifference=-1: Relationship[8099]
Processing entry 4050 of 4135
2013-06-22 ITA:BRA -2
Node for team ITA already exists: Node[21]
Node for team BRA already exists: Node[7]
Created relationship ITA->BRA with date=2013-06-22 and goalDifference=-2: Relationship[8100]
Created relationship BRA->ITA with date=2013-06-22 and goalDifference=-2: Relationship[8101]
Processing entry 4051 of 4135
2013-06-22 JPN:MEX -1
Node for team JPN already exists: Node[86]
Node for team MEX already exists: Node[1]
Created relationship JPN->MEX with date=2013-06-22 and goalDifference=-1: Relationship[8102]
Created relationship MEX->JPN with date=2013-06-22 and goalDifference=-1: Relationship[8103]
Processing entry 4052 of 4135
2013-06-23 NGA:ESP -3
Node for team NGA already exists: Node[71]
Node for team ESP already exists: Node[18]
Created relationship NGA->ESP with date=2013-06-23 and goalDifference=-3: Relationship[8104]
Created relationship ESP->NGA with date=2013-06-23 and goalDifference=-3: Relationship[8105]
Processing entry 4053 of 4135
2013-06-23 URY:TAH 8
Node for team URY already exists: Node[12]
Node for team TAH already exists: Node[88]
Created relationship URY->TAH with date=2013-06-23 and goalDifference=8: Relationship[8106]
Created relationship TAH->URY with date=2013-06-23 and goalDifference=8: Relationship[8107]
Processing entry 4054 of 4135
2013-06-26 BRA:URY 1
Node for team BRA already exists: Node[7]
Node for team URY already exists: Node[12]
Created relationship BRA->URY with date=2013-06-26 and goalDifference=1: Relationship[8108]
Created relationship URY->BRA with date=2013-06-26 and goalDifference=1: Relationship[8109]
Processing entry 4055 of 4135
2013-06-27 ESP:ITA 0
Node for team ESP already exists: Node[18]
Node for team ITA already exists: Node[21]
Created relationship ESP->ITA with date=2013-06-27 and goalDifference=0: Relationship[8110]
Created relationship ITA->ESP with date=2013-06-27 and goalDifference=0: Relationship[8111]
Processing entry 4056 of 4135
2013-06-30 URY:ITA 0
Node for team URY already exists: Node[12]
Node for team ITA already exists: Node[21]
Created relationship URY->ITA with date=2013-06-30 and goalDifference=0: Relationship[8112]
Created relationship ITA->URY with date=2013-06-30 and goalDifference=0: Relationship[8113]
Processing entry 4057 of 4135
2013-07-01 BRA:ESP 3
Node for team BRA already exists: Node[7]
Node for team ESP already exists: Node[18]
Created relationship BRA->ESP with date=2013-07-01 and goalDifference=3: Relationship[8114]
Created relationship ESP->BRA with date=2013-07-01 and goalDifference=3: Relationship[8115]
Processing entry 4058 of 4135
2013-07-08 MEX:PAN -1
Node for team MEX already exists: Node[1]
Node for team PAN already exists: Node[111]
Created relationship MEX->PAN with date=2013-07-08 and goalDifference=-1: Relationship[8116]
Created relationship PAN->MEX with date=2013-07-08 and goalDifference=-1: Relationship[8117]
Processing entry 4059 of 4135
2013-07-09 HTI:HND -2
Node for team HTI already exists: Node[53]
Node for team HND already exists: Node[59]
Created relationship HTI->HND with date=2013-07-09 and goalDifference=-2: Relationship[8118]
Created relationship HND->HTI with date=2013-07-09 and goalDifference=-2: Relationship[8119]
Processing entry 4060 of 4135
2013-07-09 SLV:TTO 0
Node for team SLV already exists: Node[49]
Node for team TTO already exists: Node[117]
Created relationship SLV->TTO with date=2013-07-09 and goalDifference=0: Relationship[8120]
Created relationship TTO->SLV with date=2013-07-09 and goalDifference=0: Relationship[8121]
Processing entry 4061 of 4135
2013-07-10 BLZ:USA -5
Node for team BLZ already exists: Node[121]
Node for team USA already exists: Node[2]
Created relationship BLZ->USA with date=2013-07-10 and goalDifference=-5: Relationship[8122]
Created relationship USA->BLZ with date=2013-07-10 and goalDifference=-5: Relationship[8123]
Processing entry 4062 of 4135
2013-07-10 CRI:CUB 3
Node for team CRI already exists: Node[64]
Node for team CUB already exists: Node[24]
Created relationship CRI->CUB with date=2013-07-10 and goalDifference=3: Relationship[8124]
Created relationship CUB->CRI with date=2013-07-10 and goalDifference=3: Relationship[8125]
Processing entry 4063 of 4135
2013-07-12 MEX:CAN 2
Node for team MEX already exists: Node[1]
Node for team CAN already exists: Node[61]
Created relationship MEX->CAN with date=2013-07-12 and goalDifference=2: Relationship[8126]
Created relationship CAN->MEX with date=2013-07-12 and goalDifference=2: Relationship[8127]
Processing entry 4064 of 4135
2013-07-12 PAN:MTQ 1
Node for team PAN already exists: Node[111]
Node for team MTQ already exists: Node[184]
Created relationship PAN->MTQ with date=2013-07-12 and goalDifference=1: Relationship[8128]
Created relationship MTQ->PAN with date=2013-07-12 and goalDifference=1: Relationship[8129]
Processing entry 4065 of 4135
2013-07-13 HND:SLV 1
Node for team HND already exists: Node[59]
Node for team SLV already exists: Node[49]
Created relationship HND->SLV with date=2013-07-13 and goalDifference=1: Relationship[8130]
Created relationship SLV->HND with date=2013-07-13 and goalDifference=1: Relationship[8131]
Processing entry 4066 of 4135
2013-07-13 TTO:HTI -2
Node for team TTO already exists: Node[117]
Node for team HTI already exists: Node[53]
Created relationship TTO->HTI with date=2013-07-13 and goalDifference=-2: Relationship[8132]
Created relationship HTI->TTO with date=2013-07-13 and goalDifference=-2: Relationship[8133]
Processing entry 4067 of 4135
2013-07-14 CRI:BLZ 1
Node for team CRI already exists: Node[64]
Node for team BLZ already exists: Node[121]
Created relationship CRI->BLZ with date=2013-07-14 and goalDifference=1: Relationship[8134]
Created relationship BLZ->CRI with date=2013-07-14 and goalDifference=1: Relationship[8135]
Processing entry 4068 of 4135
2013-07-14 PAN:CAN 0
Node for team PAN already exists: Node[111]
Node for team CAN already exists: Node[61]
Created relationship PAN->CAN with date=2013-07-14 and goalDifference=0: Relationship[8136]
Created relationship CAN->PAN with date=2013-07-14 and goalDifference=0: Relationship[8137]
Processing entry 4069 of 4135
2013-07-15 MTQ:MEX -2
Node for team MTQ already exists: Node[184]
Node for team MEX already exists: Node[1]
Created relationship MTQ->MEX with date=2013-07-15 and goalDifference=-2: Relationship[8138]
Created relationship MEX->MTQ with date=2013-07-15 and goalDifference=-2: Relationship[8139]
Processing entry 4070 of 4135
2013-07-16 CUB:BLZ 4
Node for team CUB already exists: Node[24]
Node for team BLZ already exists: Node[121]
Created relationship CUB->BLZ with date=2013-07-16 and goalDifference=4: Relationship[8140]
Created relationship BLZ->CUB with date=2013-07-16 and goalDifference=4: Relationship[8141]
Processing entry 4071 of 4135
2013-07-16 HND:TTO -2
Node for team HND already exists: Node[59]
Node for team TTO already exists: Node[117]
Created relationship HND->TTO with date=2013-07-16 and goalDifference=-2: Relationship[8142]
Created relationship TTO->HND with date=2013-07-16 and goalDifference=-2: Relationship[8143]
Processing entry 4072 of 4135
2013-07-16 SLV:HTI 1
Node for team SLV already exists: Node[49]
Node for team HTI already exists: Node[53]
Created relationship SLV->HTI with date=2013-07-16 and goalDifference=1: Relationship[8144]
Created relationship HTI->SLV with date=2013-07-16 and goalDifference=1: Relationship[8145]
Processing entry 4073 of 4135
2013-07-17 USA:CRI 1
Node for team USA already exists: Node[2]
Node for team CRI already exists: Node[64]
Created relationship USA->CRI with date=2013-07-17 and goalDifference=1: Relationship[8146]
Created relationship CRI->USA with date=2013-07-17 and goalDifference=1: Relationship[8147]
Processing entry 4074 of 4135
2013-07-20 PAN:CUB 5
Node for team PAN already exists: Node[111]
Node for team CUB already exists: Node[24]
Created relationship PAN->CUB with date=2013-07-20 and goalDifference=5: Relationship[8148]
Created relationship CUB->PAN with date=2013-07-20 and goalDifference=5: Relationship[8149]
Processing entry 4075 of 4135
2013-07-21 MEX:TTO 1
Node for team MEX already exists: Node[1]
Node for team TTO already exists: Node[117]
Created relationship MEX->TTO with date=2013-07-21 and goalDifference=1: Relationship[8150]
Created relationship TTO->MEX with date=2013-07-21 and goalDifference=1: Relationship[8151]
Processing entry 4076 of 4135
2013-07-21 USA:SLV 4
Node for team USA already exists: Node[2]
Node for team SLV already exists: Node[49]
Created relationship USA->SLV with date=2013-07-21 and goalDifference=4: Relationship[8152]
Created relationship SLV->USA with date=2013-07-21 and goalDifference=4: Relationship[8153]
Processing entry 4077 of 4135
2013-07-22 HND:CRI 1
Node for team HND already exists: Node[59]
Node for team CRI already exists: Node[64]
Created relationship HND->CRI with date=2013-07-22 and goalDifference=1: Relationship[8154]
Created relationship CRI->HND with date=2013-07-22 and goalDifference=1: Relationship[8155]
Processing entry 4078 of 4135
2013-07-25 HND:USA -2
Node for team HND already exists: Node[59]
Node for team USA already exists: Node[2]
Created relationship HND->USA with date=2013-07-25 and goalDifference=-2: Relationship[8156]
Created relationship USA->HND with date=2013-07-25 and goalDifference=-2: Relationship[8157]
Processing entry 4079 of 4135
2013-07-25 MEX:PAN -1
Node for team MEX already exists: Node[1]
Node for team PAN already exists: Node[111]
Created relationship MEX->PAN with date=2013-07-25 and goalDifference=-1: Relationship[8158]
Created relationship PAN->MEX with date=2013-07-25 and goalDifference=-1: Relationship[8159]
Processing entry 4080 of 4135
2013-07-28 AUS:CHN -1
Node for team AUS already exists: Node[52]
Node for team CHN already exists: Node[99]
Created relationship AUS->CHN with date=2013-07-28 and goalDifference=-1: Relationship[8160]
Created relationship CHN->AUS with date=2013-07-28 and goalDifference=-1: Relationship[8161]
Processing entry 4081 of 4135
2013-07-28 KOR:JPN -1
Node for team KOR already exists: Node[30]
Node for team JPN already exists: Node[86]
Created relationship KOR->JPN with date=2013-07-28 and goalDifference=-1: Relationship[8162]
Created relationship JPN->KOR with date=2013-07-28 and goalDifference=-1: Relationship[8163]
Processing entry 4082 of 4135
2013-07-28 USA:PAN 1
Node for team USA already exists: Node[2]
Node for team PAN already exists: Node[111]
Created relationship USA->PAN with date=2013-07-28 and goalDifference=1: Relationship[8164]
Created relationship PAN->USA with date=2013-07-28 and goalDifference=1: Relationship[8165]
Processing entry 4083 of 4135
2013-09-06 JOR:UZB 0
Node for team JOR already exists: Node[140]
Node for team UZB already exists: Node[131]
Created relationship JOR->UZB with date=2013-09-06 and goalDifference=0: Relationship[8166]
Created relationship UZB->JOR with date=2013-09-06 and goalDifference=0: Relationship[8167]
Processing entry 4084 of 4135
2013-09-10 UZB:JOR 0
Node for team UZB already exists: Node[131]
Node for team JOR already exists: Node[140]
Created relationship UZB->JOR with date=2013-09-10 and goalDifference=0: Relationship[8168]
Created relationship JOR->UZB with date=2013-09-10 and goalDifference=0: Relationship[8169]
Processing entry 4085 of 4135
2013-10-15 AZE:RUS 0
Node for team AZE already exists: Node[81]
Node for team RUS already exists: Node[70]
Created relationship AZE->RUS with date=2013-10-15 and goalDifference=0: Relationship[8170]
Created relationship RUS->AZE with date=2013-10-15 and goalDifference=0: Relationship[8171]
Processing entry 4086 of 4135
2013-10-15 BEL:WAL 0
Node for team BEL already exists: Node[3]
Node for team WAL already exists: Node[31]
Created relationship BEL->WAL with date=2013-10-15 and goalDifference=0: Relationship[8172]
Created relationship WAL->BEL with date=2013-10-15 and goalDifference=0: Relationship[8173]
Processing entry 4087 of 4135
2013-10-15 BGR:CZE -1
Node for team BGR already exists: Node[36]
Node for team CZE already exists: Node[74]
Created relationship BGR->CZE with date=2013-10-15 and goalDifference=-1: Relationship[8174]
Created relationship CZE->BGR with date=2013-10-15 and goalDifference=-1: Relationship[8175]
Processing entry 4088 of 4135
2013-10-15 CHE:SVN 1
Node for team CHE already exists: Node[14]
Node for team SVN already exists: Node[83]
Created relationship CHE->SVN with date=2013-10-15 and goalDifference=1: Relationship[8176]
Created relationship SVN->CHE with date=2013-10-15 and goalDifference=1: Relationship[8177]
Processing entry 4089 of 4135
2013-10-15 CYP:ALB 0
Node for team CYP already exists: Node[47]
Node for team ALB already exists: Node[41]
Created relationship CYP->ALB with date=2013-10-15 and goalDifference=0: Relationship[8178]
Created relationship ALB->CYP with date=2013-10-15 and goalDifference=0: Relationship[8179]
Processing entry 4090 of 4135
2013-10-15 DNK:MLT 6
Node for team DNK already exists: Node[39]
Node for team MLT already exists: Node[42]
Created relationship DNK->MLT with date=2013-10-15 and goalDifference=6: Relationship[8180]
Created relationship MLT->DNK with date=2013-10-15 and goalDifference=6: Relationship[8181]
Processing entry 4091 of 4135
2013-10-15 ENG:POL 2
Node for team ENG already exists: Node[27]
Node for team POL already exists: Node[23]
Created relationship ENG->POL with date=2013-10-15 and goalDifference=2: Relationship[8182]
Created relationship POL->ENG with date=2013-10-15 and goalDifference=2: Relationship[8183]
Processing entry 4092 of 4135
2013-10-15 ESP:GEO 2
Node for team ESP already exists: Node[18]
Node for team GEO already exists: Node[76]
Created relationship ESP->GEO with date=2013-10-15 and goalDifference=2: Relationship[8184]
Created relationship GEO->ESP with date=2013-10-15 and goalDifference=2: Relationship[8185]
Processing entry 4093 of 4135
2013-10-15 FRA:FIN 3
Node for team FRA already exists: Node[0]
Node for team FIN already exists: Node[46]
Created relationship FRA->FIN with date=2013-10-15 and goalDifference=3: Relationship[8186]
Created relationship FIN->FRA with date=2013-10-15 and goalDifference=3: Relationship[8187]
Processing entry 4094 of 4135
2013-10-15 FRO:AUT -3
Node for team FRO already exists: Node[66]
Node for team AUT already exists: Node[13]
Created relationship FRO->AUT with date=2013-10-15 and goalDifference=-3: Relationship[8188]
Created relationship AUT->FRO with date=2013-10-15 and goalDifference=-3: Relationship[8189]
Processing entry 4095 of 4135
2013-10-15 GRC:LIE 2
Node for team GRC already exists: Node[34]
Node for team LIE already exists: Node[69]
Created relationship GRC->LIE with date=2013-10-15 and goalDifference=2: Relationship[8190]
Created relationship LIE->GRC with date=2013-10-15 and goalDifference=2: Relationship[8191]
Processing entry 4096 of 4135
2013-10-15 HUN:AND 2
Node for team HUN already exists: Node[19]
Node for team AND already exists: Node[92]
Created relationship HUN->AND with date=2013-10-15 and goalDifference=2: Relationship[8192]
Created relationship AND->HUN with date=2013-10-15 and goalDifference=2: Relationship[8193]
Processing entry 4097 of 4135
2013-10-15 IRL:KAZ 2
Node for team IRL already exists: Node[35]
Node for team KAZ already exists: Node[118]
Created relationship IRL->KAZ with date=2013-10-15 and goalDifference=2: Relationship[8194]
Created relationship KAZ->IRL with date=2013-10-15 and goalDifference=2: Relationship[8195]
Processing entry 4098 of 4135
2013-10-15 ISR:NIR 0
Node for team ISR already exists: Node[48]
Node for team NIR already exists: Node[32]
Created relationship ISR->NIR with date=2013-10-15 and goalDifference=0: Relationship[8196]
Created relationship NIR->ISR with date=2013-10-15 and goalDifference=0: Relationship[8197]
Processing entry 4099 of 4135
2013-10-15 ITA:ARM 0
Node for team ITA already exists: Node[21]
Node for team ARM already exists: Node[75]
Created relationship ITA->ARM with date=2013-10-15 and goalDifference=0: Relationship[8198]
Created relationship ARM->ITA with date=2013-10-15 and goalDifference=0: Relationship[8199]
Processing entry 4100 of 4135
2013-10-15 LTU:BIH -1
Node for team LTU already exists: Node[85]
Node for team BIH already exists: Node[91]
Created relationship LTU->BIH with date=2013-10-15 and goalDifference=-1: Relationship[8200]
Created relationship BIH->LTU with date=2013-10-15 and goalDifference=-1: Relationship[8201]
Processing entry 4101 of 4135
2013-10-15 LVA:SVK 0
Node for team LVA already exists: Node[78]
Node for team SVK already exists: Node[82]
Created relationship LVA->SVK with date=2013-10-15 and goalDifference=0: Relationship[8202]
Created relationship SVK->LVA with date=2013-10-15 and goalDifference=0: Relationship[8203]
Processing entry 4102 of 4135
2013-10-15 MNE:MDA -3
Node for team MNE already exists: Node[139]
Node for team MDA already exists: Node[77]
Created relationship MNE->MDA with date=2013-10-15 and goalDifference=-3: Relationship[8204]
Created relationship MDA->MNE with date=2013-10-15 and goalDifference=-3: Relationship[8205]
Processing entry 4103 of 4135
2013-10-15 NOR:ISL 0
Node for team NOR already exists: Node[26]
Node for team ISL already exists: Node[43]
Created relationship NOR->ISL with date=2013-10-15 and goalDifference=0: Relationship[8206]
Created relationship ISL->NOR with date=2013-10-15 and goalDifference=0: Relationship[8207]
Processing entry 4104 of 4135
2013-10-15 PRT:LUX 3
Node for team PRT already exists: Node[38]
Node for team LUX already exists: Node[44]
Created relationship PRT->LUX with date=2013-10-15 and goalDifference=3: Relationship[8208]
Created relationship LUX->PRT with date=2013-10-15 and goalDifference=3: Relationship[8209]
Processing entry 4105 of 4135
2013-10-15 ROU:EST 2
Node for team ROU already exists: Node[4]
Node for team EST already exists: Node[72]
Created relationship ROU->EST with date=2013-10-15 and goalDifference=2: Relationship[8210]
Created relationship EST->ROU with date=2013-10-15 and goalDifference=2: Relationship[8211]
Processing entry 4106 of 4135
2013-10-15 SCO:HRV 2
Node for team SCO already exists: Node[28]
Node for team HRV already exists: Node[73]
Created relationship SCO->HRV with date=2013-10-15 and goalDifference=2: Relationship[8212]
Created relationship HRV->SCO with date=2013-10-15 and goalDifference=2: Relationship[8213]
Processing entry 4107 of 4135
2013-10-15 SMR:UKR -8
Node for team SMR already exists: Node[67]
Node for team UKR already exists: Node[84]
Created relationship SMR->UKR with date=2013-10-15 and goalDifference=-8: Relationship[8214]
Created relationship UKR->SMR with date=2013-10-15 and goalDifference=-8: Relationship[8215]
Processing entry 4108 of 4135
2013-10-15 SRB:MKD 4
Node for team SRB already exists: Node[122]
Node for team MKD already exists: Node[79]
Created relationship SRB->MKD with date=2013-10-15 and goalDifference=4: Relationship[8216]
Created relationship MKD->SRB with date=2013-10-15 and goalDifference=4: Relationship[8217]
Processing entry 4109 of 4135
2013-10-15 SWE:DEU -2
Node for team SWE already exists: Node[22]
Node for team DEU already exists: Node[17]
Created relationship SWE->DEU with date=2013-10-15 and goalDifference=-2: Relationship[8218]
Created relationship DEU->SWE with date=2013-10-15 and goalDifference=-2: Relationship[8219]
Processing entry 4110 of 4135
2013-10-15 TUR:NLD -2
Node for team TUR already exists: Node[29]
Node for team NLD already exists: Node[15]
Created relationship TUR->NLD with date=2013-10-15 and goalDifference=-2: Relationship[8220]
Created relationship NLD->TUR with date=2013-10-15 and goalDifference=-2: Relationship[8221]
Processing entry 4111 of 4135
2013-10-16 CHL:ECU 1
Node for team CHL already exists: Node[9]
Node for team ECU already exists: Node[98]
Created relationship CHL->ECU with date=2013-10-16 and goalDifference=1: Relationship[8222]
Created relationship ECU->CHL with date=2013-10-16 and goalDifference=1: Relationship[8223]
Processing entry 4112 of 4135
2013-10-16 CRI:MEX 1
Node for team CRI already exists: Node[64]
Node for team MEX already exists: Node[1]
Created relationship CRI->MEX with date=2013-10-16 and goalDifference=1: Relationship[8224]
Created relationship MEX->CRI with date=2013-10-16 and goalDifference=1: Relationship[8225]
Processing entry 4113 of 4135
2013-10-16 JAM:HND 0
Node for team JAM already exists: Node[90]
Node for team HND already exists: Node[59]
Created relationship JAM->HND with date=2013-10-16 and goalDifference=0: Relationship[8226]
Created relationship HND->JAM with date=2013-10-16 and goalDifference=0: Relationship[8227]
Processing entry 4114 of 4135
2013-10-16 PAN:USA -1
Node for team PAN already exists: Node[111]
Node for team USA already exists: Node[2]
Created relationship PAN->USA with date=2013-10-16 and goalDifference=-1: Relationship[8228]
Created relationship USA->PAN with date=2013-10-16 and goalDifference=-1: Relationship[8229]
Processing entry 4115 of 4135
2013-10-16 PER:BOL 0
Node for team PER already exists: Node[5]
Node for team BOL already exists: Node[11]
Created relationship PER->BOL with date=2013-10-16 and goalDifference=0: Relationship[8230]
Created relationship BOL->PER with date=2013-10-16 and goalDifference=0: Relationship[8231]
Processing entry 4116 of 4135
2013-10-16 PRY:COL -1
Node for team PRY already exists: Node[10]
Node for team COL already exists: Node[40]
Created relationship PRY->COL with date=2013-10-16 and goalDifference=-1: Relationship[8232]
Created relationship COL->PRY with date=2013-10-16 and goalDifference=-1: Relationship[8233]
Processing entry 4117 of 4135
2013-10-16 URY:ARG 1
Node for team URY already exists: Node[12]
Node for team ARG already exists: Node[8]
Created relationship URY->ARG with date=2013-10-16 and goalDifference=1: Relationship[8234]
Created relationship ARG->URY with date=2013-10-16 and goalDifference=1: Relationship[8235]
Processing entry 4118 of 4135
2013-11-19 ARE:VNM 5
Node for team ARE already exists: Node[63]
Node for team VNM already exists: Node[126]
Created relationship ARE->VNM with date=2013-11-19 and goalDifference=5: Relationship[8236]
Created relationship VNM->ARE with date=2013-11-19 and goalDifference=5: Relationship[8237]
Processing entry 4119 of 4135
2013-11-19 BHR:YEM 2
Node for team BHR already exists: Node[129]
Node for team YEM already exists: Node[158]
Created relationship BHR->YEM with date=2013-11-19 and goalDifference=2: Relationship[8238]
Created relationship YEM->BHR with date=2013-11-19 and goalDifference=2: Relationship[8239]
Processing entry 4120 of 4135
2013-11-19 CHN:SAU 0
Node for team CHN already exists: Node[99]
Node for team SAU already exists: Node[68]
Created relationship CHN->SAU with date=2013-11-19 and goalDifference=0: Relationship[8240]
Created relationship SAU->CHN with date=2013-11-19 and goalDifference=0: Relationship[8241]
Processing entry 4121 of 4135
2013-11-19 FRA:UKR 3
Node for team FRA already exists: Node[0]
Node for team UKR already exists: Node[84]
Created relationship FRA->UKR with date=2013-11-19 and goalDifference=3: Relationship[8242]
Created relationship UKR->FRA with date=2013-11-19 and goalDifference=3: Relationship[8243]
Processing entry 4122 of 4135
2013-11-19 HKG:UZB -2
Node for team HKG already exists: Node[138]
Node for team UZB already exists: Node[131]
Created relationship HKG->UZB with date=2013-11-19 and goalDifference=-2: Relationship[8244]
Created relationship UZB->HKG with date=2013-11-19 and goalDifference=-2: Relationship[8245]
Processing entry 4123 of 4135
2013-11-19 HRV:ISL 2
Node for team HRV already exists: Node[73]
Node for team ISL already exists: Node[43]
Created relationship HRV->ISL with date=2013-11-19 and goalDifference=2: Relationship[8246]
Created relationship ISL->HRV with date=2013-11-19 and goalDifference=2: Relationship[8247]
Processing entry 4124 of 4135
2013-11-19 IDN:IRQ -2
Node for team IDN already exists: Node[128]
Node for team IRQ already exists: Node[62]
Created relationship IDN->IRQ with date=2013-11-19 and goalDifference=-2: Relationship[8248]
Created relationship IRQ->IDN with date=2013-11-19 and goalDifference=-2: Relationship[8249]
Processing entry 4125 of 4135
2013-11-19 KWT:THA 2
Node for team KWT already exists: Node[60]
Node for team THA already exists: Node[124]
Created relationship KWT->THA with date=2013-11-19 and goalDifference=2: Relationship[8250]
Created relationship THA->KWT with date=2013-11-19 and goalDifference=2: Relationship[8251]
Processing entry 4126 of 4135
2013-11-19 LBN:IRN -3
Node for team LBN already exists: Node[159]
Node for team IRN already exists: Node[55]
Created relationship LBN->IRN with date=2013-11-19 and goalDifference=-3: Relationship[8252]
Created relationship IRN->LBN with date=2013-11-19 and goalDifference=-3: Relationship[8253]
Processing entry 4127 of 4135
2013-11-19 MYS:QAT -1
Node for team MYS already exists: Node[130]
Node for team QAT already exists: Node[127]
Created relationship MYS->QAT with date=2013-11-19 and goalDifference=-1: Relationship[8254]
Created relationship QAT->MYS with date=2013-11-19 and goalDifference=-1: Relationship[8255]
Processing entry 4128 of 4135
2013-11-19 ROU:GRC 0
Node for team ROU already exists: Node[4]
Node for team GRC already exists: Node[34]
Created relationship ROU->GRC with date=2013-11-19 and goalDifference=0: Relationship[8256]
Created relationship GRC->ROU with date=2013-11-19 and goalDifference=0: Relationship[8257]
Processing entry 4129 of 4135
2013-11-19 SWE:PRT -1
Node for team SWE already exists: Node[22]
Node for team PRT already exists: Node[38]
Created relationship SWE->PRT with date=2013-11-19 and goalDifference=-1: Relationship[8258]
Created relationship PRT->SWE with date=2013-11-19 and goalDifference=-1: Relationship[8259]
Processing entry 4130 of 4135
2013-11-19 SYR:OMN -1
Node for team SYR already exists: Node[141]
Node for team OMN already exists: Node[125]
Created relationship SYR->OMN with date=2013-11-19 and goalDifference=-1: Relationship[8260]
Created relationship OMN->SYR with date=2013-11-19 and goalDifference=-1: Relationship[8261]
Processing entry 4131 of 4135
2013-11-20 NZL:MEX -2
Node for team NZL already exists: Node[57]
Node for team MEX already exists: Node[1]
Created relationship NZL->MEX with date=2013-11-20 and goalDifference=-2: Relationship[8262]
Created relationship MEX->NZL with date=2013-11-20 and goalDifference=-2: Relationship[8263]
Processing entry 4132 of 4135
2013-11-21 URY:JOR 0
Node for team URY already exists: Node[12]
Node for team JOR already exists: Node[140]
Created relationship URY->JOR with date=2013-11-21 and goalDifference=0: Relationship[8264]
Created relationship JOR->URY with date=2013-11-21 and goalDifference=0: Relationship[8265]
Processing entry 4133 of 4135
2014-02-04 SGP:JOR -2
Node for team SGP already exists: Node[160]
Node for team JOR already exists: Node[140]
Created relationship SGP->JOR with date=2014-02-04 and goalDifference=-2: Relationship[8266]
Created relationship JOR->SGP with date=2014-02-04 and goalDifference=-2: Relationship[8267]

BUILD SUCCESSFUL

Total time: 10.881 secs
./gradlew extractPaths
:compileJava UP-TO-DATE
:compileGroovy UP-TO-DATE
:processResources UP-TO-DATE
:classes UP-TO-DATE
:extractPaths
Processing entry 0 of 4135
Processing entry 1 of 4135
Processing entry 2 of 4135
Processing entry 3 of 4135
Processing entry 4 of 4135
Processing entry 5 of 4135
Processing entry 6 of 4135
Processing entry 7 of 4135
Processing entry 8 of 4135
Processing entry 9 of 4135
Processing entry 10 of 4135
Processing entry 11 of 4135
Processing entry 12 of 4135
Processing entry 13 of 4135
Processing entry 14 of 4135
Processing entry 15 of 4135
Processing entry 16 of 4135
Processing entry 17 of 4135
Processing entry 18 of 4135
Processing entry 19 of 4135
Processing entry 20 of 4135
Processing entry 21 of 4135
Processing entry 22 of 4135
Processing entry 23 of 4135
Processing entry 24 of 4135
Processing entry 25 of 4135
Processing entry 26 of 4135
Processing entry 27 of 4135
Processing entry 28 of 4135
Processing entry 29 of 4135
Processing entry 30 of 4135
Processing entry 31 of 4135
Processing entry 32 of 4135
Processing entry 33 of 4135
Processing entry 34 of 4135
Processing entry 35 of 4135
Processing entry 36 of 4135
Processing entry 37 of 4135
Processing entry 38 of 4135
Processing entry 39 of 4135
Processing entry 40 of 4135
Processing entry 41 of 4135
Processing entry 42 of 4135
Processing entry 43 of 4135
Processing entry 44 of 4135
Processing entry 45 of 4135
Processing entry 46 of 4135
Processing entry 47 of 4135
Processing entry 48 of 4135
Processing entry 49 of 4135
Processing entry 50 of 4135
Processing entry 51 of 4135
Processing entry 52 of 4135
Processing entry 53 of 4135
Processing entry 54 of 4135
Processing entry 55 of 4135
Processing entry 56 of 4135
Processing entry 57 of 4135
Processing entry 58 of 4135
Processing entry 59 of 4135
Processing entry 60 of 4135
Processing entry 61 of 4135
Processing entry 62 of 4135
Processing entry 63 of 4135
Processing entry 64 of 4135
Processing entry 65 of 4135
Processing entry 66 of 4135
Processing entry 67 of 4135
Processing entry 68 of 4135
Processing entry 69 of 4135
Processing entry 70 of 4135
Processing entry 71 of 4135
Processing entry 72 of 4135
Processing entry 73 of 4135
Processing entry 74 of 4135
Processing entry 75 of 4135
Processing entry 76 of 4135
Processing entry 77 of 4135
Processing entry 78 of 4135
Processing entry 79 of 4135
Processing entry 80 of 4135
Processing entry 81 of 4135
Processing entry 82 of 4135
Processing entry 83 of 4135
Processing entry 84 of 4135
Processing entry 85 of 4135
Processing entry 86 of 4135
Processing entry 87 of 4135
Processing entry 88 of 4135
Processing entry 89 of 4135
Processing entry 90 of 4135
Processing entry 91 of 4135
Processing entry 92 of 4135
Processing entry 93 of 4135
Processing entry 94 of 4135
Processing entry 95 of 4135
Processing entry 96 of 4135
Processing entry 97 of 4135
Processing entry 98 of 4135
Processing entry 99 of 4135
Processing entry 100 of 4135
Processing entry 101 of 4135
Processing entry 102 of 4135
Processing entry 103 of 4135
Processing entry 104 of 4135
Processing entry 105 of 4135
Processing entry 106 of 4135
Processing entry 107 of 4135
Processing entry 108 of 4135
Processing entry 109 of 4135
Processing entry 110 of 4135
Processing entry 111 of 4135
Processing entry 112 of 4135
Processing entry 113 of 4135
Processing entry 114 of 4135
Processing entry 115 of 4135
Processing entry 116 of 4135
Processing entry 117 of 4135
Processing entry 118 of 4135
Processing entry 119 of 4135
Processing entry 120 of 4135
Processing entry 121 of 4135
Processing entry 122 of 4135
Processing entry 123 of 4135
Processing entry 124 of 4135
Processing entry 125 of 4135
Processing entry 126 of 4135
Processing entry 127 of 4135
Processing entry 128 of 4135
Processing entry 129 of 4135
Processing entry 130 of 4135
Processing entry 131 of 4135
Processing entry 132 of 4135
Processing entry 133 of 4135
Processing entry 134 of 4135
Processing entry 135 of 4135
Processing entry 136 of 4135
Processing entry 137 of 4135
Processing entry 138 of 4135
Processing entry 139 of 4135
Processing entry 140 of 4135
Processing entry 141 of 4135
Processing entry 142 of 4135
Processing entry 143 of 4135
Processing entry 144 of 4135
Processing entry 145 of 4135
Processing entry 146 of 4135
Processing entry 147 of 4135
Processing entry 148 of 4135
Processing entry 149 of 4135
Processing entry 150 of 4135
Processing entry 151 of 4135
Processing entry 152 of 4135
Processing entry 153 of 4135
Processing entry 154 of 4135
Processing entry 155 of 4135
Processing entry 156 of 4135
Processing entry 157 of 4135
Processing entry 158 of 4135
Processing entry 159 of 4135
Processing entry 160 of 4135
Processing entry 161 of 4135
Processing entry 162 of 4135
Processing entry 163 of 4135
Processing entry 164 of 4135
Processing entry 165 of 4135
Processing entry 166 of 4135
Processing entry 167 of 4135
Processing entry 168 of 4135
Processing entry 169 of 4135
Processing entry 170 of 4135
Processing entry 171 of 4135
Processing entry 172 of 4135
Processing entry 173 of 4135
Processing entry 174 of 4135
Processing entry 175 of 4135
Processing entry 176 of 4135
Processing entry 177 of 4135
Processing entry 178 of 4135
Processing entry 179 of 4135
Processing entry 180 of 4135
Processing entry 181 of 4135
Processing entry 182 of 4135
Processing entry 183 of 4135
Processing entry 184 of 4135
Processing entry 185 of 4135
Processing entry 186 of 4135
Processing entry 187 of 4135
Processing entry 188 of 4135
Processing entry 189 of 4135
Processing entry 190 of 4135
Processing entry 191 of 4135
Processing entry 192 of 4135
Processing entry 193 of 4135
Processing entry 194 of 4135
Processing entry 195 of 4135
Processing entry 196 of 4135
Processing entry 197 of 4135
Processing entry 198 of 4135
Processing entry 199 of 4135
Processing entry 200 of 4135
Processing entry 201 of 4135
Processing entry 202 of 4135
Processing entry 203 of 4135
Processing entry 204 of 4135
Processing entry 205 of 4135
Processing entry 206 of 4135
Processing entry 207 of 4135
Processing entry 208 of 4135
Processing entry 209 of 4135
Processing entry 210 of 4135
Processing entry 211 of 4135
Processing entry 212 of 4135
Processing entry 213 of 4135
Processing entry 214 of 4135
Processing entry 215 of 4135
Processing entry 216 of 4135
Processing entry 217 of 4135
Processing entry 218 of 4135
Processing entry 219 of 4135
Processing entry 220 of 4135
Processing entry 221 of 4135
Processing entry 222 of 4135
Processing entry 223 of 4135
Processing entry 224 of 4135
Processing entry 225 of 4135
Processing entry 226 of 4135
Processing entry 227 of 4135
Processing entry 228 of 4135
Processing entry 229 of 4135
Processing entry 230 of 4135
Processing entry 231 of 4135
Processing entry 232 of 4135
Processing entry 233 of 4135
Processing entry 234 of 4135
Processing entry 235 of 4135
Processing entry 236 of 4135
Processing entry 237 of 4135
Processing entry 238 of 4135
Processing entry 239 of 4135
Processing entry 240 of 4135
Processing entry 241 of 4135
Processing entry 242 of 4135
Processing entry 243 of 4135
Processing entry 244 of 4135
Processing entry 245 of 4135
Processing entry 246 of 4135
Processing entry 247 of 4135
Processing entry 248 of 4135
Processing entry 249 of 4135
Processing entry 250 of 4135
Processing entry 251 of 4135
Processing entry 252 of 4135
Processing entry 253 of 4135
Processing entry 254 of 4135
Processing entry 255 of 4135
Processing entry 256 of 4135
Processing entry 257 of 4135
Processing entry 258 of 4135
Processing entry 259 of 4135
Processing entry 260 of 4135
Processing entry 261 of 4135
Processing entry 262 of 4135
Processing entry 263 of 4135
Processing entry 264 of 4135
Processing entry 265 of 4135
Processing entry 266 of 4135
Processing entry 267 of 4135
Processing entry 268 of 4135
Processing entry 269 of 4135
Processing entry 270 of 4135
Processing entry 271 of 4135
Processing entry 272 of 4135
Processing entry 273 of 4135
Processing entry 274 of 4135
Processing entry 275 of 4135
Processing entry 276 of 4135
Processing entry 277 of 4135
Processing entry 278 of 4135
Processing entry 279 of 4135
Processing entry 280 of 4135
Processing entry 281 of 4135
Processing entry 282 of 4135
Processing entry 283 of 4135
Processing entry 284 of 4135
Processing entry 285 of 4135
Processing entry 286 of 4135
Processing entry 287 of 4135
Processing entry 288 of 4135
Processing entry 289 of 4135
Processing entry 290 of 4135
Processing entry 291 of 4135
Processing entry 292 of 4135
Processing entry 293 of 4135
Processing entry 294 of 4135
Processing entry 295 of 4135
Processing entry 296 of 4135
Processing entry 297 of 4135
Processing entry 298 of 4135
Processing entry 299 of 4135
Processing entry 300 of 4135
Processing entry 301 of 4135
Processing entry 302 of 4135
Processing entry 303 of 4135
Processing entry 304 of 4135
Processing entry 305 of 4135
Processing entry 306 of 4135
Processing entry 307 of 4135
Processing entry 308 of 4135
Processing entry 309 of 4135
Processing entry 310 of 4135
Processing entry 311 of 4135
Processing entry 312 of 4135
Processing entry 313 of 4135
Processing entry 314 of 4135
Processing entry 315 of 4135
Processing entry 316 of 4135
Processing entry 317 of 4135
Processing entry 318 of 4135
Processing entry 319 of 4135
Processing entry 320 of 4135
Processing entry 321 of 4135
Processing entry 322 of 4135
Processing entry 323 of 4135
Processing entry 324 of 4135
Processing entry 325 of 4135
Processing entry 326 of 4135
Processing entry 327 of 4135
Processing entry 328 of 4135
Processing entry 329 of 4135
Processing entry 330 of 4135
Processing entry 331 of 4135
Processing entry 332 of 4135
Processing entry 333 of 4135
Processing entry 334 of 4135
Processing entry 335 of 4135
Processing entry 336 of 4135
Processing entry 337 of 4135
Processing entry 338 of 4135
Processing entry 339 of 4135
Processing entry 340 of 4135
Processing entry 341 of 4135
Processing entry 342 of 4135
Processing entry 343 of 4135
Processing entry 344 of 4135
Processing entry 345 of 4135
Processing entry 346 of 4135
Processing entry 347 of 4135
Processing entry 348 of 4135
Processing entry 349 of 4135
Processing entry 350 of 4135
Processing entry 351 of 4135
Processing entry 352 of 4135
Processing entry 353 of 4135
Processing entry 354 of 4135
Processing entry 355 of 4135
Processing entry 356 of 4135
Processing entry 357 of 4135
Processing entry 358 of 4135
Processing entry 359 of 4135
Processing entry 360 of 4135
Processing entry 361 of 4135
Processing entry 362 of 4135
Processing entry 363 of 4135
Processing entry 364 of 4135
Processing entry 365 of 4135
Processing entry 366 of 4135
Processing entry 367 of 4135
Processing entry 368 of 4135
Processing entry 369 of 4135
Processing entry 370 of 4135
Processing entry 371 of 4135
Processing entry 372 of 4135
Processing entry 373 of 4135
Processing entry 374 of 4135
Processing entry 375 of 4135
Processing entry 376 of 4135
Processing entry 377 of 4135
Processing entry 378 of 4135
Processing entry 379 of 4135
Processing entry 380 of 4135
Processing entry 381 of 4135
Processing entry 382 of 4135
Processing entry 383 of 4135
Processing entry 384 of 4135
Processing entry 385 of 4135
Processing entry 386 of 4135
Processing entry 387 of 4135
Processing entry 388 of 4135
Processing entry 389 of 4135
Processing entry 390 of 4135
Processing entry 391 of 4135
Processing entry 392 of 4135
Processing entry 393 of 4135
Processing entry 394 of 4135
Processing entry 395 of 4135
Processing entry 396 of 4135
Processing entry 397 of 4135
Processing entry 398 of 4135
Processing entry 399 of 4135
Processing entry 400 of 4135
Processing entry 401 of 4135
Processing entry 402 of 4135
Processing entry 403 of 4135
Processing entry 404 of 4135
Processing entry 405 of 4135
Processing entry 406 of 4135
Processing entry 407 of 4135
Processing entry 408 of 4135
Processing entry 409 of 4135
Processing entry 410 of 4135
Processing entry 411 of 4135
Processing entry 412 of 4135
Processing entry 413 of 4135
Processing entry 414 of 4135
Processing entry 415 of 4135
Processing entry 416 of 4135
Processing entry 417 of 4135
Processing entry 418 of 4135
Processing entry 419 of 4135
Processing entry 420 of 4135
Processing entry 421 of 4135
Processing entry 422 of 4135
Processing entry 423 of 4135
Processing entry 424 of 4135
Processing entry 425 of 4135
Processing entry 426 of 4135
Processing entry 427 of 4135
Processing entry 428 of 4135
Processing entry 429 of 4135
Processing entry 430 of 4135
Processing entry 431 of 4135
Processing entry 432 of 4135
Processing entry 433 of 4135
Processing entry 434 of 4135
Processing entry 435 of 4135
Processing entry 436 of 4135
Processing entry 437 of 4135
Processing entry 438 of 4135
Processing entry 439 of 4135
Processing entry 440 of 4135
Processing entry 441 of 4135
Processing entry 442 of 4135
Processing entry 443 of 4135
Processing entry 444 of 4135
Processing entry 445 of 4135
Processing entry 446 of 4135
Processing entry 447 of 4135
Processing entry 448 of 4135
Processing entry 449 of 4135
Processing entry 450 of 4135
Processing entry 451 of 4135
Processing entry 452 of 4135
Processing entry 453 of 4135
Processing entry 454 of 4135
Processing entry 455 of 4135
Processing entry 456 of 4135
Processing entry 457 of 4135
Processing entry 458 of 4135
Processing entry 459 of 4135
Processing entry 460 of 4135
Processing entry 461 of 4135
Processing entry 462 of 4135
Processing entry 463 of 4135
Processing entry 464 of 4135
Processing entry 465 of 4135
Processing entry 466 of 4135
Processing entry 467 of 4135
Processing entry 468 of 4135
Processing entry 469 of 4135
Processing entry 470 of 4135
Processing entry 471 of 4135
Processing entry 472 of 4135
Processing entry 473 of 4135
Processing entry 474 of 4135
Processing entry 475 of 4135
Processing entry 476 of 4135
Processing entry 477 of 4135
Processing entry 478 of 4135
Processing entry 479 of 4135
Processing entry 480 of 4135
Processing entry 481 of 4135
Processing entry 482 of 4135
Processing entry 483 of 4135
Processing entry 484 of 4135
Processing entry 485 of 4135
Processing entry 486 of 4135
Processing entry 487 of 4135
Processing entry 488 of 4135
Processing entry 489 of 4135
Processing entry 490 of 4135
Processing entry 491 of 4135
Processing entry 492 of 4135
Processing entry 493 of 4135
Processing entry 494 of 4135
Processing entry 495 of 4135
Processing entry 496 of 4135
Processing entry 497 of 4135
Processing entry 498 of 4135
Processing entry 499 of 4135
Processing entry 500 of 4135
Processing entry 501 of 4135
Processing entry 502 of 4135
Processing entry 503 of 4135
Processing entry 504 of 4135
Processing entry 505 of 4135
Processing entry 506 of 4135
Processing entry 507 of 4135
Processing entry 508 of 4135
Processing entry 509 of 4135
Processing entry 510 of 4135
Processing entry 511 of 4135
Processing entry 512 of 4135
Processing entry 513 of 4135
Processing entry 514 of 4135
Processing entry 515 of 4135
Processing entry 516 of 4135
Processing entry 517 of 4135
Processing entry 518 of 4135
Processing entry 519 of 4135
Processing entry 520 of 4135
Processing entry 521 of 4135
Processing entry 522 of 4135
Processing entry 523 of 4135
Processing entry 524 of 4135
Processing entry 525 of 4135
Processing entry 526 of 4135
Processing entry 527 of 4135
Processing entry 528 of 4135
Processing entry 529 of 4135
Processing entry 530 of 4135
Processing entry 531 of 4135
Processing entry 532 of 4135
Processing entry 533 of 4135
Processing entry 534 of 4135
Processing entry 535 of 4135
Processing entry 536 of 4135
Processing entry 537 of 4135
Processing entry 538 of 4135
Processing entry 539 of 4135
Processing entry 540 of 4135
Processing entry 541 of 4135
Processing entry 542 of 4135
Processing entry 543 of 4135
Processing entry 544 of 4135
Processing entry 545 of 4135
Processing entry 546 of 4135
Processing entry 547 of 4135
Processing entry 548 of 4135
Processing entry 549 of 4135
Processing entry 550 of 4135
Processing entry 551 of 4135
Processing entry 552 of 4135
Processing entry 553 of 4135
Processing entry 554 of 4135
Processing entry 555 of 4135
Processing entry 556 of 4135
Processing entry 557 of 4135
Processing entry 558 of 4135
Processing entry 559 of 4135
Processing entry 560 of 4135
Processing entry 561 of 4135
Processing entry 562 of 4135
Processing entry 563 of 4135
Processing entry 564 of 4135
Processing entry 565 of 4135
Processing entry 566 of 4135
Processing entry 567 of 4135
Processing entry 568 of 4135
Processing entry 569 of 4135
Processing entry 570 of 4135
Processing entry 571 of 4135
Processing entry 572 of 4135
Processing entry 573 of 4135
Processing entry 574 of 4135
Processing entry 575 of 4135
Processing entry 576 of 4135
Processing entry 577 of 4135
Processing entry 578 of 4135
Processing entry 579 of 4135
Processing entry 580 of 4135
Processing entry 581 of 4135
Processing entry 582 of 4135
Processing entry 583 of 4135
Processing entry 584 of 4135
Processing entry 585 of 4135
Processing entry 586 of 4135
Processing entry 587 of 4135
Processing entry 588 of 4135
Processing entry 589 of 4135
Processing entry 590 of 4135
Processing entry 591 of 4135
Processing entry 592 of 4135
Processing entry 593 of 4135
Processing entry 594 of 4135
Processing entry 595 of 4135
Processing entry 596 of 4135
Processing entry 597 of 4135
Processing entry 598 of 4135
Processing entry 599 of 4135
Processing entry 600 of 4135
Processing entry 601 of 4135
Processing entry 602 of 4135
Processing entry 603 of 4135
Processing entry 604 of 4135
Processing entry 605 of 4135
Processing entry 606 of 4135
Processing entry 607 of 4135
Processing entry 608 of 4135
Processing entry 609 of 4135
Processing entry 610 of 4135
Processing entry 611 of 4135
Processing entry 612 of 4135
Processing entry 613 of 4135
Processing entry 614 of 4135
Processing entry 615 of 4135
Processing entry 616 of 4135
Processing entry 617 of 4135
Processing entry 618 of 4135
Processing entry 619 of 4135
Processing entry 620 of 4135
Processing entry 621 of 4135
Processing entry 622 of 4135
Processing entry 623 of 4135
Processing entry 624 of 4135
Processing entry 625 of 4135
Processing entry 626 of 4135
Processing entry 627 of 4135
Processing entry 628 of 4135
Processing entry 629 of 4135
Processing entry 630 of 4135
Processing entry 631 of 4135
Processing entry 632 of 4135
Processing entry 633 of 4135
Processing entry 634 of 4135
Processing entry 635 of 4135
Processing entry 636 of 4135
Processing entry 637 of 4135
Processing entry 638 of 4135
Processing entry 639 of 4135
Processing entry 640 of 4135
Processing entry 641 of 4135
Processing entry 642 of 4135
Processing entry 643 of 4135
Processing entry 644 of 4135
Processing entry 645 of 4135
Processing entry 646 of 4135
Processing entry 647 of 4135
Processing entry 648 of 4135
Processing entry 649 of 4135
Processing entry 650 of 4135
Processing entry 651 of 4135
Processing entry 652 of 4135
Processing entry 653 of 4135
Processing entry 654 of 4135
Processing entry 655 of 4135
Processing entry 656 of 4135
Processing entry 657 of 4135
Processing entry 658 of 4135
Processing entry 659 of 4135
Processing entry 660 of 4135
Processing entry 661 of 4135
Processing entry 662 of 4135
Processing entry 663 of 4135
Processing entry 664 of 4135
Processing entry 665 of 4135
Processing entry 666 of 4135
Processing entry 667 of 4135
Processing entry 668 of 4135
Processing entry 669 of 4135
Processing entry 670 of 4135
Processing entry 671 of 4135
Processing entry 672 of 4135
Processing entry 673 of 4135
Processing entry 674 of 4135
Processing entry 675 of 4135
Processing entry 676 of 4135
Processing entry 677 of 4135
Processing entry 678 of 4135
Processing entry 679 of 4135
Processing entry 680 of 4135
Processing entry 681 of 4135
Processing entry 682 of 4135
Processing entry 683 of 4135
Processing entry 684 of 4135
Processing entry 685 of 4135
Processing entry 686 of 4135
Processing entry 687 of 4135
Processing entry 688 of 4135
Processing entry 689 of 4135
Processing entry 690 of 4135
Processing entry 691 of 4135
Processing entry 692 of 4135
Processing entry 693 of 4135
Processing entry 694 of 4135
Processing entry 695 of 4135
Processing entry 696 of 4135
Processing entry 697 of 4135
Processing entry 698 of 4135
Processing entry 699 of 4135
Processing entry 700 of 4135
Processing entry 701 of 4135
Processing entry 702 of 4135
Processing entry 703 of 4135
Processing entry 704 of 4135
Processing entry 705 of 4135
Processing entry 706 of 4135
Processing entry 707 of 4135
Processing entry 708 of 4135
Processing entry 709 of 4135
Processing entry 710 of 4135
Processing entry 711 of 4135
Processing entry 712 of 4135
Processing entry 713 of 4135
Processing entry 714 of 4135
Processing entry 715 of 4135
Processing entry 716 of 4135
Processing entry 717 of 4135
Processing entry 718 of 4135
Processing entry 719 of 4135
Processing entry 720 of 4135
Processing entry 721 of 4135
Processing entry 722 of 4135
Processing entry 723 of 4135
Processing entry 724 of 4135
Processing entry 725 of 4135
Processing entry 726 of 4135
Processing entry 727 of 4135
Processing entry 728 of 4135
Processing entry 729 of 4135
Processing entry 730 of 4135
Processing entry 731 of 4135
Processing entry 732 of 4135
Processing entry 733 of 4135
Processing entry 734 of 4135
Processing entry 735 of 4135
Processing entry 736 of 4135
Processing entry 737 of 4135
Processing entry 738 of 4135
Processing entry 739 of 4135
Processing entry 740 of 4135
Processing entry 741 of 4135
Processing entry 742 of 4135
Processing entry 743 of 4135
Processing entry 744 of 4135
Processing entry 745 of 4135
Processing entry 746 of 4135
Processing entry 747 of 4135
Processing entry 748 of 4135
Processing entry 749 of 4135
Processing entry 750 of 4135
Processing entry 751 of 4135
Processing entry 752 of 4135
Processing entry 753 of 4135
Processing entry 754 of 4135
Processing entry 755 of 4135
Processing entry 756 of 4135
Processing entry 757 of 4135
Processing entry 758 of 4135
Processing entry 759 of 4135
Processing entry 760 of 4135
Processing entry 761 of 4135
Processing entry 762 of 4135
Processing entry 763 of 4135
Processing entry 764 of 4135
Processing entry 765 of 4135
Processing entry 766 of 4135
Processing entry 767 of 4135
Processing entry 768 of 4135
Processing entry 769 of 4135
Processing entry 770 of 4135
Processing entry 771 of 4135
Processing entry 772 of 4135
Processing entry 773 of 4135
Processing entry 774 of 4135
Processing entry 775 of 4135
Processing entry 776 of 4135
Processing entry 777 of 4135
Processing entry 778 of 4135
Processing entry 779 of 4135
Processing entry 780 of 4135
Processing entry 781 of 4135
Processing entry 782 of 4135
Processing entry 783 of 4135
Processing entry 784 of 4135
Processing entry 785 of 4135
Processing entry 786 of 4135
Processing entry 787 of 4135
Processing entry 788 of 4135
Processing entry 789 of 4135
Processing entry 790 of 4135
Processing entry 791 of 4135
Processing entry 792 of 4135
Processing entry 793 of 4135
Processing entry 794 of 4135
Processing entry 795 of 4135
Processing entry 796 of 4135
Processing entry 797 of 4135
Processing entry 798 of 4135
Processing entry 799 of 4135
Processing entry 800 of 4135
Processing entry 801 of 4135
Processing entry 802 of 4135
Processing entry 803 of 4135
Processing entry 804 of 4135
Processing entry 805 of 4135
Processing entry 806 of 4135
Processing entry 807 of 4135
Processing entry 808 of 4135
Processing entry 809 of 4135
Processing entry 810 of 4135
Processing entry 811 of 4135
Processing entry 812 of 4135
Processing entry 813 of 4135
Processing entry 814 of 4135
Processing entry 815 of 4135
Processing entry 816 of 4135
Processing entry 817 of 4135
Processing entry 818 of 4135
Processing entry 819 of 4135
Processing entry 820 of 4135
Processing entry 821 of 4135
Processing entry 822 of 4135
Processing entry 823 of 4135
Processing entry 824 of 4135
Processing entry 825 of 4135
Processing entry 826 of 4135
Processing entry 827 of 4135
Processing entry 828 of 4135
Processing entry 829 of 4135
Processing entry 830 of 4135
Processing entry 831 of 4135
Processing entry 832 of 4135
Processing entry 833 of 4135
Processing entry 834 of 4135
Processing entry 835 of 4135
Processing entry 836 of 4135
Processing entry 837 of 4135
Processing entry 838 of 4135
Processing entry 839 of 4135
Processing entry 840 of 4135
Processing entry 841 of 4135
Processing entry 842 of 4135
Processing entry 843 of 4135
Processing entry 844 of 4135
Processing entry 845 of 4135
Processing entry 846 of 4135
Processing entry 847 of 4135
Processing entry 848 of 4135
Processing entry 849 of 4135
Processing entry 850 of 4135
Processing entry 851 of 4135
Processing entry 852 of 4135
Processing entry 853 of 4135
Processing entry 854 of 4135
Processing entry 855 of 4135
Processing entry 856 of 4135
Processing entry 857 of 4135
Processing entry 858 of 4135
Processing entry 859 of 4135
Processing entry 860 of 4135
Processing entry 861 of 4135
Processing entry 862 of 4135
Processing entry 863 of 4135
Processing entry 864 of 4135
Processing entry 865 of 4135
Processing entry 866 of 4135
Processing entry 867 of 4135
Processing entry 868 of 4135
Processing entry 869 of 4135
Processing entry 870 of 4135
Processing entry 871 of 4135
Processing entry 872 of 4135
Processing entry 873 of 4135
Processing entry 874 of 4135
Processing entry 875 of 4135
Processing entry 876 of 4135
Processing entry 877 of 4135
Processing entry 878 of 4135
Processing entry 879 of 4135
Processing entry 880 of 4135
Processing entry 881 of 4135
Processing entry 882 of 4135
Processing entry 883 of 4135
Processing entry 884 of 4135
Processing entry 885 of 4135
Processing entry 886 of 4135
Processing entry 887 of 4135
Processing entry 888 of 4135
Processing entry 889 of 4135
Processing entry 890 of 4135
Processing entry 891 of 4135
Processing entry 892 of 4135
Processing entry 893 of 4135
Processing entry 894 of 4135
Processing entry 895 of 4135
Processing entry 896 of 4135
Processing entry 897 of 4135
Processing entry 898 of 4135
Processing entry 899 of 4135
Processing entry 900 of 4135
Processing entry 901 of 4135
Processing entry 902 of 4135
Processing entry 903 of 4135
Processing entry 904 of 4135
Processing entry 905 of 4135
Processing entry 906 of 4135
Processing entry 907 of 4135
Processing entry 908 of 4135
Processing entry 909 of 4135
Processing entry 910 of 4135
Processing entry 911 of 4135
Processing entry 912 of 4135
Processing entry 913 of 4135
Processing entry 914 of 4135
Processing entry 915 of 4135
Processing entry 916 of 4135
Processing entry 917 of 4135
Processing entry 918 of 4135
Processing entry 919 of 4135
Processing entry 920 of 4135
Processing entry 921 of 4135
Processing entry 922 of 4135
Processing entry 923 of 4135
Processing entry 924 of 4135
Processing entry 925 of 4135
Processing entry 926 of 4135
Processing entry 927 of 4135
Processing entry 928 of 4135
Processing entry 929 of 4135
Processing entry 930 of 4135
Processing entry 931 of 4135
Processing entry 932 of 4135
Processing entry 933 of 4135
Processing entry 934 of 4135
Processing entry 935 of 4135
Processing entry 936 of 4135
Processing entry 937 of 4135
Processing entry 938 of 4135
Processing entry 939 of 4135
Processing entry 940 of 4135
Processing entry 941 of 4135
Processing entry 942 of 4135
Processing entry 943 of 4135
Processing entry 944 of 4135
Processing entry 945 of 4135
Processing entry 946 of 4135
Processing entry 947 of 4135
Processing entry 948 of 4135
Processing entry 949 of 4135
Processing entry 950 of 4135
Processing entry 951 of 4135
Processing entry 952 of 4135
Processing entry 953 of 4135
Processing entry 954 of 4135
Processing entry 955 of 4135
Processing entry 956 of 4135
Processing entry 957 of 4135
Processing entry 958 of 4135
Processing entry 959 of 4135
Processing entry 960 of 4135
Processing entry 961 of 4135
Processing entry 962 of 4135
Processing entry 963 of 4135
Processing entry 964 of 4135
Processing entry 965 of 4135
Processing entry 966 of 4135
Processing entry 967 of 4135
Processing entry 968 of 4135
Processing entry 969 of 4135
Processing entry 970 of 4135
Processing entry 971 of 4135
Processing entry 972 of 4135
Processing entry 973 of 4135
Processing entry 974 of 4135
Processing entry 975 of 4135
Processing entry 976 of 4135
Processing entry 977 of 4135
Processing entry 978 of 4135
Processing entry 979 of 4135
Processing entry 980 of 4135
Processing entry 981 of 4135
Processing entry 982 of 4135
Processing entry 983 of 4135
Processing entry 984 of 4135
Processing entry 985 of 4135
Processing entry 986 of 4135
Processing entry 987 of 4135
Processing entry 988 of 4135
Processing entry 989 of 4135
Processing entry 990 of 4135
Processing entry 991 of 4135
Processing entry 992 of 4135
Processing entry 993 of 4135
Processing entry 994 of 4135
Processing entry 995 of 4135
Processing entry 996 of 4135
Processing entry 997 of 4135
Processing entry 998 of 4135
Processing entry 999 of 4135
Processing entry 1000 of 4135
Processing entry 1001 of 4135
Processing entry 1002 of 4135
Processing entry 1003 of 4135
Processing entry 1004 of 4135
Processing entry 1005 of 4135
Processing entry 1006 of 4135
Processing entry 1007 of 4135
Processing entry 1008 of 4135
Processing entry 1009 of 4135
Processing entry 1010 of 4135
Processing entry 1011 of 4135
Processing entry 1012 of 4135
Processing entry 1013 of 4135
Processing entry 1014 of 4135
Processing entry 1015 of 4135
Processing entry 1016 of 4135
Processing entry 1017 of 4135
Processing entry 1018 of 4135
Processing entry 1019 of 4135
Processing entry 1020 of 4135
Processing entry 1021 of 4135
Processing entry 1022 of 4135
Processing entry 1023 of 4135
Processing entry 1024 of 4135
Processing entry 1025 of 4135
Processing entry 1026 of 4135
Processing entry 1027 of 4135
Processing entry 1028 of 4135
Processing entry 1029 of 4135
Processing entry 1030 of 4135
Processing entry 1031 of 4135
Processing entry 1032 of 4135
Processing entry 1033 of 4135
Processing entry 1034 of 4135
Processing entry 1035 of 4135
Processing entry 1036 of 4135
Processing entry 1037 of 4135
Processing entry 1038 of 4135
Processing entry 1039 of 4135
Processing entry 1040 of 4135
Processing entry 1041 of 4135
Processing entry 1042 of 4135
Processing entry 1043 of 4135
Processing entry 1044 of 4135
Processing entry 1045 of 4135
Processing entry 1046 of 4135
Processing entry 1047 of 4135
Processing entry 1048 of 4135
Processing entry 1049 of 4135
Processing entry 1050 of 4135
Processing entry 1051 of 4135
Processing entry 1052 of 4135
Processing entry 1053 of 4135
Processing entry 1054 of 4135
Processing entry 1055 of 4135
Processing entry 1056 of 4135
Processing entry 1057 of 4135
Processing entry 1058 of 4135
Processing entry 1059 of 4135
Processing entry 1060 of 4135
Processing entry 1061 of 4135
Processing entry 1062 of 4135
Processing entry 1063 of 4135
Processing entry 1064 of 4135
Processing entry 1065 of 4135
Processing entry 1066 of 4135
Processing entry 1067 of 4135
Processing entry 1068 of 4135
Processing entry 1069 of 4135
Processing entry 1070 of 4135
Processing entry 1071 of 4135
Processing entry 1072 of 4135
Processing entry 1073 of 4135
Processing entry 1074 of 4135
Processing entry 1075 of 4135
Processing entry 1076 of 4135
Processing entry 1077 of 4135
Processing entry 1078 of 4135
Processing entry 1079 of 4135
Processing entry 1080 of 4135
Processing entry 1081 of 4135
Processing entry 1082 of 4135
Processing entry 1083 of 4135
Processing entry 1084 of 4135
Processing entry 1085 of 4135
Processing entry 1086 of 4135
Processing entry 1087 of 4135
Processing entry 1088 of 4135
Processing entry 1089 of 4135
Processing entry 1090 of 4135
Processing entry 1091 of 4135
Processing entry 1092 of 4135
Processing entry 1093 of 4135
Processing entry 1094 of 4135
Processing entry 1095 of 4135
Processing entry 1096 of 4135
Processing entry 1097 of 4135
Processing entry 1098 of 4135
Processing entry 1099 of 4135
Processing entry 1100 of 4135
Processing entry 1101 of 4135
Processing entry 1102 of 4135
Processing entry 1103 of 4135
Processing entry 1104 of 4135
Processing entry 1105 of 4135
Processing entry 1106 of 4135
Processing entry 1107 of 4135
Processing entry 1108 of 4135
Processing entry 1109 of 4135
Processing entry 1110 of 4135
Processing entry 1111 of 4135
Processing entry 1112 of 4135
Processing entry 1113 of 4135
Processing entry 1114 of 4135
Processing entry 1115 of 4135
Processing entry 1116 of 4135
Processing entry 1117 of 4135
Processing entry 1118 of 4135
Processing entry 1119 of 4135
Processing entry 1120 of 4135
Processing entry 1121 of 4135
Processing entry 1122 of 4135
Processing entry 1123 of 4135
Processing entry 1124 of 4135
Processing entry 1125 of 4135
Processing entry 1126 of 4135
Processing entry 1127 of 4135
Processing entry 1128 of 4135
Processing entry 1129 of 4135
Processing entry 1130 of 4135
Processing entry 1131 of 4135
Processing entry 1132 of 4135
Processing entry 1133 of 4135
Processing entry 1134 of 4135
Processing entry 1135 of 4135
Processing entry 1136 of 4135
Processing entry 1137 of 4135
Processing entry 1138 of 4135
Processing entry 1139 of 4135
Processing entry 1140 of 4135
Processing entry 1141 of 4135
Processing entry 1142 of 4135
Processing entry 1143 of 4135
Processing entry 1144 of 4135
Processing entry 1145 of 4135
Processing entry 1146 of 4135
Processing entry 1147 of 4135
Processing entry 1148 of 4135
Processing entry 1149 of 4135
Processing entry 1150 of 4135
Processing entry 1151 of 4135
Processing entry 1152 of 4135
Processing entry 1153 of 4135
Processing entry 1154 of 4135
Processing entry 1155 of 4135
Processing entry 1156 of 4135
Processing entry 1157 of 4135
Processing entry 1158 of 4135
Processing entry 1159 of 4135
Processing entry 1160 of 4135
Processing entry 1161 of 4135
Processing entry 1162 of 4135
Processing entry 1163 of 4135
Processing entry 1164 of 4135
Processing entry 1165 of 4135
Processing entry 1166 of 4135
Processing entry 1167 of 4135
Processing entry 1168 of 4135
Processing entry 1169 of 4135
Processing entry 1170 of 4135
Processing entry 1171 of 4135
Processing entry 1172 of 4135
Processing entry 1173 of 4135
Processing entry 1174 of 4135
Processing entry 1175 of 4135
Processing entry 1176 of 4135
Processing entry 1177 of 4135
Processing entry 1178 of 4135
Processing entry 1179 of 4135
Processing entry 1180 of 4135
Processing entry 1181 of 4135
Processing entry 1182 of 4135
Processing entry 1183 of 4135
Processing entry 1184 of 4135
Processing entry 1185 of 4135
Processing entry 1186 of 4135
Processing entry 1187 of 4135
Processing entry 1188 of 4135
Processing entry 1189 of 4135
Processing entry 1190 of 4135
Processing entry 1191 of 4135
Processing entry 1192 of 4135
Processing entry 1193 of 4135
Processing entry 1194 of 4135
Processing entry 1195 of 4135
Processing entry 1196 of 4135
Processing entry 1197 of 4135
Processing entry 1198 of 4135
Processing entry 1199 of 4135
Processing entry 1200 of 4135
Processing entry 1201 of 4135
Processing entry 1202 of 4135
Processing entry 1203 of 4135
Processing entry 1204 of 4135
Processing entry 1205 of 4135
Processing entry 1206 of 4135
Processing entry 1207 of 4135
Processing entry 1208 of 4135
Processing entry 1209 of 4135
Processing entry 1210 of 4135
Processing entry 1211 of 4135
Processing entry 1212 of 4135
Processing entry 1213 of 4135
Processing entry 1214 of 4135
Processing entry 1215 of 4135
Processing entry 1216 of 4135
Processing entry 1217 of 4135
Processing entry 1218 of 4135
Processing entry 1219 of 4135
Processing entry 1220 of 4135
Processing entry 1221 of 4135
Processing entry 1222 of 4135
Processing entry 1223 of 4135
Processing entry 1224 of 4135
Processing entry 1225 of 4135
Processing entry 1226 of 4135
Processing entry 1227 of 4135
Processing entry 1228 of 4135
Processing entry 1229 of 4135
Processing entry 1230 of 4135
Processing entry 1231 of 4135
Processing entry 1232 of 4135
Processing entry 1233 of 4135
Processing entry 1234 of 4135
Processing entry 1235 of 4135
Processing entry 1236 of 4135
Processing entry 1237 of 4135
Processing entry 1238 of 4135
Processing entry 1239 of 4135
Processing entry 1240 of 4135
Processing entry 1241 of 4135
Processing entry 1242 of 4135
Processing entry 1243 of 4135
Processing entry 1244 of 4135
Processing entry 1245 of 4135
Processing entry 1246 of 4135
Processing entry 1247 of 4135
Processing entry 1248 of 4135
Processing entry 1249 of 4135
Processing entry 1250 of 4135
Processing entry 1251 of 4135
Processing entry 1252 of 4135
Processing entry 1253 of 4135
Processing entry 1254 of 4135
Processing entry 1255 of 4135
Processing entry 1256 of 4135
Processing entry 1257 of 4135
Processing entry 1258 of 4135
Processing entry 1259 of 4135
Processing entry 1260 of 4135
Processing entry 1261 of 4135
Processing entry 1262 of 4135
Processing entry 1263 of 4135
Processing entry 1264 of 4135
Processing entry 1265 of 4135
Processing entry 1266 of 4135
Processing entry 1267 of 4135
Processing entry 1268 of 4135
Processing entry 1269 of 4135
Processing entry 1270 of 4135
Processing entry 1271 of 4135
Processing entry 1272 of 4135
Processing entry 1273 of 4135
Processing entry 1274 of 4135
Processing entry 1275 of 4135
Processing entry 1276 of 4135
Processing entry 1277 of 4135
Processing entry 1278 of 4135
Processing entry 1279 of 4135
Processing entry 1280 of 4135
Processing entry 1281 of 4135
Processing entry 1282 of 4135
Processing entry 1283 of 4135
Processing entry 1284 of 4135
Processing entry 1285 of 4135
Processing entry 1286 of 4135
Processing entry 1287 of 4135
Processing entry 1288 of 4135
Processing entry 1289 of 4135
Processing entry 1290 of 4135
Processing entry 1291 of 4135
Processing entry 1292 of 4135
Processing entry 1293 of 4135
Processing entry 1294 of 4135
Processing entry 1295 of 4135
Processing entry 1296 of 4135
Processing entry 1297 of 4135
Processing entry 1298 of 4135
Processing entry 1299 of 4135
Processing entry 1300 of 4135
Processing entry 1301 of 4135
Processing entry 1302 of 4135
Processing entry 1303 of 4135
Processing entry 1304 of 4135
Processing entry 1305 of 4135
Processing entry 1306 of 4135
Processing entry 1307 of 4135
Processing entry 1308 of 4135
Processing entry 1309 of 4135
Processing entry 1310 of 4135
Processing entry 1311 of 4135
Processing entry 1312 of 4135
Processing entry 1313 of 4135
Processing entry 1314 of 4135
Processing entry 1315 of 4135
Processing entry 1316 of 4135
Processing entry 1317 of 4135
Processing entry 1318 of 4135
Processing entry 1319 of 4135
Processing entry 1320 of 4135
Processing entry 1321 of 4135
Processing entry 1322 of 4135
Processing entry 1323 of 4135
Processing entry 1324 of 4135
Processing entry 1325 of 4135
Processing entry 1326 of 4135
Processing entry 1327 of 4135
Processing entry 1328 of 4135
Processing entry 1329 of 4135
Processing entry 1330 of 4135
Processing entry 1331 of 4135
Processing entry 1332 of 4135
Processing entry 1333 of 4135
Processing entry 1334 of 4135
Processing entry 1335 of 4135
Processing entry 1336 of 4135
Processing entry 1337 of 4135
Processing entry 1338 of 4135
Processing entry 1339 of 4135
Processing entry 1340 of 4135
Processing entry 1341 of 4135
Processing entry 1342 of 4135
Processing entry 1343 of 4135
Processing entry 1344 of 4135
Processing entry 1345 of 4135
Processing entry 1346 of 4135
Processing entry 1347 of 4135
Processing entry 1348 of 4135
Processing entry 1349 of 4135
Processing entry 1350 of 4135
Processing entry 1351 of 4135
Processing entry 1352 of 4135
Processing entry 1353 of 4135
Processing entry 1354 of 4135
Processing entry 1355 of 4135
Processing entry 1356 of 4135
Processing entry 1357 of 4135
Processing entry 1358 of 4135
Processing entry 1359 of 4135
Processing entry 1360 of 4135
Processing entry 1361 of 4135
Processing entry 1362 of 4135
Processing entry 1363 of 4135
Processing entry 1364 of 4135
Processing entry 1365 of 4135
Processing entry 1366 of 4135
Processing entry 1367 of 4135
Processing entry 1368 of 4135
Processing entry 1369 of 4135
Processing entry 1370 of 4135
Processing entry 1371 of 4135
Processing entry 1372 of 4135
Processing entry 1373 of 4135
Processing entry 1374 of 4135
Processing entry 1375 of 4135
Processing entry 1376 of 4135
Processing entry 1377 of 4135
Processing entry 1378 of 4135
Processing entry 1379 of 4135
Processing entry 1380 of 4135
Processing entry 1381 of 4135
Processing entry 1382 of 4135
Processing entry 1383 of 4135
Processing entry 1384 of 4135
Processing entry 1385 of 4135
Processing entry 1386 of 4135
Processing entry 1387 of 4135
Processing entry 1388 of 4135
Processing entry 1389 of 4135
Processing entry 1390 of 4135
Processing entry 1391 of 4135
Processing entry 1392 of 4135
Processing entry 1393 of 4135
Processing entry 1394 of 4135
Processing entry 1395 of 4135
Processing entry 1396 of 4135
Processing entry 1397 of 4135
Processing entry 1398 of 4135
Processing entry 1399 of 4135
Processing entry 1400 of 4135
Processing entry 1401 of 4135
Processing entry 1402 of 4135
Processing entry 1403 of 4135
Processing entry 1404 of 4135
Processing entry 1405 of 4135
Processing entry 1406 of 4135
Processing entry 1407 of 4135
Processing entry 1408 of 4135
Processing entry 1409 of 4135
Processing entry 1410 of 4135
Processing entry 1411 of 4135
Processing entry 1412 of 4135
Processing entry 1413 of 4135
Processing entry 1414 of 4135
Processing entry 1415 of 4135
Processing entry 1416 of 4135
Processing entry 1417 of 4135
Processing entry 1418 of 4135
Processing entry 1419 of 4135
Processing entry 1420 of 4135
Processing entry 1421 of 4135
Processing entry 1422 of 4135
Processing entry 1423 of 4135
Processing entry 1424 of 4135
Processing entry 1425 of 4135
Processing entry 1426 of 4135
Processing entry 1427 of 4135
Processing entry 1428 of 4135
Processing entry 1429 of 4135
Processing entry 1430 of 4135
Processing entry 1431 of 4135
Processing entry 1432 of 4135
Processing entry 1433 of 4135
Processing entry 1434 of 4135
Processing entry 1435 of 4135
Processing entry 1436 of 4135
Processing entry 1437 of 4135
Processing entry 1438 of 4135
Processing entry 1439 of 4135
Processing entry 1440 of 4135
Processing entry 1441 of 4135
Processing entry 1442 of 4135
Processing entry 1443 of 4135
Processing entry 1444 of 4135
Processing entry 1445 of 4135
Processing entry 1446 of 4135
Processing entry 1447 of 4135
Processing entry 1448 of 4135
Processing entry 1449 of 4135
Processing entry 1450 of 4135
Processing entry 1451 of 4135
Processing entry 1452 of 4135
Processing entry 1453 of 4135
Processing entry 1454 of 4135
Processing entry 1455 of 4135
Processing entry 1456 of 4135
Processing entry 1457 of 4135
Processing entry 1458 of 4135
Processing entry 1459 of 4135
Processing entry 1460 of 4135
Processing entry 1461 of 4135
Processing entry 1462 of 4135
Processing entry 1463 of 4135
Processing entry 1464 of 4135
Processing entry 1465 of 4135
Processing entry 1466 of 4135
Processing entry 1467 of 4135
Processing entry 1468 of 4135
Processing entry 1469 of 4135
Processing entry 1470 of 4135
Processing entry 1471 of 4135
Processing entry 1472 of 4135
Processing entry 1473 of 4135
Processing entry 1474 of 4135
Processing entry 1475 of 4135
Processing entry 1476 of 4135
Processing entry 1477 of 4135
Processing entry 1478 of 4135
Processing entry 1479 of 4135
Processing entry 1480 of 4135
Processing entry 1481 of 4135
Processing entry 1482 of 4135
Processing entry 1483 of 4135
Processing entry 1484 of 4135
Processing entry 1485 of 4135
Processing entry 1486 of 4135
Processing entry 1487 of 4135
Processing entry 1488 of 4135
Processing entry 1489 of 4135
Processing entry 1490 of 4135
Processing entry 1491 of 4135
Processing entry 1492 of 4135
Processing entry 1493 of 4135
Processing entry 1494 of 4135
Processing entry 1495 of 4135
Processing entry 1496 of 4135
Processing entry 1497 of 4135
Processing entry 1498 of 4135
Processing entry 1499 of 4135
Processing entry 1500 of 4135
Processing entry 1501 of 4135
Processing entry 1502 of 4135
Processing entry 1503 of 4135
Processing entry 1504 of 4135
Processing entry 1505 of 4135
Processing entry 1506 of 4135
Processing entry 1507 of 4135
Processing entry 1508 of 4135
Processing entry 1509 of 4135
Processing entry 1510 of 4135
Processing entry 1511 of 4135
Processing entry 1512 of 4135
Processing entry 1513 of 4135
Processing entry 1514 of 4135
Processing entry 1515 of 4135
Processing entry 1516 of 4135
Processing entry 1517 of 4135
Processing entry 1518 of 4135
Processing entry 1519 of 4135
Processing entry 1520 of 4135
Processing entry 1521 of 4135
Processing entry 1522 of 4135
Processing entry 1523 of 4135
Processing entry 1524 of 4135
Processing entry 1525 of 4135
Processing entry 1526 of 4135
Processing entry 1527 of 4135
Processing entry 1528 of 4135
Processing entry 1529 of 4135
Processing entry 1530 of 4135
Processing entry 1531 of 4135
Processing entry 1532 of 4135
Processing entry 1533 of 4135
Processing entry 1534 of 4135
Processing entry 1535 of 4135
Processing entry 1536 of 4135
Processing entry 1537 of 4135
Processing entry 1538 of 4135
Processing entry 1539 of 4135
Processing entry 1540 of 4135
Processing entry 1541 of 4135
Processing entry 1542 of 4135
Processing entry 1543 of 4135
Processing entry 1544 of 4135
Processing entry 1545 of 4135
Processing entry 1546 of 4135
Processing entry 1547 of 4135
Processing entry 1548 of 4135
Processing entry 1549 of 4135
Processing entry 1550 of 4135
Processing entry 1551 of 4135
Processing entry 1552 of 4135
Processing entry 1553 of 4135
Processing entry 1554 of 4135
Processing entry 1555 of 4135
Processing entry 1556 of 4135
Processing entry 1557 of 4135
Processing entry 1558 of 4135
Processing entry 1559 of 4135
Processing entry 1560 of 4135
Processing entry 1561 of 4135
Processing entry 1562 of 4135
Processing entry 1563 of 4135
Processing entry 1564 of 4135
Processing entry 1565 of 4135
Processing entry 1566 of 4135
Processing entry 1567 of 4135
Processing entry 1568 of 4135
Processing entry 1569 of 4135
Processing entry 1570 of 4135
Processing entry 1571 of 4135
Processing entry 1572 of 4135
Processing entry 1573 of 4135
Processing entry 1574 of 4135
Processing entry 1575 of 4135
Processing entry 1576 of 4135
Processing entry 1577 of 4135
Processing entry 1578 of 4135
Processing entry 1579 of 4135
Processing entry 1580 of 4135
Processing entry 1581 of 4135
Processing entry 1582 of 4135
Processing entry 1583 of 4135
Processing entry 1584 of 4135
Processing entry 1585 of 4135
Processing entry 1586 of 4135
Processing entry 1587 of 4135
Processing entry 1588 of 4135
Processing entry 1589 of 4135
Processing entry 1590 of 4135
Processing entry 1591 of 4135
Processing entry 1592 of 4135
Processing entry 1593 of 4135
Processing entry 1594 of 4135
Processing entry 1595 of 4135
Processing entry 1596 of 4135
Processing entry 1597 of 4135
Processing entry 1598 of 4135
Processing entry 1599 of 4135
Processing entry 1600 of 4135
Processing entry 1601 of 4135
Processing entry 1602 of 4135
Processing entry 1603 of 4135
Processing entry 1604 of 4135
Processing entry 1605 of 4135
Processing entry 1606 of 4135
Processing entry 1607 of 4135
Processing entry 1608 of 4135
Processing entry 1609 of 4135
Processing entry 1610 of 4135
Processing entry 1611 of 4135
Processing entry 1612 of 4135
Processing entry 1613 of 4135
Processing entry 1614 of 4135
Processing entry 1615 of 4135
Processing entry 1616 of 4135
Processing entry 1617 of 4135
Processing entry 1618 of 4135
Processing entry 1619 of 4135
Processing entry 1620 of 4135
Processing entry 1621 of 4135
Processing entry 1622 of 4135
Processing entry 1623 of 4135
Processing entry 1624 of 4135
Processing entry 1625 of 4135
Processing entry 1626 of 4135
Processing entry 1627 of 4135
Processing entry 1628 of 4135
Processing entry 1629 of 4135
Processing entry 1630 of 4135
Processing entry 1631 of 4135
Processing entry 1632 of 4135
Processing entry 1633 of 4135
Processing entry 1634 of 4135
Processing entry 1635 of 4135
Processing entry 1636 of 4135
Processing entry 1637 of 4135
Processing entry 1638 of 4135
Processing entry 1639 of 4135
Processing entry 1640 of 4135
Processing entry 1641 of 4135
Processing entry 1642 of 4135
Processing entry 1643 of 4135
Processing entry 1644 of 4135
Processing entry 1645 of 4135
Processing entry 1646 of 4135
Processing entry 1647 of 4135
Processing entry 1648 of 4135
Processing entry 1649 of 4135
Processing entry 1650 of 4135
Processing entry 1651 of 4135
Processing entry 1652 of 4135
Processing entry 1653 of 4135
Processing entry 1654 of 4135
Processing entry 1655 of 4135
Processing entry 1656 of 4135
Processing entry 1657 of 4135
Processing entry 1658 of 4135
Processing entry 1659 of 4135
Processing entry 1660 of 4135
Processing entry 1661 of 4135
Processing entry 1662 of 4135
Processing entry 1663 of 4135
Processing entry 1664 of 4135
Processing entry 1665 of 4135
Processing entry 1666 of 4135
Processing entry 1667 of 4135
Processing entry 1668 of 4135
Processing entry 1669 of 4135
Processing entry 1670 of 4135
Processing entry 1671 of 4135
Processing entry 1672 of 4135
Processing entry 1673 of 4135
Processing entry 1674 of 4135
Processing entry 1675 of 4135
Processing entry 1676 of 4135
Processing entry 1677 of 4135
Processing entry 1678 of 4135
Processing entry 1679 of 4135
Processing entry 1680 of 4135
Processing entry 1681 of 4135
Processing entry 1682 of 4135
Processing entry 1683 of 4135
Processing entry 1684 of 4135
Processing entry 1685 of 4135
Processing entry 1686 of 4135
Processing entry 1687 of 4135
Processing entry 1688 of 4135
Processing entry 1689 of 4135
Processing entry 1690 of 4135
Processing entry 1691 of 4135
Processing entry 1692 of 4135
Processing entry 1693 of 4135
Processing entry 1694 of 4135
Processing entry 1695 of 4135
Processing entry 1696 of 4135
Processing entry 1697 of 4135
Processing entry 1698 of 4135
Processing entry 1699 of 4135
Processing entry 1700 of 4135
Processing entry 1701 of 4135
Processing entry 1702 of 4135
Processing entry 1703 of 4135
Processing entry 1704 of 4135
Processing entry 1705 of 4135
Processing entry 1706 of 4135
Processing entry 1707 of 4135
Processing entry 1708 of 4135
Processing entry 1709 of 4135
Processing entry 1710 of 4135
Processing entry 1711 of 4135
Processing entry 1712 of 4135
Processing entry 1713 of 4135
Processing entry 1714 of 4135
Processing entry 1715 of 4135
Processing entry 1716 of 4135
Processing entry 1717 of 4135
Processing entry 1718 of 4135
Processing entry 1719 of 4135
Processing entry 1720 of 4135
Processing entry 1721 of 4135
Processing entry 1722 of 4135
Processing entry 1723 of 4135
Processing entry 1724 of 4135
Processing entry 1725 of 4135
Processing entry 1726 of 4135
Processing entry 1727 of 4135
Processing entry 1728 of 4135
Processing entry 1729 of 4135
Processing entry 1730 of 4135
Processing entry 1731 of 4135
Processing entry 1732 of 4135
Processing entry 1733 of 4135
Processing entry 1734 of 4135
Processing entry 1735 of 4135
Processing entry 1736 of 4135
Processing entry 1737 of 4135
Processing entry 1738 of 4135
Processing entry 1739 of 4135
Processing entry 1740 of 4135
Processing entry 1741 of 4135
Processing entry 1742 of 4135
Processing entry 1743 of 4135
Processing entry 1744 of 4135
Processing entry 1745 of 4135
Processing entry 1746 of 4135
Processing entry 1747 of 4135
Processing entry 1748 of 4135
Processing entry 1749 of 4135
Processing entry 1750 of 4135
Processing entry 1751 of 4135
Processing entry 1752 of 4135
Processing entry 1753 of 4135
Processing entry 1754 of 4135
Processing entry 1755 of 4135
Processing entry 1756 of 4135
Processing entry 1757 of 4135
Processing entry 1758 of 4135
Processing entry 1759 of 4135
Processing entry 1760 of 4135
Processing entry 1761 of 4135
Processing entry 1762 of 4135
Processing entry 1763 of 4135
Processing entry 1764 of 4135
Processing entry 1765 of 4135
Processing entry 1766 of 4135
Processing entry 1767 of 4135
Processing entry 1768 of 4135
Processing entry 1769 of 4135
Processing entry 1770 of 4135
Processing entry 1771 of 4135
Processing entry 1772 of 4135
Processing entry 1773 of 4135
Processing entry 1774 of 4135
Processing entry 1775 of 4135
Processing entry 1776 of 4135
Processing entry 1777 of 4135
Processing entry 1778 of 4135
Processing entry 1779 of 4135
Processing entry 1780 of 4135
Processing entry 1781 of 4135
Processing entry 1782 of 4135
Processing entry 1783 of 4135
Processing entry 1784 of 4135
Processing entry 1785 of 4135
Processing entry 1786 of 4135
Processing entry 1787 of 4135
Processing entry 1788 of 4135
Processing entry 1789 of 4135
Processing entry 1790 of 4135
Processing entry 1791 of 4135
Processing entry 1792 of 4135
Processing entry 1793 of 4135
Processing entry 1794 of 4135
Processing entry 1795 of 4135
Processing entry 1796 of 4135
Processing entry 1797 of 4135
Processing entry 1798 of 4135
Processing entry 1799 of 4135
Processing entry 1800 of 4135
Processing entry 1801 of 4135
Processing entry 1802 of 4135
Processing entry 1803 of 4135
Processing entry 1804 of 4135
Processing entry 1805 of 4135
Processing entry 1806 of 4135
Processing entry 1807 of 4135
Processing entry 1808 of 4135
Processing entry 1809 of 4135
Processing entry 1810 of 4135
Processing entry 1811 of 4135
Processing entry 1812 of 4135
Processing entry 1813 of 4135
Processing entry 1814 of 4135
Processing entry 1815 of 4135
Processing entry 1816 of 4135
Processing entry 1817 of 4135
Processing entry 1818 of 4135
Processing entry 1819 of 4135
Processing entry 1820 of 4135
Processing entry 1821 of 4135
Processing entry 1822 of 4135
Processing entry 1823 of 4135
Processing entry 1824 of 4135
Processing entry 1825 of 4135
Processing entry 1826 of 4135
Processing entry 1827 of 4135
Processing entry 1828 of 4135
Processing entry 1829 of 4135
Processing entry 1830 of 4135
Processing entry 1831 of 4135
Processing entry 1832 of 4135
Processing entry 1833 of 4135
Processing entry 1834 of 4135
Processing entry 1835 of 4135
Processing entry 1836 of 4135
Processing entry 1837 of 4135
Processing entry 1838 of 4135
Processing entry 1839 of 4135
Processing entry 1840 of 4135
Processing entry 1841 of 4135
Processing entry 1842 of 4135
Processing entry 1843 of 4135
Processing entry 1844 of 4135
Processing entry 1845 of 4135
Processing entry 1846 of 4135
Processing entry 1847 of 4135
Processing entry 1848 of 4135
Processing entry 1849 of 4135
Processing entry 1850 of 4135
Processing entry 1851 of 4135
Processing entry 1852 of 4135
Processing entry 1853 of 4135
Processing entry 1854 of 4135
Processing entry 1855 of 4135
Processing entry 1856 of 4135
Processing entry 1857 of 4135
Processing entry 1858 of 4135
Processing entry 1859 of 4135
Processing entry 1860 of 4135
Processing entry 1861 of 4135
Processing entry 1862 of 4135
Processing entry 1863 of 4135
Processing entry 1864 of 4135
Processing entry 1865 of 4135
Processing entry 1866 of 4135
Processing entry 1867 of 4135
Processing entry 1868 of 4135
Processing entry 1869 of 4135
Processing entry 1870 of 4135
Processing entry 1871 of 4135
Processing entry 1872 of 4135
Processing entry 1873 of 4135
Processing entry 1874 of 4135
Processing entry 1875 of 4135
Processing entry 1876 of 4135
Processing entry 1877 of 4135
Processing entry 1878 of 4135
Processing entry 1879 of 4135
Processing entry 1880 of 4135
Processing entry 1881 of 4135
Processing entry 1882 of 4135
Processing entry 1883 of 4135
Processing entry 1884 of 4135
Processing entry 1885 of 4135
Processing entry 1886 of 4135
Processing entry 1887 of 4135
Processing entry 1888 of 4135
Processing entry 1889 of 4135
Processing entry 1890 of 4135
Processing entry 1891 of 4135
Processing entry 1892 of 4135
Processing entry 1893 of 4135
Processing entry 1894 of 4135
Processing entry 1895 of 4135
Processing entry 1896 of 4135
Processing entry 1897 of 4135
Processing entry 1898 of 4135
Processing entry 1899 of 4135
Processing entry 1900 of 4135
Processing entry 1901 of 4135
Processing entry 1902 of 4135
Processing entry 1903 of 4135
Processing entry 1904 of 4135
Processing entry 1905 of 4135
Processing entry 1906 of 4135
Processing entry 1907 of 4135
Processing entry 1908 of 4135
Processing entry 1909 of 4135
Processing entry 1910 of 4135
Processing entry 1911 of 4135
Processing entry 1912 of 4135
Processing entry 1913 of 4135
Processing entry 1914 of 4135
Processing entry 1915 of 4135
Processing entry 1916 of 4135
Processing entry 1917 of 4135
Processing entry 1918 of 4135
Processing entry 1919 of 4135
Processing entry 1920 of 4135
Processing entry 1921 of 4135
Processing entry 1922 of 4135
Processing entry 1923 of 4135
Processing entry 1924 of 4135
Processing entry 1925 of 4135
Processing entry 1926 of 4135
Processing entry 1927 of 4135
Processing entry 1928 of 4135
Processing entry 1929 of 4135
Processing entry 1930 of 4135
Processing entry 1931 of 4135
Processing entry 1932 of 4135
Processing entry 1933 of 4135
Processing entry 1934 of 4135
Processing entry 1935 of 4135
Processing entry 1936 of 4135
Processing entry 1937 of 4135
Processing entry 1938 of 4135
Processing entry 1939 of 4135
Processing entry 1940 of 4135
Processing entry 1941 of 4135
Processing entry 1942 of 4135
Processing entry 1943 of 4135
Processing entry 1944 of 4135
Processing entry 1945 of 4135
Processing entry 1946 of 4135
Processing entry 1947 of 4135
Processing entry 1948 of 4135
Processing entry 1949 of 4135
Processing entry 1950 of 4135
Processing entry 1951 of 4135
Processing entry 1952 of 4135
Processing entry 1953 of 4135
Processing entry 1954 of 4135
Processing entry 1955 of 4135
Processing entry 1956 of 4135
Processing entry 1957 of 4135
Processing entry 1958 of 4135
Processing entry 1959 of 4135
Processing entry 1960 of 4135
Processing entry 1961 of 4135
Processing entry 1962 of 4135
Processing entry 1963 of 4135
Processing entry 1964 of 4135
Processing entry 1965 of 4135
Processing entry 1966 of 4135
Processing entry 1967 of 4135
Processing entry 1968 of 4135
Processing entry 1969 of 4135
Processing entry 1970 of 4135
Processing entry 1971 of 4135
Processing entry 1972 of 4135
Processing entry 1973 of 4135
Processing entry 1974 of 4135
Processing entry 1975 of 4135
Processing entry 1976 of 4135
Processing entry 1977 of 4135
Processing entry 1978 of 4135
Processing entry 1979 of 4135
Processing entry 1980 of 4135
Processing entry 1981 of 4135
Processing entry 1982 of 4135
Processing entry 1983 of 4135
Processing entry 1984 of 4135
Processing entry 1985 of 4135
Processing entry 1986 of 4135
Processing entry 1987 of 4135
Processing entry 1988 of 4135
Processing entry 1989 of 4135
Processing entry 1990 of 4135
Processing entry 1991 of 4135
Processing entry 1992 of 4135
Processing entry 1993 of 4135
Processing entry 1994 of 4135
Processing entry 1995 of 4135
Processing entry 1996 of 4135
Processing entry 1997 of 4135
Processing entry 1998 of 4135
Processing entry 1999 of 4135
Processing entry 2000 of 4135
Processing entry 2001 of 4135
Processing entry 2002 of 4135
Processing entry 2003 of 4135
Processing entry 2004 of 4135
Processing entry 2005 of 4135
Processing entry 2006 of 4135
Processing entry 2007 of 4135
Processing entry 2008 of 4135
Processing entry 2009 of 4135
Processing entry 2010 of 4135
Processing entry 2011 of 4135
Processing entry 2012 of 4135
Processing entry 2013 of 4135
Processing entry 2014 of 4135
Processing entry 2015 of 4135
Processing entry 2016 of 4135
Processing entry 2017 of 4135
Processing entry 2018 of 4135
Processing entry 2019 of 4135
Processing entry 2020 of 4135
Processing entry 2021 of 4135
Processing entry 2022 of 4135
Processing entry 2023 of 4135
Processing entry 2024 of 4135
Processing entry 2025 of 4135
Processing entry 2026 of 4135
Processing entry 2027 of 4135
Processing entry 2028 of 4135
Processing entry 2029 of 4135
Processing entry 2030 of 4135
Processing entry 2031 of 4135
Processing entry 2032 of 4135
Processing entry 2033 of 4135
Processing entry 2034 of 4135
Processing entry 2035 of 4135
Processing entry 2036 of 4135
Processing entry 2037 of 4135
Processing entry 2038 of 4135
Processing entry 2039 of 4135
Processing entry 2040 of 4135
Processing entry 2041 of 4135
Processing entry 2042 of 4135
Processing entry 2043 of 4135
Processing entry 2044 of 4135
Processing entry 2045 of 4135
Processing entry 2046 of 4135
Processing entry 2047 of 4135
Processing entry 2048 of 4135
Processing entry 2049 of 4135
Processing entry 2050 of 4135
Processing entry 2051 of 4135
Processing entry 2052 of 4135
Processing entry 2053 of 4135
Processing entry 2054 of 4135
Processing entry 2055 of 4135
Processing entry 2056 of 4135
Processing entry 2057 of 4135
Processing entry 2058 of 4135
Processing entry 2059 of 4135
Processing entry 2060 of 4135
Processing entry 2061 of 4135
Processing entry 2062 of 4135
Processing entry 2063 of 4135
Processing entry 2064 of 4135
Processing entry 2065 of 4135
Processing entry 2066 of 4135
Processing entry 2067 of 4135
Processing entry 2068 of 4135
Processing entry 2069 of 4135
Processing entry 2070 of 4135
Processing entry 2071 of 4135
Processing entry 2072 of 4135
Processing entry 2073 of 4135
Processing entry 2074 of 4135
Processing entry 2075 of 4135
Processing entry 2076 of 4135
Processing entry 2077 of 4135
Processing entry 2078 of 4135
Processing entry 2079 of 4135
Processing entry 2080 of 4135
Processing entry 2081 of 4135
Processing entry 2082 of 4135
Processing entry 2083 of 4135
Processing entry 2084 of 4135
Processing entry 2085 of 4135
Processing entry 2086 of 4135
Processing entry 2087 of 4135
Processing entry 2088 of 4135
Processing entry 2089 of 4135
Processing entry 2090 of 4135
Processing entry 2091 of 4135
Processing entry 2092 of 4135
Processing entry 2093 of 4135
Processing entry 2094 of 4135
Processing entry 2095 of 4135
Processing entry 2096 of 4135
Processing entry 2097 of 4135
Processing entry 2098 of 4135
Processing entry 2099 of 4135
Processing entry 2100 of 4135
Processing entry 2101 of 4135
Processing entry 2102 of 4135
Processing entry 2103 of 4135
Processing entry 2104 of 4135
Processing entry 2105 of 4135
Processing entry 2106 of 4135
Processing entry 2107 of 4135
Processing entry 2108 of 4135
Processing entry 2109 of 4135
Processing entry 2110 of 4135
Processing entry 2111 of 4135
Processing entry 2112 of 4135
Processing entry 2113 of 4135
Processing entry 2114 of 4135
Processing entry 2115 of 4135
Processing entry 2116 of 4135
Processing entry 2117 of 4135
Processing entry 2118 of 4135
Processing entry 2119 of 4135
Processing entry 2120 of 4135
Processing entry 2121 of 4135
Processing entry 2122 of 4135
Processing entry 2123 of 4135
Processing entry 2124 of 4135
Processing entry 2125 of 4135
Processing entry 2126 of 4135
Processing entry 2127 of 4135
Processing entry 2128 of 4135
Processing entry 2129 of 4135
Processing entry 2130 of 4135
Processing entry 2131 of 4135
Processing entry 2132 of 4135
Processing entry 2133 of 4135
Processing entry 2134 of 4135
Processing entry 2135 of 4135
Processing entry 2136 of 4135
Processing entry 2137 of 4135
Processing entry 2138 of 4135
Processing entry 2139 of 4135
Processing entry 2140 of 4135
Processing entry 2141 of 4135
Processing entry 2142 of 4135
Processing entry 2143 of 4135
Processing entry 2144 of 4135
Processing entry 2145 of 4135
Processing entry 2146 of 4135
Processing entry 2147 of 4135
Processing entry 2148 of 4135
Processing entry 2149 of 4135
Processing entry 2150 of 4135
Processing entry 2151 of 4135
Processing entry 2152 of 4135
Processing entry 2153 of 4135
Processing entry 2154 of 4135
Processing entry 2155 of 4135
Processing entry 2156 of 4135
Processing entry 2157 of 4135
Processing entry 2158 of 4135
Processing entry 2159 of 4135
Processing entry 2160 of 4135
Processing entry 2161 of 4135
Processing entry 2162 of 4135
Processing entry 2163 of 4135
Processing entry 2164 of 4135
Processing entry 2165 of 4135
Processing entry 2166 of 4135
Processing entry 2167 of 4135
Processing entry 2168 of 4135
Processing entry 2169 of 4135
Processing entry 2170 of 4135
Processing entry 2171 of 4135
Processing entry 2172 of 4135
Processing entry 2173 of 4135
Processing entry 2174 of 4135
Processing entry 2175 of 4135
Processing entry 2176 of 4135
Processing entry 2177 of 4135
Processing entry 2178 of 4135
Processing entry 2179 of 4135
Processing entry 2180 of 4135
Processing entry 2181 of 4135
Processing entry 2182 of 4135
Processing entry 2183 of 4135
Processing entry 2184 of 4135
Processing entry 2185 of 4135
Processing entry 2186 of 4135
Processing entry 2187 of 4135
Processing entry 2188 of 4135
Processing entry 2189 of 4135
Processing entry 2190 of 4135
Processing entry 2191 of 4135
Processing entry 2192 of 4135
Processing entry 2193 of 4135
Processing entry 2194 of 4135
Processing entry 2195 of 4135
Processing entry 2196 of 4135
Processing entry 2197 of 4135
Processing entry 2198 of 4135
Processing entry 2199 of 4135
Processing entry 2200 of 4135
Processing entry 2201 of 4135
Processing entry 2202 of 4135
Processing entry 2203 of 4135
Processing entry 2204 of 4135
Processing entry 2205 of 4135
Processing entry 2206 of 4135
Processing entry 2207 of 4135
Processing entry 2208 of 4135
Processing entry 2209 of 4135
Processing entry 2210 of 4135
Processing entry 2211 of 4135
Processing entry 2212 of 4135
Processing entry 2213 of 4135
Processing entry 2214 of 4135
Processing entry 2215 of 4135
Processing entry 2216 of 4135
Processing entry 2217 of 4135
Processing entry 2218 of 4135
Processing entry 2219 of 4135
Processing entry 2220 of 4135
Processing entry 2221 of 4135
Processing entry 2222 of 4135
Processing entry 2223 of 4135
Processing entry 2224 of 4135
Processing entry 2225 of 4135
Processing entry 2226 of 4135
Processing entry 2227 of 4135
Processing entry 2228 of 4135
Processing entry 2229 of 4135
Processing entry 2230 of 4135
Processing entry 2231 of 4135
Processing entry 2232 of 4135
Processing entry 2233 of 4135
Processing entry 2234 of 4135
Processing entry 2235 of 4135
Processing entry 2236 of 4135
Processing entry 2237 of 4135
Processing entry 2238 of 4135
Processing entry 2239 of 4135
Processing entry 2240 of 4135
Processing entry 2241 of 4135
Processing entry 2242 of 4135
Processing entry 2243 of 4135
Processing entry 2244 of 4135
Processing entry 2245 of 4135
Processing entry 2246 of 4135
Processing entry 2247 of 4135
Processing entry 2248 of 4135
Processing entry 2249 of 4135
Processing entry 2250 of 4135
Processing entry 2251 of 4135
Processing entry 2252 of 4135
Processing entry 2253 of 4135
Processing entry 2254 of 4135
Processing entry 2255 of 4135
Processing entry 2256 of 4135
Processing entry 2257 of 4135
Processing entry 2258 of 4135
Processing entry 2259 of 4135
Processing entry 2260 of 4135
Processing entry 2261 of 4135
Processing entry 2262 of 4135
Processing entry 2263 of 4135
Processing entry 2264 of 4135
Processing entry 2265 of 4135
Processing entry 2266 of 4135
Processing entry 2267 of 4135
Processing entry 2268 of 4135
Processing entry 2269 of 4135
Processing entry 2270 of 4135
Processing entry 2271 of 4135
Processing entry 2272 of 4135
Processing entry 2273 of 4135
Processing entry 2274 of 4135
Processing entry 2275 of 4135
Processing entry 2276 of 4135
Processing entry 2277 of 4135
Processing entry 2278 of 4135
Processing entry 2279 of 4135
Processing entry 2280 of 4135
Processing entry 2281 of 4135
Processing entry 2282 of 4135
Processing entry 2283 of 4135
Processing entry 2284 of 4135
Processing entry 2285 of 4135
Processing entry 2286 of 4135
Processing entry 2287 of 4135
Processing entry 2288 of 4135
Processing entry 2289 of 4135
Processing entry 2290 of 4135
Processing entry 2291 of 4135
Processing entry 2292 of 4135
Processing entry 2293 of 4135
Processing entry 2294 of 4135
Processing entry 2295 of 4135
Processing entry 2296 of 4135
Processing entry 2297 of 4135
Processing entry 2298 of 4135
Processing entry 2299 of 4135
Processing entry 2300 of 4135
Processing entry 2301 of 4135
Processing entry 2302 of 4135
Processing entry 2303 of 4135
Processing entry 2304 of 4135
Processing entry 2305 of 4135
Processing entry 2306 of 4135
Processing entry 2307 of 4135
Processing entry 2308 of 4135
Processing entry 2309 of 4135
Processing entry 2310 of 4135
Processing entry 2311 of 4135
Processing entry 2312 of 4135
Processing entry 2313 of 4135
Processing entry 2314 of 4135
Processing entry 2315 of 4135
Processing entry 2316 of 4135
Processing entry 2317 of 4135
Processing entry 2318 of 4135
Processing entry 2319 of 4135
Processing entry 2320 of 4135
Processing entry 2321 of 4135
Processing entry 2322 of 4135
Processing entry 2323 of 4135
Processing entry 2324 of 4135
Processing entry 2325 of 4135
Processing entry 2326 of 4135
Processing entry 2327 of 4135
Processing entry 2328 of 4135
Processing entry 2329 of 4135
Processing entry 2330 of 4135
Processing entry 2331 of 4135
Processing entry 2332 of 4135
Processing entry 2333 of 4135
Processing entry 2334 of 4135
Processing entry 2335 of 4135
Processing entry 2336 of 4135
Processing entry 2337 of 4135
Processing entry 2338 of 4135
Processing entry 2339 of 4135
Processing entry 2340 of 4135
Processing entry 2341 of 4135
Processing entry 2342 of 4135
Processing entry 2343 of 4135
Processing entry 2344 of 4135
Processing entry 2345 of 4135
Processing entry 2346 of 4135
Processing entry 2347 of 4135
Processing entry 2348 of 4135
Processing entry 2349 of 4135
Processing entry 2350 of 4135
Processing entry 2351 of 4135
Processing entry 2352 of 4135
Processing entry 2353 of 4135
Processing entry 2354 of 4135
Processing entry 2355 of 4135
Processing entry 2356 of 4135
Processing entry 2357 of 4135
Processing entry 2358 of 4135
Processing entry 2359 of 4135
Processing entry 2360 of 4135
Processing entry 2361 of 4135
Processing entry 2362 of 4135
Processing entry 2363 of 4135
Processing entry 2364 of 4135
Processing entry 2365 of 4135
Processing entry 2366 of 4135
Processing entry 2367 of 4135
Processing entry 2368 of 4135
Processing entry 2369 of 4135
Processing entry 2370 of 4135
Processing entry 2371 of 4135
Processing entry 2372 of 4135
Processing entry 2373 of 4135
Processing entry 2374 of 4135
Processing entry 2375 of 4135
Processing entry 2376 of 4135
Processing entry 2377 of 4135
Processing entry 2378 of 4135
Processing entry 2379 of 4135
Processing entry 2380 of 4135
Processing entry 2381 of 4135
Processing entry 2382 of 4135
Processing entry 2383 of 4135
Processing entry 2384 of 4135
Processing entry 2385 of 4135
Processing entry 2386 of 4135
Processing entry 2387 of 4135
Processing entry 2388 of 4135
Processing entry 2389 of 4135
Processing entry 2390 of 4135
Processing entry 2391 of 4135
Processing entry 2392 of 4135
Processing entry 2393 of 4135
Processing entry 2394 of 4135
Processing entry 2395 of 4135
Processing entry 2396 of 4135
Processing entry 2397 of 4135
Processing entry 2398 of 4135
Processing entry 2399 of 4135
Processing entry 2400 of 4135
Processing entry 2401 of 4135
Processing entry 2402 of 4135
Processing entry 2403 of 4135
Processing entry 2404 of 4135
Processing entry 2405 of 4135
Processing entry 2406 of 4135
Processing entry 2407 of 4135
Processing entry 2408 of 4135
Processing entry 2409 of 4135
Processing entry 2410 of 4135
Processing entry 2411 of 4135
Processing entry 2412 of 4135
Processing entry 2413 of 4135
Processing entry 2414 of 4135
Processing entry 2415 of 4135
Processing entry 2416 of 4135
Processing entry 2417 of 4135
Processing entry 2418 of 4135
Processing entry 2419 of 4135
Processing entry 2420 of 4135
Processing entry 2421 of 4135
Processing entry 2422 of 4135
Processing entry 2423 of 4135
Processing entry 2424 of 4135
Processing entry 2425 of 4135
Processing entry 2426 of 4135
Processing entry 2427 of 4135
Processing entry 2428 of 4135
Processing entry 2429 of 4135
Processing entry 2430 of 4135
Processing entry 2431 of 4135
Processing entry 2432 of 4135
Processing entry 2433 of 4135
Processing entry 2434 of 4135
Processing entry 2435 of 4135
Processing entry 2436 of 4135
Processing entry 2437 of 4135
Processing entry 2438 of 4135
Processing entry 2439 of 4135
Processing entry 2440 of 4135
Processing entry 2441 of 4135
Processing entry 2442 of 4135
Processing entry 2443 of 4135
Processing entry 2444 of 4135
Processing entry 2445 of 4135
Processing entry 2446 of 4135
Processing entry 2447 of 4135
Processing entry 2448 of 4135
Processing entry 2449 of 4135
Processing entry 2450 of 4135
Processing entry 2451 of 4135
Processing entry 2452 of 4135
Processing entry 2453 of 4135
Processing entry 2454 of 4135
Processing entry 2455 of 4135
Processing entry 2456 of 4135
Processing entry 2457 of 4135
Processing entry 2458 of 4135
Processing entry 2459 of 4135
Processing entry 2460 of 4135
Processing entry 2461 of 4135
Processing entry 2462 of 4135
Processing entry 2463 of 4135
Processing entry 2464 of 4135
Processing entry 2465 of 4135
Processing entry 2466 of 4135
Processing entry 2467 of 4135
Processing entry 2468 of 4135
Processing entry 2469 of 4135
Processing entry 2470 of 4135
Processing entry 2471 of 4135
Processing entry 2472 of 4135
Processing entry 2473 of 4135
Processing entry 2474 of 4135
Processing entry 2475 of 4135
Processing entry 2476 of 4135
Processing entry 2477 of 4135
Processing entry 2478 of 4135
Processing entry 2479 of 4135
Processing entry 2480 of 4135
Processing entry 2481 of 4135
Processing entry 2482 of 4135
Processing entry 2483 of 4135
Processing entry 2484 of 4135
Processing entry 2485 of 4135
Processing entry 2486 of 4135
Processing entry 2487 of 4135
Processing entry 2488 of 4135
Processing entry 2489 of 4135
Processing entry 2490 of 4135
Processing entry 2491 of 4135
Processing entry 2492 of 4135
Processing entry 2493 of 4135
Processing entry 2494 of 4135
Processing entry 2495 of 4135
Processing entry 2496 of 4135
Processing entry 2497 of 4135
Processing entry 2498 of 4135
Processing entry 2499 of 4135
Processing entry 2500 of 4135
Processing entry 2501 of 4135
Processing entry 2502 of 4135
Processing entry 2503 of 4135
Processing entry 2504 of 4135
Processing entry 2505 of 4135
Processing entry 2506 of 4135
Processing entry 2507 of 4135
Processing entry 2508 of 4135
Processing entry 2509 of 4135
Processing entry 2510 of 4135
Processing entry 2511 of 4135
Processing entry 2512 of 4135
Processing entry 2513 of 4135
Processing entry 2514 of 4135
Processing entry 2515 of 4135
Processing entry 2516 of 4135
Processing entry 2517 of 4135
Processing entry 2518 of 4135
Processing entry 2519 of 4135
Processing entry 2520 of 4135
Processing entry 2521 of 4135
Processing entry 2522 of 4135
Processing entry 2523 of 4135
Processing entry 2524 of 4135
Processing entry 2525 of 4135
Processing entry 2526 of 4135
Processing entry 2527 of 4135
Processing entry 2528 of 4135
Processing entry 2529 of 4135
Processing entry 2530 of 4135
Processing entry 2531 of 4135
Processing entry 2532 of 4135
Processing entry 2533 of 4135
Processing entry 2534 of 4135
Processing entry 2535 of 4135
Processing entry 2536 of 4135
Processing entry 2537 of 4135
Processing entry 2538 of 4135
Processing entry 2539 of 4135
Processing entry 2540 of 4135
Processing entry 2541 of 4135
Processing entry 2542 of 4135
Processing entry 2543 of 4135
Processing entry 2544 of 4135
Processing entry 2545 of 4135
Processing entry 2546 of 4135
Processing entry 2547 of 4135
Processing entry 2548 of 4135
Processing entry 2549 of 4135
Processing entry 2550 of 4135
Processing entry 2551 of 4135
Processing entry 2552 of 4135
Processing entry 2553 of 4135
Processing entry 2554 of 4135
Processing entry 2555 of 4135
Processing entry 2556 of 4135
Processing entry 2557 of 4135
Processing entry 2558 of 4135
Processing entry 2559 of 4135
Processing entry 2560 of 4135
Processing entry 2561 of 4135
Processing entry 2562 of 4135
Processing entry 2563 of 4135
Processing entry 2564 of 4135
Processing entry 2565 of 4135
Processing entry 2566 of 4135
Processing entry 2567 of 4135
Processing entry 2568 of 4135
Processing entry 2569 of 4135
Processing entry 2570 of 4135
Processing entry 2571 of 4135
Processing entry 2572 of 4135
Processing entry 2573 of 4135
Processing entry 2574 of 4135
Processing entry 2575 of 4135
Processing entry 2576 of 4135
Processing entry 2577 of 4135
Processing entry 2578 of 4135
Processing entry 2579 of 4135
Processing entry 2580 of 4135
Processing entry 2581 of 4135
Processing entry 2582 of 4135
Processing entry 2583 of 4135
Processing entry 2584 of 4135
Processing entry 2585 of 4135
Processing entry 2586 of 4135
Processing entry 2587 of 4135
Processing entry 2588 of 4135
Processing entry 2589 of 4135
Processing entry 2590 of 4135
Processing entry 2591 of 4135
Processing entry 2592 of 4135
Processing entry 2593 of 4135
Processing entry 2594 of 4135
Processing entry 2595 of 4135
Processing entry 2596 of 4135
Processing entry 2597 of 4135
Processing entry 2598 of 4135
Processing entry 2599 of 4135
Processing entry 2600 of 4135
Processing entry 2601 of 4135
Processing entry 2602 of 4135
Processing entry 2603 of 4135
Processing entry 2604 of 4135
Processing entry 2605 of 4135
Processing entry 2606 of 4135
Processing entry 2607 of 4135
Processing entry 2608 of 4135
Processing entry 2609 of 4135
Processing entry 2610 of 4135
Processing entry 2611 of 4135
Processing entry 2612 of 4135
Processing entry 2613 of 4135
Processing entry 2614 of 4135
Processing entry 2615 of 4135
Processing entry 2616 of 4135
Processing entry 2617 of 4135
Processing entry 2618 of 4135
Processing entry 2619 of 4135
Processing entry 2620 of 4135
Processing entry 2621 of 4135
Processing entry 2622 of 4135
Processing entry 2623 of 4135
Processing entry 2624 of 4135
Processing entry 2625 of 4135
Processing entry 2626 of 4135
Processing entry 2627 of 4135
Processing entry 2628 of 4135
Processing entry 2629 of 4135
Processing entry 2630 of 4135
Processing entry 2631 of 4135
Processing entry 2632 of 4135
Processing entry 2633 of 4135
Processing entry 2634 of 4135
Processing entry 2635 of 4135
Processing entry 2636 of 4135
Processing entry 2637 of 4135
Processing entry 2638 of 4135
Processing entry 2639 of 4135
Processing entry 2640 of 4135
Processing entry 2641 of 4135
Processing entry 2642 of 4135
Processing entry 2643 of 4135
Processing entry 2644 of 4135
Processing entry 2645 of 4135
Processing entry 2646 of 4135
Processing entry 2647 of 4135
Processing entry 2648 of 4135
Processing entry 2649 of 4135
Processing entry 2650 of 4135
Processing entry 2651 of 4135
Processing entry 2652 of 4135
Processing entry 2653 of 4135
Processing entry 2654 of 4135
Processing entry 2655 of 4135
Processing entry 2656 of 4135
Processing entry 2657 of 4135
Processing entry 2658 of 4135
Processing entry 2659 of 4135
Processing entry 2660 of 4135
Processing entry 2661 of 4135
Processing entry 2662 of 4135
Processing entry 2663 of 4135
Processing entry 2664 of 4135
Processing entry 2665 of 4135
Processing entry 2666 of 4135
Processing entry 2667 of 4135
Processing entry 2668 of 4135
Processing entry 2669 of 4135
Processing entry 2670 of 4135
Processing entry 2671 of 4135
Processing entry 2672 of 4135
Processing entry 2673 of 4135
Processing entry 2674 of 4135
Processing entry 2675 of 4135
Processing entry 2676 of 4135
Processing entry 2677 of 4135
Processing entry 2678 of 4135
Processing entry 2679 of 4135
Processing entry 2680 of 4135
Processing entry 2681 of 4135
Processing entry 2682 of 4135
Processing entry 2683 of 4135
Processing entry 2684 of 4135
Processing entry 2685 of 4135
Processing entry 2686 of 4135
Processing entry 2687 of 4135
Processing entry 2688 of 4135
Processing entry 2689 of 4135
Processing entry 2690 of 4135
Processing entry 2691 of 4135
Processing entry 2692 of 4135
Processing entry 2693 of 4135
Processing entry 2694 of 4135
Processing entry 2695 of 4135
Processing entry 2696 of 4135
Processing entry 2697 of 4135
Processing entry 2698 of 4135
Processing entry 2699 of 4135
Processing entry 2700 of 4135
Processing entry 2701 of 4135
Processing entry 2702 of 4135
Processing entry 2703 of 4135
Processing entry 2704 of 4135
Processing entry 2705 of 4135
Processing entry 2706 of 4135
Processing entry 2707 of 4135
Processing entry 2708 of 4135
Processing entry 2709 of 4135
Processing entry 2710 of 4135
Processing entry 2711 of 4135
Processing entry 2712 of 4135
Processing entry 2713 of 4135
Processing entry 2714 of 4135
Processing entry 2715 of 4135
Processing entry 2716 of 4135
Processing entry 2717 of 4135
Processing entry 2718 of 4135
Processing entry 2719 of 4135
Processing entry 2720 of 4135
Processing entry 2721 of 4135
Processing entry 2722 of 4135
Processing entry 2723 of 4135
Processing entry 2724 of 4135
Processing entry 2725 of 4135
Processing entry 2726 of 4135
Processing entry 2727 of 4135
Processing entry 2728 of 4135
Processing entry 2729 of 4135
Processing entry 2730 of 4135
Processing entry 2731 of 4135
Processing entry 2732 of 4135
Processing entry 2733 of 4135
Processing entry 2734 of 4135
Processing entry 2735 of 4135
Processing entry 2736 of 4135
Processing entry 2737 of 4135
Processing entry 2738 of 4135
Processing entry 2739 of 4135
Processing entry 2740 of 4135
Processing entry 2741 of 4135
Processing entry 2742 of 4135
Processing entry 2743 of 4135
Processing entry 2744 of 4135
Processing entry 2745 of 4135
Processing entry 2746 of 4135
Processing entry 2747 of 4135
Processing entry 2748 of 4135
Processing entry 2749 of 4135
Processing entry 2750 of 4135
Processing entry 2751 of 4135
Processing entry 2752 of 4135
Processing entry 2753 of 4135
Processing entry 2754 of 4135
Processing entry 2755 of 4135
Processing entry 2756 of 4135
Processing entry 2757 of 4135
Processing entry 2758 of 4135
Processing entry 2759 of 4135
Processing entry 2760 of 4135
Processing entry 2761 of 4135
Processing entry 2762 of 4135
Processing entry 2763 of 4135
Processing entry 2764 of 4135
Processing entry 2765 of 4135
Processing entry 2766 of 4135
Processing entry 2767 of 4135
Processing entry 2768 of 4135
Processing entry 2769 of 4135
Processing entry 2770 of 4135
Processing entry 2771 of 4135
Processing entry 2772 of 4135
Processing entry 2773 of 4135
Processing entry 2774 of 4135
Processing entry 2775 of 4135
Processing entry 2776 of 4135
Processing entry 2777 of 4135
Processing entry 2778 of 4135
Processing entry 2779 of 4135
Processing entry 2780 of 4135
Processing entry 2781 of 4135
Processing entry 2782 of 4135
Processing entry 2783 of 4135
Processing entry 2784 of 4135
Processing entry 2785 of 4135
Processing entry 2786 of 4135
Processing entry 2787 of 4135
Processing entry 2788 of 4135
Processing entry 2789 of 4135
Processing entry 2790 of 4135
Processing entry 2791 of 4135
Processing entry 2792 of 4135
Processing entry 2793 of 4135
Processing entry 2794 of 4135
Processing entry 2795 of 4135
Processing entry 2796 of 4135
Processing entry 2797 of 4135
Processing entry 2798 of 4135
Processing entry 2799 of 4135
Processing entry 2800 of 4135
Processing entry 2801 of 4135
Processing entry 2802 of 4135
Processing entry 2803 of 4135
Processing entry 2804 of 4135
Processing entry 2805 of 4135
Processing entry 2806 of 4135
Processing entry 2807 of 4135
Processing entry 2808 of 4135
Processing entry 2809 of 4135
Processing entry 2810 of 4135
Processing entry 2811 of 4135
Processing entry 2812 of 4135
Processing entry 2813 of 4135
Processing entry 2814 of 4135
Processing entry 2815 of 4135
Processing entry 2816 of 4135
Processing entry 2817 of 4135
Processing entry 2818 of 4135
Processing entry 2819 of 4135
Processing entry 2820 of 4135
Processing entry 2821 of 4135
Processing entry 2822 of 4135
Processing entry 2823 of 4135
Processing entry 2824 of 4135
Processing entry 2825 of 4135
Processing entry 2826 of 4135
Processing entry 2827 of 4135
Processing entry 2828 of 4135
Processing entry 2829 of 4135
Processing entry 2830 of 4135
Processing entry 2831 of 4135
Processing entry 2832 of 4135
Processing entry 2833 of 4135
Processing entry 2834 of 4135
Processing entry 2835 of 4135
Processing entry 2836 of 4135
Processing entry 2837 of 4135
Processing entry 2838 of 4135
Processing entry 2839 of 4135
Processing entry 2840 of 4135
Processing entry 2841 of 4135
Processing entry 2842 of 4135
Processing entry 2843 of 4135
Processing entry 2844 of 4135
Processing entry 2845 of 4135
Processing entry 2846 of 4135
Processing entry 2847 of 4135
Processing entry 2848 of 4135
Processing entry 2849 of 4135
Processing entry 2850 of 4135
Processing entry 2851 of 4135
Processing entry 2852 of 4135
Processing entry 2853 of 4135
Processing entry 2854 of 4135
Processing entry 2855 of 4135
Processing entry 2856 of 4135
Processing entry 2857 of 4135
Processing entry 2858 of 4135
Processing entry 2859 of 4135
Processing entry 2860 of 4135
Processing entry 2861 of 4135
Processing entry 2862 of 4135
Processing entry 2863 of 4135
Processing entry 2864 of 4135
Processing entry 2865 of 4135
Processing entry 2866 of 4135
Processing entry 2867 of 4135
Processing entry 2868 of 4135
Processing entry 2869 of 4135
Processing entry 2870 of 4135
Processing entry 2871 of 4135
Processing entry 2872 of 4135
Processing entry 2873 of 4135
Processing entry 2874 of 4135
Processing entry 2875 of 4135
Processing entry 2876 of 4135
Processing entry 2877 of 4135
Processing entry 2878 of 4135
Processing entry 2879 of 4135
Processing entry 2880 of 4135
Processing entry 2881 of 4135
Processing entry 2882 of 4135
Processing entry 2883 of 4135
Processing entry 2884 of 4135
Processing entry 2885 of 4135
Processing entry 2886 of 4135
Processing entry 2887 of 4135
Processing entry 2888 of 4135
Processing entry 2889 of 4135
Processing entry 2890 of 4135
Processing entry 2891 of 4135
Processing entry 2892 of 4135
Processing entry 2893 of 4135
Processing entry 2894 of 4135
Processing entry 2895 of 4135
Processing entry 2896 of 4135
Processing entry 2897 of 4135
Processing entry 2898 of 4135
Processing entry 2899 of 4135
Processing entry 2900 of 4135
Processing entry 2901 of 4135
Processing entry 2902 of 4135
Processing entry 2903 of 4135
Processing entry 2904 of 4135
Processing entry 2905 of 4135
Processing entry 2906 of 4135
Processing entry 2907 of 4135
Processing entry 2908 of 4135
Processing entry 2909 of 4135
Processing entry 2910 of 4135
Processing entry 2911 of 4135
Processing entry 2912 of 4135
Processing entry 2913 of 4135
Processing entry 2914 of 4135
Processing entry 2915 of 4135
Processing entry 2916 of 4135
Processing entry 2917 of 4135
Processing entry 2918 of 4135
Processing entry 2919 of 4135
Processing entry 2920 of 4135
Processing entry 2921 of 4135
Processing entry 2922 of 4135
Processing entry 2923 of 4135
Processing entry 2924 of 4135
Processing entry 2925 of 4135
Processing entry 2926 of 4135
Processing entry 2927 of 4135
Processing entry 2928 of 4135
Processing entry 2929 of 4135
Processing entry 2930 of 4135
Processing entry 2931 of 4135
Processing entry 2932 of 4135
Processing entry 2933 of 4135
Processing entry 2934 of 4135
Processing entry 2935 of 4135
Processing entry 2936 of 4135
Processing entry 2937 of 4135
Processing entry 2938 of 4135
Processing entry 2939 of 4135
Processing entry 2940 of 4135
Processing entry 2941 of 4135
Processing entry 2942 of 4135
Processing entry 2943 of 4135
Processing entry 2944 of 4135
Processing entry 2945 of 4135
Processing entry 2946 of 4135
Processing entry 2947 of 4135
Processing entry 2948 of 4135
Processing entry 2949 of 4135
Processing entry 2950 of 4135
Processing entry 2951 of 4135
Processing entry 2952 of 4135
Processing entry 2953 of 4135
Processing entry 2954 of 4135
Processing entry 2955 of 4135
Processing entry 2956 of 4135
Processing entry 2957 of 4135
Processing entry 2958 of 4135
Processing entry 2959 of 4135
Processing entry 2960 of 4135
Processing entry 2961 of 4135
Processing entry 2962 of 4135
Processing entry 2963 of 4135
Processing entry 2964 of 4135
Processing entry 2965 of 4135
Processing entry 2966 of 4135
Processing entry 2967 of 4135
Processing entry 2968 of 4135
Processing entry 2969 of 4135
Processing entry 2970 of 4135
Processing entry 2971 of 4135
Processing entry 2972 of 4135
Processing entry 2973 of 4135
Processing entry 2974 of 4135
Processing entry 2975 of 4135
Processing entry 2976 of 4135
Processing entry 2977 of 4135
Processing entry 2978 of 4135
Processing entry 2979 of 4135
Processing entry 2980 of 4135
Processing entry 2981 of 4135
Processing entry 2982 of 4135
Processing entry 2983 of 4135
Processing entry 2984 of 4135
Processing entry 2985 of 4135
Processing entry 2986 of 4135
Processing entry 2987 of 4135
Processing entry 2988 of 4135
Processing entry 2989 of 4135
Processing entry 2990 of 4135
Processing entry 2991 of 4135
Processing entry 2992 of 4135
Processing entry 2993 of 4135
Processing entry 2994 of 4135
Processing entry 2995 of 4135
Processing entry 2996 of 4135
Processing entry 2997 of 4135
Processing entry 2998 of 4135
Processing entry 2999 of 4135
Processing entry 3000 of 4135
Processing entry 3001 of 4135
Processing entry 3002 of 4135
Processing entry 3003 of 4135
Processing entry 3004 of 4135
Processing entry 3005 of 4135
Processing entry 3006 of 4135
Processing entry 3007 of 4135
Processing entry 3008 of 4135
Processing entry 3009 of 4135
Processing entry 3010 of 4135
Processing entry 3011 of 4135
Processing entry 3012 of 4135
Processing entry 3013 of 4135
Processing entry 3014 of 4135
Processing entry 3015 of 4135
Processing entry 3016 of 4135
Processing entry 3017 of 4135
Processing entry 3018 of 4135
Processing entry 3019 of 4135
Processing entry 3020 of 4135
Processing entry 3021 of 4135
Processing entry 3022 of 4135
Processing entry 3023 of 4135
Processing entry 3024 of 4135
Processing entry 3025 of 4135
Processing entry 3026 of 4135
Processing entry 3027 of 4135
Processing entry 3028 of 4135
Processing entry 3029 of 4135
Processing entry 3030 of 4135
Processing entry 3031 of 4135
Processing entry 3032 of 4135
Processing entry 3033 of 4135
Processing entry 3034 of 4135
Processing entry 3035 of 4135
Processing entry 3036 of 4135
Processing entry 3037 of 4135
Processing entry 3038 of 4135
Processing entry 3039 of 4135
Processing entry 3040 of 4135
Processing entry 3041 of 4135
Processing entry 3042 of 4135
Processing entry 3043 of 4135
Processing entry 3044 of 4135
Processing entry 3045 of 4135
Processing entry 3046 of 4135
Processing entry 3047 of 4135
Processing entry 3048 of 4135
Processing entry 3049 of 4135
Processing entry 3050 of 4135
Processing entry 3051 of 4135
Processing entry 3052 of 4135
Processing entry 3053 of 4135
Processing entry 3054 of 4135
Processing entry 3055 of 4135
Processing entry 3056 of 4135
Processing entry 3057 of 4135
Processing entry 3058 of 4135
Processing entry 3059 of 4135
Processing entry 3060 of 4135
Processing entry 3061 of 4135
Processing entry 3062 of 4135
Processing entry 3063 of 4135
Processing entry 3064 of 4135
Processing entry 3065 of 4135
Processing entry 3066 of 4135
Processing entry 3067 of 4135
Processing entry 3068 of 4135
Processing entry 3069 of 4135
Processing entry 3070 of 4135
Processing entry 3071 of 4135
Processing entry 3072 of 4135
Processing entry 3073 of 4135
Processing entry 3074 of 4135
Processing entry 3075 of 4135
Processing entry 3076 of 4135
Processing entry 3077 of 4135
Processing entry 3078 of 4135
Processing entry 3079 of 4135
Processing entry 3080 of 4135
Processing entry 3081 of 4135
Processing entry 3082 of 4135
Processing entry 3083 of 4135
Processing entry 3084 of 4135
Processing entry 3085 of 4135
Processing entry 3086 of 4135
Processing entry 3087 of 4135
Processing entry 3088 of 4135
Processing entry 3089 of 4135
Processing entry 3090 of 4135
Processing entry 3091 of 4135
Processing entry 3092 of 4135
Processing entry 3093 of 4135
Processing entry 3094 of 4135
Processing entry 3095 of 4135
Processing entry 3096 of 4135
Processing entry 3097 of 4135
Processing entry 3098 of 4135
Processing entry 3099 of 4135
Processing entry 3100 of 4135
Processing entry 3101 of 4135
Processing entry 3102 of 4135
Processing entry 3103 of 4135
Processing entry 3104 of 4135
Processing entry 3105 of 4135
Processing entry 3106 of 4135
Processing entry 3107 of 4135
Processing entry 3108 of 4135
Processing entry 3109 of 4135
Processing entry 3110 of 4135
Processing entry 3111 of 4135
Processing entry 3112 of 4135
Processing entry 3113 of 4135
Processing entry 3114 of 4135
Processing entry 3115 of 4135
Processing entry 3116 of 4135
Processing entry 3117 of 4135
Processing entry 3118 of 4135
Processing entry 3119 of 4135
Processing entry 3120 of 4135
Processing entry 3121 of 4135
Processing entry 3122 of 4135
Processing entry 3123 of 4135
Processing entry 3124 of 4135
Processing entry 3125 of 4135
Processing entry 3126 of 4135
Processing entry 3127 of 4135
Processing entry 3128 of 4135
Processing entry 3129 of 4135
Processing entry 3130 of 4135
Processing entry 3131 of 4135
Processing entry 3132 of 4135
Processing entry 3133 of 4135
Processing entry 3134 of 4135
Processing entry 3135 of 4135
Processing entry 3136 of 4135
Processing entry 3137 of 4135
Processing entry 3138 of 4135
Processing entry 3139 of 4135
Processing entry 3140 of 4135
Processing entry 3141 of 4135
Processing entry 3142 of 4135
Processing entry 3143 of 4135
Processing entry 3144 of 4135
Processing entry 3145 of 4135
Processing entry 3146 of 4135
Processing entry 3147 of 4135
Processing entry 3148 of 4135
Processing entry 3149 of 4135
Processing entry 3150 of 4135
Processing entry 3151 of 4135
Processing entry 3152 of 4135
Processing entry 3153 of 4135
Processing entry 3154 of 4135
Processing entry 3155 of 4135
Processing entry 3156 of 4135
Processing entry 3157 of 4135
Processing entry 3158 of 4135
Processing entry 3159 of 4135
Processing entry 3160 of 4135
Processing entry 3161 of 4135
Processing entry 3162 of 4135
Processing entry 3163 of 4135
Processing entry 3164 of 4135
Processing entry 3165 of 4135
Processing entry 3166 of 4135
Processing entry 3167 of 4135
Processing entry 3168 of 4135
Processing entry 3169 of 4135
Processing entry 3170 of 4135
Processing entry 3171 of 4135
Processing entry 3172 of 4135
Processing entry 3173 of 4135
Processing entry 3174 of 4135
Processing entry 3175 of 4135
Processing entry 3176 of 4135
Processing entry 3177 of 4135
Processing entry 3178 of 4135
Processing entry 3179 of 4135
Processing entry 3180 of 4135
Processing entry 3181 of 4135
Processing entry 3182 of 4135
Processing entry 3183 of 4135
Processing entry 3184 of 4135
Processing entry 3185 of 4135
Processing entry 3186 of 4135
Processing entry 3187 of 4135
Processing entry 3188 of 4135
Processing entry 3189 of 4135
Processing entry 3190 of 4135
Processing entry 3191 of 4135
Processing entry 3192 of 4135
Processing entry 3193 of 4135
Processing entry 3194 of 4135
Processing entry 3195 of 4135
Processing entry 3196 of 4135
Processing entry 3197 of 4135
Processing entry 3198 of 4135
Processing entry 3199 of 4135
Processing entry 3200 of 4135
Processing entry 3201 of 4135
Processing entry 3202 of 4135
Processing entry 3203 of 4135
Processing entry 3204 of 4135
Processing entry 3205 of 4135
Processing entry 3206 of 4135
Processing entry 3207 of 4135
Processing entry 3208 of 4135
Processing entry 3209 of 4135
Processing entry 3210 of 4135
Processing entry 3211 of 4135
Processing entry 3212 of 4135
Processing entry 3213 of 4135
Processing entry 3214 of 4135
Processing entry 3215 of 4135
Processing entry 3216 of 4135
Processing entry 3217 of 4135
Processing entry 3218 of 4135
Processing entry 3219 of 4135
Processing entry 3220 of 4135
Processing entry 3221 of 4135
Processing entry 3222 of 4135
Processing entry 3223 of 4135
Processing entry 3224 of 4135
Processing entry 3225 of 4135
Processing entry 3226 of 4135
Processing entry 3227 of 4135
Processing entry 3228 of 4135
Processing entry 3229 of 4135
Processing entry 3230 of 4135
Processing entry 3231 of 4135
Processing entry 3232 of 4135
Processing entry 3233 of 4135
Processing entry 3234 of 4135
Processing entry 3235 of 4135
Processing entry 3236 of 4135
Processing entry 3237 of 4135
Processing entry 3238 of 4135
Processing entry 3239 of 4135
Processing entry 3240 of 4135
Processing entry 3241 of 4135
Processing entry 3242 of 4135
Processing entry 3243 of 4135
Processing entry 3244 of 4135
Processing entry 3245 of 4135
Processing entry 3246 of 4135
Processing entry 3247 of 4135
Processing entry 3248 of 4135
Processing entry 3249 of 4135
Processing entry 3250 of 4135
Processing entry 3251 of 4135
Processing entry 3252 of 4135
Processing entry 3253 of 4135
Processing entry 3254 of 4135
Processing entry 3255 of 4135
Processing entry 3256 of 4135
Processing entry 3257 of 4135
Processing entry 3258 of 4135
Processing entry 3259 of 4135
Processing entry 3260 of 4135
Processing entry 3261 of 4135
Processing entry 3262 of 4135
Processing entry 3263 of 4135
Processing entry 3264 of 4135
Processing entry 3265 of 4135
Processing entry 3266 of 4135
Processing entry 3267 of 4135
Processing entry 3268 of 4135
Processing entry 3269 of 4135
Processing entry 3270 of 4135
Processing entry 3271 of 4135
Processing entry 3272 of 4135
Processing entry 3273 of 4135
Processing entry 3274 of 4135
Processing entry 3275 of 4135
Processing entry 3276 of 4135
Processing entry 3277 of 4135
Processing entry 3278 of 4135
Processing entry 3279 of 4135
Processing entry 3280 of 4135
Processing entry 3281 of 4135
Processing entry 3282 of 4135
Processing entry 3283 of 4135
Processing entry 3284 of 4135
Processing entry 3285 of 4135
Processing entry 3286 of 4135
Processing entry 3287 of 4135
Processing entry 3288 of 4135
Processing entry 3289 of 4135
Processing entry 3290 of 4135
Processing entry 3291 of 4135
Processing entry 3292 of 4135
Processing entry 3293 of 4135
Processing entry 3294 of 4135
Processing entry 3295 of 4135
Processing entry 3296 of 4135
Processing entry 3297 of 4135
Processing entry 3298 of 4135
Processing entry 3299 of 4135
Processing entry 3300 of 4135
Processing entry 3301 of 4135
Processing entry 3302 of 4135
Processing entry 3303 of 4135
Processing entry 3304 of 4135
Processing entry 3305 of 4135
Processing entry 3306 of 4135
Processing entry 3307 of 4135
Processing entry 3308 of 4135
Processing entry 3309 of 4135
Processing entry 3310 of 4135
Processing entry 3311 of 4135
Processing entry 3312 of 4135
Processing entry 3313 of 4135
Processing entry 3314 of 4135
Processing entry 3315 of 4135
Processing entry 3316 of 4135
Processing entry 3317 of 4135
Processing entry 3318 of 4135
Processing entry 3319 of 4135
Processing entry 3320 of 4135
Processing entry 3321 of 4135
Processing entry 3322 of 4135
Processing entry 3323 of 4135
Processing entry 3324 of 4135
Processing entry 3325 of 4135
Processing entry 3326 of 4135
Processing entry 3327 of 4135
Processing entry 3328 of 4135
Processing entry 3329 of 4135
Processing entry 3330 of 4135
Processing entry 3331 of 4135
Processing entry 3332 of 4135
Processing entry 3333 of 4135
Processing entry 3334 of 4135
Processing entry 3335 of 4135
Processing entry 3336 of 4135
Processing entry 3337 of 4135
Processing entry 3338 of 4135
Processing entry 3339 of 4135
Processing entry 3340 of 4135
Processing entry 3341 of 4135
Processing entry 3342 of 4135
Processing entry 3343 of 4135
Processing entry 3344 of 4135
Processing entry 3345 of 4135
Processing entry 3346 of 4135
Processing entry 3347 of 4135
Processing entry 3348 of 4135
Processing entry 3349 of 4135
Processing entry 3350 of 4135
Processing entry 3351 of 4135
Processing entry 3352 of 4135
Processing entry 3353 of 4135
Processing entry 3354 of 4135
Processing entry 3355 of 4135
Processing entry 3356 of 4135
Processing entry 3357 of 4135
Processing entry 3358 of 4135
Processing entry 3359 of 4135
Processing entry 3360 of 4135
Processing entry 3361 of 4135
Processing entry 3362 of 4135
Processing entry 3363 of 4135
Processing entry 3364 of 4135
Processing entry 3365 of 4135
Processing entry 3366 of 4135
Processing entry 3367 of 4135
Processing entry 3368 of 4135
Processing entry 3369 of 4135
Processing entry 3370 of 4135
Processing entry 3371 of 4135
Processing entry 3372 of 4135
Processing entry 3373 of 4135
Processing entry 3374 of 4135
Processing entry 3375 of 4135
Processing entry 3376 of 4135
Processing entry 3377 of 4135
Processing entry 3378 of 4135
Processing entry 3379 of 4135
Processing entry 3380 of 4135
Processing entry 3381 of 4135
Processing entry 3382 of 4135
Processing entry 3383 of 4135
Processing entry 3384 of 4135
Processing entry 3385 of 4135
Processing entry 3386 of 4135
Processing entry 3387 of 4135
Processing entry 3388 of 4135
Processing entry 3389 of 4135
Processing entry 3390 of 4135
Processing entry 3391 of 4135
Processing entry 3392 of 4135
Processing entry 3393 of 4135
Processing entry 3394 of 4135
Processing entry 3395 of 4135
Processing entry 3396 of 4135
Processing entry 3397 of 4135
Processing entry 3398 of 4135
Processing entry 3399 of 4135
Processing entry 3400 of 4135
Processing entry 3401 of 4135
Processing entry 3402 of 4135
Processing entry 3403 of 4135
Processing entry 3404 of 4135
Processing entry 3405 of 4135
Processing entry 3406 of 4135
Processing entry 3407 of 4135
Processing entry 3408 of 4135
Processing entry 3409 of 4135
Processing entry 3410 of 4135
Processing entry 3411 of 4135
Processing entry 3412 of 4135
Processing entry 3413 of 4135
Processing entry 3414 of 4135
Processing entry 3415 of 4135
Processing entry 3416 of 4135
Processing entry 3417 of 4135
Processing entry 3418 of 4135
Processing entry 3419 of 4135
Processing entry 3420 of 4135
Processing entry 3421 of 4135
Processing entry 3422 of 4135
Processing entry 3423 of 4135
Processing entry 3424 of 4135
Processing entry 3425 of 4135
Processing entry 3426 of 4135
Processing entry 3427 of 4135
Processing entry 3428 of 4135
Processing entry 3429 of 4135
Processing entry 3430 of 4135
Processing entry 3431 of 4135
Processing entry 3432 of 4135
Processing entry 3433 of 4135
Processing entry 3434 of 4135
Processing entry 3435 of 4135
Processing entry 3436 of 4135
Processing entry 3437 of 4135
Processing entry 3438 of 4135
Processing entry 3439 of 4135
Processing entry 3440 of 4135
Processing entry 3441 of 4135
Processing entry 3442 of 4135
Processing entry 3443 of 4135
Processing entry 3444 of 4135
Processing entry 3445 of 4135
Processing entry 3446 of 4135
Processing entry 3447 of 4135
Processing entry 3448 of 4135
Processing entry 3449 of 4135
Processing entry 3450 of 4135
Processing entry 3451 of 4135
Processing entry 3452 of 4135
Processing entry 3453 of 4135
Processing entry 3454 of 4135
Processing entry 3455 of 4135
Processing entry 3456 of 4135
Processing entry 3457 of 4135
Processing entry 3458 of 4135
Processing entry 3459 of 4135
Processing entry 3460 of 4135
Processing entry 3461 of 4135
Processing entry 3462 of 4135
Processing entry 3463 of 4135
Processing entry 3464 of 4135
Processing entry 3465 of 4135
Processing entry 3466 of 4135
Processing entry 3467 of 4135
Processing entry 3468 of 4135
Processing entry 3469 of 4135
Processing entry 3470 of 4135
Processing entry 3471 of 4135
Processing entry 3472 of 4135
Processing entry 3473 of 4135
Processing entry 3474 of 4135
Processing entry 3475 of 4135
Processing entry 3476 of 4135
Processing entry 3477 of 4135
Processing entry 3478 of 4135
Processing entry 3479 of 4135
Processing entry 3480 of 4135
Processing entry 3481 of 4135
Processing entry 3482 of 4135
Processing entry 3483 of 4135
Processing entry 3484 of 4135
Processing entry 3485 of 4135
Processing entry 3486 of 4135
Processing entry 3487 of 4135
Processing entry 3488 of 4135
Processing entry 3489 of 4135
Processing entry 3490 of 4135
Processing entry 3491 of 4135
Processing entry 3492 of 4135
Processing entry 3493 of 4135
Processing entry 3494 of 4135
Processing entry 3495 of 4135
Processing entry 3496 of 4135
Processing entry 3497 of 4135
Processing entry 3498 of 4135
Processing entry 3499 of 4135
Processing entry 3500 of 4135
Processing entry 3501 of 4135
Processing entry 3502 of 4135
Processing entry 3503 of 4135
Processing entry 3504 of 4135
Processing entry 3505 of 4135
Processing entry 3506 of 4135
Processing entry 3507 of 4135
Processing entry 3508 of 4135
Processing entry 3509 of 4135
Processing entry 3510 of 4135
Processing entry 3511 of 4135
Processing entry 3512 of 4135
Processing entry 3513 of 4135
Processing entry 3514 of 4135
Processing entry 3515 of 4135
Processing entry 3516 of 4135
Processing entry 3517 of 4135
Processing entry 3518 of 4135
Processing entry 3519 of 4135
Processing entry 3520 of 4135
Processing entry 3521 of 4135
Processing entry 3522 of 4135
Processing entry 3523 of 4135
Processing entry 3524 of 4135
Processing entry 3525 of 4135
Processing entry 3526 of 4135
Processing entry 3527 of 4135
Processing entry 3528 of 4135
Processing entry 3529 of 4135
Processing entry 3530 of 4135
Processing entry 3531 of 4135
Processing entry 3532 of 4135
Processing entry 3533 of 4135
Processing entry 3534 of 4135
Processing entry 3535 of 4135
Processing entry 3536 of 4135
Processing entry 3537 of 4135
Processing entry 3538 of 4135
Processing entry 3539 of 4135
Processing entry 3540 of 4135
Processing entry 3541 of 4135
Processing entry 3542 of 4135
Processing entry 3543 of 4135
Processing entry 3544 of 4135
Processing entry 3545 of 4135
Processing entry 3546 of 4135
Processing entry 3547 of 4135
Processing entry 3548 of 4135
Processing entry 3549 of 4135
Processing entry 3550 of 4135
Processing entry 3551 of 4135
Processing entry 3552 of 4135
Processing entry 3553 of 4135
Processing entry 3554 of 4135
Processing entry 3555 of 4135
Processing entry 3556 of 4135
Processing entry 3557 of 4135
Processing entry 3558 of 4135
Processing entry 3559 of 4135
Processing entry 3560 of 4135
Processing entry 3561 of 4135
Processing entry 3562 of 4135
Processing entry 3563 of 4135
Processing entry 3564 of 4135
Processing entry 3565 of 4135
Processing entry 3566 of 4135
Processing entry 3567 of 4135
Processing entry 3568 of 4135
Processing entry 3569 of 4135
Processing entry 3570 of 4135
Processing entry 3571 of 4135
Processing entry 3572 of 4135
Processing entry 3573 of 4135
Processing entry 3574 of 4135
Processing entry 3575 of 4135
Processing entry 3576 of 4135
Processing entry 3577 of 4135
Processing entry 3578 of 4135
Processing entry 3579 of 4135
Processing entry 3580 of 4135
Processing entry 3581 of 4135
Processing entry 3582 of 4135
Processing entry 3583 of 4135
Processing entry 3584 of 4135
Processing entry 3585 of 4135
Processing entry 3586 of 4135
Processing entry 3587 of 4135
Processing entry 3588 of 4135
Processing entry 3589 of 4135
Processing entry 3590 of 4135
Processing entry 3591 of 4135
Processing entry 3592 of 4135
Processing entry 3593 of 4135
Processing entry 3594 of 4135
Processing entry 3595 of 4135
Processing entry 3596 of 4135
Processing entry 3597 of 4135
Processing entry 3598 of 4135
Processing entry 3599 of 4135
Processing entry 3600 of 4135
Processing entry 3601 of 4135
Processing entry 3602 of 4135
Processing entry 3603 of 4135
Processing entry 3604 of 4135
Processing entry 3605 of 4135
Processing entry 3606 of 4135
Processing entry 3607 of 4135
Processing entry 3608 of 4135
Processing entry 3609 of 4135
Processing entry 3610 of 4135
Processing entry 3611 of 4135
Processing entry 3612 of 4135
Processing entry 3613 of 4135
Processing entry 3614 of 4135
Processing entry 3615 of 4135
Processing entry 3616 of 4135
Processing entry 3617 of 4135
Processing entry 3618 of 4135
Processing entry 3619 of 4135
Processing entry 3620 of 4135
Processing entry 3621 of 4135
Processing entry 3622 of 4135
Processing entry 3623 of 4135
Processing entry 3624 of 4135
Processing entry 3625 of 4135
Processing entry 3626 of 4135
Processing entry 3627 of 4135
Processing entry 3628 of 4135
Processing entry 3629 of 4135
Processing entry 3630 of 4135
Processing entry 3631 of 4135
Processing entry 3632 of 4135
Processing entry 3633 of 4135
Processing entry 3634 of 4135
Processing entry 3635 of 4135
Processing entry 3636 of 4135
Processing entry 3637 of 4135
Processing entry 3638 of 4135
Processing entry 3639 of 4135
Processing entry 3640 of 4135
Processing entry 3641 of 4135
Processing entry 3642 of 4135
Processing entry 3643 of 4135
Processing entry 3644 of 4135
Processing entry 3645 of 4135
Processing entry 3646 of 4135
Processing entry 3647 of 4135
Processing entry 3648 of 4135
Processing entry 3649 of 4135
Processing entry 3650 of 4135
Processing entry 3651 of 4135
Processing entry 3652 of 4135
Processing entry 3653 of 4135
Processing entry 3654 of 4135
Processing entry 3655 of 4135
Processing entry 3656 of 4135
Processing entry 3657 of 4135
Processing entry 3658 of 4135
Processing entry 3659 of 4135
Processing entry 3660 of 4135
Processing entry 3661 of 4135
Processing entry 3662 of 4135
Processing entry 3663 of 4135
Processing entry 3664 of 4135
Processing entry 3665 of 4135
Processing entry 3666 of 4135
Processing entry 3667 of 4135
Processing entry 3668 of 4135
Processing entry 3669 of 4135
Processing entry 3670 of 4135
Processing entry 3671 of 4135
Processing entry 3672 of 4135
Processing entry 3673 of 4135
Processing entry 3674 of 4135
Processing entry 3675 of 4135
Processing entry 3676 of 4135
Processing entry 3677 of 4135
Processing entry 3678 of 4135
Processing entry 3679 of 4135
Processing entry 3680 of 4135
Processing entry 3681 of 4135
Processing entry 3682 of 4135
Processing entry 3683 of 4135
Processing entry 3684 of 4135
Processing entry 3685 of 4135
Processing entry 3686 of 4135
Processing entry 3687 of 4135
Processing entry 3688 of 4135
Processing entry 3689 of 4135
Processing entry 3690 of 4135
Processing entry 3691 of 4135
Processing entry 3692 of 4135
Processing entry 3693 of 4135
Processing entry 3694 of 4135
Processing entry 3695 of 4135
Processing entry 3696 of 4135
Processing entry 3697 of 4135
Processing entry 3698 of 4135
Processing entry 3699 of 4135
Processing entry 3700 of 4135
Processing entry 3701 of 4135
Processing entry 3702 of 4135
Processing entry 3703 of 4135
Processing entry 3704 of 4135
Processing entry 3705 of 4135
Processing entry 3706 of 4135
Processing entry 3707 of 4135
Processing entry 3708 of 4135
Processing entry 3709 of 4135
Processing entry 3710 of 4135
Processing entry 3711 of 4135
Processing entry 3712 of 4135
Processing entry 3713 of 4135
Processing entry 3714 of 4135
Processing entry 3715 of 4135
Processing entry 3716 of 4135
Processing entry 3717 of 4135
Processing entry 3718 of 4135
Processing entry 3719 of 4135
Processing entry 3720 of 4135
Processing entry 3721 of 4135
Processing entry 3722 of 4135
Processing entry 3723 of 4135
Processing entry 3724 of 4135
Processing entry 3725 of 4135
Processing entry 3726 of 4135
Processing entry 3727 of 4135
Processing entry 3728 of 4135
Processing entry 3729 of 4135
Processing entry 3730 of 4135
Processing entry 3731 of 4135
Processing entry 3732 of 4135
Processing entry 3733 of 4135
Processing entry 3734 of 4135
Processing entry 3735 of 4135
Processing entry 3736 of 4135
Processing entry 3737 of 4135
Processing entry 3738 of 4135
Processing entry 3739 of 4135
Processing entry 3740 of 4135
Processing entry 3741 of 4135
Processing entry 3742 of 4135
Processing entry 3743 of 4135
Processing entry 3744 of 4135
Processing entry 3745 of 4135
Processing entry 3746 of 4135
Processing entry 3747 of 4135
Processing entry 3748 of 4135
Processing entry 3749 of 4135
Processing entry 3750 of 4135
Processing entry 3751 of 4135
Processing entry 3752 of 4135
Processing entry 3753 of 4135
Processing entry 3754 of 4135
Processing entry 3755 of 4135
Processing entry 3756 of 4135
Processing entry 3757 of 4135
Processing entry 3758 of 4135
Processing entry 3759 of 4135
Processing entry 3760 of 4135
Processing entry 3761 of 4135
Processing entry 3762 of 4135
Processing entry 3763 of 4135
Processing entry 3764 of 4135
Processing entry 3765 of 4135
Processing entry 3766 of 4135
Processing entry 3767 of 4135
Processing entry 3768 of 4135
Processing entry 3769 of 4135
Processing entry 3770 of 4135
Processing entry 3771 of 4135
Processing entry 3772 of 4135
Processing entry 3773 of 4135
Processing entry 3774 of 4135
Processing entry 3775 of 4135
Processing entry 3776 of 4135
Processing entry 3777 of 4135
Processing entry 3778 of 4135
Processing entry 3779 of 4135
Processing entry 3780 of 4135
Processing entry 3781 of 4135
Processing entry 3782 of 4135
Processing entry 3783 of 4135
Processing entry 3784 of 4135
Processing entry 3785 of 4135
Processing entry 3786 of 4135
Processing entry 3787 of 4135
Processing entry 3788 of 4135
Processing entry 3789 of 4135
Processing entry 3790 of 4135
Processing entry 3791 of 4135
Processing entry 3792 of 4135
Processing entry 3793 of 4135
Processing entry 3794 of 4135
Processing entry 3795 of 4135
Processing entry 3796 of 4135
Processing entry 3797 of 4135
Processing entry 3798 of 4135
Processing entry 3799 of 4135
Processing entry 3800 of 4135
Processing entry 3801 of 4135
Processing entry 3802 of 4135
Processing entry 3803 of 4135
Processing entry 3804 of 4135
Processing entry 3805 of 4135
Processing entry 3806 of 4135
Processing entry 3807 of 4135
Processing entry 3808 of 4135
Processing entry 3809 of 4135
Processing entry 3810 of 4135
Processing entry 3811 of 4135
Processing entry 3812 of 4135
Processing entry 3813 of 4135
Processing entry 3814 of 4135
Processing entry 3815 of 4135
Processing entry 3816 of 4135
Processing entry 3817 of 4135
Processing entry 3818 of 4135
Processing entry 3819 of 4135
Processing entry 3820 of 4135
Processing entry 3821 of 4135
Processing entry 3822 of 4135
Processing entry 3823 of 4135
Processing entry 3824 of 4135
Processing entry 3825 of 4135
Processing entry 3826 of 4135
Processing entry 3827 of 4135
Processing entry 3828 of 4135
Processing entry 3829 of 4135
Processing entry 3830 of 4135
Processing entry 3831 of 4135
Processing entry 3832 of 4135
Processing entry 3833 of 4135
Processing entry 3834 of 4135
Processing entry 3835 of 4135
Processing entry 3836 of 4135
Processing entry 3837 of 4135
Processing entry 3838 of 4135
Processing entry 3839 of 4135
Processing entry 3840 of 4135
Processing entry 3841 of 4135
Processing entry 3842 of 4135
Processing entry 3843 of 4135
Processing entry 3844 of 4135
Processing entry 3845 of 4135
Processing entry 3846 of 4135
Processing entry 3847 of 4135
Processing entry 3848 of 4135
Processing entry 3849 of 4135
Processing entry 3850 of 4135
Processing entry 3851 of 4135
Processing entry 3852 of 4135
Processing entry 3853 of 4135
Processing entry 3854 of 4135
Processing entry 3855 of 4135
Processing entry 3856 of 4135
Processing entry 3857 of 4135
Processing entry 3858 of 4135
Processing entry 3859 of 4135
Processing entry 3860 of 4135
Processing entry 3861 of 4135
Processing entry 3862 of 4135
Processing entry 3863 of 4135
Processing entry 3864 of 4135
Processing entry 3865 of 4135
Processing entry 3866 of 4135
Processing entry 3867 of 4135
Processing entry 3868 of 4135
Processing entry 3869 of 4135
Processing entry 3870 of 4135
Processing entry 3871 of 4135
Processing entry 3872 of 4135
Processing entry 3873 of 4135
Processing entry 3874 of 4135
Processing entry 3875 of 4135
Processing entry 3876 of 4135
Processing entry 3877 of 4135
Processing entry 3878 of 4135
Processing entry 3879 of 4135
Processing entry 3880 of 4135
Processing entry 3881 of 4135
Processing entry 3882 of 4135
Processing entry 3883 of 4135
Processing entry 3884 of 4135
Processing entry 3885 of 4135
Processing entry 3886 of 4135
Processing entry 3887 of 4135
Processing entry 3888 of 4135
Processing entry 3889 of 4135
Processing entry 3890 of 4135
Processing entry 3891 of 4135
Processing entry 3892 of 4135
Processing entry 3893 of 4135
Processing entry 3894 of 4135
Processing entry 3895 of 4135
Processing entry 3896 of 4135
Processing entry 3897 of 4135
Processing entry 3898 of 4135
Processing entry 3899 of 4135
Processing entry 3900 of 4135
Processing entry 3901 of 4135
Processing entry 3902 of 4135
Processing entry 3903 of 4135
Processing entry 3904 of 4135
Processing entry 3905 of 4135
Processing entry 3906 of 4135
Processing entry 3907 of 4135
Processing entry 3908 of 4135
Processing entry 3909 of 4135
Processing entry 3910 of 4135
Processing entry 3911 of 4135
Processing entry 3912 of 4135
Processing entry 3913 of 4135
Processing entry 3914 of 4135
Processing entry 3915 of 4135
Processing entry 3916 of 4135
Processing entry 3917 of 4135
Processing entry 3918 of 4135
Processing entry 3919 of 4135
Processing entry 3920 of 4135
Processing entry 3921 of 4135
Processing entry 3922 of 4135
Processing entry 3923 of 4135
Processing entry 3924 of 4135
Processing entry 3925 of 4135
Processing entry 3926 of 4135
Processing entry 3927 of 4135
Processing entry 3928 of 4135
Processing entry 3929 of 4135
Processing entry 3930 of 4135
Processing entry 3931 of 4135
Processing entry 3932 of 4135
Processing entry 3933 of 4135
Processing entry 3934 of 4135
Processing entry 3935 of 4135
Processing entry 3936 of 4135
Processing entry 3937 of 4135
Processing entry 3938 of 4135
Processing entry 3939 of 4135
Processing entry 3940 of 4135
Processing entry 3941 of 4135
Processing entry 3942 of 4135
Processing entry 3943 of 4135
Processing entry 3944 of 4135
Processing entry 3945 of 4135
Processing entry 3946 of 4135
Processing entry 3947 of 4135
Processing entry 3948 of 4135
Processing entry 3949 of 4135
Processing entry 3950 of 4135
Processing entry 3951 of 4135
Processing entry 3952 of 4135
Processing entry 3953 of 4135
Processing entry 3954 of 4135
Processing entry 3955 of 4135
Processing entry 3956 of 4135
Processing entry 3957 of 4135
Processing entry 3958 of 4135
Processing entry 3959 of 4135
Processing entry 3960 of 4135
Processing entry 3961 of 4135
Processing entry 3962 of 4135
Processing entry 3963 of 4135
Processing entry 3964 of 4135
Processing entry 3965 of 4135
Processing entry 3966 of 4135
Processing entry 3967 of 4135
Processing entry 3968 of 4135
Processing entry 3969 of 4135
Processing entry 3970 of 4135
Processing entry 3971 of 4135
Processing entry 3972 of 4135
Processing entry 3973 of 4135
Processing entry 3974 of 4135
Processing entry 3975 of 4135
Processing entry 3976 of 4135
Processing entry 3977 of 4135
Processing entry 3978 of 4135
Processing entry 3979 of 4135
Processing entry 3980 of 4135
Processing entry 3981 of 4135
Processing entry 3982 of 4135
Processing entry 3983 of 4135
Processing entry 3984 of 4135
Processing entry 3985 of 4135
Processing entry 3986 of 4135
Processing entry 3987 of 4135
Processing entry 3988 of 4135
Processing entry 3989 of 4135
Processing entry 3990 of 4135
Processing entry 3991 of 4135
Processing entry 3992 of 4135
Processing entry 3993 of 4135
Processing entry 3994 of 4135
Processing entry 3995 of 4135
Processing entry 3996 of 4135
Processing entry 3997 of 4135
Processing entry 3998 of 4135
Processing entry 3999 of 4135
Processing entry 4000 of 4135
Processing entry 4001 of 4135
Processing entry 4002 of 4135
Processing entry 4003 of 4135
Processing entry 4004 of 4135
Processing entry 4005 of 4135
Processing entry 4006 of 4135
Processing entry 4007 of 4135
Processing entry 4008 of 4135
Processing entry 4009 of 4135
Processing entry 4010 of 4135
Processing entry 4011 of 4135
Processing entry 4012 of 4135
Processing entry 4013 of 4135
Processing entry 4014 of 4135
Processing entry 4015 of 4135
Processing entry 4016 of 4135
Processing entry 4017 of 4135
Processing entry 4018 of 4135
Processing entry 4019 of 4135
Processing entry 4020 of 4135
Processing entry 4021 of 4135
Processing entry 4022 of 4135
Processing entry 4023 of 4135
Processing entry 4024 of 4135
Processing entry 4025 of 4135
Processing entry 4026 of 4135
Processing entry 4027 of 4135
Processing entry 4028 of 4135
Processing entry 4029 of 4135
Processing entry 4030 of 4135
Processing entry 4031 of 4135
Processing entry 4032 of 4135
Processing entry 4033 of 4135
Processing entry 4034 of 4135
Processing entry 4035 of 4135
Processing entry 4036 of 4135
Processing entry 4037 of 4135
Processing entry 4038 of 4135
Processing entry 4039 of 4135
Processing entry 4040 of 4135
Processing entry 4041 of 4135
Processing entry 4042 of 4135
Processing entry 4043 of 4135
Processing entry 4044 of 4135
Processing entry 4045 of 4135
Processing entry 4046 of 4135
Processing entry 4047 of 4135
Processing entry 4048 of 4135
Processing entry 4049 of 4135
Processing entry 4050 of 4135
Processing entry 4051 of 4135
Processing entry 4052 of 4135
Processing entry 4053 of 4135
Processing entry 4054 of 4135
Processing entry 4055 of 4135
Processing entry 4056 of 4135
Processing entry 4057 of 4135
Processing entry 4058 of 4135
Processing entry 4059 of 4135
Processing entry 4060 of 4135
Processing entry 4061 of 4135
Processing entry 4062 of 4135
Processing entry 4063 of 4135
Processing entry 4064 of 4135
Processing entry 4065 of 4135
Processing entry 4066 of 4135
Processing entry 4067 of 4135
Processing entry 4068 of 4135
Processing entry 4069 of 4135
Processing entry 4070 of 4135
Processing entry 4071 of 4135
Processing entry 4072 of 4135
Processing entry 4073 of 4135
Processing entry 4074 of 4135
Processing entry 4075 of 4135
Processing entry 4076 of 4135
Processing entry 4077 of 4135
Processing entry 4078 of 4135
Processing entry 4079 of 4135
Processing entry 4080 of 4135
Processing entry 4081 of 4135
Processing entry 4082 of 4135
Processing entry 4083 of 4135
Processing entry 4084 of 4135
Processing entry 4085 of 4135
Processing entry 4086 of 4135
Processing entry 4087 of 4135
Processing entry 4088 of 4135
Processing entry 4089 of 4135
Processing entry 4090 of 4135
Processing entry 4091 of 4135
Processing entry 4092 of 4135
Processing entry 4093 of 4135
Processing entry 4094 of 4135
Processing entry 4095 of 4135
Processing entry 4096 of 4135
Processing entry 4097 of 4135
Processing entry 4098 of 4135
Processing entry 4099 of 4135
Processing entry 4100 of 4135
Processing entry 4101 of 4135
Processing entry 4102 of 4135
Processing entry 4103 of 4135
Processing entry 4104 of 4135
Processing entry 4105 of 4135
Processing entry 4106 of 4135
Processing entry 4107 of 4135
Processing entry 4108 of 4135
Processing entry 4109 of 4135
Processing entry 4110 of 4135
Processing entry 4111 of 4135
Processing entry 4112 of 4135
Processing entry 4113 of 4135
Processing entry 4114 of 4135
Processing entry 4115 of 4135
Processing entry 4116 of 4135
Processing entry 4117 of 4135
Processing entry 4118 of 4135
Processing entry 4119 of 4135
Processing entry 4120 of 4135
Processing entry 4121 of 4135
Processing entry 4122 of 4135
Processing entry 4123 of 4135
Processing entry 4124 of 4135
Processing entry 4125 of 4135
Processing entry 4126 of 4135
Processing entry 4127 of 4135
Processing entry 4128 of 4135
Processing entry 4129 of 4135
Processing entry 4130 of 4135
Processing entry 4131 of 4135
Processing entry 4132 of 4135
Processing entry 4133 of 4135

BUILD SUCCESSFUL

Total time: 55.398 secs
./gradlew computeFeatures
:compileJava UP-TO-DATE
:compileGroovy UP-TO-DATE
:processResources UP-TO-DATE
:classes UP-TO-DATE
:computeFeatures
Processing FRA-MEX on 1930-07-13 (1 paths)
Processing USA-BEL on 1930-07-13 (1 paths)
Processing ROU-PER on 1930-07-14 (1 paths)
Processing YUG-BRA on 1930-07-14 (1 paths)
Processing ARG-FRA on 1930-07-15 (1 paths)
Processing CHL-MEX on 1930-07-16 (1 paths)
Processing USA-PRY on 1930-07-17 (1 paths)
Processing YUG-BOL on 1930-07-17 (1 paths)
Processing URY-PER on 1930-07-18 (1 paths)
Processing ARG-MEX on 1930-07-19 (3 paths)
Processing CHL-FRA on 1930-07-19 (3 paths)
Processing BRA-BOL on 1930-07-20 (2 paths)
Processing PRY-BEL on 1930-07-20 (2 paths)
Processing URY-ROU on 1930-07-21 (2 paths)
Processing ARG-CHL on 1930-07-22 (5 paths)
Processing ARG-USA on 1930-07-26 (1 paths)
Processing URY-YUG on 1930-07-27 (1 paths)
Processing URY-ARG on 1930-07-30 (1 paths)
Processing AUT-FRA on 1934-05-27 (1 paths)
Processing CHE-NLD on 1934-05-27 (1 paths)
Processing CSK-ROU on 1934-05-27 (1 paths)
Processing DEU-BEL on 1934-05-27 (1 paths)
Processing ESP-BRA on 1934-05-27 (1 paths)
Processing HUN-EGY on 1934-05-27 (1 paths)
Processing ITA-USA on 1934-05-27 (1 paths)
Processing SWE-ARG on 1934-05-27 (1 paths)
Processing AUT-HUN on 1934-05-31 (1 paths)
Processing CSK-CHE on 1934-05-31 (1 paths)
Processing DEU-SWE on 1934-05-31 (1 paths)
Processing ITA-ESP on 1934-05-31 (1 paths)
Processing ITA-ESP on 1934-06-01 (2 paths)
Processing CSK-DEU on 1934-06-03 (1 paths)
Processing ITA-AUT on 1934-06-03 (1 paths)
Processing DEU-AUT on 1934-06-07 (1 paths)
Processing ITA-CSK on 1934-06-10 (2 paths)
Processing CHE-DEU on 1938-06-04 (2 paths)
Processing DEU-CHE on 1938-06-04 (2 paths)
Processing BRA-POL on 1938-06-05 (1 paths)
Processing CSK-NLD on 1938-06-05 (3 paths)
Processing CUB-ROU on 1938-06-05 (1 paths)
Processing FRA-BEL on 1938-06-05 (2 paths)
Processing HUN-DEI on 1938-06-05 (1 paths)
Processing ITA-NOR on 1938-06-05 (1 paths)
Processing CHE-DEU on 1938-06-09 (4 paths)
Processing CUB-ROU on 1938-06-09 (2 paths)
Processing DEU-CHE on 1938-06-09 (4 paths)
Processing BRA-CSK on 1938-06-12 (3 paths)
Processing CHE-HUN on 1938-06-12 (3 paths)
Processing FRA-ITA on 1938-06-12 (2 paths)
Processing HUN-CHE on 1938-06-12 (3 paths)
Processing SWE-CUB on 1938-06-12 (1 paths)
Processing BRA-CSK on 1938-06-14 (4 paths)
Processing HUN-SWE on 1938-06-16 (4 paths)
Processing ITA-BRA on 1938-06-16 (5 paths)
Processing BRA-SWE on 1938-06-19 (4 paths)
Processing HUN-ITA on 1938-06-19 (5 paths)
Processing ITA-HUN on 1938-06-19 (5 paths)
Processing SWE-BRA on 1938-06-19 (4 paths)
Processing BRA-MEX on 1950-06-24 (1 paths)
Processing ENG-CHL on 1950-06-25 (1 paths)
Processing ESP-USA on 1950-06-25 (1 paths)
Processing SWE-ITA on 1950-06-25 (1 paths)
Processing YUG-CHE on 1950-06-25 (1 paths)
Processing BRA-CHE on 1950-06-28 (2 paths)
Processing MEX-YUG on 1950-06-28 (2 paths)
Processing ESP-CHL on 1950-06-29 (2 paths)
Processing SWE-PRY on 1950-06-29 (1 paths)
Processing USA-ENG on 1950-06-29 (2 paths)
Processing BRA-YUG on 1950-07-01 (3 paths)
Processing CHL-USA on 1950-07-02 (5 paths)
Processing ESP-ENG on 1950-07-02 (5 paths)
Processing ITA-PRY on 1950-07-02 (2 paths)
Processing MEX-CHE on 1950-07-02 (5 paths)
Processing URY-BOL on 1950-07-02 (1 paths)
Processing BRA-SWE on 1950-07-09 (1 paths)
Processing URY-ESP on 1950-07-09 (1 paths)
Processing BRA-ESP on 1950-07-13 (2 paths)
Processing URY-SWE on 1950-07-13 (2 paths)
Processing SWE-ESP on 1950-07-16 (5 paths)
Processing URY-BRA on 1950-07-16 (5 paths)
Processing AUT-SCO on 1954-06-16 (1 paths)
Processing BRA-MEX on 1954-06-16 (6 paths)
Processing URY-CSK on 1954-06-16 (1 paths)
Processing YUG-FRA on 1954-06-16 (1 paths)
Processing CHE-ITA on 1954-06-17 (2 paths)
Processing DEU-TUR on 1954-06-17 (1 paths)
Processing ENG-BEL on 1954-06-17 (1 paths)
Processing HUN-KOR on 1954-06-17 (1 paths)
Processing AUT-CSK on 1954-06-19 (2 paths)
Processing BRA-YUG on 1954-06-19 (10 paths)
Processing FRA-MEX on 1954-06-19 (7 paths)
Processing URY-SCO on 1954-06-19 (2 paths)
Processing ENG-CHE on 1954-06-20 (3 paths)
Processing HUN-DEU on 1954-06-20 (2 paths)
Processing ITA-BEL on 1954-06-20 (2 paths)
Processing TUR-KOR on 1954-06-20 (2 paths)
Processing CHE-ITA on 1954-06-23 (4 paths)
Processing DEU-TUR on 1954-06-23 (3 paths)
Processing AUT-CHE on 1954-06-26 (1 paths)
Processing URY-ENG on 1954-06-26 (7 paths)
Processing BRA-HUN on 1954-06-27 (3 paths)
Processing DEU-YUG on 1954-06-27 (3 paths)
Processing HUN-BRA on 1954-06-27 (3 paths)
Processing YUG-DEU on 1954-06-27 (3 paths)
Processing DEU-AUT on 1954-06-30 (2 paths)
Processing HUN-URY on 1954-06-30 (4 paths)
Processing AUT-URY on 1954-07-03 (6 paths)
Processing URY-AUT on 1954-07-03 (6 paths)
Processing DEU-HUN on 1954-07-04 (7 paths)
Processing HUN-DEU on 1954-07-04 (7 paths)
Processing ARG-DEU on 1958-06-08 (1 paths)
Processing BRA-AUT on 1958-06-08 (6 paths)
Processing DEU-ARG on 1958-06-08 (1 paths)
Processing FRA-PRY on 1958-06-08 (1 paths)
Processing HUN-WAL on 1958-06-08 (1 paths)
Processing NIR-CSK on 1958-06-08 (1 paths)
Processing SUN-ENG on 1958-06-08 (1 paths)
Processing SWE-MEX on 1958-06-08 (1 paths)
Processing YUG-SCO on 1958-06-08 (3 paths)
Processing ARG-NIR on 1958-06-11 (2 paths)
Processing BRA-ENG on 1958-06-11 (5 paths)
Processing DEU-CSK on 1958-06-11 (6 paths)
Processing MEX-WAL on 1958-06-11 (2 paths)
Processing PRY-SCO on 1958-06-11 (3 paths)
Processing SUN-AUT on 1958-06-11 (4 paths)
Processing YUG-FRA on 1958-06-11 (4 paths)
Processing SWE-HUN on 1958-06-12 (3 paths)
Processing BRA-SUN on 1958-06-15 (5 paths)
Processing CSK-ARG on 1958-06-15 (6 paths)
Processing DEU-NIR on 1958-06-15 (6 paths)
Processing ENG-AUT on 1958-06-15 (9 paths)
Processing FRA-SCO on 1958-06-15 (7 paths)
Processing HUN-MEX on 1958-06-15 (6 paths)
Processing PRY-YUG on 1958-06-15 (7 paths)
Processing SWE-WAL on 1958-06-15 (5 paths)
Processing NIR-CSK on 1958-06-17 (7 paths)
Processing SUN-ENG on 1958-06-17 (8 paths)
Processing WAL-HUN on 1958-06-17 (7 paths)
Processing BRA-WAL on 1958-06-19 (10 paths)
Processing DEU-YUG on 1958-06-19 (8 paths)
Processing FRA-NIR on 1958-06-19 (5 paths)
Processing SWE-SUN on 1958-06-19 (4 paths)
Processing BRA-FRA on 1958-06-24 (9 paths)
Processing DEU-SWE on 1958-06-24 (10 paths)
Processing FRA-BRA on 1958-06-24 (9 paths)
Processing SWE-DEU on 1958-06-24 (10 paths)
Processing DEU-FRA on 1958-06-28 (22 paths)
Processing FRA-DEU on 1958-06-28 (22 paths)
Processing BRA-SWE on 1958-06-29 (23 paths)
Processing SWE-BRA on 1958-06-29 (23 paths)
Processing SUN-HUN on 1958-09-28 (21 paths)
Processing FRA-GRC on 1958-10-01 (1 paths)
Processing ROU-TUR on 1958-11-02 (1 paths)
Processing GRC-FRA on 1958-12-03 (2 paths)
Processing IRL-CSK on 1959-04-05 (1 paths)
Processing TUR-ROU on 1959-04-26 (2 paths)
Processing CSK-IRL on 1959-05-10 (2 paths)
Processing NOR-AUT on 1959-05-20 (1 paths)
Processing YUG-BGR on 1959-05-31 (1 paths)
Processing DDR-PRT on 1959-06-21 (1 paths)
Processing POL-ESP on 1959-06-28 (1 paths)
Processing PRT-DDR on 1959-06-28 (2 paths)
Processing AUT-NOR on 1959-09-23 (2 paths)
Processing DNK-CSK on 1959-09-23 (1 paths)
Processing HUN-SUN on 1959-09-27 (9 paths)
Processing ESP-POL on 1959-10-14 (2 paths)
Processing CSK-DNK on 1959-10-18 (2 paths)
Processing BGR-YUG on 1959-10-25 (2 paths)
Processing FRA-AUT on 1959-12-13 (4 paths)
Processing AUT-FRA on 1960-03-27 (5 paths)
Processing PRT-YUG on 1960-05-08 (1 paths)
Processing ROU-CSK on 1960-05-22 (1 paths)
Processing YUG-PRT on 1960-05-22 (2 paths)
Processing CSK-ROU on 1960-05-29 (2 paths)
Processing ESP-SUN on 1960-06-22 (1 paths)
Processing SUN-ESP on 1960-06-29 (2 paths)
Processing CSK-SUN on 1960-07-06 (2 paths)
Processing FRA-YUG on 1960-07-06 (8 paths)
Processing CSK-FRA on 1960-07-09 (14 paths)
Processing SUN-YUG on 1960-07-10 (11 paths)
Processing ARG-BGR on 1962-05-30 (3 paths)
Processing BRA-MEX on 1962-05-30 (11 paths)
Processing CHL-CHE on 1962-05-30 (1 paths)
Processing URY-COL on 1962-05-30 (1 paths)
Processing CSK-ESP on 1962-05-31 (3 paths)
Processing DEU-ITA on 1962-05-31 (1 paths)
Processing HUN-ENG on 1962-05-31 (15 paths)
Processing SUN-YUG on 1962-05-31 (12 paths)
Processing BRA-CSK on 1962-06-02 (16 paths)
Processing CHL-ITA on 1962-06-02 (1 paths)
Processing ENG-ARG on 1962-06-02 (4 paths)
Processing YUG-URY on 1962-06-02 (1 paths)
Processing DEU-CHE on 1962-06-03 (2 paths)
Processing ESP-MEX on 1962-06-03 (10 paths)
Processing HUN-BGR on 1962-06-03 (10 paths)
Processing SUN-COL on 1962-06-03 (3 paths)
Processing BRA-ESP on 1962-06-06 (19 paths)
Processing DEU-CHL on 1962-06-06 (3 paths)
Processing HUN-ARG on 1962-06-06 (10 paths)
Processing SUN-URY on 1962-06-06 (4 paths)
Processing ENG-BGR on 1962-06-07 (17 paths)
Processing ITA-CHE on 1962-06-07 (5 paths)
Processing MEX-CSK on 1962-06-07 (16 paths)
Processing YUG-COL on 1962-06-07 (7 paths)
Processing BRA-ENG on 1962-06-10 (26 paths)
Processing CHL-SUN on 1962-06-10 (7 paths)
Processing CSK-HUN on 1962-06-10 (30 paths)
Processing YUG-DEU on 1962-06-10 (18 paths)
Processing BRA-CHL on 1962-06-13 (14 paths)
Processing CSK-YUG on 1962-06-13 (41 paths)
Processing CHL-YUG on 1962-06-16 (20 paths)
Processing BRA-CSK on 1962-06-17 (43 paths)
Processing GRC-ALB on 1962-06-21 (1 paths)
Processing NOR-SWE on 1962-06-21 (5 paths)
Processing DNK-MLT on 1962-06-26 (1 paths)
Processing IRL-ISL on 1962-08-12 (1 paths)
Processing ISL-IRL on 1962-09-02 (2 paths)
Processing ENG-FRA on 1962-10-03 (38 paths)
Processing POL-NIR on 1962-10-10 (5 paths)
Processing ESP-ROU on 1962-11-01 (13 paths)
Processing SWE-NOR on 1962-11-04 (6 paths)
Processing YUG-BEL on 1962-11-04 (1 paths)
Processing BGR-PRT on 1962-11-07 (5 paths)
Processing HUN-WAL on 1962-11-07 (18 paths)
Processing NLD-CHE on 1962-11-11 (1 paths)
Processing DDR-CSK on 1962-11-21 (5 paths)
Processing ROU-ESP on 1962-11-25 (14 paths)
Processing NIR-POL on 1962-11-28 (6 paths)
Processing ITA-TUR on 1962-12-02 (1 paths)
Processing MLT-DNK on 1962-12-08 (2 paths)
Processing PRT-BGR on 1962-12-16 (6 paths)
Processing BGR-PRT on 1963-01-23 (7 paths)
Processing FRA-ENG on 1963-02-27 (39 paths)
Processing WAL-HUN on 1963-03-20 (19 paths)
Processing TUR-ITA on 1963-03-27 (2 paths)
Processing ALB-GRC on 1963-03-31 (2 paths)
Processing BEL-YUG on 1963-03-31 (2 paths)
Processing CHE-NLD on 1963-03-31 (2 paths)
Processing CSK-DDR on 1963-03-31 (6 paths)
Processing NLD-LUX on 1963-04-11 (1 paths)
Processing ESP-IRL on 1963-05-30 (21 paths)
Processing YUG-SWE on 1963-06-19 (8 paths)
Processing DNK-ALB on 1963-06-24 (1 paths)
Processing SWE-YUG on 1963-09-18 (2 paths)
Processing AUT-IRL on 1963-09-25 (5 paths)
Processing BGR-FRA on 1963-09-29 (18 paths)
Processing IRL-AUT on 1963-10-13 (6 paths)
Processing SUN-ITA on 1963-10-13 (8 paths)
Processing DDR-HUN on 1963-10-19 (11 paths)
Processing FRA-BGR on 1963-10-26 (19 paths)
Processing ALB-DNK on 1963-10-30 (2 paths)
Processing IRL-ESP on 1963-10-30 (22 paths)
Processing LUX-NLD on 1963-10-30 (2 paths)
Processing HUN-DDR on 1963-11-03 (12 paths)
Processing ITA-SUN on 1963-11-10 (9 paths)
Processing LUX-DNK on 1963-12-04 (1 paths)
Processing DNK-LUX on 1963-12-10 (2 paths)
Processing LUX-DNK on 1963-12-18 (3 paths)
Processing ESP-IRL on 1964-03-11 (23 paths)
Processing IRL-ESP on 1964-04-08 (14 paths)
Processing FRA-HUN on 1964-04-25 (24 paths)
Processing SWE-SUN on 1964-05-13 (13 paths)
Processing HUN-FRA on 1964-05-23 (25 paths)
Processing SUN-SWE on 1964-05-27 (14 paths)
Processing DNK-SUN on 1964-06-17 (13 paths)
Processing ESP-HUN on 1964-06-17 (21 paths)
Processing HUN-DNK on 1964-06-20 (23 paths)
Processing ESP-SUN on 1964-06-21 (21 paths)
Processing HUN-DNK on 1964-06-21 (25 paths)
Processing ENG-DEU on 1966-06-30 (2 paths)
Processing ENG-URY on 1966-07-11 (2 paths)
Processing BRA-BGR on 1966-07-12 (11 paths)
Processing DEU-CHE on 1966-07-12 (7 paths)
Processing SUN-PRK on 1966-07-12 (1 paths)
Processing ARG-ESP on 1966-07-13 (7 paths)
Processing FRA-MEX on 1966-07-13 (9 paths)
Processing ITA-CHL on 1966-07-13 (13 paths)
Processing PRT-HUN on 1966-07-13 (22 paths)
Processing CHL-PRK on 1966-07-15 (7 paths)
Processing ESP-CHE on 1966-07-15 (5 paths)
Processing HUN-BRA on 1966-07-15 (37 paths)
Processing PRK-CHL on 1966-07-15 (7 paths)
Processing URY-FRA on 1966-07-15 (7 paths)
Processing ARG-DEU on 1966-07-16 (6 paths)
Processing DEU-ARG on 1966-07-16 (6 paths)
Processing ENG-MEX on 1966-07-16 (17 paths)
Processing PRT-BGR on 1966-07-16 (12 paths)
Processing SUN-ITA on 1966-07-16 (13 paths)
Processing ARG-CHE on 1966-07-19 (9 paths)
Processing MEX-URY on 1966-07-19 (10 paths)
Processing PRK-ITA on 1966-07-19 (13 paths)
Processing PRT-BRA on 1966-07-19 (19 paths)
Processing URY-MEX on 1966-07-19 (10 paths)
Processing DEU-ESP on 1966-07-20 (22 paths)
Processing ENG-FRA on 1966-07-20 (28 paths)
Processing HUN-BGR on 1966-07-20 (38 paths)
Processing SUN-CHL on 1966-07-20 (31 paths)
Processing DEU-URY on 1966-07-23 (19 paths)
Processing ENG-ARG on 1966-07-23 (30 paths)
Processing PRT-PRK on 1966-07-23 (3 paths)
Processing SUN-HUN on 1966-07-23 (14 paths)
Processing DEU-SUN on 1966-07-25 (49 paths)
Processing ENG-PRT on 1966-07-26 (65 paths)
Processing PRT-SUN on 1966-07-28 (26 paths)
Processing ENG-DEU on 1966-07-30 (25 paths)
Processing NLD-HUN on 1966-09-07 (17 paths)
Processing HUN-DNK on 1966-09-21 (12 paths)
Processing FIN-AUT on 1966-10-02 (1 paths)
Processing POL-LUX on 1966-10-02 (1 paths)
Processing GRC-FIN on 1966-10-16 (1 paths)
Processing FRA-POL on 1966-10-22 (7 paths)
Processing NIR-ENG on 1966-10-22 (7 paths)
Processing WAL-SCO on 1966-10-22 (1 paths)
Processing IRL-ESP on 1966-10-23 (5 paths)
Processing ROU-CHE on 1966-11-02 (9 paths)
Processing BEL-FRA on 1966-11-11 (3 paths)
Processing BGR-NOR on 1966-11-13 (9 paths)
Processing PRT-SWE on 1966-11-13 (17 paths)
Processing ENG-WAL on 1966-11-16 (28 paths)
Processing IRL-TUR on 1966-11-16 (1 paths)
Processing SCO-NIR on 1966-11-16 (2 paths)
Processing ITA-ROU on 1966-11-26 (16 paths)
Processing LUX-FRA on 1966-11-26 (24 paths)
Processing NLD-DNK on 1966-11-30 (11 paths)
Processing CYP-ROU on 1966-12-03 (1 paths)
Processing ESP-IRL on 1966-12-07 (6 paths)
Processing TUR-ESP on 1967-02-01 (21 paths)
Processing TUR-IRL on 1967-02-22 (8 paths)
Processing LUX-BEL on 1967-03-19 (3 paths)
Processing CYP-ITA on 1967-03-22 (3 paths)
Processing DDR-NLD on 1967-04-05 (11 paths)
Processing DEU-ALB on 1967-04-09 (3 paths)
Processing NIR-WAL on 1967-04-12 (5 paths)
Processing ENG-SCO on 1967-04-15 (7 paths)
Processing LUX-POL on 1967-04-16 (4 paths)
Processing ROU-CYP on 1967-04-23 (4 paths)
Processing YUG-DEU on 1967-05-03 (28 paths)
Processing FIN-GRC on 1967-05-10 (2 paths)
Processing HUN-NLD on 1967-05-10 (36 paths)
Processing ALB-YUG on 1967-05-14 (8 paths)
Processing IRL-CSK on 1967-05-21 (33 paths)
Processing POL-BEL on 1967-05-21 (7 paths)
Processing CHE-ROU on 1967-05-24 (17 paths)
Processing DNK-HUN on 1967-05-24 (29 paths)
Processing ESP-TUR on 1967-05-31 (26 paths)
Processing SWE-PRT on 1967-06-01 (16 paths)
Processing DNK-DDR on 1967-06-04 (38 paths)
Processing NOR-PRT on 1967-06-08 (15 paths)
Processing SUN-AUT on 1967-06-11 (13 paths)
Processing SWE-BGR on 1967-06-11 (35 paths)
Processing CSK-TUR on 1967-06-18 (15 paths)
Processing ROU-ITA on 1967-06-25 (18 paths)
Processing NOR-BGR on 1967-06-29 (19 paths)
Processing SUN-GRC on 1967-07-16 (6 paths)
Processing SUN-FIN on 1967-08-30 (4 paths)
Processing NOR-SWE on 1967-09-03 (28 paths)
Processing FIN-SUN on 1967-09-06 (5 paths)
Processing NLD-DDR on 1967-09-13 (29 paths)
Processing POL-FRA on 1967-09-17 (14 paths)
Processing AUT-FIN on 1967-09-24 (6 paths)
Processing HUN-DDR on 1967-09-27 (22 paths)
Processing CSK-ESP on 1967-10-01 (31 paths)
Processing DNK-NLD on 1967-10-04 (50 paths)
Processing GRC-AUT on 1967-10-04 (14 paths)
Processing DEU-YUG on 1967-10-07 (7 paths)
Processing BEL-POL on 1967-10-08 (10 paths)
Processing DDR-DNK on 1967-10-11 (61 paths)
Processing AUT-SUN on 1967-10-15 (27 paths)
Processing NIR-SCO on 1967-10-21 (8 paths)
Processing WAL-ENG on 1967-10-21 (18 paths)
Processing ESP-CSK on 1967-10-22 (32 paths)
Processing FRA-BEL on 1967-10-28 (15 paths)
Processing DDR-HUN on 1967-10-29 (46 paths)
Processing GRC-SUN on 1967-10-31 (23 paths)
Processing ITA-CYP on 1967-11-01 (6 paths)
Processing AUT-GRC on 1967-11-05 (26 paths)
Processing SWE-NOR on 1967-11-05 (28 paths)
Processing CHE-CYP on 1967-11-08 (15 paths)
Processing BGR-SWE on 1967-11-12 (44 paths)
Processing PRT-NOR on 1967-11-12 (40 paths)
Processing YUG-ALB on 1967-11-12 (4 paths)
Processing TUR-CSK on 1967-11-15 (44 paths)
Processing CHE-ITA on 1967-11-18 (31 paths)
Processing BEL-LUX on 1967-11-22 (20 paths)
Processing CSK-IRL on 1967-11-22 (50 paths)
Processing ENG-NIR on 1967-11-22 (20 paths)
Processing SCO-WAL on 1967-11-22 (16 paths)
Processing BGR-PRT on 1967-11-26 (45 paths)
Processing ALB-DEU on 1967-12-17 (10 paths)
Processing PRT-BGR on 1967-12-17 (45 paths)
Processing FRA-LUX on 1967-12-23 (58 paths)
Processing ITA-CHE on 1967-12-23 (28 paths)
Processing CYP-CHE on 1968-02-17 (26 paths)
Processing SCO-ENG on 1968-02-24 (18 paths)
Processing WAL-NIR on 1968-02-28 (26 paths)
Processing ENG-ESP on 1968-04-03 (17 paths)
Processing BGR-ITA on 1968-04-06 (28 paths)
Processing FRA-YUG on 1968-04-06 (15 paths)
Processing ITA-BGR on 1968-04-20 (29 paths)
Processing YUG-FRA on 1968-04-24 (16 paths)
Processing HUN-SUN on 1968-05-04 (40 paths)
Processing ESP-ENG on 1968-05-08 (18 paths)
Processing SUN-HUN on 1968-05-11 (41 paths)
Processing ITA-SUN on 1968-06-05 (33 paths)
Processing YUG-ENG on 1968-06-05 (31 paths)
Processing ENG-SUN on 1968-06-08 (43 paths)
Processing ITA-YUG on 1968-06-08 (49 paths)
Processing ITA-YUG on 1968-06-10 (50 paths)
Processing MEX-SUN on 1970-05-31 (8 paths)
Processing ENG-ROU on 1970-06-02 (19 paths)
Processing PER-BGR on 1970-06-02 (1 paths)
Processing URY-ISR on 1970-06-02 (1 paths)
Processing BEL-SLV on 1970-06-03 (1 paths)
Processing BRA-CSK on 1970-06-03 (1 paths)
Processing DEU-MAR on 1970-06-03 (1 paths)
Processing ITA-SWE on 1970-06-03 (31 paths)
Processing PER-MAR on 1970-06-06 (1 paths)
Processing ROU-CSK on 1970-06-06 (9 paths)
Processing SUN-BEL on 1970-06-06 (5 paths)
Processing URY-ITA on 1970-06-06 (21 paths)
Processing BRA-ENG on 1970-06-07 (17 paths)
Processing DEU-BGR on 1970-06-07 (34 paths)
Processing ISR-SWE on 1970-06-07 (2 paths)
Processing MEX-SLV on 1970-06-07 (4 paths)
Processing SWE-ISR on 1970-06-07 (2 paths)
Processing BRA-ROU on 1970-06-10 (8 paths)
Processing DEU-PER on 1970-06-10 (3 paths)
Processing SUN-SLV on 1970-06-10 (4 paths)
Processing SWE-URY on 1970-06-10 (11 paths)
Processing BGR-MAR on 1970-06-11 (5 paths)
Processing ENG-CSK on 1970-06-11 (32 paths)
Processing ITA-ISR on 1970-06-11 (9 paths)
Processing MAR-BGR on 1970-06-11 (5 paths)
Processing MEX-BEL on 1970-06-11 (20 paths)
Processing BRA-PER on 1970-06-14 (11 paths)
Processing DEU-ENG on 1970-06-14 (39 paths)
Processing ITA-MEX on 1970-06-14 (27 paths)
Processing URY-SUN on 1970-06-14 (32 paths)
Processing BRA-URY on 1970-06-17 (25 paths)
Processing ITA-DEU on 1970-06-17 (71 paths)
Processing DEU-URY on 1970-06-20 (49 paths)
Processing BRA-ITA on 1970-06-21 (59 paths)
Processing CSK-FIN on 1970-10-07 (3 paths)
Processing NOR-HUN on 1970-10-07 (35 paths)
Processing MLT-GRC on 1970-10-11 (1 paths)
Processing NLD-YUG on 1970-10-11 (1 paths)
Processing ROU-FIN on 1970-10-11 (14 paths)
Processing DNK-PRT on 1970-10-14 (29 paths)
Processing IRL-SWE on 1970-10-14 (1 paths)
Processing LUX-YUG on 1970-10-14 (27 paths)
Processing POL-ALB on 1970-10-14 (13 paths)
Processing DEU-TUR on 1970-10-17 (33 paths)
Processing SWE-IRL on 1970-10-28 (2 paths)
Processing AUT-ITA on 1970-10-31 (35 paths)
Processing DDR-NLD on 1970-11-11 (27 paths)
Processing ESP-NIR on 1970-11-11 (33 paths)
Processing FRA-NOR on 1970-11-11 (5 paths)
Processing SCO-DNK on 1970-11-11 (3 paths)
Processing WAL-ROU on 1970-11-11 (15 paths)
Processing BGR-NOR on 1970-11-15 (46 paths)
Processing CYP-SUN on 1970-11-15 (43 paths)
Processing LUX-DDR on 1970-11-15 (4 paths)
Processing BEL-DNK on 1970-11-25 (12 paths)
Processing ITA-IRL on 1970-12-08 (29 paths)
Processing TUR-ALB on 1970-12-13 (11 paths)
Processing GRC-CHE on 1970-12-16 (23 paths)
Processing MLT-CHE on 1970-12-20 (2 paths)
Processing BEL-SCO on 1971-02-03 (10 paths)
Processing CYP-NIR on 1971-02-03 (13 paths)
Processing MLT-ENG on 1971-02-03 (11 paths)
Processing ALB-DEU on 1971-02-17 (20 paths)
Processing BEL-PRT on 1971-02-17 (22 paths)
Processing NLD-LUX on 1971-02-24 (21 paths)
Processing YUG-NLD on 1971-04-04 (10 paths)
Processing CHE-MLT on 1971-04-21 (12 paths)
Processing ENG-GRC on 1971-04-21 (38 paths)
Processing NIR-CYP on 1971-04-21 (14 paths)
Processing PRT-SCO on 1971-04-21 (22 paths)
Processing WAL-CSK on 1971-04-21 (31 paths)
Processing DDR-LUX on 1971-04-24 (27 paths)
Processing HUN-FRA on 1971-04-24 (51 paths)
Processing TUR-DEU on 1971-04-25 (43 paths)
Processing CYP-ESP on 1971-05-09 (42 paths)
Processing DDR-YUG on 1971-05-09 (44 paths)
Processing IRL-ITA on 1971-05-10 (36 paths)
Processing ALB-POL on 1971-05-12 (14 paths)
Processing CHE-GRC on 1971-05-12 (38 paths)
Processing ENG-MLT on 1971-05-12 (25 paths)
Processing PRT-DNK on 1971-05-12 (37 paths)
Processing CSK-ROU on 1971-05-16 (34 paths)
Processing BGR-HUN on 1971-05-19 (75 paths)
Processing DNK-BEL on 1971-05-26 (34 paths)
Processing FIN-WAL on 1971-05-26 (19 paths)
Processing SWE-AUT on 1971-05-26 (22 paths)
Processing IRL-AUT on 1971-05-30 (25 paths)
Processing SUN-ESP on 1971-05-30 (71 paths)
Processing SUN-CYP on 1971-06-07 (64 paths)
Processing DNK-SCO on 1971-06-09 (16 paths)
Processing NOR-BGR on 1971-06-09 (56 paths)
Processing SWE-ITA on 1971-06-09 (69 paths)
Processing DEU-ALB on 1971-06-12 (22 paths)
Processing FIN-CSK on 1971-06-16 (24 paths)
Processing GRC-MLT on 1971-06-18 (12 paths)
Processing AUT-SWE on 1971-09-04 (26 paths)
Processing NOR-FRA on 1971-09-08 (11 paths)
Processing FIN-ROU on 1971-09-22 (45 paths)
Processing POL-TUR on 1971-09-22 (19 paths)
Processing SUN-NIR on 1971-09-22 (40 paths)
Processing HUN-BGR on 1971-09-25 (30 paths)
Processing FRA-HUN on 1971-10-09 (46 paths)
Processing ITA-SWE on 1971-10-09 (56 paths)
Processing AUT-IRL on 1971-10-10 (38 paths)
Processing NLD-DDR on 1971-10-10 (25 paths)
Processing POL-DEU on 1971-10-10 (37 paths)
Processing CHE-ENG on 1971-10-13 (69 paths)
Processing NIR-SUN on 1971-10-13 (45 paths)
Processing SCO-PRT on 1971-10-13 (15 paths)
Processing WAL-FIN on 1971-10-13 (38 paths)
Processing YUG-DDR on 1971-10-16 (48 paths)
Processing CSK-WAL on 1971-10-27 (46 paths)
Processing ESP-SUN on 1971-10-27 (43 paths)
Processing HUN-NOR on 1971-10-27 (34 paths)
Processing YUG-LUX on 1971-10-27 (52 paths)
Processing ENG-CHE on 1971-11-10 (60 paths)
Processing FRA-BGR on 1971-11-10 (70 paths)
Processing SCO-BEL on 1971-11-10 (26 paths)
Processing ALB-TUR on 1971-11-14 (28 paths)
Processing ROU-CSK on 1971-11-14 (51 paths)
Processing DEU-POL on 1971-11-17 (45 paths)
Processing LUX-NLD on 1971-11-17 (70 paths)
Processing ITA-AUT on 1971-11-20 (76 paths)
Processing PRT-BEL on 1971-11-21 (32 paths)
Processing ESP-CYP on 1971-11-24 (60 paths)
Processing ROU-WAL on 1971-11-24 (55 paths)
Processing GRC-ENG on 1971-12-01 (54 paths)
Processing BGR-FRA on 1971-12-04 (66 paths)
Processing TUR-POL on 1971-12-05 (42 paths)
Processing NIR-ESP on 1972-02-16 (52 paths)
Processing ENG-DEU on 1972-04-29 (30 paths)
Processing HUN-ROU on 1972-04-29 (17 paths)
Processing ITA-BEL on 1972-04-29 (44 paths)
Processing YUG-SUN on 1972-04-30 (64 paths)
Processing BEL-ITA on 1972-05-13 (49 paths)
Processing DEU-ENG on 1972-05-13 (29 paths)
Processing SUN-YUG on 1972-05-13 (60 paths)
Processing ROU-HUN on 1972-05-14 (18 paths)
Processing HUN-ROU on 1972-05-17 (19 paths)
Processing BEL-DEU on 1972-06-14 (51 paths)
Processing HUN-SUN on 1972-06-14 (43 paths)
Processing SUN-HUN on 1972-06-14 (43 paths)
Processing BEL-HUN on 1972-06-17 (66 paths)
Processing HUN-BEL on 1972-06-17 (66 paths)
Processing DEU-SUN on 1972-06-18 (84 paths)
Processing BRA-YUG on 1974-06-13 (3 paths)
Processing COD-SCO on 1974-06-14 (1 paths)
Processing DDR-AUS on 1974-06-14 (1 paths)
Processing DEU-CHL on 1974-06-14 (1 paths)
Processing ITA-HTI on 1974-06-15 (1 paths)
Processing POL-ARG on 1974-06-15 (1 paths)
Processing SWE-BGR on 1974-06-15 (5 paths)
Processing URY-NLD on 1974-06-15 (7 paths)
Processing AUS-DEU on 1974-06-18 (2 paths)
Processing CHL-DDR on 1974-06-18 (2 paths)
Processing SCO-BRA on 1974-06-18 (6 paths)
Processing YUG-COD on 1974-06-18 (2 paths)
Processing ARG-ITA on 1974-06-19 (4 paths)
Processing BGR-URY on 1974-06-19 (15 paths)
Processing HTI-POL on 1974-06-19 (4 paths)
Processing NLD-SWE on 1974-06-19 (7 paths)
Processing URY-BGR on 1974-06-19 (15 paths)
Processing AUS-CHL on 1974-06-22 (5 paths)
Processing COD-BRA on 1974-06-22 (5 paths)
Processing DDR-DEU on 1974-06-22 (11 paths)
Processing SCO-YUG on 1974-06-22 (9 paths)
Processing ARG-HTI on 1974-06-23 (5 paths)
Processing BGR-NLD on 1974-06-23 (10 paths)
Processing NLD-BGR on 1974-06-23 (10 paths)
Processing POL-ITA on 1974-06-23 (21 paths)
Processing SWE-URY on 1974-06-23 (29 paths)
Processing BRA-DDR on 1974-06-26 (24 paths)
Processing NLD-ARG on 1974-06-26 (6 paths)
Processing SWE-POL on 1974-06-26 (34 paths)
Processing YUG-DEU on 1974-06-26 (34 paths)
Processing ARG-BRA on 1974-06-30 (12 paths)
Processing DDR-NLD on 1974-06-30 (36 paths)
Processing DEU-SWE on 1974-06-30 (60 paths)
Processing POL-YUG on 1974-06-30 (27 paths)
Processing ARG-DDR on 1974-07-03 (26 paths)
Processing NLD-BRA on 1974-07-03 (44 paths)
Processing POL-DEU on 1974-07-03 (51 paths)
Processing SWE-YUG on 1974-07-03 (50 paths)
Processing BRA-POL on 1974-07-06 (48 paths)
Processing NLD-DEU on 1974-07-07 (80 paths)
Processing FIN-POL on 1974-09-01 (5 paths)
Processing AUT-WAL on 1974-09-04 (1 paths)
Processing NOR-NIR on 1974-09-04 (5 paths)
Processing ISL-BEL on 1974-09-08 (1 paths)
Processing DNK-ESP on 1974-09-25 (5 paths)
Processing FIN-NLD on 1974-09-25 (13 paths)
Processing POL-FIN on 1974-10-09 (14 paths)
Processing BEL-FRA on 1974-10-12 (15 paths)
Processing DDR-ISL on 1974-10-12 (2 paths)
Processing BGR-GRC on 1974-10-13 (7 paths)
Processing DNK-ROU on 1974-10-13 (9 paths)
Processing LUX-HUN on 1974-10-13 (9 paths)
Processing ENG-CSK on 1974-10-30 (18 paths)
Processing IRL-SUN on 1974-10-30 (25 paths)
Processing SWE-NIR on 1974-10-30 (18 paths)
Processing WAL-HUN on 1974-10-30 (37 paths)
Processing YUG-NOR on 1974-10-30 (22 paths)
Processing FRA-DDR on 1974-11-16 (19 paths)
Processing ENG-PRT on 1974-11-20 (11 paths)
Processing GRC-DEU on 1974-11-20 (37 paths)
Processing NLD-ITA on 1974-11-20 (73 paths)
Processing SCO-ESP on 1974-11-20 (19 paths)
Processing TUR-IRL on 1974-11-20 (19 paths)
Processing WAL-LUX on 1974-11-20 (12 paths)
Processing TUR-CHE on 1974-12-01 (17 paths)
Processing DDR-BEL on 1974-12-07 (38 paths)
Processing GRC-BGR on 1974-12-18 (14 paths)
Processing MLT-DEU on 1974-12-22 (49 paths)
Processing ESP-SCO on 1975-02-05 (20 paths)
Processing MLT-GRC on 1975-02-23 (42 paths)
Processing LUX-AUT on 1975-03-16 (15 paths)
Processing NIR-YUG on 1975-03-16 (33 paths)
Processing AUT-HUN on 1975-04-02 (21 paths)
Processing SUN-TUR on 1975-04-02 (26 paths)
Processing ENG-CYP on 1975-04-16 (7 paths)
Processing HUN-WAL on 1975-04-16 (42 paths)
Processing ESP-ROU on 1975-04-17 (16 paths)
Processing ITA-POL on 1975-04-19 (73 paths)
Processing CSK-CYP on 1975-04-20 (13 paths)
Processing BGR-DEU on 1975-04-27 (62 paths)
Processing CHE-TUR on 1975-04-30 (22 paths)
Processing CSK-PRT on 1975-04-30 (16 paths)
Processing LUX-WAL on 1975-05-01 (18 paths)
Processing IRL-CHE on 1975-05-10 (5 paths)
Processing CYP-ENG on 1975-05-11 (17 paths)
Processing ROU-DNK on 1975-05-11 (23 paths)
Processing SUN-IRL on 1975-05-18 (33 paths)
Processing CHE-IRL on 1975-05-21 (8 paths)
Processing ISL-FRA on 1975-05-25 (7 paths)
Processing ROU-SCO on 1975-06-01 (50 paths)
Processing GRC-MLT on 1975-06-04 (45 paths)
Processing SWE-YUG on 1975-06-04 (79 paths)
Processing FIN-ITA on 1975-06-05 (34 paths)
Processing ISL-DDR on 1975-06-05 (7 paths)
Processing CYP-PRT on 1975-06-08 (22 paths)
Processing NOR-YUG on 1975-06-09 (31 paths)
Processing BGR-MLT on 1975-06-11 (41 paths)
Processing SWE-NOR on 1975-06-30 (38 paths)
Processing NOR-SWE on 1975-08-13 (39 paths)
Processing DNK-SCO on 1975-09-03 (36 paths)
Processing FRA-ISL on 1975-09-03 (10 paths)
Processing NIR-SWE on 1975-09-03 (38 paths)
Processing NLD-FIN on 1975-09-03 (34 paths)
Processing BEL-ISL on 1975-09-06 (16 paths)
Processing POL-NLD on 1975-09-10 (92 paths)
Processing HUN-AUT on 1975-09-24 (37 paths)
Processing BEL-DDR on 1975-09-27 (41 paths)
Processing ITA-FIN on 1975-09-27 (32 paths)
Processing DEU-GRC on 1975-10-11 (56 paths)
Processing CHE-SUN on 1975-10-12 (35 paths)
Processing DDR-FRA on 1975-10-12 (45 paths)
Processing ESP-DNK on 1975-10-12 (37 paths)
Processing AUT-LUX on 1975-10-15 (30 paths)
Processing NLD-POL on 1975-10-15 (90 paths)
Processing YUG-SWE on 1975-10-15 (73 paths)
Processing HUN-LUX on 1975-10-19 (50 paths)
Processing POL-ITA on 1975-10-26 (69 paths)
Processing IRL-TUR on 1975-10-29 (28 paths)
Processing NIR-NOR on 1975-10-29 (40 paths)
Processing SCO-DNK on 1975-10-29 (34 paths)
Processing CSK-ENG on 1975-10-30 (8 paths)
Processing PRT-CSK on 1975-11-12 (19 paths)
Processing SUN-CHE on 1975-11-12 (40 paths)
Processing FRA-BEL on 1975-11-15 (37 paths)
Processing ROU-ESP on 1975-11-16 (36 paths)
Processing DEU-BGR on 1975-11-19 (68 paths)
Processing PRT-ENG on 1975-11-19 (18 paths)
Processing WAL-AUT on 1975-11-19 (36 paths)
Processing YUG-NIR on 1975-11-19 (54 paths)
Processing ITA-NLD on 1975-11-22 (96 paths)
Processing CYP-CSK on 1975-11-23 (28 paths)
Processing TUR-SUN on 1975-11-23 (43 paths)
Processing PRT-CYP on 1975-12-03 (38 paths)
Processing SCO-ROU on 1975-12-17 (54 paths)
Processing MLT-BGR on 1975-12-21 (46 paths)
Processing DEU-MLT on 1976-02-28 (64 paths)
Processing CSK-SUN on 1976-04-24 (49 paths)
Processing ESP-DEU on 1976-04-24 (29 paths)
Processing YUG-WAL on 1976-04-24 (39 paths)
Processing NLD-BEL on 1976-04-25 (78 paths)
Processing BEL-NLD on 1976-05-22 (78 paths)
Processing DEU-ESP on 1976-05-22 (25 paths)
Processing SUN-CSK on 1976-05-22 (41 paths)
Processing WAL-YUG on 1976-05-22 (42 paths)
Processing CSK-NLD on 1976-06-16 (17 paths)
Processing YUG-DEU on 1976-06-17 (69 paths)
Processing YUG-NLD on 1976-06-19 (115 paths)
Processing CSK-DEU on 1976-06-20 (69 paths)
Processing DNK-IRL on 1978-05-24 (1 paths)
Processing FIN-GRC on 1978-05-24 (13 paths)
Processing DEU-POL on 1978-06-01 (54 paths)
Processing ARG-HUN on 1978-06-02 (1 paths)
Processing ITA-FRA on 1978-06-02 (15 paths)
Processing TUN-MEX on 1978-06-02 (1 paths)
Processing AUT-ESP on 1978-06-03 (1 paths)
Processing BRA-SWE on 1978-06-03 (43 paths)
Processing NLD-IRN on 1978-06-03 (1 paths)
Processing PER-SCO on 1978-06-03 (1 paths)
Processing SWE-BRA on 1978-06-03 (43 paths)
Processing ARG-FRA on 1978-06-06 (27 paths)
Processing DEU-MEX on 1978-06-06 (3 paths)
Processing ITA-HUN on 1978-06-06 (9 paths)
Processing POL-MEX on 1978-06-06 (8 paths)
Processing POL-TUN on 1978-06-06 (3 paths)
Processing AUT-SWE on 1978-06-07 (16 paths)
Processing BRA-ESP on 1978-06-07 (30 paths)
Processing NLD-PER on 1978-06-07 (4 paths)
Processing PER-NLD on 1978-06-07 (4 paths)
Processing SCO-IRN on 1978-06-07 (4 paths)
Processing ARG-ITA on 1978-06-10 (43 paths)
Processing DEU-TUN on 1978-06-10 (12 paths)
Processing FRA-HUN on 1978-06-10 (9 paths)
Processing ITA-ARG on 1978-06-10 (43 paths)
Processing POL-MEX on 1978-06-10 (12 paths)
Processing BRA-AUT on 1978-06-11 (18 paths)
Processing ESP-SWE on 1978-06-11 (44 paths)
Processing PER-IRN on 1978-06-11 (5 paths)
Processing SCO-NLD on 1978-06-11 (31 paths)
Processing ARG-POL on 1978-06-14 (67 paths)
Processing AUT-NLD on 1978-06-14 (36 paths)
Processing BRA-PER on 1978-06-14 (18 paths)
Processing DEU-ITA on 1978-06-14 (84 paths)
Processing ITA-DEU on 1978-06-14 (84 paths)
Processing NLD-AUT on 1978-06-14 (36 paths)
Processing PER-BRA on 1978-06-14 (18 paths)
Processing ARG-BRA on 1978-06-18 (42 paths)
Processing DEU-NLD on 1978-06-18 (121 paths)
Processing ITA-AUT on 1978-06-18 (50 paths)
Processing NLD-DEU on 1978-06-18 (121 paths)
Processing PER-POL on 1978-06-18 (37 paths)
Processing POL-PER on 1978-06-18 (37 paths)
Processing ARG-PER on 1978-06-21 (42 paths)
Processing AUT-DEU on 1978-06-21 (70 paths)
Processing BRA-POL on 1978-06-21 (97 paths)
Processing ITA-NLD on 1978-06-21 (116 paths)
Processing NLD-ITA on 1978-06-21 (116 paths)
Processing POL-BRA on 1978-06-21 (97 paths)
Processing BRA-ITA on 1978-06-24 (132 paths)
Processing ARG-NLD on 1978-06-25 (145 paths)
Processing NLD-ARG on 1978-06-25 (145 paths)
Processing NOR-AUT on 1978-08-30 (37 paths)
Processing FRA-SWE on 1978-09-01 (28 paths)
Processing ISL-POL on 1978-09-06 (37 paths)
Processing AUT-SCO on 1978-09-20 (49 paths)
Processing BEL-NOR on 1978-09-20 (15 paths)
Processing DNK-ENG on 1978-09-20 (1 paths)
Processing FIN-HUN on 1978-09-20 (37 paths)
Processing IRL-NIR on 1978-09-20 (1 paths)
Processing NLD-ISL on 1978-09-20 (81 paths)
Processing SUN-GRC on 1978-09-20 (5 paths)
Processing DDR-ISL on 1978-10-04 (51 paths)
Processing SWE-CSK on 1978-10-04 (29 paths)
Processing YUG-ESP on 1978-10-04 (74 paths)
Processing LUX-FRA on 1978-10-07 (19 paths)
Processing CHE-NLD on 1978-10-11 (5 paths)
Processing DNK-BGR on 1978-10-11 (13 paths)
Processing GRC-FIN on 1978-10-11 (27 paths)
Processing HUN-SUN on 1978-10-11 (3 paths)
Processing PRT-BEL on 1978-10-11 (5 paths)
Processing IRL-ENG on 1978-10-25 (11 paths)
Processing NIR-DNK on 1978-10-25 (25 paths)
Processing ROU-YUG on 1978-10-25 (51 paths)
Processing SCO-NOR on 1978-10-25 (48 paths)
Processing WAL-MLT on 1978-10-25 (13 paths)
Processing GRC-HUN on 1978-10-29 (18 paths)
Processing AUT-PRT on 1978-11-15 (10 paths)
Processing ESP-ROU on 1978-11-15 (44 paths)
Processing NLD-DDR on 1978-11-15 (107 paths)
Processing POL-CHE on 1978-11-15 (30 paths)
Processing BGR-NIR on 1978-11-29 (33 paths)
Processing PRT-SCO on 1978-11-29 (16 paths)
Processing WAL-TUR on 1978-11-29 (5 paths)
Processing ESP-CYP on 1978-12-13 (17 paths)
Processing ENG-NIR on 1979-02-07 (10 paths)
Processing FRA-LUX on 1979-02-25 (20 paths)
Processing MLT-DEU on 1979-02-25 (39 paths)
Processing TUR-MLT on 1979-03-18 (6 paths)
Processing BEL-AUT on 1979-03-28 (51 paths)
Processing NLD-CHE on 1979-03-28 (35 paths)
Processing CYP-YUG on 1979-04-01 (33 paths)
Processing TUR-DEU on 1979-04-01 (41 paths)
Processing CSK-FRA on 1979-04-04 (28 paths)
Processing ROU-ESP on 1979-04-04 (46 paths)
Processing DDR-POL on 1979-04-18 (150 paths)
Processing LUX-CSK on 1979-05-01 (21 paths)
Processing AUT-BEL on 1979-05-02 (52 paths)
Processing HUN-GRC on 1979-05-02 (23 paths)
Processing IRL-DNK on 1979-05-02 (8 paths)
Processing NIR-BGR on 1979-05-02 (36 paths)
Processing POL-NLD on 1979-05-02 (211 paths)
Processing WAL-DEU on 1979-05-02 (73 paths)
Processing CHE-DDR on 1979-05-05 (53 paths)
Processing NOR-PRT on 1979-05-09 (26 paths)
Processing CYP-ROU on 1979-05-13 (29 paths)
Processing BGR-IRL on 1979-05-19 (31 paths)
Processing SUN-HUN on 1979-05-19 (16 paths)
Processing CHE-ISL on 1979-05-22 (50 paths)
Processing MLT-WAL on 1979-06-02 (44 paths)
Processing BGR-ENG on 1979-06-06 (28 paths)
Processing DNK-NIR on 1979-06-06 (40 paths)
Processing NOR-SCO on 1979-06-07 (59 paths)
Processing SWE-LUX on 1979-06-07 (47 paths)
Processing ISL-CHE on 1979-06-09 (51 paths)
Processing FIN-SUN on 1979-07-04 (35 paths)
Processing AUT-NOR on 1979-08-29 (53 paths)
Processing ISL-NLD on 1979-09-05 (95 paths)
Processing SWE-FRA on 1979-09-05 (27 paths)
Processing CHE-POL on 1979-09-12 (70 paths)
Processing ENG-DNK on 1979-09-12 (32 paths)
Processing GRC-SUN on 1979-09-12 (30 paths)
Processing ISL-DDR on 1979-09-12 (60 paths)
Processing NOR-BEL on 1979-09-12 (41 paths)
Processing POL-DDR on 1979-09-26 (99 paths)
Processing CSK-SWE on 1979-10-10 (37 paths)
Processing ESP-YUG on 1979-10-10 (62 paths)
Processing POL-ISL on 1979-10-10 (110 paths)
Processing DDR-CHE on 1979-10-13 (88 paths)
Processing BEL-PRT on 1979-10-17 (32 paths)
Processing DEU-WAL on 1979-10-17 (67 paths)
Processing HUN-FIN on 1979-10-17 (36 paths)
Processing IRL-BGR on 1979-10-17 (41 paths)
Processing NIR-ENG on 1979-10-17 (43 paths)
Processing NLD-POL on 1979-10-17 (112 paths)
Processing SCO-AUT on 1979-10-17 (59 paths)
Processing LUX-SWE on 1979-10-23 (42 paths)
Processing MLT-TUR on 1979-10-28 (41 paths)
Processing BGR-DNK on 1979-10-31 (42 paths)
Processing SUN-FIN on 1979-10-31 (36 paths)
Processing YUG-ROU on 1979-10-31 (53 paths)
Processing PRT-NOR on 1979-11-01 (46 paths)
Processing YUG-CYP on 1979-11-14 (50 paths)
Processing FRA-CSK on 1979-11-17 (41 paths)
Processing ROU-CYP on 1979-11-18 (43 paths)
Processing BEL-SCO on 1979-11-21 (71 paths)
Processing DDR-NLD on 1979-11-21 (141 paths)
Processing NIR-IRL on 1979-11-21 (46 paths)
Processing PRT-AUT on 1979-11-21 (70 paths)
Processing TUR-WAL on 1979-11-21 (33 paths)
Processing ENG-BGR on 1979-11-22 (54 paths)
Processing CSK-LUX on 1979-11-24 (50 paths)
Processing CYP-ESP on 1979-12-09 (70 paths)
Processing SCO-BEL on 1979-12-19 (70 paths)
Processing DEU-TUR on 1979-12-22 (60 paths)
Processing ENG-IRL on 1980-02-06 (64 paths)
Processing DEU-MLT on 1980-02-27 (38 paths)
Processing SCO-PRT on 1980-03-20 (82 paths)
Processing DEU-CSK on 1980-06-11 (42 paths)
Processing GRC-NLD on 1980-06-11 (46 paths)
Processing BEL-ENG on 1980-06-12 (33 paths)
Processing ESP-ITA on 1980-06-12 (31 paths)
Processing ITA-ESP on 1980-06-12 (31 paths)
Processing CSK-GRC on 1980-06-14 (40 paths)
Processing DEU-NLD on 1980-06-14 (73 paths)
Processing BEL-ESP on 1980-06-15 (67 paths)
Processing ESP-BEL on 1980-06-15 (67 paths)
Processing ITA-ENG on 1980-06-15 (21 paths)
Processing CSK-NLD on 1980-06-17 (87 paths)
Processing DEU-GRC on 1980-06-17 (44 paths)
Processing BEL-ITA on 1980-06-18 (80 paths)
Processing ENG-ESP on 1980-06-18 (49 paths)
Processing ESP-ENG on 1980-06-18 (49 paths)
Processing ITA-BEL on 1980-06-18 (80 paths)
Processing CSK-ITA on 1980-06-21 (97 paths)
Processing DEU-BEL on 1980-06-22 (110 paths)
Processing WAL-NOR on 1982-02-22 (9 paths)
Processing ROU-CYP on 1982-05-01 (27 paths)
Processing MLT-ISL on 1982-06-05 (13 paths)
Processing ARG-BEL on 1982-06-13 (23 paths)
Processing BRA-SUN on 1982-06-14 (5 paths)
Processing ITA-POL on 1982-06-14 (46 paths)
Processing HUN-SLV on 1982-06-15 (1 paths)
Processing PER-CMR on 1982-06-15 (1 paths)
Processing SCO-NZL on 1982-06-15 (1 paths)
Processing DEU-DZA on 1982-06-16 (1 paths)
Processing ENG-FRA on 1982-06-16 (11 paths)
Processing ESP-HND on 1982-06-16 (1 paths)
Processing CHL-AUT on 1982-06-17 (1 paths)
Processing CSK-KWT on 1982-06-17 (1 paths)
Processing YUG-NIR on 1982-06-17 (5 paths)
Processing ARG-HUN on 1982-06-18 (15 paths)
Processing BRA-SCO on 1982-06-18 (38 paths)
Processing ITA-PER on 1982-06-18 (35 paths)
Processing BEL-SLV on 1982-06-19 (4 paths)
Processing POL-CMR on 1982-06-19 (7 paths)
Processing SUN-NZL on 1982-06-19 (2 paths)
Processing DEU-CHL on 1982-06-20 (7 paths)
Processing ENG-CSK on 1982-06-20 (22 paths)
Processing ESP-YUG on 1982-06-20 (37 paths)
Processing DZA-AUT on 1982-06-21 (8 paths)
Processing FRA-KWT on 1982-06-21 (13 paths)
Processing HND-NIR on 1982-06-21 (6 paths)
Processing BEL-HUN on 1982-06-22 (22 paths)
Processing POL-PER on 1982-06-22 (40 paths)
Processing SUN-SCO on 1982-06-22 (12 paths)
Processing ARG-SLV on 1982-06-23 (10 paths)
Processing BRA-NZL on 1982-06-23 (8 paths)
Processing ITA-CMR on 1982-06-23 (15 paths)
Processing DZA-CHL on 1982-06-24 (5 paths)
Processing FRA-CSK on 1982-06-24 (39 paths)
Processing HND-YUG on 1982-06-24 (13 paths)
Processing DEU-AUT on 1982-06-25 (49 paths)
Processing ENG-KWT on 1982-06-25 (11 paths)
Processing ESP-NIR on 1982-06-25 (35 paths)
Processing NIR-ESP on 1982-06-25 (35 paths)
Processing AUT-FRA on 1982-06-28 (49 paths)
Processing BEL-POL on 1982-06-28 (54 paths)
Processing POL-BEL on 1982-06-28 (54 paths)
Processing ARG-ITA on 1982-06-29 (53 paths)
Processing DEU-ENG on 1982-06-29 (32 paths)
Processing ITA-ARG on 1982-06-29 (53 paths)
Processing AUT-NIR on 1982-07-01 (25 paths)
Processing BEL-SUN on 1982-07-01 (45 paths)
Processing ARG-BRA on 1982-07-02 (45 paths)
Processing DEU-ESP on 1982-07-02 (43 paths)
Processing FRA-NIR on 1982-07-04 (34 paths)
Processing NIR-FRA on 1982-07-04 (34 paths)
Processing POL-SUN on 1982-07-04 (33 paths)
Processing SUN-POL on 1982-07-04 (33 paths)
Processing BRA-ITA on 1982-07-05 (67 paths)
Processing ESP-ENG on 1982-07-05 (51 paths)
Processing ITA-BRA on 1982-07-05 (67 paths)
Processing DEU-FRA on 1982-07-08 (77 paths)
Processing POL-ITA on 1982-07-08 (93 paths)
Processing POL-FRA on 1982-07-10 (73 paths)
Processing ITA-DEU on 1982-07-11 (101 paths)
Processing ISL-NLD on 1982-09-01 (81 paths)
Processing FIN-POL on 1982-09-08 (33 paths)
Processing ROU-SWE on 1982-09-08 (19 paths)
Processing AUT-ALB on 1982-09-22 (1 paths)
Processing DNK-ENG on 1982-09-22 (69 paths)
Processing FIN-PRT on 1982-09-22 (15 paths)
Processing NLD-IRL on 1982-09-22 (11 paths)
Processing BEL-CHE on 1982-10-06 (41 paths)
Processing CSK-SWE on 1982-10-06 (54 paths)
Processing LUX-GRC on 1982-10-09 (25 paths)
Processing PRT-POL on 1982-10-10 (60 paths)
Processing AUT-NIR on 1982-10-13 (40 paths)
Processing IRL-ISL on 1982-10-13 (16 paths)
Processing NOR-YUG on 1982-10-13 (17 paths)
Processing SCO-DDR on 1982-10-13 (45 paths)
Processing SUN-FIN on 1982-10-13 (37 paths)
Processing BGR-NOR on 1982-10-27 (15 paths)
Processing ESP-ISL on 1982-10-27 (33 paths)
Processing TUR-ALB on 1982-10-27 (5 paths)
Processing LUX-DNK on 1982-11-10 (17 paths)
Processing CYP-SWE on 1982-11-13 (30 paths)
Processing AUT-TUR on 1982-11-17 (50 paths)
Processing BGR-YUG on 1982-11-17 (42 paths)
Processing CHE-SCO on 1982-11-17 (70 paths)
Processing GRC-ENG on 1982-11-17 (39 paths)
Processing IRL-ESP on 1982-11-17 (81 paths)
Processing NIR-DEU on 1982-11-17 (89 paths)
Processing ITA-CSK on 1982-12-04 (96 paths)
Processing ITA-ROU on 1982-12-04 (40 paths)
Processing ALB-NIR on 1982-12-15 (11 paths)
Processing BEL-SCO on 1982-12-15 (108 paths)
Processing ENG-LUX on 1982-12-15 (67 paths)
Processing YUG-WAL on 1982-12-15 (11 paths)
Processing MLT-NLD on 1982-12-19 (55 paths)
Processing CYP-ITA on 1983-02-12 (52 paths)
Processing ESP-NLD on 1983-02-16 (106 paths)
Processing CYP-CSK on 1983-03-27 (50 paths)
Processing LUX-HUN on 1983-03-27 (40 paths)
Processing ALB-DEU on 1983-03-30 (41 paths)
Processing DDR-BEL on 1983-03-30 (95 paths)
Processing ENG-GRC on 1983-03-30 (47 paths)
Processing MLT-IRL on 1983-03-30 (29 paths)
Processing NIR-TUR on 1983-03-30 (46 paths)
Processing SCO-CHE on 1983-03-30 (81 paths)
Processing CSK-CYP on 1983-04-16 (54 paths)
Processing ROU-ITA on 1983-04-16 (61 paths)
Processing HUN-LUX on 1983-04-17 (43 paths)
Processing POL-FIN on 1983-04-17 (40 paths)
Processing TUR-DEU on 1983-04-23 (60 paths)
Processing AUT-DEU on 1983-04-27 (134 paths)
Processing BEL-DDR on 1983-04-27 (96 paths)
Processing DNK-GRC on 1983-04-27 (59 paths)
Processing ENG-HUN on 1983-04-27 (88 paths)
Processing ESP-IRL on 1983-04-27 (90 paths)
Processing NIR-ALB on 1983-04-27 (30 paths)
Processing SUN-PRT on 1983-04-27 (67 paths)
Processing WAL-BGR on 1983-04-27 (23 paths)
Processing ALB-TUR on 1983-05-11 (41 paths)
Processing CHE-DDR on 1983-05-14 (102 paths)
Processing HUN-GRC on 1983-05-15 (76 paths)
Processing MLT-ESP on 1983-05-15 (71 paths)
Processing ROU-CSK on 1983-05-15 (97 paths)
Processing SWE-CYP on 1983-05-15 (79 paths)
Processing POL-SUN on 1983-05-22 (89 paths)
Processing ISL-ESP on 1983-05-29 (70 paths)
Processing SWE-ITA on 1983-05-29 (148 paths)
Processing DNK-HUN on 1983-06-01 (70 paths)
Processing FIN-SUN on 1983-06-01 (47 paths)
Processing ISL-MLT on 1983-06-05 (51 paths)
Processing ALB-AUT on 1983-06-08 (57 paths)
Processing SWE-ROU on 1983-06-09 (93 paths)
Processing NLD-ISL on 1983-09-07 (86 paths)
Processing ENG-DNK on 1983-09-21 (86 paths)
Processing ISL-IRL on 1983-09-21 (50 paths)
Processing NIR-AUT on 1983-09-21 (58 paths)
Processing NOR-WAL on 1983-09-21 (14 paths)
Processing PRT-FIN on 1983-09-21 (45 paths)
Processing SWE-CSK on 1983-09-21 (71 paths)
Processing NOR-BGR on 1983-09-27 (18 paths)
Processing DEU-AUT on 1983-10-05 (95 paths)
Processing SUN-POL on 1983-10-09 (60 paths)
Processing DDR-CHE on 1983-10-12 (75 paths)
Processing DNK-LUX on 1983-10-12 (60 paths)
Processing HUN-ENG on 1983-10-12 (76 paths)
Processing IRL-NLD on 1983-10-12 (71 paths)
Processing SCO-BEL on 1983-10-12 (80 paths)
Processing TUR-NIR on 1983-10-12 (97 paths)
Processing YUG-NOR on 1983-10-12 (19 paths)
Processing ITA-SWE on 1983-10-15 (74 paths)
Processing DEU-TUR on 1983-10-26 (87 paths)
Processing HUN-DNK on 1983-10-26 (69 paths)
Processing POL-PRT on 1983-10-28 (88 paths)
Processing CHE-BEL on 1983-11-09 (100 paths)
Processing CYP-ROU on 1983-11-12 (71 paths)
Processing PRT-SUN on 1983-11-13 (81 paths)
Processing BGR-WAL on 1983-11-16 (41 paths)
Processing CSK-ITA on 1983-11-16 (117 paths)
Processing DDR-SCO on 1983-11-16 (102 paths)
Processing DEU-NIR on 1983-11-16 (192 paths)
Processing GRC-DNK on 1983-11-16 (86 paths)
Processing IRL-MLT on 1983-11-16 (73 paths)
Processing LUX-ENG on 1983-11-16 (114 paths)
Processing NLD-ESP on 1983-11-16 (103 paths)
Processing TUR-AUT on 1983-11-16 (144 paths)
Processing DEU-ALB on 1983-11-20 (136 paths)
Processing CSK-ROU on 1983-11-30 (117 paths)
Processing GRC-HUN on 1983-12-03 (78 paths)
Processing GRC-LUX on 1983-12-14 (108 paths)
Processing WAL-YUG on 1983-12-14 (34 paths)
Processing NLD-MLT on 1983-12-17 (91 paths)
Processing ESP-MLT on 1983-12-21 (114 paths)
Processing YUG-BGR on 1983-12-21 (53 paths)
Processing ITA-CYP on 1983-12-22 (113 paths)
Processing FRA-DNK on 1984-06-12 (44 paths)
Processing BEL-YUG on 1984-06-13 (37 paths)
Processing DEU-PRT on 1984-06-14 (54 paths)
Processing PRT-DEU on 1984-06-14 (54 paths)
Processing ROU-ESP on 1984-06-14 (62 paths)
Processing DNK-YUG on 1984-06-16 (39 paths)
Processing FRA-BEL on 1984-06-16 (56 paths)
Processing DEU-ROU on 1984-06-17 (75 paths)
Processing PRT-ESP on 1984-06-17 (51 paths)
Processing DNK-BEL on 1984-06-19 (71 paths)
Processing FRA-YUG on 1984-06-19 (52 paths)
Processing DEU-ESP on 1984-06-20 (136 paths)
Processing ESP-DEU on 1984-06-20 (136 paths)
Processing PRT-ROU on 1984-06-20 (36 paths)
Processing FRA-PRT on 1984-06-23 (65 paths)
Processing ESP-DNK on 1984-06-24 (95 paths)
Processing FRA-ESP on 1984-06-27 (123 paths)
Processing BGR-ITA on 1986-05-31 (1 paths)
Processing ITA-BGR on 1986-05-31 (1 paths)
Processing BRA-ESP on 1986-06-01 (7 paths)
Processing CAN-FRA on 1986-06-01 (1 paths)
Processing ESP-BRA on 1986-06-01 (7 paths)
Processing FRA-CAN on 1986-06-01 (1 paths)
Processing ARG-KOR on 1986-06-02 (1 paths)
Processing MAR-POL on 1986-06-02 (1 paths)
Processing POL-MAR on 1986-06-02 (1 paths)
Processing SUN-HUN on 1986-06-02 (12 paths)
Processing BEL-MEX on 1986-06-03 (1 paths)
Processing DZA-NIR on 1986-06-03 (46 paths)
Processing MEX-BEL on 1986-06-03 (1 paths)
Processing PRT-ENG on 1986-06-03 (28 paths)
Processing DEU-URY on 1986-06-04 (1 paths)
Processing PRY-IRQ on 1986-06-04 (1 paths)
Processing SCO-DNK on 1986-06-04 (23 paths)
Processing URY-DEU on 1986-06-04 (1 paths)
Processing BGR-KOR on 1986-06-05 (3 paths)
Processing FRA-SUN on 1986-06-05 (46 paths)
Processing ITA-ARG on 1986-06-05 (6 paths)
Processing KOR-BGR on 1986-06-05 (3 paths)
Processing BRA-DZA on 1986-06-06 (5 paths)
Processing CAN-HUN on 1986-06-06 (7 paths)
Processing ENG-MAR on 1986-06-06 (4 paths)
Processing HUN-CAN on 1986-06-06 (7 paths)
Processing MAR-ENG on 1986-06-06 (4 paths)
Processing ESP-NIR on 1986-06-07 (67 paths)
Processing MEX-PRY on 1986-06-07 (1 paths)
Processing NIR-ESP on 1986-06-07 (67 paths)
Processing POL-PRT on 1986-06-07 (52 paths)
Processing BEL-IRQ on 1986-06-08 (2 paths)
Processing DEU-SCO on 1986-06-08 (16 paths)
Processing DNK-URY on 1986-06-08 (7 paths)
Processing IRQ-BEL on 1986-06-08 (2 paths)
Processing URY-DNK on 1986-06-08 (7 paths)
Processing CAN-SUN on 1986-06-09 (12 paths)
Processing FRA-HUN on 1986-06-09 (62 paths)
Processing HUN-FRA on 1986-06-09 (62 paths)
Processing SUN-CAN on 1986-06-09 (12 paths)
Processing ARG-BGR on 1986-06-10 (10 paths)
Processing ITA-KOR on 1986-06-10 (8 paths)
Processing KOR-ITA on 1986-06-10 (8 paths)
Processing BEL-PRY on 1986-06-11 (5 paths)
Processing ENG-POL on 1986-06-11 (56 paths)
Processing IRQ-MEX on 1986-06-11 (5 paths)
Processing MAR-PRT on 1986-06-11 (23 paths)
Processing MEX-IRQ on 1986-06-11 (5 paths)
Processing POL-ENG on 1986-06-11 (56 paths)
Processing PRT-MAR on 1986-06-11 (23 paths)
Processing PRY-BEL on 1986-06-11 (5 paths)
Processing BRA-NIR on 1986-06-12 (24 paths)
Processing DZA-ESP on 1986-06-12 (39 paths)
Processing ESP-DZA on 1986-06-12 (39 paths)
Processing NIR-BRA on 1986-06-12 (24 paths)
Processing DEU-DNK on 1986-06-13 (58 paths)
Processing DNK-DEU on 1986-06-13 (58 paths)
Processing SCO-URY on 1986-06-13 (7 paths)
Processing URY-SCO on 1986-06-13 (7 paths)
Processing MEX-BGR on 1986-06-15 (4 paths)
Processing SUN-BEL on 1986-06-15 (49 paths)
Processing ARG-URY on 1986-06-16 (9 paths)
Processing BRA-POL on 1986-06-16 (40 paths)
Processing FRA-ITA on 1986-06-17 (63 paths)
Processing ITA-FRA on 1986-06-17 (63 paths)
Processing MAR-DEU on 1986-06-17 (21 paths)
Processing DNK-ESP on 1986-06-18 (57 paths)
Processing ENG-PRY on 1986-06-18 (7 paths)
Processing BRA-FRA on 1986-06-21 (60 paths)
Processing DEU-MEX on 1986-06-21 (7 paths)
Processing MEX-DEU on 1986-06-21 (7 paths)
Processing ARG-ENG on 1986-06-22 (42 paths)
Processing BEL-ESP on 1986-06-22 (63 paths)
Processing ESP-BEL on 1986-06-22 (63 paths)
Processing ARG-BEL on 1986-06-25 (38 paths)
Processing DEU-FRA on 1986-06-25 (119 paths)
Processing FRA-DEU on 1986-06-25 (119 paths)
Processing FRA-BEL on 1986-06-28 (89 paths)
Processing ARG-DEU on 1986-06-29 (61 paths)
Processing BEL-IRL on 1986-09-10 (29 paths)
Processing FIN-WAL on 1986-09-10 (1 paths)
Processing ISL-FRA on 1986-09-10 (47 paths)
Processing ROU-AUT on 1986-09-10 (50 paths)
Processing SCO-BGR on 1986-09-10 (19 paths)
Processing ISL-SUN on 1986-09-24 (30 paths)
Processing NOR-DDR on 1986-09-24 (9 paths)
Processing SWE-CHE on 1986-09-24 (1 paths)
Processing FRA-SUN on 1986-10-11 (97 paths)
Processing PRT-SWE on 1986-10-12 (39 paths)
Processing AUT-ALB on 1986-10-14 (97 paths)
Processing LUX-BEL on 1986-10-14 (71 paths)
Processing CSK-FIN on 1986-10-15 (25 paths)
Processing ENG-NIR on 1986-10-15 (82 paths)
Processing HUN-NLD on 1986-10-15 (23 paths)
Processing IRL-SCO on 1986-10-15 (30 paths)
Processing POL-GRC on 1986-10-15 (41 paths)
Processing CHE-PRT on 1986-10-29 (30 paths)
Processing DDR-ISL on 1986-10-29 (24 paths)
Processing DNK-FIN on 1986-10-29 (44 paths)
Processing SUN-NOR on 1986-10-29 (22 paths)
Processing YUG-TUR on 1986-10-29 (37 paths)
Processing BEL-BGR on 1986-11-12 (59 paths)
Processing CSK-DNK on 1986-11-12 (48 paths)
Processing ENG-YUG on 1986-11-12 (72 paths)
Processing ESP-ROU on 1986-11-12 (52 paths)
Processing GRC-HUN on 1986-11-12 (80 paths)
Processing SCO-LUX on 1986-11-12 (46 paths)
Processing TUR-NIR on 1986-11-12 (119 paths)
Processing ITA-CHE on 1986-11-15 (49 paths)
Processing MLT-SWE on 1986-11-16 (11 paths)
Processing DDR-FRA on 1986-11-19 (64 paths)
Processing NLD-POL on 1986-11-19 (35 paths)
Processing ALB-ESP on 1986-12-03 (125 paths)
Processing CYP-GRC on 1986-12-03 (13 paths)
Processing MLT-ITA on 1986-12-06 (36 paths)
Processing CYP-NLD on 1986-12-21 (25 paths)
Processing GRC-CYP on 1987-01-14 (18 paths)
Processing ITA-MLT on 1987-01-24 (41 paths)
Processing CYP-HUN on 1987-02-08 (48 paths)
Processing PRT-ITA on 1987-02-14 (114 paths)
Processing SCO-IRL on 1987-02-18 (37 paths)
Processing NLD-GRC on 1987-03-25 (38 paths)
Processing ROU-ALB on 1987-03-25 (66 paths)
Processing PRT-MLT on 1987-03-29 (73 paths)
Processing AUT-ESP on 1987-04-01 (188 paths)
Processing BEL-SCO on 1987-04-01 (94 paths)
Processing BGR-IRL on 1987-04-01 (28 paths)
Processing NIR-ENG on 1987-04-01 (98 paths)
Processing WAL-FIN on 1987-04-01 (6 paths)
Processing POL-CYP on 1987-04-12 (80 paths)
Processing CHE-MLT on 1987-04-15 (38 paths)
Processing ALB-AUT on 1987-04-29 (141 paths)
Processing FIN-DNK on 1987-04-29 (54 paths)
Processing FRA-ISL on 1987-04-29 (88 paths)
Processing GRC-POL on 1987-04-29 (80 paths)
Processing IRL-BEL on 1987-04-29 (93 paths)
Processing NIR-YUG on 1987-04-29 (79 paths)
Processing NLD-HUN on 1987-04-29 (66 paths)
Processing ROU-ESP on 1987-04-29 (96 paths)
Processing SUN-DDR on 1987-04-29 (83 paths)
Processing TUR-ENG on 1987-04-29 (101 paths)
Processing WAL-CSK on 1987-04-29 (15 paths)
Processing LUX-BGR on 1987-04-30 (36 paths)
Processing HUN-POL on 1987-05-17 (154 paths)
Processing BGR-LUX on 1987-05-20 (37 paths)
Processing SWE-MLT on 1987-05-24 (58 paths)
Processing LUX-IRL on 1987-05-28 (67 paths)
Processing DNK-CSK on 1987-06-03 (72 paths)
Processing ISL-DDR on 1987-06-03 (53 paths)
Processing NOR-SUN on 1987-06-03 (31 paths)
Processing SWE-ITA on 1987-06-03 (81 paths)
Processing CHE-SWE on 1987-06-11 (37 paths)
Processing NOR-FRA on 1987-06-16 (71 paths)
Processing FIN-CSK on 1987-09-09 (26 paths)
Processing IRL-LUX on 1987-09-09 (60 paths)
Processing ISL-NOR on 1987-09-09 (41 paths)
Processing SUN-FRA on 1987-09-09 (71 paths)
Processing WAL-DNK on 1987-09-09 (48 paths)
Processing BGR-BEL on 1987-09-23 (91 paths)
Processing NOR-ISL on 1987-09-23 (42 paths)
Processing POL-HUN on 1987-09-23 (103 paths)
Processing SWE-PRT on 1987-09-23 (70 paths)
Processing DDR-SUN on 1987-10-10 (70 paths)
Processing DNK-WAL on 1987-10-14 (49 paths)
Processing ENG-TUR on 1987-10-14 (48 paths)
Processing ESP-AUT on 1987-10-14 (77 paths)
Processing FRA-NOR on 1987-10-14 (83 paths)
Processing HUN-GRC on 1987-10-14 (91 paths)
Processing IRL-BGR on 1987-10-14 (70 paths)
Processing POL-NLD on 1987-10-14 (65 paths)
Processing SCO-BEL on 1987-10-14 (81 paths)
Processing YUG-NIR on 1987-10-14 (38 paths)
Processing CHE-ITA on 1987-10-17 (64 paths)
Processing ALB-ROU on 1987-10-28 (66 paths)
Processing DDR-NOR on 1987-10-28 (78 paths)
Processing SUN-ISL on 1987-10-28 (94 paths)
Processing BEL-LUX on 1987-11-11 (119 paths)
Processing BGR-SCO on 1987-11-11 (115 paths)
Processing CSK-WAL on 1987-11-11 (32 paths)
Processing CYP-POL on 1987-11-11 (74 paths)
Processing NIR-TUR on 1987-11-11 (76 paths)
Processing PRT-CHE on 1987-11-11 (68 paths)
Processing YUG-ENG on 1987-11-11 (68 paths)
Processing ITA-SWE on 1987-11-14 (68 paths)
Processing MLT-CHE on 1987-11-15 (84 paths)
Processing AUT-ROU on 1987-11-18 (80 paths)
Processing ESP-ALB on 1987-11-18 (99 paths)
Processing FRA-DDR on 1987-11-18 (126 paths)
Processing HUN-CYP on 1987-12-02 (94 paths)
Processing LUX-SCO on 1987-12-02 (105 paths)
Processing ITA-PRT on 1987-12-05 (114 paths)
Processing NLD-CYP on 1987-12-09 (82 paths)
Processing GRC-NLD on 1987-12-16 (110 paths)
Processing TUR-YUG on 1987-12-16 (52 paths)
Processing MLT-PRT on 1987-12-20 (111 paths)
Processing DEU-ITA on 1988-06-10 (42 paths)
Processing DNK-ESP on 1988-06-11 (50 paths)
Processing ENG-IRL on 1988-06-12 (41 paths)
Processing NLD-SUN on 1988-06-12 (70 paths)
Processing DEU-DNK on 1988-06-14 (76 paths)
Processing ITA-ESP on 1988-06-14 (91 paths)
Processing ENG-NLD on 1988-06-15 (60 paths)
Processing IRL-SUN on 1988-06-15 (68 paths)
Processing DEU-ESP on 1988-06-17 (101 paths)
Processing ITA-DNK on 1988-06-17 (91 paths)
Processing ENG-SUN on 1988-06-18 (64 paths)
Processing IRL-NLD on 1988-06-18 (31 paths)
Processing DEU-NLD on 1988-06-21 (65 paths)
Processing SUN-ITA on 1988-06-22 (90 paths)
Processing NLD-SUN on 1988-06-25 (100 paths)
Processing SUN-NLD on 1988-06-25 (100 paths)
Processing ISL-ALB on 1990-05-31 (1 paths)
Processing ARG-CMR on 1990-06-08 (1 paths)
Processing ARE-COL on 1990-06-09 (1 paths)
Processing BEL-KOR on 1990-06-09 (26 paths)
Processing ITA-AUT on 1990-06-09 (19 paths)
Processing SUN-ROU on 1990-06-09 (11 paths)
Processing ARE-COL on 1990-06-10 (2 paths)
Processing BRA-SWE on 1990-06-10 (7 paths)
Processing DEU-YUG on 1990-06-10 (9 paths)
Processing URY-ESP on 1990-06-10 (20 paths)
Processing USA-CSK on 1990-06-10 (1 paths)
Processing BRA-SWE on 1990-06-11 (8 paths)
Processing CRI-SCO on 1990-06-11 (1 paths)
Processing DEU-YUG on 1990-06-11 (10 paths)
Processing ENG-IRL on 1990-06-11 (18 paths)
Processing BEL-KOR on 1990-06-12 (27 paths)
Processing CRI-SCO on 1990-06-12 (2 paths)
Processing NLD-EGY on 1990-06-12 (1 paths)
Processing ARG-SUN on 1990-06-13 (31 paths)
Processing ENG-IRL on 1990-06-13 (20 paths)
Processing URY-ESP on 1990-06-13 (21 paths)
Processing CMR-ROU on 1990-06-14 (2 paths)
Processing ITA-USA on 1990-06-14 (3 paths)
Processing YUG-COL on 1990-06-14 (1 paths)
Processing AUT-CSK on 1990-06-15 (12 paths)
Processing DEU-ARE on 1990-06-15 (5 paths)
Processing BRA-CRI on 1990-06-16 (5 paths)
Processing ENG-NLD on 1990-06-16 (42 paths)
Processing SWE-SCO on 1990-06-16 (13 paths)
Processing BEL-URY on 1990-06-17 (37 paths)
Processing IRL-EGY on 1990-06-17 (10 paths)
Processing KOR-ESP on 1990-06-17 (21 paths)
Processing ARG-ROU on 1990-06-18 (22 paths)
Processing CMR-SUN on 1990-06-18 (8 paths)
Processing AUT-USA on 1990-06-19 (7 paths)
Processing DEU-COL on 1990-06-19 (10 paths)
Processing ITA-CSK on 1990-06-19 (25 paths)
Processing YUG-ARE on 1990-06-19 (10 paths)
Processing BRA-SCO on 1990-06-20 (20 paths)
Processing SWE-CRI on 1990-06-20 (10 paths)
Processing BEL-ESP on 1990-06-21 (46 paths)
Processing ENG-EGY on 1990-06-21 (21 paths)
Processing IRL-NLD on 1990-06-21 (38 paths)
Processing KOR-URY on 1990-06-21 (37 paths)
Processing CMR-COL on 1990-06-23 (2 paths)
Processing CSK-CRI on 1990-06-23 (7 paths)
Processing BRA-ARG on 1990-06-24 (29 paths)
Processing DEU-NLD on 1990-06-24 (32 paths)
Processing IRL-ROU on 1990-06-25 (28 paths)
Processing ITA-URY on 1990-06-25 (52 paths)
Processing ENG-BEL on 1990-06-26 (85 paths)
Processing ESP-YUG on 1990-06-26 (37 paths)
Processing ITA-IRL on 1990-06-30 (76 paths)
Processing YUG-ARG on 1990-06-30 (36 paths)
Processing DEU-CSK on 1990-07-01 (44 paths)
Processing ENG-CMR on 1990-07-01 (23 paths)
Processing ITA-ARG on 1990-07-03 (61 paths)
Processing DEU-ENG on 1990-07-04 (93 paths)
Processing ITA-ENG on 1990-07-07 (96 paths)
Processing DEU-ARG on 1990-07-08 (74 paths)
Processing ISL-FRA on 1990-09-05 (81 paths)
Processing CHE-BGR on 1990-09-12 (29 paths)
Processing CIS-NOR on 1990-09-12 (1 paths)
Processing FIN-PRT on 1990-09-12 (9 paths)
Processing FRO-AUT on 1990-09-12 (1 paths)
Processing NIR-YUG on 1990-09-12 (39 paths)
Processing SCO-ROU on 1990-09-12 (47 paths)
Processing CSK-ISL on 1990-09-26 (11 paths)
Processing DNK-FRO on 1990-10-10 (8 paths)
Processing ESP-ISL on 1990-10-10 (44 paths)
Processing NOR-HUN on 1990-10-10 (47 paths)
Processing FRA-CSK on 1990-10-13 (34 paths)
Processing ENG-POL on 1990-10-17 (70 paths)
Processing HUN-ITA on 1990-10-17 (49 paths)
Processing IRL-TUR on 1990-10-17 (49 paths)
Processing NIR-DNK on 1990-10-17 (37 paths)
Processing PRT-NLD on 1990-10-17 (62 paths)
Processing ROU-BGR on 1990-10-17 (58 paths)
Processing SCO-CHE on 1990-10-17 (52 paths)
Processing WAL-BEL on 1990-10-17 (17 paths)
Processing GRC-MLT on 1990-10-31 (13 paths)
Processing HUN-CYP on 1990-10-31 (67 paths)
Processing LUX-DEU on 1990-10-31 (61 paths)
Processing YUG-AUT on 1990-10-31 (32 paths)
Processing ITA-CIS on 1990-11-03 (6 paths)
Processing AUT-NIR on 1990-11-14 (46 paths)
Processing BGR-SCO on 1990-11-14 (99 paths)
Processing CSK-ESP on 1990-11-14 (86 paths)
Processing CYP-NOR on 1990-11-14 (36 paths)
Processing DNK-YUG on 1990-11-14 (72 paths)
Processing IRL-ENG on 1990-11-14 (90 paths)
Processing LUX-WAL on 1990-11-14 (25 paths)
Processing SMR-CHE on 1990-11-14 (1 paths)
Processing TUR-POL on 1990-11-14 (47 paths)
Processing ALB-FRA on 1990-11-17 (47 paths)
Processing NLD-GRC on 1990-11-21 (87 paths)
Processing MLT-FIN on 1990-11-25 (23 paths)
Processing ROU-SMR on 1990-12-05 (3 paths)
Processing ESP-ALB on 1990-12-19 (46 paths)
Processing MLT-NLD on 1990-12-19 (59 paths)
Processing CYP-ITA on 1990-12-22 (64 paths)
Processing GRC-PRT on 1991-01-23 (74 paths)
Processing MLT-PRT on 1991-02-09 (80 paths)
Processing FRA-ESP on 1991-02-20 (98 paths)
Processing PRT-MLT on 1991-02-20 (81 paths)
Processing BEL-LUX on 1991-02-27 (102 paths)
Processing NLD-MLT on 1991-03-13 (87 paths)
Processing BEL-WAL on 1991-03-27 (37 paths)
Processing ENG-IRL on 1991-03-27 (93 paths)
Processing SCO-BGR on 1991-03-27 (108 paths)
Processing SMR-ROU on 1991-03-27 (4 paths)
Processing YUG-NIR on 1991-03-27 (54 paths)
Processing FRA-ALB on 1991-03-30 (69 paths)
Processing CHE-ROU on 1991-04-03 (38 paths)
Processing CYP-HUN on 1991-04-03 (84 paths)
Processing HUN-CIS on 1991-04-17 (17 paths)
Processing NLD-FIN on 1991-04-17 (38 paths)
Processing POL-TUR on 1991-04-17 (50 paths)
Processing ALB-CSK on 1991-05-01 (71 paths)
Processing BGR-CHE on 1991-05-01 (65 paths)
Processing DEU-BEL on 1991-05-01 (167 paths)
Processing IRL-POL on 1991-05-01 (149 paths)
Processing ITA-HUN on 1991-05-01 (89 paths)
Processing NIR-FRO on 1991-05-01 (19 paths)
Processing NOR-CYP on 1991-05-01 (53 paths)
Processing SMR-SCO on 1991-05-01 (29 paths)
Processing TUR-ENG on 1991-05-01 (91 paths)
Processing YUG-DNK on 1991-05-01 (80 paths)
Processing FIN-MLT on 1991-05-16 (38 paths)
Processing YUG-FRO on 1991-05-16 (36 paths)
Processing AUT-FRO on 1991-05-22 (26 paths)
Processing SMR-BGR on 1991-05-22 (49 paths)
Processing ALB-ISL on 1991-05-26 (74 paths)
Processing CIS-CYP on 1991-05-29 (36 paths)
Processing CHE-SMR on 1991-06-05 (29 paths)
Processing DNK-AUT on 1991-06-05 (108 paths)
Processing FIN-NLD on 1991-06-05 (50 paths)
Processing ISL-CSK on 1991-06-05 (65 paths)
Processing NOR-ITA on 1991-06-05 (85 paths)
Processing WAL-DEU on 1991-06-05 (89 paths)
Processing NOR-CIS on 1991-08-28 (27 paths)
Processing CSK-FRA on 1991-09-04 (77 paths)
Processing CHE-SCO on 1991-09-11 (82 paths)
Processing FRO-NIR on 1991-09-11 (39 paths)
Processing LUX-BEL on 1991-09-11 (80 paths)
Processing PRT-FIN on 1991-09-11 (72 paths)
Processing CIS-HUN on 1991-09-25 (51 paths)
Processing FRO-DNK on 1991-09-25 (50 paths)
Processing ISL-ESP on 1991-09-25 (87 paths)
Processing AUT-DNK on 1991-10-09 (85 paths)
Processing FIN-GRC on 1991-10-09 (75 paths)
Processing CIS-ITA on 1991-10-12 (41 paths)
Processing ESP-FRA on 1991-10-12 (105 paths)
Processing BGR-SMR on 1991-10-16 (61 paths)
Processing CSK-ALB on 1991-10-16 (94 paths)
Processing DEU-WAL on 1991-10-16 (53 paths)
Processing ENG-TUR on 1991-10-16 (83 paths)
Processing FRO-YUG on 1991-10-16 (82 paths)
Processing NIR-AUT on 1991-10-16 (82 paths)
Processing NLD-PRT on 1991-10-16 (115 paths)
Processing POL-IRL on 1991-10-16 (115 paths)
Processing ROU-SCO on 1991-10-16 (73 paths)
Processing GRC-FIN on 1991-10-30 (76 paths)
Processing HUN-NOR on 1991-10-30 (72 paths)
Processing AUT-YUG on 1991-11-13 (120 paths)
Processing CYP-CIS on 1991-11-13 (88 paths)
Processing DNK-NIR on 1991-11-13 (108 paths)
Processing ESP-CSK on 1991-11-13 (129 paths)
Processing ITA-NOR on 1991-11-13 (90 paths)
Processing POL-ENG on 1991-11-13 (134 paths)
Processing ROU-CHE on 1991-11-13 (76 paths)
Processing SCO-SMR on 1991-11-13 (78 paths)
Processing TUR-IRL on 1991-11-13 (112 paths)
Processing WAL-LUX on 1991-11-13 (34 paths)
Processing BEL-DEU on 1991-11-20 (69 paths)
Processing BGR-ROU on 1991-11-20 (97 paths)
Processing FRA-ISL on 1991-11-20 (89 paths)
Processing PRT-GRC on 1991-11-20 (111 paths)
Processing GRC-NLD on 1991-12-04 (100 paths)
Processing DEU-LUX on 1991-12-18 (78 paths)
Processing ITA-CYP on 1991-12-21 (123 paths)
Processing MLT-GRC on 1991-12-22 (130 paths)
Processing SWE-FRA on 1992-06-10 (12 paths)
Processing DNK-ENG on 1992-06-11 (65 paths)
Processing CIS-DEU on 1992-06-12 (31 paths)
Processing NLD-SCO on 1992-06-12 (37 paths)
Processing SUN-DEU on 1992-06-12 (56 paths)
Processing DEU-SCO on 1992-06-14 (50 paths)
Processing ENG-FRA on 1992-06-14 (37 paths)
Processing SWE-DNK on 1992-06-14 (12 paths)
Processing CIS-NLD on 1992-06-15 (57 paths)
Processing DEU-SCO on 1992-06-15 (52 paths)
Processing FRA-ENG on 1992-06-15 (38 paths)
Processing NLD-SUN on 1992-06-15 (63 paths)
Processing DNK-FRA on 1992-06-17 (59 paths)
Processing FRA-DNK on 1992-06-17 (59 paths)
Processing SWE-ENG on 1992-06-17 (31 paths)
Processing DEU-NLD on 1992-06-18 (73 paths)
Processing NLD-DEU on 1992-06-18 (73 paths)
Processing SCO-CIS on 1992-06-18 (24 paths)
Processing SCO-SUN on 1992-06-18 (74 paths)
Processing SWE-DEU on 1992-06-21 (72 paths)
Processing DNK-NLD on 1992-06-22 (92 paths)
Processing NLD-DNK on 1992-06-22 (92 paths)
Processing DNK-DEU on 1992-06-26 (126 paths)
Processing ARG-SAU on 1992-10-20 (1 paths)
Processing NIR-LIE on 1994-04-20 (1 paths)
Processing DEU-BOL on 1994-06-17 (1 paths)
Processing ESP-KOR on 1994-06-17 (11 paths)
Processing COL-ROU on 1994-06-18 (11 paths)
Processing ITA-IRL on 1994-06-18 (17 paths)
Processing USA-CHE on 1994-06-18 (1 paths)
Processing BEL-MAR on 1994-06-19 (1 paths)
Processing CMR-SWE on 1994-06-19 (14 paths)
Processing NOR-MEX on 1994-06-19 (1 paths)
Processing BRA-RUS on 1994-06-20 (1 paths)
Processing NLD-SAU on 1994-06-20 (4 paths)
Processing ARG-GRC on 1994-06-21 (9 paths)
Processing DEU-ESP on 1994-06-21 (51 paths)
Processing NGA-BGR on 1994-06-21 (1 paths)
Processing ROU-CHE on 1994-06-22 (66 paths)
Processing USA-COL on 1994-06-22 (7 paths)
Processing ITA-NOR on 1994-06-23 (63 paths)
Processing KOR-BOL on 1994-06-23 (7 paths)
Processing BRA-CMR on 1994-06-24 (14 paths)
Processing MEX-IRL on 1994-06-24 (7 paths)
Processing SWE-RUS on 1994-06-24 (6 paths)
Processing ARG-NGA on 1994-06-25 (3 paths)
Processing BEL-NLD on 1994-06-25 (43 paths)
Processing SAU-MAR on 1994-06-25 (2 paths)
Processing BGR-GRC on 1994-06-26 (8 paths)
Processing CHE-COL on 1994-06-26 (28 paths)
Processing GRC-BGR on 1994-06-26 (8 paths)
Processing USA-ROU on 1994-06-26 (25 paths)
Processing BOL-ESP on 1994-06-27 (17 paths)
Processing DEU-KOR on 1994-06-27 (51 paths)
Processing BRA-SWE on 1994-06-28 (18 paths)
Processing IRL-NOR on 1994-06-28 (49 paths)
Processing ITA-MEX on 1994-06-28 (27 paths)
Processing RUS-CMR on 1994-06-28 (11 paths)
Processing BEL-SAU on 1994-06-29 (12 paths)
Processing MAR-NLD on 1994-06-29 (10 paths)
Processing ARG-BGR on 1994-06-30 (33 paths)
Processing GRC-NGA on 1994-06-30 (5 paths)
Processing DEU-BEL on 1994-07-02 (63 paths)
Processing ESP-CHE on 1994-07-02 (9 paths)
Processing ROU-ARG on 1994-07-03 (42 paths)
Processing SAU-SWE on 1994-07-03 (15 paths)
Processing BRA-USA on 1994-07-04 (11 paths)
Processing NLD-IRL on 1994-07-04 (41 paths)
Processing MEX-BGR on 1994-07-05 (5 paths)
Processing NGA-ITA on 1994-07-05 (5 paths)
Processing ITA-ESP on 1994-07-09 (36 paths)
Processing NLD-BRA on 1994-07-09 (35 paths)
Processing BGR-DEU on 1994-07-10 (61 paths)
Processing ROU-SWE on 1994-07-10 (63 paths)
Processing SWE-ROU on 1994-07-10 (63 paths)
Processing BGR-ITA on 1994-07-13 (33 paths)
Processing BRA-SWE on 1994-07-13 (32 paths)
Processing ITA-BGR on 1994-07-13 (33 paths)
Processing SWE-BRA on 1994-07-13 (32 paths)
Processing SWE-BGR on 1994-07-16 (64 paths)
Processing BRA-ITA on 1994-07-17 (25 paths)
Processing EST-HRV on 1994-09-04 (1 paths)
Processing ISR-POL on 1994-09-04 (1 paths)
Processing CZE-MLT on 1994-09-06 (1 paths)
Processing BEL-ARM on 1994-09-07 (1 paths)
Processing CYP-ESP on 1994-09-07 (27 paths)
Processing FIN-SCO on 1994-09-07 (31 paths)
Processing FRO-GRC on 1994-09-07 (11 paths)
Processing GEO-MDA on 1994-09-07 (1 paths)
Processing HUN-TUR on 1994-09-07 (17 paths)
Processing ISL-SWE on 1994-09-07 (27 paths)
Processing LIE-AUT on 1994-09-07 (15 paths)
Processing LUX-NLD on 1994-09-07 (53 paths)
Processing LVA-IRL on 1994-09-07 (1 paths)
Processing MKD-DNK on 1994-09-07 (1 paths)
Processing NIR-PRT on 1994-09-07 (9 paths)
Processing NOR-BLR on 1994-09-07 (1 paths)
Processing ROU-AZE on 1994-09-07 (1 paths)
Processing SVK-FRA on 1994-09-07 (1 paths)
Processing SVN-ITA on 1994-09-07 (1 paths)
Processing UKR-LTU on 1994-09-07 (1 paths)
Processing WAL-ALB on 1994-09-07 (9 paths)
Processing ARM-CYP on 1994-10-08 (2 paths)
Processing EST-ITA on 1994-10-08 (1 paths)
Processing FRA-ROU on 1994-10-08 (30 paths)
Processing HRV-LTU on 1994-10-09 (1 paths)
Processing LVA-PRT on 1994-10-09 (5 paths)
Processing AUT-NIR on 1994-10-12 (64 paths)
Processing BGR-GEO on 1994-10-12 (1 paths)
Processing BLR-LUX on 1994-10-12 (2 paths)
Processing CHE-SWE on 1994-10-12 (87 paths)
Processing DNK-BEL on 1994-10-12 (59 paths)
Processing GRC-FIN on 1994-10-12 (68 paths)
Processing IRL-LIE on 1994-10-12 (3 paths)
Processing ISR-SVK on 1994-10-12 (1 paths)
Processing MDA-WAL on 1994-10-12 (1 paths)
Processing MKD-ESP on 1994-10-12 (7 paths)
Processing MLT-CZE on 1994-10-12 (2 paths)
Processing NOR-NLD on 1994-10-12 (33 paths)
Processing POL-AZE on 1994-10-12 (3 paths)
Processing RUS-SMR on 1994-10-12 (13 paths)
Processing SCO-FRO on 1994-10-12 (24 paths)
Processing TUR-ISL on 1994-10-12 (11 paths)
Processing UKR-SVN on 1994-10-12 (1 paths)
Processing ROU-SVK on 1994-11-12 (3 paths)
Processing PRT-AUT on 1994-11-13 (25 paths)
Processing UKR-EST on 1994-11-13 (3 paths)
Processing LIE-LVA on 1994-11-15 (4 paths)
Processing ALB-DEU on 1994-11-16 (57 paths)
Processing AZE-ISR on 1994-11-16 (3 paths)
Processing BEL-MKD on 1994-11-16 (19 paths)
Processing BGR-MDA on 1994-11-16 (5 paths)
Processing BLR-NOR on 1994-11-16 (3 paths)
Processing CHE-ISL on 1994-11-16 (31 paths)
Processing CYP-ARM on 1994-11-16 (3 paths)
Processing ESP-DNK on 1994-11-16 (78 paths)
Processing FIN-FRO on 1994-11-16 (31 paths)
Processing GEO-WAL on 1994-11-16 (5 paths)
Processing GRC-SMR on 1994-11-16 (35 paths)
Processing ITA-HRV on 1994-11-16 (3 paths)
Processing NIR-IRL on 1994-11-16 (29 paths)
Processing NLD-CZE on 1994-11-16 (29 paths)
Processing POL-FRA on 1994-11-16 (41 paths)
Processing SCO-RUS on 1994-11-16 (43 paths)
Processing SVN-LTU on 1994-11-16 (3 paths)
Processing SWE-HUN on 1994-11-16 (18 paths)
Processing AZE-FRA on 1994-12-13 (11 paths)
Processing ALB-GEO on 1994-12-14 (8 paths)
Processing FIN-SMR on 1994-12-14 (44 paths)
Processing ISR-ROU on 1994-12-14 (9 paths)
Processing MDA-DEU on 1994-12-14 (28 paths)
Processing MLT-NOR on 1994-12-14 (21 paths)
Processing NLD-LUX on 1994-12-14 (58 paths)
Processing TUR-CHE on 1994-12-14 (14 paths)
Processing WAL-BGR on 1994-12-14 (34 paths)
Processing PRT-LIE on 1994-12-16 (16 paths)
Processing BEL-ESP on 1994-12-17 (81 paths)
Processing MKD-CYP on 1994-12-17 (9 paths)
Processing DEU-ALB on 1994-12-18 (67 paths)
Processing GRC-SCO on 1994-12-18 (100 paths)
Processing JPN-NGA on 1995-01-06 (1 paths)
Processing DNK-ARG on 1995-01-13 (57 paths)
Processing MLT-LUX on 1995-02-22 (49 paths)
Processing HRV-UKR on 1995-03-25 (7 paths)
Processing ITA-EST on 1995-03-25 (5 paths)
Processing ALB-MDA on 1995-03-29 (24 paths)
Processing AUT-LVA on 1995-03-29 (20 paths)
Processing BGR-WAL on 1995-03-29 (40 paths)
Processing CYP-DNK on 1995-03-29 (32 paths)
Processing CZE-BLR on 1995-03-29 (11 paths)
Processing ESP-BEL on 1995-03-29 (86 paths)
Processing GEO-DEU on 1995-03-29 (44 paths)
Processing HUN-CHE on 1995-03-29 (24 paths)
Processing IRL-NIR on 1995-03-29 (34 paths)
Processing ISR-FRA on 1995-03-29 (20 paths)
Processing LTU-HRV on 1995-03-29 (8 paths)
Processing LUX-NOR on 1995-03-29 (29 paths)
Processing NLD-MLT on 1995-03-29 (91 paths)
Processing ROU-POL on 1995-03-29 (44 paths)
Processing RUS-SCO on 1995-03-29 (47 paths)
Processing SMR-FIN on 1995-03-29 (53 paths)
Processing SVK-AZE on 1995-03-29 (13 paths)
Processing SVN-EST on 1995-03-29 (12 paths)
Processing TUR-SWE on 1995-03-29 (47 paths)
Processing UKR-ITA on 1995-03-29 (14 paths)
Processing POL-ISR on 1995-04-25 (20 paths)
Processing ARM-ESP on 1995-04-26 (32 paths)
Processing AUT-LIE on 1995-04-26 (39 paths)
Processing AZE-ROU on 1995-04-26 (23 paths)
Processing BEL-CYP on 1995-04-26 (67 paths)
Processing BLR-MLT on 1995-04-26 (30 paths)
Processing CHE-TUR on 1995-04-26 (34 paths)
Processing CZE-NLD on 1995-04-26 (45 paths)
Processing DEU-WAL on 1995-04-26 (100 paths)
Processing DNK-MKD on 1995-04-26 (25 paths)
Processing EST-UKR on 1995-04-26 (19 paths)
Processing FRA-SVK on 1995-04-26 (18 paths)
Processing FRO-FIN on 1995-04-26 (44 paths)
Processing GEO-ALB on 1995-04-26 (29 paths)
Processing GRC-RUS on 1995-04-26 (44 paths)
Processing HRV-SVN on 1995-04-26 (22 paths)
Processing HUN-SWE on 1995-04-26 (35 paths)
Processing IRL-PRT on 1995-04-26 (70 paths)
Processing LTU-ITA on 1995-04-26 (23 paths)
Processing LVA-NIR on 1995-04-26 (40 paths)
Processing MDA-BGR on 1995-04-26 (32 paths)
Processing NOR-LUX on 1995-04-26 (37 paths)
Processing SMR-SCO on 1995-04-26 (117 paths)
Processing RUS-FRO on 1995-05-06 (29 paths)
Processing ARM-MKD on 1995-05-10 (25 paths)
Processing FRO-SMR on 1995-05-25 (58 paths)
Processing SWE-ISL on 1995-06-01 (53 paths)
Processing LIE-IRL on 1995-06-03 (40 paths)
Processing PRT-LVA on 1995-06-03 (30 paths)
Processing BGR-DEU on 1995-06-07 (148 paths)
Processing BLR-NLD on 1995-06-07 (75 paths)
Processing DNK-CYP on 1995-06-07 (59 paths)
Processing ESP-ARM on 1995-06-07 (46 paths)
Processing FRO-SCO on 1995-06-07 (88 paths)
Processing LTU-SVN on 1995-06-07 (20 paths)
Processing LUX-CZE on 1995-06-07 (61 paths)
Processing MDA-ALB on 1995-06-07 (45 paths)
Processing MKD-BEL on 1995-06-07 (57 paths)
Processing NIR-LVA on 1995-06-07 (51 paths)
Processing NOR-MLT on 1995-06-07 (66 paths)
Processing POL-SVK on 1995-06-07 (41 paths)
Processing ROU-ISR on 1995-06-07 (34 paths)
Processing SMR-RUS on 1995-06-07 (81 paths)
Processing WAL-GEO on 1995-06-07 (60 paths)
Processing EST-SVN on 1995-06-11 (32 paths)
Processing FIN-GRC on 1995-06-11 (114 paths)
Processing IRL-AUT on 1995-06-11 (93 paths)
Processing ISL-HUN on 1995-06-11 (37 paths)
Processing UKR-HRV on 1995-06-11 (31 paths)
Processing LIE-PRT on 1995-08-15 (48 paths)
Processing ARM-DNK on 1995-08-16 (53 paths)
Processing AZE-SVK on 1995-08-16 (35 paths)
Processing EST-LTU on 1995-08-16 (48 paths)
Processing FIN-RUS on 1995-08-16 (99 paths)
Processing FRA-POL on 1995-08-16 (66 paths)
Processing ISL-CHE on 1995-08-16 (50 paths)
Processing LVA-AUT on 1995-08-16 (81 paths)
Processing NOR-CZE on 1995-08-16 (62 paths)
Processing SCO-GRC on 1995-08-16 (161 paths)
Processing HRV-EST on 1995-09-03 (49 paths)
Processing PRT-NIR on 1995-09-03 (102 paths)
Processing ALB-BGR on 1995-09-06 (106 paths)
Processing AUT-IRL on 1995-09-06 (107 paths)
Processing BEL-DNK on 1995-09-06 (91 paths)
Processing CZE-NOR on 1995-09-06 (74 paths)
Processing DEU-GEO on 1995-09-06 (96 paths)
Processing ESP-CYP on 1995-09-06 (86 paths)
Processing FRA-AZE on 1995-09-06 (59 paths)
Processing FRO-RUS on 1995-09-06 (79 paths)
Processing ITA-SVN on 1995-09-06 (48 paths)
Processing LTU-UKR on 1995-09-06 (55 paths)
Processing LUX-MLT on 1995-09-06 (108 paths)
Processing LVA-LIE on 1995-09-06 (80 paths)
Processing MKD-ARM on 1995-09-06 (56 paths)
Processing NLD-BLR on 1995-09-06 (87 paths)
Processing POL-ROU on 1995-09-06 (75 paths)
Processing SCO-FIN on 1995-09-06 (194 paths)
Processing SMR-GRC on 1995-09-06 (179 paths)
Processing SVK-ISR on 1995-09-06 (56 paths)
Processing SWE-CHE on 1995-09-06 (100 paths)
Processing TUR-HUN on 1995-09-06 (41 paths)
Processing WAL-MDA on 1995-09-06 (85 paths)
Processing ARM-BEL on 1995-10-07 (78 paths)
Processing BGR-ALB on 1995-10-07 (104 paths)
Processing BLR-CZE on 1995-10-07 (73 paths)
Processing DEU-MDA on 1995-10-08 (128 paths)
Processing HRV-ITA on 1995-10-08 (65 paths)
Processing AUT-PRT on 1995-10-11 (140 paths)
Processing CHE-HUN on 1995-10-11 (61 paths)
Processing CYP-MKD on 1995-10-11 (82 paths)
Processing DNK-ESP on 1995-10-11 (124 paths)
Processing GEO-BGR on 1995-10-11 (118 paths)
Processing IRL-LVA on 1995-10-11 (112 paths)
Processing ISL-TUR on 1995-10-11 (59 paths)
Processing LIE-NIR on 1995-10-11 (136 paths)
Processing LTU-EST on 1995-10-11 (86 paths)
Processing LUX-BLR on 1995-10-11 (100 paths)
Processing MLT-NLD on 1995-10-11 (170 paths)
Processing RUS-GRC on 1995-10-11 (147 paths)
Processing SMR-FRO on 1995-10-11 (138 paths)
Processing SVN-UKR on 1995-10-11 (82 paths)
Processing WAL-DEU on 1995-10-11 (149 paths)
Processing ISR-AZE on 1995-11-10 (80 paths)
Processing NZL-AUS on 1995-11-10 (1 paths)
Processing ROU-FRA on 1995-11-10 (114 paths)
Processing SVK-POL on 1995-11-10 (84 paths)
Processing HUN-ISL on 1995-11-11 (61 paths)
Processing ITA-UKR on 1995-11-11 (92 paths)
Processing MLT-BLR on 1995-11-12 (138 paths)
Processing ALB-WAL on 1995-11-15 (168 paths)
Processing AUS-NZL on 1995-11-15 (2 paths)
Processing AZE-POL on 1995-11-15 (118 paths)
Processing CYP-BEL on 1995-11-15 (144 paths)
Processing CZE-LUX on 1995-11-15 (136 paths)
Processing DEU-BGR on 1995-11-15 (192 paths)
Processing DNK-ARM on 1995-11-15 (128 paths)
Processing ESP-MKD on 1995-11-15 (130 paths)
Processing FRA-ISR on 1995-11-15 (120 paths)
Processing GRC-FRO on 1995-11-15 (199 paths)
Processing ITA-LTU on 1995-11-15 (114 paths)
Processing MDA-GEO on 1995-11-15 (138 paths)
Processing NIR-AUT on 1995-11-15 (134 paths)
Processing NLD-NOR on 1995-11-15 (179 paths)
Processing PRT-IRL on 1995-11-15 (143 paths)
Processing RUS-FIN on 1995-11-15 (180 paths)
Processing SCO-SMR on 1995-11-15 (179 paths)
Processing SVK-ROU on 1995-11-15 (116 paths)
Processing SVN-HRV on 1995-11-15 (114 paths)
Processing SWE-TUR on 1995-11-15 (86 paths)
Processing SLB-TAH on 1995-11-17 (1 paths)
Processing NLD-IRL on 1995-12-13 (82 paths)
Processing TAH-SLB on 1996-05-11 (2 paths)
Processing ENG-CHE on 1996-06-08 (57 paths)
Processing BGR-ESP on 1996-06-09 (67 paths)
Processing DEU-CZE on 1996-06-09 (61 paths)
Processing DNK-PRT on 1996-06-09 (57 paths)
Processing ESP-BGR on 1996-06-09 (67 paths)
Processing FRA-ROU on 1996-06-10 (142 paths)
Processing NLD-SCO on 1996-06-10 (58 paths)
Processing ROU-FRA on 1996-06-10 (142 paths)
Processing HRV-TUR on 1996-06-11 (3 paths)
Processing ITA-RUS on 1996-06-11 (12 paths)
Processing TUR-HRV on 1996-06-11 (3 paths)
Processing BGR-ROU on 1996-06-13 (32 paths)
Processing CHE-NLD on 1996-06-13 (37 paths)
Processing NLD-CHE on 1996-06-13 (37 paths)
Processing CZE-ITA on 1996-06-14 (54 paths)
Processing PRT-TUR on 1996-06-14 (26 paths)
Processing ENG-SCO on 1996-06-15 (29 paths)
Processing FRA-ESP on 1996-06-15 (51 paths)
Processing SCO-ENG on 1996-06-15 (29 paths)
Processing DEU-RUS on 1996-06-16 (78 paths)
Processing HRV-DNK on 1996-06-16 (13 paths)
Processing RUS-DEU on 1996-06-16 (78 paths)
Processing ENG-NLD on 1996-06-18 (36 paths)
Processing ESP-ROU on 1996-06-18 (93 paths)
Processing FRA-BGR on 1996-06-18 (83 paths)
Processing NLD-ENG on 1996-06-18 (36 paths)
Processing ROU-ESP on 1996-06-18 (93 paths)
Processing SCO-CHE on 1996-06-18 (34 paths)
Processing CZE-RUS on 1996-06-19 (37 paths)
Processing DNK-TUR on 1996-06-19 (57 paths)
Processing HRV-PRT on 1996-06-19 (16 paths)
Processing ITA-DEU on 1996-06-19 (87 paths)
Processing PRT-HRV on 1996-06-19 (16 paths)
Processing RUS-CZE on 1996-06-19 (37 paths)
Processing TUR-DNK on 1996-06-19 (57 paths)
Processing ENG-ESP on 1996-06-22 (83 paths)
Processing ESP-ENG on 1996-06-22 (83 paths)
Processing FRA-NLD on 1996-06-22 (63 paths)
Processing CZE-PRT on 1996-06-23 (48 paths)
Processing DEU-HRV on 1996-06-23 (48 paths)
Processing CZE-FRA on 1996-06-26 (41 paths)
Processing DEU-ENG on 1996-06-26 (80 paths)
Processing ENG-DEU on 1996-06-26 (80 paths)
Processing DEU-CZE on 1996-06-30 (101 paths)
Processing TAH-AUS on 1996-10-27 (1 paths)
Processing AUS-TAH on 1996-11-01 (2 paths)
Processing MEX-AUS on 1997-12-12 (1 paths)
Processing AUS-BRA on 1997-12-14 (2 paths)
Processing BRA-MEX on 1997-12-16 (13 paths)
Processing BRA-CZE on 1997-12-19 (36 paths)
Processing URY-AUS on 1997-12-19 (1 paths)
Processing BRA-AUS on 1997-12-21 (5 paths)
Processing CZE-URY on 1997-12-21 (3 paths)
Processing MAR-EGY on 1998-02-17 (1 paths)
Processing ZAF-EGY on 1998-02-28 (1 paths)
Processing EST-FRO on 1998-06-04 (5 paths)
Processing BRA-SCO on 1998-06-10 (39 paths)
Processing MAR-NOR on 1998-06-10 (25 paths)
Processing CMR-AUT on 1998-06-11 (1 paths)
Processing ITA-CHL on 1998-06-11 (1 paths)
Processing FRA-ZAF on 1998-06-12 (1 paths)
Processing PRY-BGR on 1998-06-12 (1 paths)
Processing SAU-DNK on 1998-06-12 (25 paths)
Processing ESP-NGA on 1998-06-13 (16 paths)
Processing KOR-MEX on 1998-06-13 (7 paths)
Processing NLD-BEL on 1998-06-13 (21 paths)
Processing ARG-JPN on 1998-06-14 (4 paths)
Processing JAM-HRV on 1998-06-14 (1 paths)
Processing YUG-IRN on 1998-06-14 (1 paths)
Processing DEU-USA on 1998-06-15 (11 paths)
Processing ENG-TUN on 1998-06-15 (1 paths)
Processing ROU-COL on 1998-06-15 (9 paths)
Processing BRA-MAR on 1998-06-16 (17 paths)
Processing SCO-NOR on 1998-06-16 (39 paths)
Processing CHL-AUT on 1998-06-17 (4 paths)
Processing ITA-CMR on 1998-06-17 (16 paths)
Processing FRA-SAU on 1998-06-18 (16 paths)
Processing ZAF-DNK on 1998-06-18 (4 paths)
Processing ESP-PRY on 1998-06-19 (10 paths)
Processing NGA-BGR on 1998-06-19 (22 paths)
Processing BEL-MEX on 1998-06-20 (26 paths)
Processing JPN-HRV on 1998-06-20 (4 paths)
Processing NLD-KOR on 1998-06-20 (22 paths)
Processing ARG-JAM on 1998-06-21 (3 paths)
Processing DEU-YUG on 1998-06-21 (2 paths)
Processing USA-IRN on 1998-06-21 (2 paths)
Processing COL-TUN on 1998-06-22 (4 paths)
Processing ROU-ENG on 1998-06-22 (26 paths)
Processing BRA-NOR on 1998-06-23 (66 paths)
Processing CHL-CMR on 1998-06-23 (7 paths)
Processing ITA-AUT on 1998-06-23 (35 paths)
Processing SCO-MAR on 1998-06-23 (19 paths)
Processing ESP-BGR on 1998-06-24 (74 paths)
Processing FRA-DNK on 1998-06-24 (45 paths)
Processing NGA-PRY on 1998-06-24 (14 paths)
Processing ZAF-SAU on 1998-06-24 (9 paths)
Processing BEL-KOR on 1998-06-25 (34 paths)
Processing DEU-IRN on 1998-06-25 (5 paths)
Processing NLD-MEX on 1998-06-25 (53 paths)
Processing USA-YUG on 1998-06-25 (5 paths)
Processing ARG-HRV on 1998-06-26 (16 paths)
Processing COL-ENG on 1998-06-26 (19 paths)
Processing JPN-JAM on 1998-06-26 (6 paths)
Processing ROU-TUN on 1998-06-26 (11 paths)
Processing BRA-CHL on 1998-06-27 (15 paths)
Processing ITA-NOR on 1998-06-27 (54 paths)
Processing FRA-PRY on 1998-06-28 (19 paths)
Processing NGA-DNK on 1998-06-28 (44 paths)
Processing DEU-MEX on 1998-06-29 (62 paths)
Processing NLD-YUG on 1998-06-29 (12 paths)
Processing ARG-ENG on 1998-06-30 (20 paths)
Processing ROU-HRV on 1998-06-30 (26 paths)
Processing BRA-DNK on 1998-07-03 (26 paths)
Processing FRA-ITA on 1998-07-03 (55 paths)
Processing ITA-FRA on 1998-07-03 (55 paths)
Processing DEU-HRV on 1998-07-04 (52 paths)
Processing NLD-ARG on 1998-07-04 (20 paths)
Processing BRA-NLD on 1998-07-07 (96 paths)
Processing FRA-HRV on 1998-07-08 (74 paths)
Processing NLD-HRV on 1998-07-11 (76 paths)
Processing BRA-FRA on 1998-07-12 (56 paths)
Processing BIH-FRO on 1998-08-19 (1 paths)
Processing ROU-LIE on 1998-09-02 (3 paths)
Processing ARM-AND on 1998-09-05 (1 paths)
Processing AUT-ISR on 1998-09-05 (7 paths)
Processing BIH-EST on 1998-09-05 (2 paths)
Processing BLR-DNK on 1998-09-05 (29 paths)
Processing CYP-ESP on 1998-09-05 (123 paths)
Processing FIN-MDA on 1998-09-05 (9 paths)
Processing GEO-ALB on 1998-09-05 (123 paths)
Processing IRL-HRV on 1998-09-05 (69 paths)
Processing ISL-FRA on 1998-09-05 (29 paths)
Processing LTU-SCO on 1998-09-05 (21 paths)
Processing SVK-AZE on 1998-09-05 (123 paths)
Processing SWE-ENG on 1998-09-05 (49 paths)
Processing TUR-NIR on 1998-09-05 (25 paths)
Processing UKR-RUS on 1998-09-05 (39 paths)
Processing WAL-ITA on 1998-09-05 (71 paths)
Processing BGR-POL on 1998-09-06 (57 paths)
Processing FRO-CZE on 1998-09-06 (39 paths)
Processing GRC-SVN on 1998-09-06 (23 paths)
Processing HUN-PRT on 1998-09-06 (23 paths)
Processing MKD-MLT on 1998-09-06 (13 paths)
Processing NOR-LVA on 1998-09-06 (41 paths)
Processing AUS-FJI on 1998-09-25 (1 paths)
Processing NZL-TAH on 1998-09-25 (5 paths)
Processing AUS-COK on 1998-09-28 (1 paths)
Processing NZL-VUT on 1998-09-28 (1 paths)
Processing FJI-COK on 1998-09-30 (2 paths)
Processing TAH-VUT on 1998-09-30 (6 paths)
Processing AUS-TAH on 1998-10-02 (8 paths)
Processing NZL-FJI on 1998-10-02 (8 paths)
Processing FJI-TAH on 1998-10-04 (21 paths)
Processing NZL-AUS on 1998-10-04 (15 paths)
Processing AND-UKR on 1998-10-10 (1 paths)
Processing ARM-ISL on 1998-10-10 (13 paths)
Processing AZE-HUN on 1998-10-10 (15 paths)
Processing BIH-CZE on 1998-10-10 (7 paths)
Processing CYP-AUT on 1998-10-10 (8 paths)
Processing DNK-WAL on 1998-10-10 (38 paths)
Processing ENG-BGR on 1998-10-10 (66 paths)
Processing ITA-CHE on 1998-10-10 (60 paths)
Processing LIE-SVK on 1998-10-10 (31 paths)
Processing LTU-FRO on 1998-10-10 (58 paths)
Processing LVA-GEO on 1998-10-10 (1 paths)
Processing MLT-HRV on 1998-10-10 (61 paths)
Processing NIR-FIN on 1998-10-10 (1 paths)
Processing POL-LUX on 1998-10-10 (9 paths)
Processing PRT-ROU on 1998-10-10 (55 paths)
Processing RUS-FRA on 1998-10-10 (55 paths)
Processing SCO-EST on 1998-10-10 (68 paths)
Processing SMR-ISR on 1998-10-10 (5 paths)
Processing SVN-NOR on 1998-10-10 (63 paths)
Processing TUR-DEU on 1998-10-10 (35 paths)
Processing BGR-SWE on 1998-10-14 (55 paths)
Processing CHE-DNK on 1998-10-14 (88 paths)
Processing CZE-EST on 1998-10-14 (83 paths)
Processing FRA-AND on 1998-10-14 (11 paths)
Processing GRC-GEO on 1998-10-14 (38 paths)
Processing HRV-MKD on 1998-10-14 (55 paths)
Processing HUN-ROU on 1998-10-14 (84 paths)
Processing IRL-MLT on 1998-10-14 (83 paths)
Processing ISL-RUS on 1998-10-14 (38 paths)
Processing ISR-ESP on 1998-10-14 (69 paths)
Processing LIE-AZE on 1998-10-14 (59 paths)
Processing LTU-BIH on 1998-10-14 (32 paths)
Processing LUX-ENG on 1998-10-14 (34 paths)
Processing MDA-DEU on 1998-10-14 (152 paths)
Processing NOR-ALB on 1998-10-14 (32 paths)
Processing SCO-FRO on 1998-10-14 (133 paths)
Processing SMR-AUT on 1998-10-14 (10 paths)
Processing SVK-PRT on 1998-10-14 (69 paths)
Processing SVN-LVA on 1998-10-14 (25 paths)
Processing TUR-FIN on 1998-10-14 (21 paths)
Processing UKR-ARM on 1998-10-14 (15 paths)
Processing WAL-BLR on 1998-10-14 (20 paths)
Processing ALB-GRC on 1998-11-18 (59 paths)
Processing MLT-MKD on 1998-11-18 (20 paths)
Processing NIR-MDA on 1998-11-18 (10 paths)
Processing SMR-CYP on 1998-11-18 (6 paths)
Processing YUG-IRL on 1998-11-18 (13 paths)
Processing CYP-SMR on 1999-02-10 (7 paths)
Processing MLT-YUG on 1999-02-10 (36 paths)
Processing PRT-AZE on 1999-03-26 (90 paths)
Processing AND-ISL on 1999-03-27 (8 paths)
Processing ARM-RUS on 1999-03-27 (34 paths)
Processing BLR-CHE on 1999-03-27 (45 paths)
Processing CZE-LTU on 1999-03-27 (106 paths)
Processing DNK-ITA on 1999-03-27 (129 paths)
Processing ENG-POL on 1999-03-27 (61 paths)
Processing ESP-AUT on 1999-03-27 (55 paths)
Processing FRA-UKR on 1999-03-27 (77 paths)
Processing GEO-SVN on 1999-03-27 (33 paths)
Processing GRC-NOR on 1999-03-27 (64 paths)
Processing HUN-LIE on 1999-03-27 (50 paths)
Processing NIR-DEU on 1999-03-27 (63 paths)
Processing ROU-SVK on 1999-03-27 (179 paths)
Processing SWE-LUX on 1999-03-27 (42 paths)
Processing TUR-MDA on 1999-03-27 (48 paths)
Processing ISR-CYP on 1999-03-28 (46 paths)
Processing AZE-ROU on 1999-03-31 (210 paths)
Processing CHE-WAL on 1999-03-31 (51 paths)
Processing DEU-FIN on 1999-03-31 (90 paths)
Processing FRA-ARM on 1999-03-31 (102 paths)
Processing ITA-BLR on 1999-03-31 (130 paths)
Processing LIE-PRT on 1999-03-31 (150 paths)
Processing LTU-EST on 1999-03-31 (137 paths)
Processing LUX-BGR on 1999-03-31 (67 paths)
Processing LVA-GRC on 1999-03-31 (26 paths)
Processing MDA-NIR on 1999-03-31 (41 paths)
Processing POL-SWE on 1999-03-31 (79 paths)
Processing RUS-AND on 1999-03-31 (24 paths)
Processing SCO-CZE on 1999-03-31 (151 paths)
Processing SMR-ESP on 1999-03-31 (80 paths)
Processing SVK-HUN on 1999-03-31 (97 paths)
Processing UKR-ISL on 1999-03-31 (33 paths)
Processing AUT-SMR on 1999-04-28 (33 paths)
Processing GEO-NOR on 1999-04-28 (79 paths)
Processing LVA-ALB on 1999-04-28 (53 paths)
Processing NOR-GEO on 1999-05-30 (80 paths)
Processing DEU-MDA on 1999-06-04 (166 paths)
Processing POL-BGR on 1999-06-04 (90 paths)
Processing ALB-NOR on 1999-06-05 (107 paths)
Processing AZE-LIE on 1999-06-05 (120 paths)
Processing BIH-LTU on 1999-06-05 (45 paths)
Processing DNK-BLR on 1999-06-05 (70 paths)
Processing ENG-SWE on 1999-06-05 (85 paths)
Processing ESP-SMR on 1999-06-05 (89 paths)
Processing EST-CZE on 1999-06-05 (129 paths)
Processing FIN-TUR on 1999-06-05 (37 paths)
Processing FRA-RUS on 1999-06-05 (92 paths)
Processing FRO-SCO on 1999-06-05 (148 paths)
Processing GEO-GRC on 1999-06-05 (93 paths)
Processing ISL-ARM on 1999-06-05 (40 paths)
Processing ITA-WAL on 1999-06-05 (121 paths)
Processing LVA-SVN on 1999-06-05 (43 paths)
Processing MKD-HRV on 1999-06-05 (66 paths)
Processing PRT-SVK on 1999-06-05 (131 paths)
Processing ROU-HUN on 1999-06-05 (147 paths)
Processing UKR-AND on 1999-06-05 (28 paths)
Processing ISR-AUT on 1999-06-06 (63 paths)
Processing YUG-MLT on 1999-06-08 (37 paths)
Processing ALB-SVN on 1999-06-09 (98 paths)
Processing AND-FRA on 1999-06-09 (50 paths)
Processing ARM-UKR on 1999-06-09 (65 paths)
Processing BGR-ENG on 1999-06-09 (108 paths)
Processing CHE-ITA on 1999-06-09 (115 paths)
Processing CZE-SCO on 1999-06-09 (177 paths)
Processing EST-LTU on 1999-06-09 (156 paths)
Processing FRO-BIH on 1999-06-09 (47 paths)
Processing GRC-LVA on 1999-06-09 (58 paths)
Processing HUN-SVK on 1999-06-09 (151 paths)
Processing IRL-MKD on 1999-06-09 (65 paths)
Processing LUX-POL on 1999-06-09 (40 paths)
Processing MDA-FIN on 1999-06-09 (72 paths)
Processing PRT-LIE on 1999-06-09 (163 paths)
Processing ROU-AZE on 1999-06-09 (246 paths)
Processing RUS-ISL on 1999-06-09 (78 paths)
Processing WAL-DNK on 1999-06-09 (75 paths)
Processing BRA-DEU on 1999-07-24 (57 paths)
Processing NZL-USA on 1999-07-24 (1 paths)
Processing BOL-EGY on 1999-07-25 (1 paths)
Processing MEX-SAU on 1999-07-25 (6 paths)
Processing BRA-USA on 1999-07-28 (15 paths)
Processing DEU-NZL on 1999-07-28 (14 paths)
Processing MEX-EGY on 1999-07-28 (4 paths)
Processing SAU-BOL on 1999-07-28 (3 paths)
Processing BOL-MEX on 1999-07-29 (3 paths)
Processing NZL-BRA on 1999-07-29 (25 paths)
Processing EGY-SAU on 1999-07-30 (8 paths)
Processing USA-DEU on 1999-07-30 (13 paths)
Processing BRA-SAU on 1999-08-01 (18 paths)
Processing MEX-USA on 1999-08-01 (19 paths)
Processing USA-SAU on 1999-08-04 (14 paths)
Processing MEX-BRA on 1999-08-05 (36 paths)
Processing SVN-ALB on 1999-08-18 (89 paths)
Processing YUG-HRV on 1999-08-18 (41 paths)
Processing HRV-MLT on 1999-08-21 (99 paths)
Processing IRL-YUG on 1999-09-01 (32 paths)
Processing ALB-LVA on 1999-09-04 (103 paths)
Processing AUT-ESP on 1999-09-04 (79 paths)
Processing AZE-PRT on 1999-09-04 (217 paths)
Processing BIH-SCO on 1999-09-04 (111 paths)
Processing BLR-WAL on 1999-09-04 (69 paths)
Processing DNK-CHE on 1999-09-04 (81 paths)
Processing ENG-LUX on 1999-09-04 (78 paths)
Processing FIN-DEU on 1999-09-04 (129 paths)
Processing FRO-EST on 1999-09-04 (138 paths)
Processing HRV-IRL on 1999-09-04 (94 paths)
Processing ISL-AND on 1999-09-04 (56 paths)
Processing LIE-HUN on 1999-09-04 (128 paths)
Processing LTU-CZE on 1999-09-04 (177 paths)
Processing NIR-TUR on 1999-09-04 (71 paths)
Processing NOR-GRC on 1999-09-04 (115 paths)
Processing RUS-ARM on 1999-09-04 (85 paths)
Processing SVK-ROU on 1999-09-04 (267 paths)
Processing SVN-GEO on 1999-09-04 (130 paths)
Processing SWE-BGR on 1999-09-04 (65 paths)
Processing UKR-FRA on 1999-09-04 (123 paths)
Processing CYP-ISR on 1999-09-05 (79 paths)
Processing YUG-MKD on 1999-09-05 (52 paths)
Processing AND-RUS on 1999-09-08 (88 paths)
Processing ARM-FRA on 1999-09-08 (165 paths)
Processing CHE-BLR on 1999-09-08 (89 paths)
Processing CZE-BIH on 1999-09-08 (109 paths)
Processing DEU-NIR on 1999-09-08 (129 paths)
Processing ESP-CYP on 1999-09-08 (157 paths)
Processing EST-SCO on 1999-09-08 (194 paths)
Processing FRO-LTU on 1999-09-08 (174 paths)
Processing GEO-LVA on 1999-09-08 (130 paths)
Processing HUN-AZE on 1999-09-08 (208 paths)
Processing ISL-UKR on 1999-09-08 (100 paths)
Processing ISR-SMR on 1999-09-08 (66 paths)
Processing ITA-DNK on 1999-09-08 (130 paths)
Processing LUX-SWE on 1999-09-08 (60 paths)
Processing MDA-TUR on 1999-09-08 (102 paths)
Processing MKD-YUG on 1999-09-08 (58 paths)
Processing MLT-IRL on 1999-09-08 (78 paths)
Processing NOR-SVN on 1999-09-08 (146 paths)
Processing POL-ENG on 1999-09-08 (101 paths)
Processing ROU-PRT on 1999-09-08 (269 paths)
Processing SVK-LIE on 1999-09-08 (234 paths)
Processing SCO-BIH on 1999-10-05 (148 paths)
Processing GRC-ALB on 1999-10-06 (152 paths)
Processing AND-ARM on 1999-10-09 (122 paths)
Processing AZE-SVK on 1999-10-09 (296 paths)
Processing BLR-ITA on 1999-10-09 (135 paths)
Processing CZE-FRO on 1999-10-09 (250 paths)
Processing DEU-TUR on 1999-10-09 (161 paths)
Processing EST-BIH on 1999-10-09 (178 paths)
Processing FIN-NIR on 1999-10-09 (100 paths)
Processing FRA-ISL on 1999-10-09 (174 paths)
Processing HRV-YUG on 1999-10-09 (95 paths)
Processing LIE-ROU on 1999-10-09 (300 paths)
Processing MKD-IRL on 1999-10-09 (92 paths)
Processing PRT-HUN on 1999-10-09 (223 paths)
Processing RUS-UKR on 1999-10-09 (180 paths)
Processing SCO-LTU on 1999-10-09 (261 paths)
Processing SWE-POL on 1999-10-09 (98 paths)
Processing ALB-GEO on 1999-10-10 (206 paths)
Processing AUT-CYP on 1999-10-10 (116 paths)
Processing BGR-LUX on 1999-10-10 (117 paths)
Processing ESP-ISR on 1999-10-10 (166 paths)
Processing SVN-GRC on 1999-10-10 (162 paths)
Processing WAL-CHE on 1999-10-10 (104 paths)
Processing IRL-TUR on 1999-11-13 (99 paths)
Processing ISR-DNK on 1999-11-13 (154 paths)
Processing SCO-ENG on 1999-11-13 (42 paths)
Processing SVN-UKR on 1999-11-13 (87 paths)
Processing DNK-ISR on 1999-11-17 (126 paths)
Processing ENG-SCO on 1999-11-17 (40 paths)
Processing TUR-IRL on 1999-11-17 (85 paths)
Processing UKR-SVN on 1999-11-17 (71 paths)
Processing LVA-NOR on 1999-12-12 (145 paths)
Processing NGA-CMR on 2000-02-13 (5 paths)
Processing BEL-SWE on 2000-06-10 (7 paths)
Processing FRA-DNK on 2000-06-11 (122 paths)
Processing NLD-CZE on 2000-06-11 (79 paths)
Processing TUR-ITA on 2000-06-11 (88 paths)
Processing DEU-ROU on 2000-06-12 (68 paths)
Processing PRT-ENG on 2000-06-12 (77 paths)
Processing ESP-NOR on 2000-06-13 (37 paths)
Processing YUG-SVN on 2000-06-13 (29 paths)
Processing ITA-BEL on 2000-06-14 (43 paths)
Processing SWE-TUR on 2000-06-15 (20 paths)
Processing CZE-FRA on 2000-06-16 (103 paths)
Processing DNK-NLD on 2000-06-16 (98 paths)
Processing ENG-DEU on 2000-06-17 (88 paths)
Processing ROU-PRT on 2000-06-17 (203 paths)
Processing NOR-YUG on 2000-06-18 (53 paths)
Processing SVN-ESP on 2000-06-18 (59 paths)
Processing AUS-COK on 2000-06-19 (9 paths)
Processing ITA-SWE on 2000-06-19 (53 paths)
Processing TAH-NZL on 2000-06-19 (25 paths)
Processing TUR-BEL on 2000-06-19 (27 paths)
Processing DNK-CZE on 2000-06-20 (145 paths)
Processing ENG-ROU on 2000-06-20 (110 paths)
Processing FRA-NLD on 2000-06-20 (92 paths)
Processing PRT-DEU on 2000-06-20 (133 paths)
Processing SVN-NOR on 2000-06-20 (132 paths)
Processing YUG-ESP on 2000-06-20 (51 paths)
Processing DNK-CZE on 2000-06-21 (150 paths)
Processing FRA-NLD on 2000-06-21 (98 paths)
Processing NZL-VUT on 2000-06-21 (14 paths)
Processing SLB-COK on 2000-06-21 (15 paths)
Processing SVN-NOR on 2000-06-21 (135 paths)
Processing YUG-ESP on 2000-06-21 (55 paths)
Processing AUS-SLB on 2000-06-23 (24 paths)
Processing TAH-VUT on 2000-06-23 (26 paths)
Processing ITA-ROU on 2000-06-24 (101 paths)
Processing TUR-PRT on 2000-06-24 (117 paths)
Processing AUS-VUT on 2000-06-25 (51 paths)
Processing ESP-FRA on 2000-06-25 (125 paths)
Processing NLD-YUG on 2000-06-25 (94 paths)
Processing NZL-SLB on 2000-06-25 (54 paths)
Processing YUG-NLD on 2000-06-25 (94 paths)
Processing AUS-NZL on 2000-06-28 (62 paths)
Processing FRA-PRT on 2000-06-28 (196 paths)
Processing PRT-FRA on 2000-06-28 (196 paths)
Processing SLB-VUT on 2000-06-28 (46 paths)
Processing ITA-NLD on 2000-06-29 (176 paths)
Processing NLD-ITA on 2000-06-29 (176 paths)
Processing FRA-ITA on 2000-07-02 (235 paths)
Processing KOR-FRA on 2001-05-30 (23 paths)
Processing MEX-AUS on 2001-05-30 (22 paths)
Processing BRA-CMR on 2001-05-31 (13 paths)
Processing JPN-CAN on 2001-05-31 (1 paths)
Processing FRA-AUS on 2001-06-01 (39 paths)
Processing KOR-MEX on 2001-06-01 (16 paths)
Processing BRA-CAN on 2001-06-02 (2 paths)
Processing JPN-CMR on 2001-06-02 (2 paths)
Processing FRA-MEX on 2001-06-03 (82 paths)
Processing KOR-AUS on 2001-06-03 (29 paths)
Processing CMR-CAN on 2001-06-04 (6 paths)
Processing JPN-BRA on 2001-06-04 (12 paths)
Processing FRA-BRA on 2001-06-07 (110 paths)
Processing JPN-AUS on 2001-06-07 (16 paths)
Processing BRA-AUS on 2001-06-09 (58 paths)
Processing JPN-FRA on 2001-06-10 (44 paths)
Processing BOL-URY on 2001-07-14 (3 paths)
Processing HND-CRI on 2001-07-14 (1 paths)
Processing URY-CRI on 2001-07-17 (1 paths)
Processing BOL-CRI on 2001-07-20 (2 paths)
Processing URY-CRI on 2001-07-23 (3 paths)
Processing MEX-URY on 2001-07-26 (21 paths)
Processing URY-HND on 2001-07-28 (4 paths)
Processing COL-MEX on 2001-07-29 (3 paths)
Processing EGY-SEN on 2002-01-20 (1 paths)
Processing EGY-TUN on 2002-01-25 (2 paths)
Processing EGY-ZMB on 2002-01-31 (1 paths)
Processing CMR-EGY on 2002-02-04 (5 paths)
Processing SEN-CMR on 2002-02-10 (2 paths)
Processing FRA-SEN on 2002-05-31 (9 paths)
Processing DEU-SAU on 2002-06-01 (27 paths)
Processing IRL-CMR on 2002-06-01 (5 paths)
Processing URY-DNK on 2002-06-01 (19 paths)
Processing ARG-NGA on 2002-06-02 (5 paths)
Processing ENG-SWE on 2002-06-02 (68 paths)
Processing ESP-SVN on 2002-06-02 (37 paths)
Processing PRY-ZAF on 2002-06-02 (7 paths)
Processing BRA-TUR on 2002-06-03 (45 paths)
Processing HRV-MEX on 2002-06-03 (43 paths)
Processing ITA-ECU on 2002-06-03 (1 paths)
Processing CHN-CRI on 2002-06-04 (1 paths)
Processing JPN-BEL on 2002-06-04 (18 paths)
Processing KOR-POL on 2002-06-04 (3 paths)
Processing DEU-IRL on 2002-06-05 (72 paths)
Processing RUS-TUN on 2002-06-05 (1 paths)
Processing USA-PRT on 2002-06-05 (26 paths)
Processing CMR-SAU on 2002-06-06 (26 paths)
Processing DNK-SEN on 2002-06-06 (23 paths)
Processing FRA-URY on 2002-06-06 (51 paths)
Processing ARG-ENG on 2002-06-07 (10 paths)
Processing ESP-PRY on 2002-06-07 (8 paths)
Processing SWE-NGA on 2002-06-07 (30 paths)
Processing BRA-CHN on 2002-06-08 (1 paths)
Processing ITA-HRV on 2002-06-08 (42 paths)
Processing ZAF-SVN on 2002-06-08 (11 paths)
Processing CRI-TUR on 2002-06-09 (2 paths)
Processing JPN-RUS on 2002-06-09 (27 paths)
Processing MEX-ECU on 2002-06-09 (6 paths)
Processing KOR-USA on 2002-06-10 (31 paths)
Processing PRT-POL on 2002-06-10 (35 paths)
Processing TUN-BEL on 2002-06-10 (8 paths)
Processing CMR-DEU on 2002-06-11 (36 paths)
Processing DNK-FRA on 2002-06-11 (92 paths)
Processing SAU-IRL on 2002-06-11 (27 paths)
Processing SEN-URY on 2002-06-11 (16 paths)
Processing NGA-ENG on 2002-06-12 (44 paths)
Processing SVN-PRY on 2002-06-12 (33 paths)
Processing SWE-ARG on 2002-06-12 (43 paths)
Processing ZAF-ESP on 2002-06-12 (30 paths)
Processing CRI-BRA on 2002-06-13 (28 paths)
Processing ECU-HRV on 2002-06-13 (12 paths)
Processing MEX-ITA on 2002-06-13 (83 paths)
Processing TUR-CHN on 2002-06-13 (7 paths)
Processing BEL-RUS on 2002-06-14 (19 paths)
Processing POL-USA on 2002-06-14 (15 paths)
Processing PRT-KOR on 2002-06-14 (20 paths)
Processing TUN-JPN on 2002-06-14 (11 paths)
Processing DEU-PRY on 2002-06-15 (17 paths)
Processing DNK-ENG on 2002-06-15 (36 paths)
Processing ESP-IRL on 2002-06-16 (46 paths)
Processing SWE-SEN on 2002-06-16 (11 paths)
Processing BRA-BEL on 2002-06-17 (69 paths)
Processing MEX-USA on 2002-06-17 (59 paths)
Processing JPN-TUR on 2002-06-18 (36 paths)
Processing KOR-ITA on 2002-06-18 (56 paths)
Processing DEU-USA on 2002-06-21 (50 paths)
Processing ENG-BRA on 2002-06-21 (58 paths)
Processing ESP-KOR on 2002-06-22 (24 paths)
Processing SEN-TUR on 2002-06-22 (22 paths)
Processing DEU-KOR on 2002-06-25 (84 paths)
Processing BRA-TUR on 2002-06-26 (84 paths)
Processing KOR-TUR on 2002-06-29 (82 paths)
Processing TUR-KOR on 2002-06-29 (82 paths)
Processing DEU-BRA on 2002-06-30 (140 paths)
Processing NZL-TAH on 2002-07-05 (25 paths)
Processing PNG-SLB on 2002-07-05 (1 paths)
Processing AUS-VUT on 2002-07-06 (43 paths)
Processing FJI-NCL on 2002-07-06 (1 paths)
Processing NZL-PNG on 2002-07-07 (9 paths)
Processing TAH-SLB on 2002-07-07 (39 paths)
Processing AUS-NCL on 2002-07-08 (9 paths)
Processing VUT-FJI on 2002-07-08 (41 paths)
Processing NZL-SLB on 2002-07-09 (48 paths)
Processing TAH-PNG on 2002-07-09 (23 paths)
Processing AUS-FJI on 2002-07-10 (44 paths)
Processing VUT-NCL on 2002-07-10 (21 paths)
Processing AUS-TAH on 2002-07-12 (92 paths)
Processing NZL-VUT on 2002-07-12 (74 paths)
Processing NZL-AUS on 2002-07-14 (125 paths)
Processing TAH-VUT on 2002-07-14 (91 paths)
Processing ARM-UKR on 2002-09-07 (115 paths)
Processing AUT-MDA on 2002-09-07 (5 paths)
Processing AZE-ITA on 2002-09-07 (33 paths)
Processing BEL-BGR on 2002-09-07 (29 paths)
Processing BIH-ROU on 2002-09-07 (13 paths)
Processing CYP-FRA on 2002-09-07 (39 paths)
Processing FIN-WAL on 2002-09-07 (5 paths)
Processing FRO-SCO on 2002-09-07 (117 paths)
Processing GRC-ESP on 2002-09-07 (81 paths)
Processing HRV-EST on 2002-09-07 (9 paths)
Processing LTU-DEU on 2002-09-07 (17 paths)
Processing LVA-SWE on 2002-09-07 (3 paths)
Processing NLD-BLR on 2002-09-07 (63 paths)
Processing NOR-DNK on 2002-09-07 (57 paths)
Processing RUS-IRL on 2002-09-07 (16 paths)
Processing SMR-POL on 2002-09-07 (7 paths)
Processing SVN-MLT on 2002-09-07 (35 paths)
Processing TUR-SVK on 2002-09-07 (35 paths)
Processing CHE-GEO on 2002-09-08 (9 paths)
Processing LIE-MKD on 2002-09-08 (5 paths)
Processing ALB-CHE on 2002-10-12 (27 paths)
Processing AND-BEL on 2002-10-12 (41 paths)
Processing BGR-HRV on 2002-10-12 (29 paths)
Processing BLR-AUT on 2002-10-12 (28 paths)
Processing DNK-LUX on 2002-10-12 (31 paths)
Processing ESP-NIR on 2002-10-12 (23 paths)
Processing FIN-AZE on 2002-10-12 (21 paths)
Processing FRA-SVN on 2002-10-12 (116 paths)
Processing ISL-SCO on 2002-10-12 (9 paths)
Processing ITA-YUG on 2002-10-12 (93 paths)
Processing LTU-FRO on 2002-10-12 (129 paths)
Processing MDA-CZE on 2002-10-12 (13 paths)
Processing MKD-TUR on 2002-10-12 (51 paths)
Processing MLT-ISR on 2002-10-12 (17 paths)
Processing POL-LVA on 2002-10-12 (17 paths)
Processing ROU-NOR on 2002-10-12 (23 paths)
Processing SVK-ENG on 2002-10-12 (87 paths)
Processing SWE-HUN on 2002-10-12 (37 paths)
Processing UKR-GRC on 2002-10-12 (55 paths)
Processing AUT-NLD on 2002-10-16 (49 paths)
Processing BGR-AND on 2002-10-16 (12 paths)
Processing CZE-BLR on 2002-10-16 (55 paths)
Processing DEU-FRO on 2002-10-16 (46 paths)
Processing ENG-MKD on 2002-10-16 (36 paths)
Processing EST-BEL on 2002-10-16 (12 paths)
Processing GRC-ARM on 2002-10-16 (42 paths)
Processing HUN-SMR on 2002-10-16 (5 paths)
Processing IRL-CHE on 2002-10-16 (18 paths)
Processing ISL-LTU on 2002-10-16 (28 paths)
Processing LUX-ROU on 2002-10-16 (68 paths)
Processing MLT-FRA on 2002-10-16 (72 paths)
Processing NIR-UKR on 2002-10-16 (8 paths)
Processing NOR-BIH on 2002-10-16 (33 paths)
Processing RUS-ALB on 2002-10-16 (22 paths)
Processing TUR-LIE on 2002-10-16 (64 paths)
Processing WAL-ITA on 2002-10-16 (87 paths)
Processing YUG-FIN on 2002-10-16 (53 paths)
Processing AZE-WAL on 2002-11-20 (23 paths)
Processing CYP-MLT on 2002-11-20 (37 paths)
Processing SMR-LVA on 2002-11-20 (21 paths)
Processing SCG-AZE on 2003-02-12 (1 paths)
Processing ALB-RUS on 2003-03-29 (25 paths)
Processing ARM-NIR on 2003-03-29 (27 paths)
Processing BIH-LUX on 2003-03-29 (21 paths)
Processing BLR-MDA on 2003-03-29 (24 paths)
Processing CYP-ISR on 2003-03-29 (74 paths)
Processing DEU-LTU on 2003-03-29 (39 paths)
Processing FRA-MLT on 2003-03-29 (77 paths)
Processing GEO-IRL on 2003-03-29 (28 paths)
Processing HRV-BEL on 2003-03-29 (69 paths)
Processing ITA-FIN on 2003-03-29 (71 paths)
Processing LIE-ENG on 2003-03-29 (121 paths)
Processing MKD-SVK on 2003-03-29 (43 paths)
Processing NLD-CZE on 2003-03-29 (52 paths)
Processing POL-HUN on 2003-03-29 (68 paths)
Processing ROU-DNK on 2003-03-29 (88 paths)
Processing SCO-ISL on 2003-03-29 (33 paths)
Processing UKR-ESP on 2003-03-29 (83 paths)
Processing WAL-AZE on 2003-03-29 (32 paths)
Processing ALB-IRL on 2003-04-02 (48 paths)
Processing CZE-AUT on 2003-04-02 (45 paths)
Processing DNK-BIH on 2003-04-02 (77 paths)
Processing ENG-TUR on 2003-04-02 (128 paths)
Processing ESP-ARM on 2003-04-02 (94 paths)
Processing EST-BGR on 2003-04-02 (21 paths)
Processing GEO-CHE on 2003-04-02 (32 paths)
Processing HRV-AND on 2003-04-02 (57 paths)
Processing HUN-SWE on 2003-04-02 (72 paths)
Processing ISR-FRA on 2003-04-02 (111 paths)
Processing LTU-SCO on 2003-04-02 (162 paths)
Processing LUX-NOR on 2003-04-02 (40 paths)
Processing MDA-NLD on 2003-04-02 (52 paths)
Processing NIR-GRC on 2003-04-02 (24 paths)
Processing POL-SMR on 2003-04-02 (18 paths)
Processing SVK-LIE on 2003-04-02 (148 paths)
Processing SVN-CYP on 2003-04-02 (87 paths)
Processing AND-EST on 2003-04-30 (30 paths)
Processing GEO-RUS on 2003-04-30 (68 paths)
Processing ISR-CYP on 2003-04-30 (87 paths)
Processing LVA-SMR on 2003-04-30 (31 paths)
Processing MLT-SVN on 2003-04-30 (81 paths)
Processing BGR-BEL on 2003-06-07 (49 paths)
Processing BLR-NLD on 2003-06-07 (95 paths)
Processing CHE-RUS on 2003-06-07 (47 paths)
Processing DNK-NOR on 2003-06-07 (116 paths)
Processing ESP-GRC on 2003-06-07 (133 paths)
Processing EST-AND on 2003-06-07 (35 paths)
Processing FIN-SCG on 2003-06-07 (5 paths)
Processing HUN-LVA on 2003-06-07 (29 paths)
Processing IRL-ALB on 2003-06-07 (62 paths)
Processing ISL-FRO on 2003-06-07 (79 paths)
Processing ISR-SVN on 2003-06-07 (159 paths)
Processing MDA-AUT on 2003-06-07 (28 paths)
Processing MKD-LIE on 2003-06-07 (53 paths)
Processing MLT-CYP on 2003-06-07 (72 paths)
Processing ROU-BIH on 2003-06-07 (46 paths)
Processing SCO-DEU on 2003-06-07 (123 paths)
Processing SMR-SWE on 2003-06-07 (62 paths)
Processing SVK-TUR on 2003-06-07 (99 paths)
Processing UKR-ARM on 2003-06-07 (143 paths)
Processing AUT-BLR on 2003-06-11 (58 paths)
Processing AZE-SCG on 2003-06-11 (7 paths)
Processing BEL-AND on 2003-06-11 (69 paths)
Processing CHE-ALB on 2003-06-11 (76 paths)
Processing CZE-MDA on 2003-06-11 (52 paths)
Processing ENG-SVK on 2003-06-11 (161 paths)
Processing EST-HRV on 2003-06-11 (45 paths)
Processing FIN-ITA on 2003-06-11 (78 paths)
Processing FRO-DEU on 2003-06-11 (94 paths)
Processing GRC-UKR on 2003-06-11 (123 paths)
Processing IRL-GEO on 2003-06-11 (90 paths)
Processing LTU-ISL on 2003-06-11 (92 paths)
Processing LUX-DNK on 2003-06-11 (64 paths)
Processing NIR-ESP on 2003-06-11 (67 paths)
Processing NOR-ROU on 2003-06-11 (61 paths)
Processing SMR-HUN on 2003-06-11 (36 paths)
Processing SWE-POL on 2003-06-11 (122 paths)
Processing TUR-MKD on 2003-06-11 (97 paths)
Processing FRA-COL on 2003-06-18 (21 paths)
Processing NZL-JPN on 2003-06-18 (42 paths)
Processing BRA-CMR on 2003-06-19 (47 paths)
Processing TUR-USA on 2003-06-19 (122 paths)
Processing COL-NZL on 2003-06-20 (18 paths)
Processing FRA-JPN on 2003-06-20 (71 paths)
Processing BRA-USA on 2003-06-21 (89 paths)
Processing CMR-TUR on 2003-06-21 (81 paths)
Processing FRA-NZL on 2003-06-22 (78 paths)
Processing JPN-COL on 2003-06-22 (22 paths)
Processing BRA-TUR on 2003-06-23 (146 paths)
Processing USA-CMR on 2003-06-23 (78 paths)
Processing CMR-COL on 2003-06-26 (26 paths)
Processing FRA-TUR on 2003-06-26 (195 paths)
Processing COL-TUR on 2003-06-28 (55 paths)
Processing CMR-FRA on 2003-06-29 (105 paths)
Processing MEX-BRA on 2003-07-13 (82 paths)
Processing MEX-BRA on 2003-07-27 (83 paths)
Processing FRO-ISL on 2003-08-20 (102 paths)
Processing SCG-WAL on 2003-08-20 (22 paths)
Processing AND-HRV on 2003-09-06 (49 paths)
Processing ARM-GRC on 2003-09-06 (95 paths)
Processing AZE-FIN on 2003-09-06 (58 paths)
Processing BGR-EST on 2003-09-06 (43 paths)
Processing BIH-NOR on 2003-09-06 (37 paths)
Processing BLR-CZE on 2003-09-06 (84 paths)
Processing FRA-CYP on 2003-09-06 (103 paths)
Processing GEO-ALB on 2003-09-06 (150 paths)
Processing IRL-RUS on 2003-09-06 (66 paths)
Processing ISL-DEU on 2003-09-06 (99 paths)
Processing ITA-WAL on 2003-09-06 (92 paths)
Processing LIE-TUR on 2003-09-06 (128 paths)
Processing LVA-POL on 2003-09-06 (55 paths)
Processing MKD-ENG on 2003-09-06 (77 paths)
Processing NLD-AUT on 2003-09-06 (68 paths)
Processing ROU-LUX on 2003-09-06 (91 paths)
Processing SCO-FRO on 2003-09-06 (134 paths)
Processing SVN-ISR on 2003-09-06 (137 paths)
Processing SWE-SMR on 2003-09-06 (66 paths)
Processing UKR-NIR on 2003-09-06 (73 paths)
Processing ALB-GEO on 2003-09-10 (157 paths)
Processing AND-BGR on 2003-09-10 (52 paths)
Processing BEL-HRV on 2003-09-10 (68 paths)
Processing CZE-NLD on 2003-09-10 (76 paths)
Processing DEU-SCO on 2003-09-10 (154 paths)
Processing DNK-ROU on 2003-09-10 (106 paths)
Processing ENG-LIE on 2003-09-10 (165 paths)
Processing ESP-UKR on 2003-09-10 (158 paths)
Processing FRO-LTU on 2003-09-10 (162 paths)
Processing ISR-MLT on 2003-09-10 (112 paths)
Processing LUX-BIH on 2003-09-10 (70 paths)
Processing LVA-HUN on 2003-09-10 (60 paths)
Processing MDA-BLR on 2003-09-10 (69 paths)
Processing NIR-ARM on 2003-09-10 (94 paths)
Processing POL-SWE on 2003-09-10 (112 paths)
Processing RUS-CHE on 2003-09-10 (64 paths)
Processing SCG-ITA on 2003-09-10 (61 paths)
Processing SVK-MKD on 2003-09-10 (108 paths)
Processing SVN-FRA on 2003-09-10 (184 paths)
Processing WAL-FIN on 2003-09-10 (73 paths)
Processing ARM-ESP on 2003-10-11 (165 paths)
Processing AUT-CZE on 2003-10-11 (94 paths)
Processing BEL-EST on 2003-10-11 (72 paths)
Processing BIH-DNK on 2003-10-11 (107 paths)
Processing CHE-IRL on 2003-10-11 (75 paths)
Processing CYP-SVN on 2003-10-11 (161 paths)
Processing DEU-ISL on 2003-10-11 (121 paths)
Processing FRA-ISR on 2003-10-11 (166 paths)
Processing GRC-NIR on 2003-10-11 (90 paths)
Processing HRV-BGR on 2003-10-11 (74 paths)
Processing HUN-POL on 2003-10-11 (141 paths)
Processing ITA-AZE on 2003-10-11 (112 paths)
Processing LIE-SVK on 2003-10-11 (157 paths)
Processing NLD-MDA on 2003-10-11 (95 paths)
Processing NOR-LUX on 2003-10-11 (76 paths)
Processing RUS-GEO on 2003-10-11 (120 paths)
Processing SCO-LTU on 2003-10-11 (174 paths)
Processing SWE-LVA on 2003-10-11 (102 paths)
Processing TUR-ENG on 2003-10-11 (189 paths)
Processing WAL-SCG on 2003-10-11 (57 paths)
Processing ESP-NOR on 2003-11-15 (138 paths)
Processing HRV-SVN on 2003-11-15 (72 paths)
Processing LVA-TUR on 2003-11-15 (83 paths)
Processing RUS-WAL on 2003-11-15 (49 paths)
Processing SCO-NLD on 2003-11-15 (89 paths)
Processing NLD-SCO on 2003-11-19 (90 paths)
Processing NOR-ESP on 2003-11-19 (136 paths)
Processing SVN-HRV on 2003-11-19 (70 paths)
Processing TUR-LVA on 2003-11-19 (84 paths)
Processing WAL-RUS on 2003-11-19 (50 paths)
Processing JPN-KOR on 2003-12-10 (51 paths)
Processing TUN-RWA on 2004-01-24 (1 paths)
Processing CMR-DZA on 2004-01-25 (1 paths)
Processing COD-GIN on 2004-01-25 (1 paths)
Processing ZWE-EGY on 2004-01-25 (1 paths)
Processing KEN-MLI on 2004-01-26 (1 paths)
Processing SEN-BFA on 2004-01-26 (1 paths)
Processing NGA-MAR on 2004-01-27 (1 paths)
Processing ZAF-BEN on 2004-01-27 (1 paths)
Processing RWA-GIN on 2004-01-28 (2 paths)
Processing TUN-COD on 2004-01-28 (2 paths)
Processing CMR-ZWE on 2004-01-29 (5 paths)
Processing DZA-EGY on 2004-01-29 (5 paths)
Processing BFA-MLI on 2004-01-30 (2 paths)
Processing SEN-KEN on 2004-01-30 (2 paths)
Processing MAR-BEN on 2004-01-31 (2 paths)
Processing NGA-ZAF on 2004-01-31 (2 paths)
Processing RWA-COD on 2004-02-01 (5 paths)
Processing TUN-GIN on 2004-02-01 (5 paths)
Processing BFA-KEN on 2004-02-02 (5 paths)
Processing SEN-MLI on 2004-02-02 (5 paths)
Processing CMR-EGY on 2004-02-03 (28 paths)
Processing DZA-ZWE on 2004-02-03 (7 paths)
Processing MAR-ZAF on 2004-02-04 (5 paths)
Processing NGA-BEN on 2004-02-04 (5 paths)
Processing MLI-GIN on 2004-02-07 (2 paths)
Processing TUN-SEN on 2004-02-07 (12 paths)
Processing CMR-NGA on 2004-02-08 (10 paths)
Processing MAR-DZA on 2004-02-08 (3 paths)
Processing MAR-MLI on 2004-02-11 (1 paths)
Processing TUN-NGA on 2004-02-11 (11 paths)
Processing NGA-MLI on 2004-02-13 (9 paths)
Processing TUN-MAR on 2004-02-14 (8 paths)
Processing ESP-RUS on 2004-06-12 (70 paths)
Processing PRT-GRC on 2004-06-12 (19 paths)
Processing CHE-HRV on 2004-06-13 (41 paths)
Processing FRA-ENG on 2004-06-13 (105 paths)
Processing DNK-ITA on 2004-06-14 (68 paths)
Processing SWE-BGR on 2004-06-14 (24 paths)
Processing CZE-LVA on 2004-06-15 (13 paths)
Processing DEU-NLD on 2004-06-15 (81 paths)
Processing GRC-ESP on 2004-06-16 (124 paths)
Processing RUS-PRT on 2004-06-16 (29 paths)
Processing ENG-CHE on 2004-06-17 (25 paths)
Processing HRV-FRA on 2004-06-17 (109 paths)
Processing BGR-DNK on 2004-06-18 (50 paths)
Processing ITA-SWE on 2004-06-18 (49 paths)
Processing LVA-DEU on 2004-06-19 (65 paths)
Processing NLD-CZE on 2004-06-19 (106 paths)
Processing ESP-PRT on 2004-06-20 (74 paths)
Processing RUS-GRC on 2004-06-20 (88 paths)
Processing CHE-FRA on 2004-06-21 (77 paths)
Processing HRV-ENG on 2004-06-21 (67 paths)
Processing DNK-SWE on 2004-06-22 (83 paths)
Processing ITA-BGR on 2004-06-22 (74 paths)
Processing DEU-CZE on 2004-06-23 (103 paths)
Processing NLD-LVA on 2004-06-23 (52 paths)
Processing PRT-ENG on 2004-06-24 (87 paths)
Processing FRA-GRC on 2004-06-25 (141 paths)
Processing SWE-NLD on 2004-06-26 (84 paths)
Processing CZE-DNK on 2004-06-27 (90 paths)
Processing PRT-NLD on 2004-06-30 (80 paths)
Processing GRC-CZE on 2004-07-01 (49 paths)
Processing PRT-GRC on 2004-07-04 (67 paths)
Processing PER-BOL on 2004-07-06 (1 paths)
Processing VEN-COL on 2004-07-06 (1 paths)
Processing ARG-ECU on 2004-07-07 (4 paths)
Processing MEX-URY on 2004-07-07 (28 paths)
Processing BRA-CHL on 2004-07-08 (1 paths)
Processing CRI-PRY on 2004-07-08 (4 paths)
Processing COL-BOL on 2004-07-09 (13 paths)
Processing PER-VEN on 2004-07-09 (2 paths)
Processing ARG-MEX on 2004-07-10 (13 paths)
Processing URY-ECU on 2004-07-10 (15 paths)
Processing BRA-CRI on 2004-07-11 (42 paths)
Processing PRY-CHL on 2004-07-11 (5 paths)
Processing PER-COL on 2004-07-12 (6 paths)
Processing VEN-BOL on 2004-07-12 (6 paths)
Processing ARG-URY on 2004-07-13 (16 paths)
Processing MEX-ECU on 2004-07-13 (17 paths)
Processing BRA-PRY on 2004-07-14 (28 paths)
Processing CRI-CHL on 2004-07-14 (11 paths)
Processing COL-CRI on 2004-07-17 (40 paths)
Processing PER-ARG on 2004-07-17 (4 paths)
Processing MEX-BRA on 2004-07-18 (103 paths)
Processing PRY-URY on 2004-07-18 (23 paths)
Processing ARG-COL on 2004-07-20 (21 paths)
Processing URY-BRA on 2004-07-21 (91 paths)
Processing COL-URY on 2004-07-24 (54 paths)
Processing ARG-BRA on 2004-07-25 (71 paths)
Processing CHN-JPN on 2004-08-07 (26 paths)
Processing PAN-CRI on 2005-02-23 (1 paths)
Processing HND-CRI on 2005-02-27 (9 paths)
Processing CAN-CRI on 2005-07-07 (22 paths)
Processing USA-CRI on 2005-07-12 (43 paths)
Processing USA-PAN on 2005-07-24 (5 paths)
Processing KOR-JPN on 2005-08-07 (38 paths)
Processing EGY-LBY on 2006-01-20 (1 paths)
Processing CMR-AGO on 2006-01-21 (1 paths)
Processing MAR-CIV on 2006-01-21 (1 paths)
Processing TGO-COD on 2006-01-21 (1 paths)
Processing TUN-ZMB on 2006-01-22 (3 paths)
Processing ZAF-GIN on 2006-01-22 (5 paths)
Processing NGA-GHA on 2006-01-23 (1 paths)
Processing ZWE-SEN on 2006-01-23 (12 paths)
Processing EGY-MAR on 2006-01-24 (13 paths)
Processing LBY-CIV on 2006-01-24 (2 paths)
Processing AGO-COD on 2006-01-25 (2 paths)
Processing CMR-TGO on 2006-01-25 (2 paths)
Processing TUN-ZAF on 2006-01-26 (13 paths)
Processing ZMB-GIN on 2006-01-26 (6 paths)
Processing GHA-SEN on 2006-01-27 (6 paths)
Processing NGA-ZWE on 2006-01-27 (13 paths)
Processing EGY-CIV on 2006-01-28 (7 paths)
Processing LBY-MAR on 2006-01-28 (7 paths)
Processing AGO-TGO on 2006-01-29 (5 paths)
Processing CMR-COD on 2006-01-29 (10 paths)
Processing TUN-GIN on 2006-01-30 (16 paths)
Processing ZMB-ZAF on 2006-01-30 (11 paths)
Processing GHA-ZWE on 2006-01-31 (8 paths)
Processing NGA-SEN on 2006-01-31 (31 paths)
Processing EGY-COD on 2006-02-03 (19 paths)
Processing GIN-SEN on 2006-02-03 (19 paths)
Processing CMR-CIV on 2006-02-04 (13 paths)
Processing NGA-TUN on 2006-02-04 (29 paths)
Processing EGY-SEN on 2006-02-07 (33 paths)
Processing NGA-CIV on 2006-02-07 (19 paths)
Processing SEN-NGA on 2006-02-09 (49 paths)
Processing EGY-CIV on 2006-02-10 (25 paths)
Processing DEU-CRI on 2006-06-09 (32 paths)
Processing POL-ECU on 2006-06-09 (8 paths)
Processing ARG-CIV on 2006-06-10 (8 paths)
Processing ENG-PRY on 2006-06-10 (25 paths)
Processing TTO-SWE on 2006-06-10 (1 paths)
Processing AGO-PRT on 2006-06-11 (2 paths)
Processing MEX-IRN on 2006-06-11 (1 paths)
Processing SCG-NLD on 2006-06-11 (2 paths)
Processing AUS-JPN on 2006-06-12 (6 paths)
Processing ITA-GHA on 2006-06-12 (4 paths)
Processing USA-CZE on 2006-06-12 (19 paths)
Processing BRA-HRV on 2006-06-13 (51 paths)
Processing FRA-CHE on 2006-06-13 (19 paths)
Processing KOR-TGO on 2006-06-13 (5 paths)
Processing DEU-POL on 2006-06-14 (32 paths)
Processing ESP-UKR on 2006-06-14 (79 paths)
Processing TUN-SAU on 2006-06-14 (9 paths)
Processing ECU-CRI on 2006-06-15 (43 paths)
Processing ENG-TTO on 2006-06-15 (6 paths)
Processing SWE-PRY on 2006-06-15 (17 paths)
Processing ARG-SCG on 2006-06-16 (6 paths)
Processing MEX-AGO on 2006-06-16 (7 paths)
Processing NLD-CIV on 2006-06-16 (5 paths)
Processing CZE-GHA on 2006-06-17 (4 paths)
Processing ITA-USA on 2006-06-17 (20 paths)
Processing PRT-IRN on 2006-06-17 (3 paths)
Processing BRA-AUS on 2006-06-18 (7 paths)
Processing FRA-KOR on 2006-06-18 (32 paths)
Processing HRV-JPN on 2006-06-18 (45 paths)
Processing JPN-HRV on 2006-06-18 (45 paths)
Processing ESP-TUN on 2006-06-19 (25 paths)
Processing SAU-UKR on 2006-06-19 (7 paths)
Processing TGO-CHE on 2006-06-19 (7 paths)
Processing CRI-POL on 2006-06-20 (29 paths)
Processing ECU-DEU on 2006-06-20 (29 paths)
Processing PRY-TTO on 2006-06-20 (8 paths)
Processing SWE-ENG on 2006-06-20 (36 paths)
Processing CIV-SCG on 2006-06-21 (6 paths)
Processing IRN-AGO on 2006-06-21 (5 paths)
Processing NLD-ARG on 2006-06-21 (16 paths)
Processing PRT-MEX on 2006-06-21 (21 paths)
Processing CZE-ITA on 2006-06-22 (21 paths)
Processing GHA-USA on 2006-06-22 (12 paths)
Processing HRV-AUS on 2006-06-22 (16 paths)
Processing JPN-BRA on 2006-06-22 (61 paths)
Processing CHE-KOR on 2006-06-23 (33 paths)
Processing SAU-ESP on 2006-06-23 (32 paths)
Processing TGO-FRA on 2006-06-23 (18 paths)
Processing UKR-TUN on 2006-06-23 (31 paths)
Processing ARG-MEX on 2006-06-24 (35 paths)
Processing DEU-SWE on 2006-06-24 (68 paths)
Processing ENG-ECU on 2006-06-25 (47 paths)
Processing PRT-NLD on 2006-06-25 (23 paths)
Processing CHE-UKR on 2006-06-26 (28 paths)
Processing ITA-AUS on 2006-06-26 (14 paths)
Processing BRA-GHA on 2006-06-27 (29 paths)
Processing ESP-FRA on 2006-06-27 (75 paths)
Processing DEU-ARG on 2006-06-30 (56 paths)
Processing ITA-UKR on 2006-06-30 (8 paths)
Processing BRA-FRA on 2006-07-01 (99 paths)
Processing ENG-PRT on 2006-07-01 (34 paths)
Processing FRA-BRA on 2006-07-01 (99 paths)
Processing DEU-ITA on 2006-07-04 (49 paths)
Processing FRA-PRT on 2006-07-05 (61 paths)
Processing PRT-FRA on 2006-07-05 (61 paths)
Processing DEU-PRT on 2006-07-08 (77 paths)
Processing ITA-FRA on 2006-07-09 (66 paths)
Processing BEL-KAZ on 2006-08-16 (1 paths)
Processing EST-MKD on 2006-08-16 (5 paths)
Processing FRO-GEO on 2006-08-16 (5 paths)
Processing BLR-ALB on 2006-09-02 (1 paths)
Processing CZE-WAL on 2006-09-02 (29 paths)
Processing DEU-IRL on 2006-09-02 (20 paths)
Processing ENG-AND on 2006-09-02 (35 paths)
Processing ESP-LIE on 2006-09-02 (13 paths)
Processing EST-ISR on 2006-09-02 (13 paths)
Processing GEO-FRA on 2006-09-02 (49 paths)
Processing HUN-NOR on 2006-09-02 (5 paths)
Processing ITA-LTU on 2006-09-02 (25 paths)
Processing LUX-NLD on 2006-09-02 (9 paths)
Processing LVA-SWE on 2006-09-02 (91 paths)
Processing MDA-GRC on 2006-09-02 (25 paths)
Processing MLT-BIH on 2006-09-02 (5 paths)
Processing NIR-ISL on 2006-09-02 (1 paths)
Processing POL-FIN on 2006-09-02 (13 paths)
Processing ROU-BGR on 2006-09-02 (19 paths)
Processing SCG-AZE on 2006-09-02 (43 paths)
Processing SCO-FRO on 2006-09-02 (67 paths)
Processing SVK-CYP on 2006-09-02 (9 paths)
Processing ALB-ROU on 2006-09-06 (1 paths)
Processing ARM-BEL on 2006-09-06 (9 paths)
Processing AZE-KAZ on 2006-09-06 (1 paths)
Processing BGR-SVN on 2006-09-06 (50 paths)
Processing BIH-HUN on 2006-09-06 (19 paths)
Processing FIN-PRT on 2006-09-06 (24 paths)
Processing FRA-ITA on 2006-09-06 (70 paths)
Processing ISL-DNK on 2006-09-06 (9 paths)
Processing ISR-AND on 2006-09-06 (33 paths)
Processing LTU-SCO on 2006-09-06 (79 paths)
Processing MKD-ENG on 2006-09-06 (79 paths)
Processing NIR-ESP on 2006-09-06 (95 paths)
Processing NLD-BLR on 2006-09-06 (77 paths)
Processing NOR-MDA on 2006-09-06 (15 paths)
Processing POL-SCG on 2006-09-06 (32 paths)
Processing RUS-HRV on 2006-09-06 (60 paths)
Processing SMR-DEU on 2006-09-06 (69 paths)
Processing SVK-CZE on 2006-09-06 (9 paths)
Processing SWE-LIE on 2006-09-06 (58 paths)
Processing TUR-MLT on 2006-09-06 (39 paths)
Processing UKR-GEO on 2006-09-06 (44 paths)
Processing ARM-FIN on 2006-10-07 (16 paths)
Processing BGR-NLD on 2006-10-07 (27 paths)
Processing CYP-IRL on 2006-10-07 (23 paths)
Processing CZE-SMR on 2006-10-07 (48 paths)
Processing DNK-NIR on 2006-10-07 (32 paths)
Processing ENG-MKD on 2006-10-07 (80 paths)
Processing FRO-LTU on 2006-10-07 (86 paths)
Processing GRC-NOR on 2006-10-07 (60 paths)
Processing HRV-AND on 2006-10-07 (89 paths)
Processing HUN-TUR on 2006-10-07 (54 paths)
Processing ITA-UKR on 2006-10-07 (35 paths)
Processing KAZ-POL on 2006-10-07 (8 paths)
Processing LVA-ISL on 2006-10-07 (41 paths)
Processing MDA-BIH on 2006-10-07 (30 paths)
Processing PRT-AZE on 2006-10-07 (42 paths)
Processing ROU-BLR on 2006-10-07 (23 paths)
Processing RUS-ISR on 2006-10-07 (42 paths)
Processing SCG-BEL on 2006-10-07 (17 paths)
Processing SCO-FRA on 2006-10-07 (28 paths)
Processing SVN-LUX on 2006-10-07 (18 paths)
Processing SWE-ESP on 2006-10-07 (57 paths)
Processing WAL-SVK on 2006-10-07 (4 paths)
Processing AND-MKD on 2006-10-11 (58 paths)
Processing BEL-AZE on 2006-10-11 (33 paths)
Processing BIH-GRC on 2006-10-11 (44 paths)
Processing BLR-SVN on 2006-10-11 (10 paths)
Processing FRA-FRO on 2006-10-11 (48 paths)
Processing GEO-ITA on 2006-10-11 (47 paths)
Processing HRV-ENG on 2006-10-11 (99 paths)
Processing IRL-CZE on 2006-10-11 (45 paths)
Processing ISL-SWE on 2006-10-11 (74 paths)
Processing KAZ-FIN on 2006-10-11 (23 paths)
Processing LIE-DNK on 2006-10-11 (47 paths)
Processing LUX-BGR on 2006-10-11 (40 paths)
Processing MLT-HUN on 2006-10-11 (11 paths)
Processing NIR-LVA on 2006-10-11 (23 paths)
Processing NLD-ALB on 2006-10-11 (38 paths)
Processing POL-PRT on 2006-10-11 (58 paths)
Processing RUS-EST on 2006-10-11 (44 paths)
Processing SCG-ARM on 2006-10-11 (23 paths)
Processing SVK-DEU on 2006-10-11 (52 paths)
Processing TUR-MDA on 2006-10-11 (19 paths)
Processing UKR-SCO on 2006-10-11 (32 paths)
Processing WAL-CYP on 2006-10-11 (20 paths)
Processing BEL-POL on 2006-11-15 (32 paths)
Processing CYP-DEU on 2006-11-15 (35 paths)
Processing FIN-ARM on 2006-11-15 (35 paths)
Processing IRL-SMR on 2006-11-15 (26 paths)
Processing ISR-HRV on 2006-11-15 (105 paths)
Processing MKD-RUS on 2006-11-15 (47 paths)
Processing PRT-KAZ on 2006-11-15 (19 paths)
Processing SMR-IRL on 2007-02-07 (27 paths)
Processing GTM-NIC on 2007-02-08 (1 paths)
Processing SLV-BLZ on 2007-02-08 (1 paths)
Processing CRI-HND on 2007-02-09 (2 paths)
Processing BLZ-GTM on 2007-02-10 (2 paths)
Processing SLV-NIC on 2007-02-10 (2 paths)
Processing HND-PAN on 2007-02-11 (5 paths)
Processing NIC-BLZ on 2007-02-12 (5 paths)
Processing SLV-GTM on 2007-02-12 (5 paths)
Processing PAN-CRI on 2007-02-13 (10 paths)
Processing NIC-HND on 2007-02-15 (1 paths)
Processing PAN-GTM on 2007-02-16 (4 paths)
Processing SLV-CRI on 2007-02-16 (5 paths)
Processing PAN-CRI on 2007-02-18 (13 paths)
Processing SLV-GTM on 2007-02-18 (9 paths)
Processing ALB-SVN on 2007-03-24 (44 paths)
Processing CYP-SVK on 2007-03-24 (27 paths)
Processing CZE-DEU on 2007-03-24 (108 paths)
Processing ESP-DNK on 2007-03-24 (116 paths)
Processing EST-RUS on 2007-03-24 (56 paths)
Processing FRO-UKR on 2007-03-24 (59 paths)
Processing GRC-TUR on 2007-03-24 (65 paths)
Processing HRV-MKD on 2007-03-24 (123 paths)
Processing IRL-WAL on 2007-03-24 (56 paths)
Processing ISR-ENG on 2007-03-24 (101 paths)
Processing KAZ-SRB on 2007-03-24 (1 paths)
Processing LIE-NIR on 2007-03-24 (44 paths)
Processing LTU-FRA on 2007-03-24 (71 paths)
Processing LUX-BLR on 2007-03-24 (61 paths)
Processing MDA-MLT on 2007-03-24 (19 paths)
Processing NLD-ROU on 2007-03-24 (67 paths)
Processing NOR-BIH on 2007-03-24 (80 paths)
Processing POL-AZE on 2007-03-24 (64 paths)
Processing PRT-BEL on 2007-03-24 (80 paths)
Processing SCO-GEO on 2007-03-24 (61 paths)
Processing AND-ENG on 2007-03-28 (106 paths)
Processing AZE-FIN on 2007-03-28 (85 paths)
Processing BGR-ALB on 2007-03-28 (48 paths)
Processing CZE-CYP on 2007-03-28 (62 paths)
Processing ESP-ISL on 2007-03-28 (86 paths)
Processing GEO-FRO on 2007-03-28 (64 paths)
Processing HUN-MDA on 2007-03-28 (41 paths)
Processing IRL-SVK on 2007-03-28 (50 paths)
Processing ISR-EST on 2007-03-28 (73 paths)
Processing ITA-SCO on 2007-03-28 (115 paths)
Processing LIE-LVA on 2007-03-28 (86 paths)
Processing MLT-GRC on 2007-03-28 (56 paths)
Processing NIR-SWE on 2007-03-28 (86 paths)
Processing POL-ARM on 2007-03-28 (55 paths)
Processing ROU-LUX on 2007-03-28 (93 paths)
Processing SRB-PRT on 2007-03-28 (7 paths)
Processing SVN-NLD on 2007-03-28 (69 paths)
Processing TUR-NOR on 2007-03-28 (54 paths)
Processing UKR-LTU on 2007-03-28 (90 paths)
Processing WAL-SMR on 2007-03-28 (49 paths)
Processing ALB-LUX on 2007-06-02 (54 paths)
Processing AZE-POL on 2007-06-02 (88 paths)
Processing BEL-PRT on 2007-06-02 (95 paths)
Processing BIH-TUR on 2007-06-02 (67 paths)
Processing BLR-BGR on 2007-06-02 (69 paths)
Processing DEU-SMR on 2007-06-02 (116 paths)
Processing DNK-SWE on 2007-06-02 (90 paths)
Processing EST-HRV on 2007-06-02 (163 paths)
Processing FIN-SRB on 2007-06-02 (16 paths)
Processing FRA-UKR on 2007-06-02 (132 paths)
Processing FRO-ITA on 2007-06-02 (136 paths)
Processing GRC-HUN on 2007-06-02 (81 paths)
Processing ISL-LIE on 2007-06-02 (50 paths)
Processing KAZ-ARM on 2007-06-02 (39 paths)
Processing LTU-GEO on 2007-06-02 (117 paths)
Processing LVA-ESP on 2007-06-02 (135 paths)
Processing MKD-ISR on 2007-06-02 (103 paths)
Processing NOR-MLT on 2007-06-02 (74 paths)
Processing RUS-AND on 2007-06-02 (139 paths)
Processing SVN-ROU on 2007-06-02 (70 paths)
Processing WAL-CZE on 2007-06-02 (66 paths)
Processing AND-ISR on 2007-06-06 (143 paths)
Processing ARM-POL on 2007-06-06 (86 paths)
Processing BGR-BLR on 2007-06-06 (74 paths)
Processing BIH-MLT on 2007-06-06 (75 paths)
Processing CAN-CRI on 2007-06-06 (2 paths)
Processing DEU-SVK on 2007-06-06 (78 paths)
Processing EST-ENG on 2007-06-06 (203 paths)
Processing FIN-BEL on 2007-06-06 (101 paths)
Processing FRA-GEO on 2007-06-06 (137 paths)
Processing FRO-SCO on 2007-06-06 (153 paths)
Processing GRC-MDA on 2007-06-06 (68 paths)
Processing HRV-RUS on 2007-06-06 (182 paths)
Processing HTI-GLP on 2007-06-06 (1 paths)
Processing KAZ-AZE on 2007-06-06 (70 paths)
Processing LIE-ESP on 2007-06-06 (101 paths)
Processing LTU-ITA on 2007-06-06 (143 paths)
Processing LUX-ALB on 2007-06-06 (61 paths)
Processing LVA-DNK on 2007-06-06 (145 paths)
Processing NOR-HUN on 2007-06-06 (85 paths)
Processing ROU-SVN on 2007-06-06 (81 paths)
Processing SWE-ISL on 2007-06-06 (120 paths)
Processing SLV-TTO on 2007-06-07 (2 paths)
Processing MEX-CUB on 2007-06-08 (1 paths)
Processing GTM-SLV on 2007-06-09 (10 paths)
Processing HTI-CRI on 2007-06-09 (1 paths)
Processing USA-TTO on 2007-06-09 (12 paths)
Processing HND-MEX on 2007-06-10 (18 paths)
Processing GLP-CRI on 2007-06-11 (4 paths)
Processing HTI-CAN on 2007-06-11 (5 paths)
Processing GTM-TTO on 2007-06-12 (10 paths)
Processing USA-SLV on 2007-06-12 (16 paths)
Processing CAN-GTM on 2007-06-16 (13 paths)
Processing USA-PAN on 2007-06-16 (21 paths)
Processing CRI-MEX on 2007-06-17 (39 paths)
Processing HND-GLP on 2007-06-17 (9 paths)
Processing CAN-USA on 2007-06-21 (26 paths)
Processing GLP-MEX on 2007-06-21 (12 paths)
Processing USA-MEX on 2007-06-24 (40 paths)
Processing URY-PER on 2007-06-27 (11 paths)
Processing VEN-BOL on 2007-06-27 (6 paths)
Processing BRA-MEX on 2007-06-28 (34 paths)
Processing ECU-CHL on 2007-06-28 (16 paths)
Processing ARG-USA on 2007-06-29 (39 paths)
Processing PRY-COL on 2007-06-29 (16 paths)
Processing BOL-URY on 2007-06-30 (12 paths)
Processing BRA-CHL on 2007-07-01 (19 paths)
Processing VEN-PER on 2007-07-01 (12 paths)
Processing MEX-ECU on 2007-07-02 (43 paths)
Processing ARG-COL on 2007-07-03 (30 paths)
Processing USA-PRY on 2007-07-03 (41 paths)
Processing PER-BOL on 2007-07-04 (21 paths)
Processing VEN-URY on 2007-07-04 (25 paths)
Processing BRA-ECU on 2007-07-05 (67 paths)
Processing MEX-CHL on 2007-07-05 (51 paths)
Processing ARG-PRY on 2007-07-06 (49 paths)
Processing COL-USA on 2007-07-06 (46 paths)
Processing THA-IRQ on 2007-07-07 (1 paths)
Processing AUS-OMN on 2007-07-08 (1 paths)
Processing CHL-BRA on 2007-07-08 (44 paths)
Processing MEX-PRY on 2007-07-08 (82 paths)
Processing VEN-URY on 2007-07-08 (26 paths)
Processing VNM-ARE on 2007-07-08 (1 paths)
Processing ARG-PER on 2007-07-09 (29 paths)
Processing JPN-QAT on 2007-07-09 (1 paths)
Processing IDN-BHR on 2007-07-10 (1 paths)
Processing MYS-CHN on 2007-07-10 (1 paths)
Processing IRN-UZB on 2007-07-11 (1 paths)
Processing KOR-SAU on 2007-07-11 (4 paths)
Processing URY-BRA on 2007-07-11 (64 paths)
Processing MEX-ARG on 2007-07-12 (70 paths)
Processing OMN-THA on 2007-07-12 (1 paths)
Processing QAT-VNM on 2007-07-12 (1 paths)
Processing ARE-JPN on 2007-07-13 (2 paths)
Processing IRQ-AUS on 2007-07-13 (2 paths)
Processing SAU-IDN on 2007-07-14 (1 paths)
Processing URY-MEX on 2007-07-14 (80 paths)
Processing UZB-MYS on 2007-07-14 (1 paths)
Processing BHR-KOR on 2007-07-15 (2 paths)
Processing BRA-ARG on 2007-07-15 (124 paths)
Processing CHN-IRN on 2007-07-15 (2 paths)
Processing OMN-IRQ on 2007-07-16 (5 paths)
Processing QAT-ARE on 2007-07-16 (5 paths)
Processing THA-AUS on 2007-07-16 (5 paths)
Processing VNM-JPN on 2007-07-16 (5 paths)
Processing IDN-KOR on 2007-07-18 (5 paths)
Processing MYS-IRN on 2007-07-18 (5 paths)
Processing SAU-BHR on 2007-07-18 (5 paths)
Processing UZB-CHN on 2007-07-18 (5 paths)
Processing IRQ-VNM on 2007-07-21 (3 paths)
Processing JPN-AUS on 2007-07-21 (11 paths)
Processing IRN-KOR on 2007-07-22 (6 paths)
Processing SAU-UZB on 2007-07-22 (2 paths)
Processing IRQ-KOR on 2007-07-25 (7 paths)
Processing JPN-SAU on 2007-07-25 (11 paths)
Processing KOR-JPN on 2007-07-28 (19 paths)
Processing IRQ-SAU on 2007-07-29 (10 paths)
Processing ARM-PRT on 2007-08-22 (124 paths)
Processing BEL-SRB on 2007-08-22 (29 paths)
Processing EST-AND on 2007-08-22 (178 paths)
Processing FIN-KAZ on 2007-08-22 (83 paths)
Processing NIR-LIE on 2007-08-22 (94 paths)
Processing SMR-CYP on 2007-08-22 (55 paths)
Processing BLR-ROU on 2007-09-08 (113 paths)
Processing ENG-ISR on 2007-09-08 (174 paths)
Processing GEO-UKR on 2007-09-08 (114 paths)
Processing HRV-EST on 2007-09-08 (200 paths)
Processing HUN-BIH on 2007-09-08 (96 paths)
Processing ISL-ESP on 2007-09-08 (114 paths)
Processing ITA-FRA on 2007-09-08 (118 paths)
Processing LUX-SVN on 2007-09-08 (93 paths)
Processing LVA-NIR on 2007-09-08 (125 paths)
Processing MDA-NOR on 2007-09-08 (101 paths)
Processing MLT-TUR on 2007-09-08 (90 paths)
Processing NLD-BGR on 2007-09-08 (112 paths)
Processing PRT-POL on 2007-09-08 (115 paths)
Processing RUS-MKD on 2007-09-08 (121 paths)
Processing SCO-LTU on 2007-09-08 (146 paths)
Processing SMR-CZE on 2007-09-08 (111 paths)
Processing SRB-FIN on 2007-09-08 (39 paths)
Processing SVK-IRL on 2007-09-08 (59 paths)
Processing SWE-DNK on 2007-09-08 (111 paths)
Processing WAL-DEU on 2007-09-08 (119 paths)
Processing ALB-NLD on 2007-09-12 (107 paths)
Processing AND-HRV on 2007-09-12 (216 paths)
Processing BGR-LUX on 2007-09-12 (132 paths)
Processing BIH-MDA on 2007-09-12 (122 paths)
Processing CYP-SMR on 2007-09-12 (76 paths)
Processing CZE-IRL on 2007-09-12 (109 paths)
Processing DNK-LIE on 2007-09-12 (104 paths)
Processing ENG-RUS on 2007-09-12 (226 paths)
Processing ESP-LVA on 2007-09-12 (189 paths)
Processing FIN-POL on 2007-09-12 (132 paths)
Processing FRA-SCO on 2007-09-12 (179 paths)
Processing ISL-NIR on 2007-09-12 (139 paths)
Processing KAZ-BEL on 2007-09-12 (86 paths)
Processing LTU-FRO on 2007-09-12 (174 paths)
Processing MKD-EST on 2007-09-12 (193 paths)
Processing NOR-GRC on 2007-09-12 (142 paths)
Processing PRT-SRB on 2007-09-12 (51 paths)
Processing SVK-WAL on 2007-09-12 (83 paths)
Processing SVN-BLR on 2007-09-12 (113 paths)
Processing TUR-HUN on 2007-09-12 (111 paths)
Processing UKR-ITA on 2007-09-12 (131 paths)
Processing ARM-SRB on 2007-10-13 (81 paths)
Processing AZE-PRT on 2007-10-13 (135 paths)
Processing BEL-FIN on 2007-10-13 (139 paths)
Processing BLR-LUX on 2007-10-13 (171 paths)
Processing CYP-WAL on 2007-10-13 (94 paths)
Processing DNK-ESP on 2007-10-13 (180 paths)
Processing ENG-EST on 2007-10-13 (271 paths)
Processing FRO-FRA on 2007-10-13 (196 paths)
Processing GRC-BIH on 2007-10-13 (150 paths)
Processing HRV-ISR on 2007-10-13 (241 paths)
Processing HUN-MLT on 2007-10-13 (112 paths)
Processing IRL-DEU on 2007-10-13 (139 paths)
Processing ISL-LVA on 2007-10-13 (157 paths)
Processing ITA-GEO on 2007-10-13 (163 paths)
Processing LIE-SWE on 2007-10-13 (162 paths)
Processing MDA-TUR on 2007-10-13 (110 paths)
Processing POL-KAZ on 2007-10-13 (122 paths)
Processing ROU-NLD on 2007-10-13 (175 paths)
Processing SCO-UKR on 2007-10-13 (192 paths)
Processing SVK-SMR on 2007-10-13 (147 paths)
Processing SVN-ALB on 2007-10-13 (126 paths)
Processing ALB-BGR on 2007-10-17 (135 paths)
Processing AZE-SRB on 2007-10-17 (122 paths)
Processing BEL-ARM on 2007-10-17 (120 paths)
Processing BIH-NOR on 2007-10-17 (157 paths)
Processing DEU-CZE on 2007-10-17 (189 paths)
Processing DNK-LVA on 2007-10-17 (220 paths)
Processing FRA-LTU on 2007-10-17 (216 paths)
Processing GEO-SCO on 2007-10-17 (232 paths)
Processing IRL-CYP on 2007-10-17 (137 paths)
Processing KAZ-PRT on 2007-10-17 (140 paths)
Processing LIE-ISL on 2007-10-17 (162 paths)
Processing LUX-ROU on 2007-10-17 (159 paths)
Processing MKD-AND on 2007-10-17 (225 paths)
Processing MLT-MDA on 2007-10-17 (134 paths)
Processing NLD-SVN on 2007-10-17 (171 paths)
Processing RUS-ENG on 2007-10-17 (231 paths)
Processing SMR-WAL on 2007-10-17 (145 paths)
Processing SWE-NIR on 2007-10-17 (203 paths)
Processing TUR-GRC on 2007-10-17 (177 paths)
Processing UKR-FRO on 2007-10-17 (232 paths)
Processing ALB-BLR on 2007-11-17 (182 paths)
Processing AND-EST on 2007-11-17 (251 paths)
Processing BGR-ROU on 2007-11-17 (198 paths)
Processing CZE-SVK on 2007-11-17 (183 paths)
Processing DEU-CYP on 2007-11-17 (190 paths)
Processing ESP-SWE on 2007-11-17 (288 paths)
Processing FIN-AZE on 2007-11-17 (187 paths)
Processing GRC-MLT on 2007-11-17 (171 paths)
Processing ISR-RUS on 2007-11-17 (254 paths)
Processing LTU-UKR on 2007-11-17 (263 paths)
Processing LVA-LIE on 2007-11-17 (244 paths)
Processing MDA-HUN on 2007-11-17 (175 paths)
Processing MKD-HRV on 2007-11-17 (296 paths)
Processing NIR-DNK on 2007-11-17 (231 paths)
Processing NLD-LUX on 2007-11-17 (238 paths)
Processing NOR-TUR on 2007-11-17 (203 paths)
Processing POL-BEL on 2007-11-17 (178 paths)
Processing PRT-ARM on 2007-11-17 (193 paths)
Processing SCO-ITA on 2007-11-17 (297 paths)
Processing WAL-IRL on 2007-11-17 (180 paths)
Processing AND-RUS on 2007-11-21 (322 paths)
Processing ARM-KAZ on 2007-11-21 (197 paths)
Processing AZE-BEL on 2007-11-21 (229 paths)
Processing BLR-NLD on 2007-11-21 (225 paths)
Processing CYP-CZE on 2007-11-21 (238 paths)
Processing DEU-WAL on 2007-11-21 (256 paths)
Processing DNK-ISL on 2007-11-21 (254 paths)
Processing ENG-HRV on 2007-11-21 (370 paths)
Processing ESP-NIR on 2007-11-21 (262 paths)
Processing GEO-LTU on 2007-11-21 (290 paths)
Processing HUN-GRC on 2007-11-21 (252 paths)
Processing ISR-MKD on 2007-11-21 (292 paths)
Processing ITA-FRO on 2007-11-21 (328 paths)
Processing MLT-NOR on 2007-11-21 (234 paths)
Processing PRT-FIN on 2007-11-21 (268 paths)
Processing ROU-ALB on 2007-11-21 (224 paths)
Processing SMR-SVK on 2007-11-21 (218 paths)
Processing SRB-POL on 2007-11-21 (184 paths)
Processing SVN-BGR on 2007-11-21 (252 paths)
Processing SWE-LVA on 2007-11-21 (292 paths)
Processing TUR-BIH on 2007-11-21 (238 paths)
Processing UKR-FRA on 2007-11-21 (298 paths)
Processing SRB-KAZ on 2007-11-24 (176 paths)
Processing GHA-GIN on 2008-01-20 (14 paths)
Processing MLI-BEN on 2008-01-21 (10 paths)
Processing NAM-MAR on 2008-01-21 (1 paths)
Processing NGA-CIV on 2008-01-21 (21 paths)
Processing EGY-CMR on 2008-01-22 (23 paths)
Processing SDN-ZMB on 2008-01-22 (1 paths)
Processing TUN-SEN on 2008-01-23 (29 paths)
Processing ZAF-AGO on 2008-01-23 (4 paths)
Processing GHA-NAM on 2008-01-24 (3 paths)
Processing GIN-MAR on 2008-01-24 (29 paths)
Processing CIV-BEN on 2008-01-25 (19 paths)
Processing NGA-MLI on 2008-01-25 (35 paths)
Processing CMR-ZMB on 2008-01-26 (9 paths)
Processing EGY-SDN on 2008-01-26 (3 paths)
Processing SEN-AGO on 2008-01-27 (17 paths)
Processing TUN-ZAF on 2008-01-27 (31 paths)
Processing GHA-MAR on 2008-01-28 (28 paths)
Processing GIN-NAM on 2008-01-28 (10 paths)
Processing CIV-MLI on 2008-01-29 (33 paths)
Processing NGA-BEN on 2008-01-29 (30 paths)
Processing CMR-SDN on 2008-01-30 (12 paths)
Processing EGY-ZMB on 2008-01-30 (20 paths)
Processing SEN-ZAF on 2008-01-31 (56 paths)
Processing TUN-AGO on 2008-01-31 (31 paths)
Processing CIV-GIN on 2008-02-03 (49 paths)
Processing GHA-NGA on 2008-02-03 (41 paths)
Processing EGY-AGO on 2008-02-04 (28 paths)
Processing TUN-CMR on 2008-02-04 (56 paths)
Processing CIV-EGY on 2008-02-07 (35 paths)
Processing GHA-CMR on 2008-02-07 (50 paths)
Processing GHA-CIV on 2008-02-09 (65 paths)
Processing EGY-CMR on 2008-02-10 (47 paths)
Processing JPN-KOR on 2008-02-23 (21 paths)
Processing CHE-CZE on 2008-06-07 (56 paths)
Processing PRT-TUR on 2008-06-07 (113 paths)
Processing AUT-HRV on 2008-06-08 (14 paths)
Processing DEU-POL on 2008-06-08 (89 paths)
Processing NLD-ITA on 2008-06-09 (185 paths)
Processing ROU-FRA on 2008-06-09 (82 paths)
Processing ESP-RUS on 2008-06-10 (49 paths)
Processing GRC-SWE on 2008-06-10 (145 paths)
Processing CHE-TUR on 2008-06-11 (43 paths)
Processing CZE-PRT on 2008-06-11 (102 paths)
Processing AUT-POL on 2008-06-12 (23 paths)
Processing HRV-DEU on 2008-06-12 (73 paths)
Processing ITA-ROU on 2008-06-13 (125 paths)
Processing NLD-FRA on 2008-06-13 (224 paths)
Processing GRC-RUS on 2008-06-14 (76 paths)
Processing SWE-ESP on 2008-06-14 (282 paths)
Processing CHE-PRT on 2008-06-15 (81 paths)
Processing TUR-CZE on 2008-06-15 (96 paths)
Processing AUT-DEU on 2008-06-16 (56 paths)
Processing POL-HRV on 2008-06-16 (70 paths)
Processing FRA-ITA on 2008-06-17 (306 paths)
Processing NLD-ROU on 2008-06-17 (252 paths)
Processing GRC-ESP on 2008-06-18 (170 paths)
Processing RUS-SWE on 2008-06-18 (150 paths)
Processing PRT-DEU on 2008-06-19 (189 paths)
Processing HRV-TUR on 2008-06-20 (98 paths)
Processing NLD-RUS on 2008-06-21 (138 paths)
Processing ESP-ITA on 2008-06-22 (214 paths)
Processing DEU-TUR on 2008-06-25 (128 paths)
Processing RUS-ESP on 2008-06-26 (115 paths)
Processing DEU-ESP on 2008-06-29 (263 paths)
Processing HND-BLZ on 2009-01-22 (8 paths)
Processing SLV-NIC on 2009-01-22 (14 paths)
Processing CRI-PAN on 2009-01-23 (27 paths)
Processing BLZ-SLV on 2009-01-24 (19 paths)
Processing HND-NIC on 2009-01-24 (13 paths)
Processing GTM-CRI on 2009-01-25 (32 paths)
Processing HND-SLV on 2009-01-26 (50 paths)
Processing NIC-BLZ on 2009-01-26 (27 paths)
Processing PAN-GTM on 2009-01-27 (46 paths)
Processing NIC-GTM on 2009-01-29 (46 paths)
Processing CRI-SLV on 2009-01-30 (82 paths)
Processing HND-PAN on 2009-01-30 (54 paths)
Processing CRI-PAN on 2009-02-01 (55 paths)
Processing HND-SLV on 2009-02-01 (88 paths)
Processing CAN-JAM on 2009-07-04 (1 paths)
Processing CRI-SLV on 2009-07-04 (107 paths)
Processing HTI-HND on 2009-07-05 (31 paths)
Processing PAN-GLP on 2009-07-05 (42 paths)
Processing USA-GRD on 2009-07-05 (1 paths)
Processing MEX-NIC on 2009-07-06 (25 paths)
Processing CAN-SLV on 2009-07-08 (49 paths)
Processing JAM-CRI on 2009-07-08 (9 paths)
Processing HTI-GRD on 2009-07-09 (4 paths)
Processing USA-HND on 2009-07-09 (84 paths)
Processing GLP-NIC on 2009-07-10 (37 paths)
Processing MEX-PAN on 2009-07-10 (87 paths)
Processing CAN-CRI on 2009-07-11 (61 paths)
Processing SLV-JAM on 2009-07-11 (29 paths)
Processing GRD-HND on 2009-07-12 (17 paths)
Processing PAN-NIC on 2009-07-12 (129 paths)
Processing USA-HTI on 2009-07-12 (45 paths)
Processing MEX-GLP on 2009-07-13 (39 paths)
Processing CAN-HND on 2009-07-18 (121 paths)
Processing GLP-CRI on 2009-07-19 (86 paths)
Processing USA-PAN on 2009-07-19 (105 paths)
Processing MEX-HTI on 2009-07-20 (48 paths)
Processing CRI-MEX on 2009-07-24 (133 paths)
Processing HND-USA on 2009-07-24 (127 paths)
Processing USA-MEX on 2009-07-26 (128 paths)
Processing AGO-MLI on 2010-01-10 (8 paths)
Processing CIV-BFA on 2010-01-11 (1 paths)
Processing MWI-DZA on 2010-01-11 (1 paths)
Processing EGY-NGA on 2010-01-12 (46 paths)
Processing MOZ-BEN on 2010-01-12 (1 paths)
Processing CMR-GAB on 2010-01-13 (1 paths)
Processing ZMB-TUN on 2010-01-13 (19 paths)
Processing AGO-MWI on 2010-01-14 (2 paths)
Processing MLI-DZA on 2010-01-14 (2 paths)
Processing CIV-GHA on 2010-01-15 (46 paths)
Processing MOZ-EGY on 2010-01-16 (6 paths)
Processing NGA-BEN on 2010-01-16 (16 paths)
Processing CMR-ZMB on 2010-01-17 (25 paths)
Processing GAB-TUN on 2010-01-17 (7 paths)
Processing AGO-DZA on 2010-01-18 (5 paths)
Processing MLI-MWI on 2010-01-18 (5 paths)
Processing BFA-GHA on 2010-01-19 (10 paths)
Processing EGY-BEN on 2010-01-20 (37 paths)
Processing NGA-MOZ on 2010-01-20 (18 paths)
Processing CMR-TUN on 2010-01-21 (42 paths)
Processing GAB-ZMB on 2010-01-21 (19 paths)
Processing AGO-GHA on 2010-01-24 (43 paths)
Processing CIV-DZA on 2010-01-24 (13 paths)
Processing EGY-CMR on 2010-01-25 (48 paths)
Processing ZMB-NGA on 2010-01-25 (50 paths)
Processing DZA-EGY on 2010-01-28 (25 paths)
Processing GHA-NGA on 2010-01-28 (52 paths)
Processing NGA-DZA on 2010-01-30 (42 paths)
Processing GHA-EGY on 2010-01-31 (106 paths)
Processing HKG-CHN on 2010-02-14 (1 paths)
Processing JPN-KOR on 2010-02-14 (12 paths)
Processing URY-FRA on 2010-06-11 (4 paths)
Processing ZAF-MEX on 2010-06-11 (7 paths)
Processing ARG-NGA on 2010-06-12 (26 paths)
Processing ENG-USA on 2010-06-12 (18 paths)
Processing KOR-GRC on 2010-06-12 (5 paths)
Processing DEU-AUS on 2010-06-13 (15 paths)
Processing DZA-SVN on 2010-06-13 (3 paths)
Processing SRB-GHA on 2010-06-13 (5 paths)
Processing ITA-PRY on 2010-06-14 (16 paths)
Processing JPN-CMR on 2010-06-14 (8 paths)
Processing NLD-DNK on 2010-06-14 (11 paths)
Processing BRA-PRK on 2010-06-15 (1 paths)
Processing CIV-PRT on 2010-06-15 (31 paths)
Processing NZL-SVK on 2010-06-15 (1 paths)
Processing ESP-CHE on 2010-06-16 (29 paths)
Processing HND-CHL on 2010-06-16 (19 paths)
Processing ZAF-URY on 2010-06-16 (4 paths)
Processing ARG-KOR on 2010-06-17 (12 paths)
Processing FRA-MEX on 2010-06-17 (34 paths)
Processing GRC-NGA on 2010-06-17 (3 paths)
Processing DEU-SRB on 2010-06-18 (88 paths)
Processing ENG-DZA on 2010-06-18 (4 paths)
Processing SVN-USA on 2010-06-18 (8 paths)
Processing CMR-DNK on 2010-06-19 (7 paths)
Processing GHA-AUS on 2010-06-19 (14 paths)
Processing NLD-JPN on 2010-06-19 (17 paths)
Processing BRA-CIV on 2010-06-20 (30 paths)
Processing ITA-NZL on 2010-06-20 (6 paths)
Processing SVK-PRY on 2010-06-20 (12 paths)
Processing CHL-CHE on 2010-06-21 (6 paths)
Processing ESP-HND on 2010-06-21 (6 paths)
Processing PRT-PRK on 2010-06-21 (4 paths)
Processing FRA-ZAF on 2010-06-22 (19 paths)
Processing GRC-ARG on 2010-06-22 (13 paths)
Processing MEX-URY on 2010-06-22 (18 paths)
Processing NGA-KOR on 2010-06-22 (8 paths)
Processing AUS-SRB on 2010-06-23 (16 paths)
Processing GHA-DEU on 2010-06-23 (64 paths)
Processing SVN-ENG on 2010-06-23 (13 paths)
Processing USA-DZA on 2010-06-23 (18 paths)
Processing CMR-NLD on 2010-06-24 (23 paths)
Processing DNK-JPN on 2010-06-24 (7 paths)
Processing PRY-NZL on 2010-06-24 (6 paths)
Processing SVK-ITA on 2010-06-24 (60 paths)
Processing CHE-HND on 2010-06-25 (12 paths)
Processing CHL-ESP on 2010-06-25 (12 paths)
Processing PRK-CIV on 2010-06-25 (9 paths)
Processing PRT-BRA on 2010-06-25 (53 paths)
Processing GHA-USA on 2010-06-26 (30 paths)
Processing URY-KOR on 2010-06-26 (20 paths)
Processing USA-GHA on 2010-06-26 (30 paths)
Processing ARG-MEX on 2010-06-27 (43 paths)
Processing DEU-ENG on 2010-06-27 (71 paths)
Processing ENG-DEU on 2010-06-27 (71 paths)
Processing BRA-CHL on 2010-06-28 (18 paths)
Processing NLD-SVK on 2010-06-28 (24 paths)
Processing ESP-PRT on 2010-06-29 (60 paths)
Processing PRY-JPN on 2010-06-29 (16 paths)
Processing NLD-BRA on 2010-07-02 (42 paths)
Processing URY-GHA on 2010-07-02 (28 paths)
Processing ARG-DEU on 2010-07-03 (54 paths)
Processing PRY-ESP on 2010-07-03 (66 paths)
Processing URY-NLD on 2010-07-06 (42 paths)
Processing DEU-ESP on 2010-07-07 (85 paths)
Processing URY-DEU on 2010-07-10 (56 paths)
Processing NLD-ESP on 2010-07-11 (93 paths)
Processing EST-FRO on 2010-08-11 (1 paths)
Processing ISR-MLT on 2010-09-02 (9 paths)
Processing AND-RUS on 2010-09-03 (185 paths)
Processing ARM-IRL on 2010-09-03 (31 paths)
Processing BEL-DEU on 2010-09-03 (150 paths)
Processing ENG-BGR on 2010-09-03 (33 paths)
Processing EST-ITA on 2010-09-03 (47 paths)
Processing FRA-BLR on 2010-09-03 (75 paths)
Processing FRO-SRB on 2010-09-03 (11 paths)
Processing GRC-GEO on 2010-09-03 (9 paths)
Processing ISL-NOR on 2010-09-03 (13 paths)
Processing KAZ-TUR on 2010-09-03 (49 paths)
Processing LIE-ESP on 2010-09-03 (215 paths)
Processing LTU-SCO on 2010-09-03 (207 paths)
Processing LUX-BIH on 2010-09-03 (1 paths)
Processing LVA-HRV on 2010-09-03 (25 paths)
Processing MDA-FIN on 2010-09-03 (9 paths)
Processing MNE-WAL on 2010-09-03 (1 paths)
Processing PRT-CYP on 2010-09-03 (103 paths)
Processing ROU-ALB on 2010-09-03 (207 paths)
Processing SMR-NLD on 2010-09-03 (47 paths)
Processing SVK-MKD on 2010-09-03 (15 paths)
Processing SVN-NIR on 2010-09-03 (11 paths)
Processing SWE-HUN on 2010-09-03 (37 paths)
Processing ALB-LUX on 2010-09-07 (221 paths)
Processing AUT-KAZ on 2010-09-07 (43 paths)
Processing BGR-MNE on 2010-09-07 (1 paths)
Processing BIH-FRA on 2010-09-07 (21 paths)
Processing BLR-ROU on 2010-09-07 (241 paths)
Processing CHE-ENG on 2010-09-07 (27 paths)
Processing CZE-LTU on 2010-09-07 (51 paths)
Processing DEU-AZE on 2010-09-07 (152 paths)
Processing DNK-ISL on 2010-09-07 (201 paths)
Processing GEO-ISR on 2010-09-07 (15 paths)
Processing HRV-GRC on 2010-09-07 (78 paths)
Processing HUN-MDA on 2010-09-07 (185 paths)
Processing IRL-AND on 2010-09-07 (21 paths)
Processing ITA-FRO on 2010-09-07 (259 paths)
Processing MKD-ARM on 2010-09-07 (13 paths)
Processing MLT-LVA on 2010-09-07 (23 paths)
Processing NLD-FIN on 2010-09-07 (47 paths)
Processing NOR-PRT on 2010-09-07 (49 paths)
Processing RUS-SVK on 2010-09-07 (66 paths)
Processing SCO-LIE on 2010-09-07 (19 paths)
Processing SRB-SVN on 2010-09-07 (14 paths)
Processing SWE-SMR on 2010-09-07 (47 paths)
Processing TUR-BEL on 2010-09-07 (80 paths)
Processing ALB-BIH on 2010-10-08 (39 paths)
Processing AND-MKD on 2010-10-08 (209 paths)
Processing ARM-SVK on 2010-10-08 (62 paths)
Processing AUT-AZE on 2010-10-08 (60 paths)
Processing CYP-NOR on 2010-10-08 (26 paths)
Processing CZE-SCO on 2010-10-08 (74 paths)
Processing DEU-TUR on 2010-10-08 (115 paths)
Processing ESP-LTU on 2010-10-08 (129 paths)
Processing GEO-MLT on 2010-10-08 (29 paths)
Processing GRC-LVA on 2010-10-08 (93 paths)
Processing HUN-SMR on 2010-10-08 (25 paths)
Processing IRL-RUS on 2010-10-08 (79 paths)
Processing KAZ-BEL on 2010-10-08 (241 paths)
Processing LUX-BLR on 2010-10-08 (251 paths)
Processing MDA-NLD on 2010-10-08 (27 paths)
Processing MNE-CHE on 2010-10-08 (4 paths)
Processing NIR-ITA on 2010-10-08 (71 paths)
Processing PRT-DNK on 2010-10-08 (64 paths)
Processing SRB-EST on 2010-10-08 (25 paths)
Processing SVN-FRO on 2010-10-08 (35 paths)
Processing WAL-BGR on 2010-10-08 (12 paths)
Processing FRA-ROU on 2010-10-09 (121 paths)
Processing ISR-HRV on 2010-10-09 (209 paths)
Processing ARM-AND on 2010-10-12 (52 paths)
Processing AZE-TUR on 2010-10-12 (123 paths)
Processing BEL-AUT on 2010-10-12 (101 paths)
Processing BLR-ALB on 2010-10-12 (288 paths)
Processing CHE-WAL on 2010-10-12 (47 paths)
Processing DNK-CYP on 2010-10-12 (42 paths)
Processing ENG-MNE on 2010-10-12 (10 paths)
Processing EST-SVN on 2010-10-12 (50 paths)
Processing FIN-HUN on 2010-10-12 (50 paths)
Processing FRA-LUX on 2010-10-12 (159 paths)
Processing FRO-NIR on 2010-10-12 (65 paths)
Processing GRC-ISR on 2010-10-12 (97 paths)
Processing ISL-PRT on 2010-10-12 (86 paths)
Processing ITA-SRB on 2010-10-12 (91 paths)
Processing KAZ-DEU on 2010-10-12 (245 paths)
Processing LIE-CZE on 2010-10-12 (52 paths)
Processing LVA-GEO on 2010-10-12 (49 paths)
Processing MKD-RUS on 2010-10-12 (247 paths)
Processing NLD-SWE on 2010-10-12 (123 paths)
Processing SCO-ESP on 2010-10-12 (180 paths)
Processing SMR-MDA on 2010-10-12 (51 paths)
Processing SVK-IRL on 2010-10-12 (203 paths)
Processing FIN-SMR on 2010-11-17 (66 paths)
Processing HRV-MLT on 2010-11-17 (92 paths)
Processing QAT-UZB on 2011-01-07 (2 paths)
Processing KWT-CHN on 2011-01-08 (1 paths)
Processing JPN-JOR on 2011-01-09 (1 paths)
Processing SAU-SYR on 2011-01-09 (1 paths)
Processing IND-AUS on 2011-01-10 (1 paths)
Processing KOR-BHR on 2011-01-10 (10 paths)
Processing IRQ-IRN on 2011-01-11 (4 paths)
Processing PRK-ARE on 2011-01-11 (2 paths)
Processing CHN-QAT on 2011-01-12 (5 paths)
Processing UZB-KWT on 2011-01-12 (5 paths)
Processing JOR-SAU on 2011-01-13 (6 paths)
Processing SYR-JPN on 2011-01-13 (6 paths)
Processing AUS-KOR on 2011-01-14 (37 paths)
Processing BHR-IND on 2011-01-14 (3 paths)
Processing SLV-NIC on 2011-01-14 (99 paths)
Processing ARE-IRQ on 2011-01-15 (11 paths)
Processing CRI-HND on 2011-01-15 (169 paths)
Processing IRN-PRK on 2011-01-15 (8 paths)
Processing PAN-BLZ on 2011-01-15 (103 paths)
Processing BLZ-SLV on 2011-01-16 (90 paths)
Processing CHN-UZB on 2011-01-16 (10 paths)
Processing GTM-CRI on 2011-01-16 (125 paths)
Processing QAT-KWT on 2011-01-16 (7 paths)
Processing JOR-SYR on 2011-01-17 (7 paths)
Processing PAN-NIC on 2011-01-17 (179 paths)
Processing SAU-JPN on 2011-01-17 (34 paths)
Processing AUS-BHR on 2011-01-18 (28 paths)
Processing KOR-IND on 2011-01-18 (16 paths)
Processing NIC-BLZ on 2011-01-18 (83 paths)
Processing ARE-IRN on 2011-01-19 (13 paths)
Processing HND-GTM on 2011-01-19 (222 paths)
Processing IRQ-PRK on 2011-01-19 (9 paths)
Processing PAN-SLV on 2011-01-19 (254 paths)
Processing JPN-QAT on 2011-01-21 (9 paths)
Processing NIC-GTM on 2011-01-21 (176 paths)
Processing UZB-JOR on 2011-01-21 (7 paths)
Processing AUS-IRQ on 2011-01-22 (29 paths)
Processing HND-SLV on 2011-01-22 (240 paths)
Processing IRN-KOR on 2011-01-22 (21 paths)
Processing PAN-CRI on 2011-01-22 (199 paths)
Processing SLV-PAN on 2011-01-23 (308 paths)
Processing HND-CRI on 2011-01-24 (291 paths)
Processing JPN-KOR on 2011-01-25 (42 paths)
Processing UZB-AUS on 2011-01-25 (19 paths)
Processing UZB-KOR on 2011-01-28 (50 paths)
Processing AUS-JPN on 2011-01-29 (58 paths)
Processing AUT-BEL on 2011-03-25 (102 paths)
Processing ESP-CZE on 2011-03-25 (187 paths)
Processing HUN-NLD on 2011-03-25 (71 paths)
Processing LUX-FRA on 2011-03-25 (168 paths)
Processing SRB-NIR on 2011-03-25 (40 paths)
Processing SVN-ITA on 2011-03-25 (169 paths)
Processing ALB-BLR on 2011-03-26 (295 paths)
Processing AND-SVK on 2011-03-26 (132 paths)
Processing ARM-RUS on 2011-03-26 (101 paths)
Processing BGR-CHE on 2011-03-26 (31 paths)
Processing BIH-ROU on 2011-03-26 (102 paths)
Processing CYP-ISL on 2011-03-26 (68 paths)
Processing DEU-KAZ on 2011-03-26 (254 paths)
Processing GEO-HRV on 2011-03-26 (69 paths)
Processing IRL-MKD on 2011-03-26 (125 paths)
Processing ISR-LVA on 2011-03-26 (71 paths)
Processing MLT-GRC on 2011-03-26 (225 paths)
Processing NOR-DNK on 2011-03-26 (65 paths)
Processing WAL-ENG on 2011-03-26 (83 paths)
Processing BEL-AZE on 2011-03-29 (265 paths)
Processing CZE-LIE on 2011-03-29 (86 paths)
Processing EST-SRB on 2011-03-29 (42 paths)
Processing ISR-GEO on 2011-03-29 (60 paths)
Processing LTU-ESP on 2011-03-29 (174 paths)
Processing NIR-SVN on 2011-03-29 (40 paths)
Processing NLD-HUN on 2011-03-29 (84 paths)
Processing ROU-LUX on 2011-03-29 (368 paths)
Processing SWE-MDA on 2011-03-29 (105 paths)
Processing TUR-AUT on 2011-03-29 (76 paths)
Processing AUT-DEU on 2011-06-03 (127 paths)
Processing BEL-TUR on 2011-06-03 (176 paths)
Processing BLR-FRA on 2011-06-03 (242 paths)
Processing FRO-SVN on 2011-06-03 (106 paths)
Processing HRV-GEO on 2011-06-03 (100 paths)
Processing ITA-EST on 2011-06-03 (108 paths)
Processing KAZ-AZE on 2011-06-03 (317 paths)
Processing LIE-LTU on 2011-06-03 (135 paths)
Processing MDA-SWE on 2011-06-03 (107 paths)
Processing ROU-BIH on 2011-06-03 (118 paths)
Processing SMR-FIN on 2011-06-03 (77 paths)
Processing ENG-CHE on 2011-06-04 (46 paths)
Processing GRC-MLT on 2011-06-04 (236 paths)
Processing ISL-DNK on 2011-06-04 (220 paths)
Processing LVA-ISR on 2011-06-04 (83 paths)
Processing MKD-IRL on 2011-06-04 (140 paths)
Processing MNE-BGR on 2011-06-04 (15 paths)
Processing PRT-NOR on 2011-06-04 (96 paths)
Processing RUS-ARM on 2011-06-04 (112 paths)
Processing SVK-AND on 2011-06-04 (149 paths)
Processing CRI-CUB on 2011-06-06 (20 paths)
Processing MEX-SLV on 2011-06-06 (241 paths)
Processing AZE-DEU on 2011-06-07 (299 paths)
Processing BIH-ALB on 2011-06-07 (152 paths)
Processing BLR-LUX on 2011-06-07 (368 paths)
Processing FRO-EST on 2011-06-07 (110 paths)
Processing HND-GTM on 2011-06-07 (311 paths)
Processing JAM-GRD on 2011-06-07 (12 paths)
Processing SMR-HUN on 2011-06-07 (85 paths)
Processing SWE-FIN on 2011-06-07 (97 paths)
Processing PAN-GLP on 2011-06-08 (159 paths)
Processing USA-CAN on 2011-06-08 (97 paths)
Processing CRI-SLV on 2011-06-10 (343 paths)
Processing CUB-MEX on 2011-06-10 (22 paths)
Processing GRD-HND on 2011-06-11 (34 paths)
Processing JAM-GTM on 2011-06-11 (82 paths)
Processing GLP-CAN on 2011-06-12 (124 paths)
Processing USA-PAN on 2011-06-12 (217 paths)
Processing MEX-CRI on 2011-06-13 (255 paths)
Processing SLV-CUB on 2011-06-13 (82 paths)
Processing GTM-GRD on 2011-06-14 (91 paths)
Processing HND-JAM on 2011-06-14 (132 paths)
Processing CAN-PAN on 2011-06-15 (249 paths)
Processing GLP-USA on 2011-06-15 (175 paths)
Processing CRI-HND on 2011-06-18 (425 paths)
Processing JAM-USA on 2011-06-19 (113 paths)
Processing MEX-GTM on 2011-06-19 (312 paths)
Processing PAN-SLV on 2011-06-20 (485 paths)
Processing HND-MEX on 2011-06-23 (384 paths)
Processing USA-PAN on 2011-06-23 (300 paths)
Processing USA-MEX on 2011-06-26 (289 paths)
Processing AFG-PSE on 2011-06-29 (1 paths)
Processing BGD-PAK on 2011-06-29 (1 paths)
Processing KHM-LAO on 2011-06-29 (1 paths)
Processing LKA-PHL on 2011-06-29 (1 paths)
Processing MNG-MMR on 2011-06-29 (1 paths)
Processing MYS-TWN on 2011-06-29 (1 paths)
Processing NPL-TLS on 2011-06-29 (1 paths)
Processing VNM-MAC on 2011-06-29 (1 paths)
Processing ARG-BOL on 2011-07-02 (11 paths)
Processing COL-CRI on 2011-07-02 (59 paths)
Processing TLS-NPL on 2011-07-02 (2 paths)
Processing BRA-VEN on 2011-07-03 (13 paths)
Processing LAO-KHM on 2011-07-03 (2 paths)
Processing MAC-VNM on 2011-07-03 (2 paths)
Processing MMR-MNG on 2011-07-03 (2 paths)
Processing PAK-BGD on 2011-07-03 (2 paths)
Processing PHL-LKA on 2011-07-03 (2 paths)
Processing PRY-ECU on 2011-07-03 (11 paths)
Processing PSE-AFG on 2011-07-03 (2 paths)
Processing TWN-MYS on 2011-07-03 (2 paths)
Processing CHL-MEX on 2011-07-05 (60 paths)
Processing URY-PER on 2011-07-05 (17 paths)
Processing ARG-COL on 2011-07-07 (20 paths)
Processing BOL-CRI on 2011-07-08 (15 paths)
Processing BRA-PRY on 2011-07-09 (36 paths)
Processing PER-MEX on 2011-07-09 (35 paths)
Processing URY-CHL on 2011-07-09 (45 paths)
Processing VEN-ECU on 2011-07-09 (16 paths)
Processing COL-BOL on 2011-07-10 (8 paths)
Processing ARG-CRI on 2011-07-12 (126 paths)
Processing CHL-PER on 2011-07-13 (46 paths)
Processing URY-MEX on 2011-07-13 (58 paths)
Processing BRA-ECU on 2011-07-14 (29 paths)
Processing PRY-VEN on 2011-07-14 (22 paths)
Processing COL-PER on 2011-07-16 (26 paths)
Processing ARG-URY on 2011-07-17 (85 paths)
Processing BRA-PRY on 2011-07-17 (46 paths)
Processing CHL-VEN on 2011-07-18 (59 paths)
Processing PER-URY on 2011-07-20 (48 paths)
Processing PRY-VEN on 2011-07-21 (41 paths)
Processing ARE-IND on 2011-07-23 (12 paths)
Processing CHN-LAO on 2011-07-23 (1 paths)
Processing IRN-MDV on 2011-07-23 (1 paths)
Processing IRQ-YEM on 2011-07-23 (1 paths)
Processing JOR-NPL on 2011-07-23 (1 paths)
Processing KWT-PHL on 2011-07-23 (1 paths)
Processing LBN-BGD on 2011-07-23 (1 paths)
Processing OMN-MMR on 2011-07-23 (1 paths)
Processing PER-VEN on 2011-07-23 (48 paths)
Processing QAT-VNM on 2011-07-23 (9 paths)
Processing SAU-HKG on 2011-07-23 (3 paths)
Processing SGP-MYS on 2011-07-23 (1 paths)
Processing SYR-TJK on 2011-07-23 (1 paths)
Processing THA-PSE on 2011-07-23 (1 paths)
Processing TKM-IDN on 2011-07-23 (1 paths)
Processing UZB-KGZ on 2011-07-23 (1 paths)
Processing URY-PRY on 2011-07-24 (113 paths)
Processing BGD-LBN on 2011-07-28 (2 paths)
Processing HKG-SAU on 2011-07-28 (4 paths)
Processing IDN-TKM on 2011-07-28 (2 paths)
Processing IND-ARE on 2011-07-28 (13 paths)
Processing KGZ-UZB on 2011-07-28 (2 paths)
Processing LAO-CHN on 2011-07-28 (2 paths)
Processing MDV-IRN on 2011-07-28 (2 paths)
Processing MMR-OMN on 2011-07-28 (2 paths)
Processing MYS-SGP on 2011-07-28 (2 paths)
Processing NPL-JOR on 2011-07-28 (2 paths)
Processing PHL-KWT on 2011-07-28 (2 paths)
Processing PSE-THA on 2011-07-28 (2 paths)
Processing TJK-SYR on 2011-07-28 (2 paths)
Processing VNM-QAT on 2011-07-28 (10 paths)
Processing YEM-IRQ on 2011-07-28 (2 paths)
Processing NIR-FRO on 2011-08-10 (90 paths)
Processing ALB-FRA on 2011-09-02 (308 paths)
Processing AND-ARM on 2011-09-02 (135 paths)
Processing ARE-KWT on 2011-09-02 (11 paths)
Processing AUS-THA on 2011-09-02 (9 paths)
Processing AZE-BEL on 2011-09-02 (293 paths)
Processing BGR-ENG on 2011-09-02 (59 paths)
Processing BHR-QAT on 2011-09-02 (31 paths)
Processing BLR-BIH on 2011-09-02 (237 paths)
Processing CHN-SGP on 2011-09-02 (9 paths)
Processing CYP-PRT on 2011-09-02 (123 paths)
Processing DEU-AUT on 2011-09-02 (121 paths)
Processing FIN-MDA on 2011-09-02 (105 paths)
Processing FRO-ITA on 2011-09-02 (215 paths)
Processing GEO-LVA on 2011-09-02 (96 paths)
Processing HUN-SWE on 2011-09-02 (139 paths)
Processing IRL-SVK on 2011-09-02 (202 paths)
Processing IRN-IDN on 2011-09-02 (13 paths)
Processing IRQ-JOR on 2011-09-02 (23 paths)
Processing ISR-GRC on 2011-09-02 (160 paths)
Processing JPN-PRK on 2011-09-02 (31 paths)
Processing KOR-LBN on 2011-09-02 (1 paths)
Processing LTU-LIE on 2011-09-02 (112 paths)
Processing LUX-ROU on 2011-09-02 (381 paths)
Processing MLT-HRV on 2011-09-02 (148 paths)
Processing NIR-SRB on 2011-09-02 (70 paths)
Processing NLD-SMR on 2011-09-02 (99 paths)
Processing NOR-ISL on 2011-09-02 (81 paths)
Processing OMN-SAU on 2011-09-02 (14 paths)
Processing RUS-MKD on 2011-09-02 (262 paths)
Processing SVN-EST on 2011-09-02 (104 paths)
Processing TJK-UZB on 2011-09-02 (5 paths)
Processing TUR-KAZ on 2011-09-02 (221 paths)
Processing WAL-MNE on 2011-09-02 (22 paths)
Processing SCO-CZE on 2011-09-03 (64 paths)
Processing AUT-TUR on 2011-09-06 (130 paths)
Processing AZE-KAZ on 2011-09-06 (316 paths)
Processing BIH-BLR on 2011-09-06 (224 paths)
Processing CHE-BGR on 2011-09-06 (34 paths)
Processing DNK-NOR on 2011-09-06 (108 paths)
Processing ENG-WAL on 2011-09-06 (78 paths)
Processing ESP-LIE on 2011-09-06 (223 paths)
Processing EST-NIR on 2011-09-06 (119 paths)
Processing FIN-NLD on 2011-09-06 (96 paths)
Processing HRV-ISR on 2011-09-06 (227 paths)
Processing IDN-BHR on 2011-09-06 (16 paths)
Processing ISL-CYP on 2011-09-06 (90 paths)
Processing ITA-SVN on 2011-09-06 (213 paths)
Processing JOR-CHN on 2011-09-06 (17 paths)
Processing KWT-KOR on 2011-09-06 (37 paths)
Processing LBN-ARE on 2011-09-06 (11 paths)
Processing LUX-ALB on 2011-09-06 (359 paths)
Processing LVA-GRC on 2011-09-06 (175 paths)
Processing MDA-HUN on 2011-09-06 (185 paths)
Processing MKD-AND on 2011-09-06 (248 paths)
Processing MLT-GEO on 2011-09-06 (115 paths)
Processing PRK-TJK on 2011-09-06 (5 paths)
Processing QAT-IRN on 2011-09-06 (53 paths)
Processing ROU-FRA on 2011-09-06 (276 paths)
Processing RUS-IRL on 2011-09-06 (214 paths)
Processing SAU-AUS on 2011-09-06 (61 paths)
Processing SCO-LTU on 2011-09-06 (175 paths)
Processing SGP-IRQ on 2011-09-06 (5 paths)
Processing SMR-SWE on 2011-09-06 (130 paths)
Processing SRB-FRO on 2011-09-06 (104 paths)
Processing SVK-ARM on 2011-09-06 (152 paths)
Processing THA-OMN on 2011-09-06 (14 paths)
Processing UZB-JPN on 2011-09-06 (65 paths)
Processing AND-IRL on 2011-10-07 (240 paths)
Processing ARM-MKD on 2011-10-07 (192 paths)
Processing AZE-AUT on 2011-10-07 (215 paths)
Processing BEL-KAZ on 2011-10-07 (325 paths)
Processing BIH-LUX on 2011-10-07 (261 paths)
Processing CYP-DNK on 2011-10-07 (127 paths)
Processing CZE-ESP on 2011-10-07 (181 paths)
Processing FIN-SWE on 2011-10-07 (124 paths)
Processing FRA-ALB on 2011-10-07 (348 paths)
Processing GRC-HRV on 2011-10-07 (231 paths)
Processing LVA-MLT on 2011-10-07 (167 paths)
Processing MNE-ENG on 2011-10-07 (50 paths)
Processing NIR-EST on 2011-10-07 (126 paths)
Processing NLD-MDA on 2011-10-07 (152 paths)
Processing PRT-ISL on 2011-10-07 (123 paths)
Processing ROU-BLR on 2011-10-07 (411 paths)
Processing SRB-ITA on 2011-10-07 (152 paths)
Processing SVK-RUS on 2011-10-07 (275 paths)
Processing TUR-DEU on 2011-10-07 (222 paths)
Processing WAL-CHE on 2011-10-07 (84 paths)
Processing LIE-SCO on 2011-10-08 (127 paths)
Processing ALB-ROU on 2011-10-11 (422 paths)
Processing AUS-OMN on 2011-10-11 (30 paths)
Processing BGR-WAL on 2011-10-11 (75 paths)
Processing CHE-MNE on 2011-10-11 (64 paths)
Processing CHN-IRQ on 2011-10-11 (37 paths)
Processing DEU-BEL on 2011-10-11 (346 paths)
Processing DNK-PRT on 2011-10-11 (151 paths)
Processing ESP-SCO on 2011-10-11 (183 paths)
Processing FRA-BIH on 2011-10-11 (232 paths)
Processing GEO-GRC on 2011-10-11 (201 paths)
Processing HRV-LVA on 2011-10-11 (205 paths)
Processing HUN-FIN on 2011-10-11 (173 paths)
Processing IDN-QAT on 2011-10-11 (31 paths)
Processing IRL-ARM on 2011-10-11 (221 paths)
Processing IRN-BHR on 2011-10-11 (40 paths)
Processing ITA-NIR on 2011-10-11 (210 paths)
Processing JPN-TJK on 2011-10-11 (25 paths)
Processing KAZ-AUT on 2011-10-11 (270 paths)
Processing KOR-ARE on 2011-10-11 (64 paths)
Processing LBN-KWT on 2011-10-11 (7 paths)
Processing LTU-CZE on 2011-10-11 (117 paths)
Processing MDA-SMR on 2011-10-11 (170 paths)
Processing MKD-SVK on 2011-10-11 (272 paths)
Processing MLT-ISR on 2011-10-11 (224 paths)
Processing NOR-CYP on 2011-10-11 (106 paths)
Processing PRK-UZB on 2011-10-11 (36 paths)
Processing RUS-AND on 2011-10-11 (263 paths)
Processing SGP-JOR on 2011-10-11 (12 paths)
Processing SVN-SRB on 2011-10-11 (152 paths)
Processing SWE-NLD on 2011-10-11 (198 paths)
Processing THA-SAU on 2011-10-11 (39 paths)
Processing TUR-AZE on 2011-10-11 (281 paths)
Processing ARE-KOR on 2011-11-11 (71 paths)
Processing BHR-IRN on 2011-11-11 (46 paths)
Processing BIH-PRT on 2011-11-11 (93 paths)
Processing CZE-MNE on 2011-11-11 (63 paths)
Processing EST-IRL on 2011-11-11 (177 paths)
Processing IRQ-CHN on 2011-11-11 (42 paths)
Processing JOR-SGP on 2011-11-11 (15 paths)
Processing KWT-LBN on 2011-11-11 (10 paths)
Processing OMN-AUS on 2011-11-11 (35 paths)
Processing QAT-IDN on 2011-11-11 (36 paths)
Processing SAU-THA on 2011-11-11 (44 paths)
Processing TJK-JPN on 2011-11-11 (28 paths)
Processing TUR-HRV on 2011-11-11 (182 paths)
Processing UZB-PRK on 2011-11-11 (42 paths)
Processing HRV-TUR on 2011-11-15 (175 paths)
Processing IDN-IRN on 2011-11-15 (50 paths)
Processing IRL-EST on 2011-11-15 (174 paths)
Processing JOR-IRQ on 2011-11-15 (51 paths)
Processing KWT-ARE on 2011-11-15 (43 paths)
Processing LBN-KOR on 2011-11-15 (27 paths)
Processing MNE-CZE on 2011-11-15 (64 paths)
Processing PRK-JPN on 2011-11-15 (83 paths)
Processing PRT-BIH on 2011-11-15 (90 paths)
Processing QAT-BHR on 2011-11-15 (72 paths)
Processing SAU-OMN on 2011-11-15 (70 paths)
Processing SGP-CHN on 2011-11-15 (29 paths)
Processing THA-AUS on 2011-11-15 (56 paths)
Processing UZB-TJK on 2011-11-15 (45 paths)
Processing COK-WSM on 2011-11-23 (0 paths)
Processing WSM-TON on 2011-11-23 (1 paths)
Processing WSM-COK on 2011-11-25 (0 paths)
Processing WSM-TON on 2011-11-25 (2 paths)
Processing TON-COK on 2011-11-27 (1 paths)
Processing WSM-WSM on 2011-11-27 (0 paths)
Processing GNQ-LBY on 2012-01-21 (1 paths)
Processing SEN-ZMB on 2012-01-21 (10 paths)
Processing BFA-AGO on 2012-01-22 (8 paths)
Processing CIV-SDN on 2012-01-22 (14 paths)
Processing GAB-NER on 2012-01-23 (1 paths)
Processing MAR-TUN on 2012-01-23 (4 paths)
Processing GHA-BWA on 2012-01-24 (1 paths)
Processing MLI-GIN on 2012-01-24 (10 paths)
Processing GNQ-SEN on 2012-01-25 (2 paths)
Processing LBY-ZMB on 2012-01-25 (2 paths)
Processing CIV-BFA on 2012-01-26 (14 paths)
Processing SDN-AGO on 2012-01-26 (20 paths)
Processing GAB-MAR on 2012-01-27 (7 paths)
Processing NER-TUN on 2012-01-27 (6 paths)
Processing BWA-GIN on 2012-01-28 (7 paths)
Processing GHA-MLI on 2012-01-28 (38 paths)
Processing GNQ-ZMB on 2012-01-29 (6 paths)
Processing LBY-SEN on 2012-01-29 (6 paths)
Processing CIV-AGO on 2012-01-30 (39 paths)
Processing SDN-BFA on 2012-01-30 (15 paths)
Processing GAB-TUN on 2012-01-31 (16 paths)
Processing NER-MAR on 2012-01-31 (7 paths)
Processing BWA-MLI on 2012-02-01 (13 paths)
Processing GHA-GIN on 2012-02-01 (24 paths)
Processing CIV-GNQ on 2012-02-04 (6 paths)
Processing ZMB-SDN on 2012-02-04 (24 paths)
Processing GAB-MLI on 2012-02-05 (9 paths)
Processing GHA-TUN on 2012-02-05 (34 paths)
Processing CIV-MLI on 2012-02-08 (47 paths)
Processing ZMB-GHA on 2012-02-08 (54 paths)
Processing GHA-MLI on 2012-02-11 (64 paths)
Processing ZMB-CIV on 2012-02-12 (65 paths)
Processing ARE-LBN on 2012-02-29 (46 paths)
Processing AUS-SAU on 2012-02-29 (121 paths)
Processing BDI-ZWE on 2012-02-29 (1 paths)
Processing BHR-IDN on 2012-02-29 (49 paths)
Processing CHN-JOR on 2012-02-29 (50 paths)
Processing COG-UGA on 2012-02-29 (1 paths)
Processing ETH-BEN on 2012-02-29 (1 paths)
Processing GMB-DZA on 2012-02-29 (1 paths)
Processing GNB-CMR on 2012-02-29 (1 paths)
Processing IRN-QAT on 2012-02-29 (107 paths)
Processing IRQ-SGP on 2012-02-29 (36 paths)
Processing JPN-UZB on 2012-02-29 (109 paths)
Processing KEN-TGO on 2012-02-29 (1 paths)
Processing KOR-KWT on 2012-02-29 (84 paths)
Processing LBR-NAM on 2012-02-29 (1 paths)
Processing MDG-CPV on 2012-02-29 (1 paths)
Processing OMN-THA on 2012-02-29 (57 paths)
Processing RWA-NGA on 2012-02-29 (1 paths)
Processing STP-SLE on 2012-02-29 (1 paths)
Processing SYC-COD on 2012-02-29 (1 paths)
Processing TCD-MWI on 2012-02-29 (1 paths)
Processing TJK-PRK on 2012-02-29 (34 paths)
Processing TZA-MOZ on 2012-02-29 (1 paths)
Processing VUT-NCL on 2012-06-01 (1 paths)
Processing WSM-TAH on 2012-06-01 (1 paths)
Processing FJI-NZL on 2012-06-02 (1 paths)
Processing SLB-PNG on 2012-06-02 (1 paths)
Processing JOR-IRQ on 2012-06-03 (67 paths)
Processing JPN-OMN on 2012-06-03 (112 paths)
Processing LBN-QAT on 2012-06-03 (77 paths)
Processing TAH-NCL on 2012-06-03 (2 paths)
Processing UZB-IRN on 2012-06-03 (106 paths)
Processing VUT-WSM on 2012-06-03 (2 paths)
Processing FJI-SLB on 2012-06-04 (2 paths)
Processing PNG-NZL on 2012-06-04 (2 paths)
Processing NCL-WSM on 2012-06-05 (5 paths)
Processing TAH-VUT on 2012-06-05 (5 paths)
Processing NZL-SLB on 2012-06-06 (5 paths)
Processing PNG-FJI on 2012-06-06 (5 paths)
Processing JPN-JOR on 2012-06-08 (101 paths)
Processing LBN-UZB on 2012-06-08 (84 paths)
Processing NZL-NCL on 2012-06-08 (2 paths)
Processing OMN-AUS on 2012-06-08 (85 paths)
Processing POL-GRC on 2012-06-08 (52 paths)
Processing QAT-KOR on 2012-06-08 (188 paths)
Processing RUS-CZE on 2012-06-08 (127 paths)
Processing TAH-SLB on 2012-06-08 (2 paths)
Processing DEU-PRT on 2012-06-09 (192 paths)
Processing NLD-DNK on 2012-06-09 (72 paths)
Processing ESP-ITA on 2012-06-10 (109 paths)
Processing IRL-HRV on 2012-06-10 (109 paths)
Processing SLB-NZL on 2012-06-10 (7 paths)
Processing FRA-ENG on 2012-06-11 (42 paths)
Processing UKR-SWE on 2012-06-11 (29 paths)
Processing AUS-JPN on 2012-06-12 (159 paths)
Processing GRC-CZE on 2012-06-12 (91 paths)
Processing IRN-QAT on 2012-06-12 (139 paths)
Processing IRQ-OMN on 2012-06-12 (105 paths)
Processing KOR-LBN on 2012-06-12 (95 paths)
Processing POL-RUS on 2012-06-12 (49 paths)
Processing DNK-PRT on 2012-06-13 (130 paths)
Processing NLD-DEU on 2012-06-13 (121 paths)
Processing ESP-IRL on 2012-06-14 (147 paths)
Processing ITA-HRV on 2012-06-14 (91 paths)
Processing COD-SYC on 2012-06-15 (2 paths)
Processing DZA-GMB on 2012-06-15 (2 paths)
Processing EGY-CAF on 2012-06-15 (1 paths)
Processing SWE-ENG on 2012-06-15 (54 paths)
Processing UKR-FRA on 2012-06-15 (38 paths)
Processing BEN-ETH on 2012-06-16 (2 paths)
Processing CMR-GNB on 2012-06-16 (2 paths)
Processing CPV-MDG on 2012-06-16 (2 paths)
Processing CZE-POL on 2012-06-16 (65 paths)
Processing GRC-RUS on 2012-06-16 (97 paths)
Processing MOZ-TZA on 2012-06-16 (2 paths)
Processing MWI-TCD on 2012-06-16 (2 paths)
Processing NAM-LBR on 2012-06-16 (2 paths)
Processing NGA-RWA on 2012-06-16 (2 paths)
Processing SLE-STP on 2012-06-16 (2 paths)
Processing TGO-KEN on 2012-06-16 (2 paths)
Processing UGA-COG on 2012-06-16 (2 paths)
Processing ZWE-BDI on 2012-06-16 (2 paths)
Processing DNK-DEU on 2012-06-17 (159 paths)
Processing PRT-NLD on 2012-06-17 (194 paths)
Processing HRV-ESP on 2012-06-18 (201 paths)
Processing ITA-IRL on 2012-06-18 (133 paths)
Processing ENG-UKR on 2012-06-19 (27 paths)
Processing SWE-FRA on 2012-06-19 (103 paths)
Processing CZE-PRT on 2012-06-21 (151 paths)
Processing DEU-GRC on 2012-06-22 (200 paths)
Processing ESP-FRA on 2012-06-23 (151 paths)
Processing ENG-ITA on 2012-06-24 (141 paths)
Processing PRT-ESP on 2012-06-27 (234 paths)
Processing DEU-ITA on 2012-06-28 (163 paths)
Processing CAF-EGY on 2012-06-30 (2 paths)
Processing ESP-ITA on 2012-07-01 (188 paths)
Processing NCL-NZL on 2012-09-07 (6 paths)
Processing SLB-TAH on 2012-09-07 (6 paths)
Processing CAF-BFA on 2012-09-08 (11 paths)
Processing CIV-SEN on 2012-09-08 (28 paths)
Processing CPV-CMR on 2012-09-08 (1 paths)
Processing GAB-TGO on 2012-09-08 (1 paths)
Processing GHA-MWI on 2012-09-08 (31 paths)
Processing LBR-NGA on 2012-09-08 (5 paths)
Processing MLI-BWA on 2012-09-08 (21 paths)
Processing SDN-ETH on 2012-09-08 (5 paths)
Processing SLE-TUN on 2012-09-08 (1 paths)
Processing ZMB-UGA on 2012-09-08 (1 paths)
Processing COD-GNQ on 2012-09-09 (1 paths)
Processing GIN-NER on 2012-09-09 (10 paths)
Processing LBY-DZA on 2012-09-09 (7 paths)
Processing MOZ-MAR on 2012-09-09 (4 paths)
Processing ZWE-AGO on 2012-09-09 (1 paths)
Processing JOR-AUS on 2012-09-11 (80 paths)
Processing JPN-IRQ on 2012-09-11 (98 paths)
Processing LBN-IRN on 2012-09-11 (78 paths)
Processing NZL-SLB on 2012-09-11 (11 paths)
Processing UZB-KOR on 2012-09-11 (114 paths)
Processing TAH-NCL on 2012-09-12 (18 paths)
Processing SLB-NCL on 2012-10-12 (29 paths)
Processing TAH-NZL on 2012-10-12 (29 paths)
Processing BWA-MLI on 2012-10-13 (23 paths)
Processing MAR-MOZ on 2012-10-13 (5 paths)
Processing MWI-GHA on 2012-10-13 (33 paths)
Processing NGA-LBR on 2012-10-13 (6 paths)
Processing SEN-CIV on 2012-10-13 (30 paths)
Processing TUN-SLE on 2012-10-13 (2 paths)
Processing UGA-ZMB on 2012-10-13 (2 paths)
Processing AGO-ZWE on 2012-10-14 (2 paths)
Processing BFA-CAF on 2012-10-14 (12 paths)
Processing CMR-CPV on 2012-10-14 (2 paths)
Processing DZA-LBY on 2012-10-14 (9 paths)
Processing ETH-SDN on 2012-10-14 (6 paths)
Processing IRN-KOR on 2012-10-16 (128 paths)
Processing IRQ-AUS on 2012-10-16 (88 paths)
Processing NCL-SLB on 2012-10-16 (40 paths)
Processing NZL-TAH on 2012-10-16 (40 paths)
Processing OMN-JOR on 2012-10-16 (89 paths)
Processing QAT-UZB on 2012-10-16 (98 paths)
Processing GLP-MTQ on 2012-10-27 (1 paths)
Processing PRI-DOM on 2012-10-27 (1 paths)
Processing IRN-UZB on 2012-11-14 (131 paths)
Processing IRQ-JOR on 2012-11-14 (80 paths)
Processing OMN-JPN on 2012-11-14 (96 paths)
Processing QAT-LBN on 2012-11-14 (113 paths)
Processing GRD-HTI on 2012-11-18 (20 paths)
Processing GUY-GUF on 2012-11-18 (1 paths)
Processing SUR-VCT on 2012-11-18 (1 paths)
Processing TTO-CUB on 2012-11-18 (1 paths)
Processing ATG-DOM on 2012-12-07 (1 paths)
Processing HTI-TTO on 2012-12-07 (2 paths)
Processing JAM-GUF on 2012-12-08 (1 paths)
Processing MTQ-CUB on 2012-12-08 (3 paths)
Processing ATG-TTO on 2012-12-09 (2 paths)
Processing DOM-HTI on 2012-12-09 (2 paths)
Processing CUB-GUF on 2012-12-10 (4 paths)
Processing JAM-MTQ on 2012-12-10 (7 paths)
Processing ATG-HTI on 2012-12-11 (5 paths)
Processing TTO-DOM on 2012-12-11 (5 paths)
Processing GUF-MTQ on 2012-12-12 (5 paths)
Processing JAM-CUB on 2012-12-12 (30 paths)
Processing HTI-CUB on 2012-12-14 (22 paths)
Processing MTQ-TTO on 2012-12-14 (5 paths)
Processing CUB-TTO on 2012-12-16 (11 paths)
Processing HTI-MTQ on 2012-12-16 (18 paths)
Processing GTM-NIC on 2013-01-18 (89 paths)
Processing AGO-MAR on 2013-01-19 (25 paths)
Processing CRI-BLZ on 2013-01-19 (155 paths)
Processing HND-SLV on 2013-01-19 (198 paths)
Processing ZAF-CPV on 2013-01-19 (5 paths)
Processing BLZ-GTM on 2013-01-20 (115 paths)
Processing GHA-COD on 2013-01-20 (4 paths)
Processing MLI-NER on 2013-01-20 (20 paths)
Processing SLV-PAN on 2013-01-20 (222 paths)
Processing CRI-NIC on 2013-01-21 (249 paths)
Processing NGA-BFA on 2013-01-21 (40 paths)
Processing ZMB-ETH on 2013-01-21 (19 paths)
Processing CIV-TGO on 2013-01-22 (4 paths)
Processing NIC-BLZ on 2013-01-22 (115 paths)
Processing TUN-DZA on 2013-01-22 (30 paths)
Processing CRI-GTM on 2013-01-23 (199 paths)
Processing MAR-CPV on 2013-01-23 (11 paths)
Processing PAN-HND on 2013-01-23 (317 paths)
Processing ZAF-AGO on 2013-01-23 (10 paths)
Processing GHA-MLI on 2013-01-24 (60 paths)
Processing NER-COD on 2013-01-24 (7 paths)
Processing BFA-ETH on 2013-01-25 (19 paths)
Processing GTM-PAN on 2013-01-25 (291 paths)
Processing ZMB-NGA on 2013-01-25 (36 paths)
Processing CIV-TUN on 2013-01-26 (65 paths)
Processing CRI-SLV on 2013-01-26 (303 paths)
Processing DZA-TGO on 2013-01-26 (10 paths)
Processing HND-BLZ on 2013-01-26 (228 paths)
Processing CPV-AGO on 2013-01-27 (18 paths)
Processing SLV-BLZ on 2013-01-27 (219 paths)
Processing ZAF-MAR on 2013-01-27 (6 paths)
Processing COD-MLI on 2013-01-28 (21 paths)
Processing CRI-HND on 2013-01-28 (361 paths)
Processing NER-GHA on 2013-01-28 (41 paths)
Processing ETH-NGA on 2013-01-29 (23 paths)
Processing ZMB-BFA on 2013-01-29 (44 paths)
Processing DZA-CIV on 2013-01-30 (55 paths)
Processing TGO-TUN on 2013-01-30 (17 paths)
Processing GHA-CPV on 2013-02-02 (31 paths)
Processing ZAF-MLI on 2013-02-02 (18 paths)
Processing BFA-TGO on 2013-02-03 (20 paths)
Processing CIV-NGA on 2013-02-03 (59 paths)
Processing BFA-GHA on 2013-02-06 (57 paths)
Processing MLI-NGA on 2013-02-06 (53 paths)
Processing MLI-GHA on 2013-02-09 (61 paths)
Processing NGA-BFA on 2013-02-10 (59 paths)
Processing NZL-NCL on 2013-03-22 (41 paths)
Processing TAH-SLB on 2013-03-23 (51 paths)
Processing AUS-OMN on 2013-03-26 (86 paths)
Processing JOR-JPN on 2013-03-26 (118 paths)
Processing KOR-QAT on 2013-03-26 (165 paths)
Processing NCL-TAH on 2013-03-26 (71 paths)
Processing SLB-NZL on 2013-03-26 (59 paths)
Processing UZB-LBN on 2013-03-26 (135 paths)
Processing JPN-AUS on 2013-06-04 (155 paths)
Processing LBN-KOR on 2013-06-04 (136 paths)
Processing OMN-IRQ on 2013-06-04 (123 paths)
Processing QAT-IRN on 2013-06-04 (135 paths)
Processing AUS-JOR on 2013-06-11 (201 paths)
Processing IRN-LBN on 2013-06-11 (196 paths)
Processing IRQ-JPN on 2013-06-11 (206 paths)
Processing KOR-UZB on 2013-06-11 (210 paths)
Processing BRA-JPN on 2013-06-15 (30 paths)
Processing MEX-ITA on 2013-06-16 (26 paths)
Processing ESP-URY on 2013-06-17 (47 paths)
Processing TAH-NGA on 2013-06-17 (1 paths)
Processing AUS-IRQ on 2013-06-18 (218 paths)
Processing JOR-OMN on 2013-06-18 (226 paths)
Processing KOR-IRN on 2013-06-18 (258 paths)
Processing UZB-QAT on 2013-06-18 (221 paths)
Processing BRA-MEX on 2013-06-19 (16 paths)
Processing ESP-TAH on 2013-06-20 (9 paths)
Processing ITA-JPN on 2013-06-20 (25 paths)
Processing NGA-URY on 2013-06-21 (27 paths)
Processing ITA-BRA on 2013-06-22 (36 paths)
Processing JPN-MEX on 2013-06-22 (22 paths)
Processing NGA-ESP on 2013-06-23 (27 paths)
Processing URY-TAH on 2013-06-23 (16 paths)
Processing BRA-URY on 2013-06-26 (46 paths)
Processing ESP-ITA on 2013-06-27 (49 paths)
Processing URY-ITA on 2013-06-30 (70 paths)
Processing BRA-ESP on 2013-07-01 (67 paths)
Processing MEX-PAN on 2013-07-08 (253 paths)
Processing HTI-HND on 2013-07-09 (70 paths)
Processing SLV-TTO on 2013-07-09 (27 paths)
Processing BLZ-USA on 2013-07-10 (190 paths)
Processing CRI-CUB on 2013-07-10 (99 paths)
Processing MEX-CAN on 2013-07-12 (132 paths)
Processing PAN-MTQ on 2013-07-12 (54 paths)
Processing HND-SLV on 2013-07-13 (373 paths)
Processing TTO-HTI on 2013-07-13 (26 paths)
Processing CRI-BLZ on 2013-07-14 (399 paths)
Processing PAN-CAN on 2013-07-14 (198 paths)
Processing MTQ-MEX on 2013-07-15 (68 paths)
Processing CUB-BLZ on 2013-07-16 (139 paths)
Processing HND-TTO on 2013-07-16 (119 paths)
Processing SLV-HTI on 2013-07-16 (202 paths)
Processing USA-CRI on 2013-07-17 (382 paths)
Processing PAN-CUB on 2013-07-20 (248 paths)
Processing MEX-TTO on 2013-07-21 (103 paths)
Processing USA-SLV on 2013-07-21 (415 paths)
Processing HND-CRI on 2013-07-22 (500 paths)
Processing HND-USA on 2013-07-25 (410 paths)
Processing MEX-PAN on 2013-07-25 (357 paths)
Processing AUS-CHN on 2013-07-28 (168 paths)
Processing KOR-JPN on 2013-07-28 (190 paths)
Processing USA-PAN on 2013-07-28 (389 paths)
Processing JOR-UZB on 2013-09-06 (193 paths)
Processing UZB-JOR on 2013-09-10 (194 paths)
Processing AZE-RUS on 2013-10-15 (7 paths)
Processing BEL-WAL on 2013-10-15 (5 paths)
Processing BGR-CZE on 2013-10-15 (35 paths)
Processing CHE-SVN on 2013-10-15 (32 paths)
Processing CYP-ALB on 2013-10-15 (13 paths)
Processing DNK-MLT on 2013-10-15 (3 paths)
Processing ENG-POL on 2013-10-15 (8 paths)
Processing ESP-GEO on 2013-10-15 (43 paths)
Processing FRA-FIN on 2013-10-15 (29 paths)
Processing FRO-AUT on 2013-10-15 (9 paths)
Processing GRC-LIE on 2013-10-15 (35 paths)
Processing HUN-AND on 2013-10-15 (5 paths)
Processing IRL-KAZ on 2013-10-15 (13 paths)
Processing ISR-NIR on 2013-10-15 (5 paths)
Processing ITA-ARM on 2013-10-15 (61 paths)
Processing LTU-BIH on 2013-10-15 (17 paths)
Processing LVA-SVK on 2013-10-15 (11 paths)
Processing MNE-MDA on 2013-10-15 (5 paths)
Processing NOR-ISL on 2013-10-15 (71 paths)
Processing PRT-LUX on 2013-10-15 (45 paths)
Processing ROU-EST on 2013-10-15 (1 paths)
Processing SCO-HRV on 2013-10-15 (35 paths)
Processing SMR-UKR on 2013-10-15 (25 paths)
Processing SRB-MKD on 2013-10-15 (21 paths)
Processing SWE-DEU on 2013-10-15 (39 paths)
Processing TUR-NLD on 2013-10-15 (35 paths)
Processing CHL-ECU on 2013-10-16 (15 paths)
Processing CRI-MEX on 2013-10-16 (488 paths)
Processing JAM-HND on 2013-10-16 (221 paths)
Processing PAN-USA on 2013-10-16 (401 paths)
Processing PER-BOL on 2013-10-16 (12 paths)
Processing PRY-COL on 2013-10-16 (7 paths)
Processing URY-ARG on 2013-10-16 (37 paths)
Processing ARE-VNM on 2013-11-19 (29 paths)
Processing BHR-YEM on 2013-11-19 (15 paths)
Processing CHN-SAU on 2013-11-19 (96 paths)
Processing FRA-UKR on 2013-11-19 (12 paths)
Processing HKG-UZB on 2013-11-19 (29 paths)
Processing HRV-ISL on 2013-11-19 (9 paths)
Processing IDN-IRQ on 2013-11-19 (37 paths)
Processing KWT-THA on 2013-11-19 (11 paths)
Processing LBN-IRN on 2013-11-19 (231 paths)
Processing MYS-QAT on 2013-11-19 (5 paths)
Processing ROU-GRC on 2013-11-19 (1 paths)
Processing SWE-PRT on 2013-11-19 (55 paths)
Processing SYR-OMN on 2013-11-19 (79 paths)
Processing NZL-MEX on 2013-11-20 (17 paths)
Processing URY-JOR on 2013-11-21 (43 paths)
Processing SGP-JOR on 2014-02-04 (83 paths)

BUILD SUCCESSFUL

Total time: 46.476 secs
make[2]: Verlasse Verzeichnis '/home/michael/development/data-lab/soccer-prediction-2014/2-compute-features/3-graph-based'
make[1]: Verlasse Verzeichnis '/home/michael/development/data-lab/soccer-prediction-2014/2-compute-features'
